command=/home/likc/.conda/envs/capd/bin/python3 qmap/qmap_train.py --config /home/likc/Q-former-for-OS/dataset/jsonl/finals_v3_official/stage5_ablation/no_candidate_state/streamcluster_pressure/resolved_config.json --selector_params /home/likc/Q-former-for-OS/dataset/jsonl/finals_v3_official/stage5_ablation/no_candidate_state/streamcluster_pressure/selector_params.json --train_data /home/likc/Q-former-for-OS/dataset/jsonl/finals_v3_official/stage5_ablation/no_candidate_state/streamcluster_pressure/train.jsonl --valid_data /home/likc/Q-former-for-OS/dataset/jsonl/finals_v3_official/stage5_ablation/no_candidate_state/streamcluster_pressure/valid.jsonl --output_dir /home/likc/Q-former-for-OS/outputs/checkpoints/finals_v3_official/stage5_ablation/no_candidate_state/streamcluster_pressure/seed_2026 --seed 2026
started_unix=1784808679.4305997
QMAP training: train=/home/likc/Q-former-for-OS/dataset/jsonl/finals_v3_official/stage5_ablation/no_candidate_state/streamcluster_pressure/train.jsonl valid=/home/likc/Q-former-for-OS/dataset/jsonl/finals_v3_official/stage5_ablation/no_candidate_state/streamcluster_pressure/valid.jsonl samples=8694/2839 device=cuda
epoch=1/10 iter=1 loss=-0.000000
epoch=1/10 iter=100 loss=-0.024467
epoch=1/10 iter=200 loss=-0.098432
epoch=1/10 train_loss=-0.040951 valid_loss=-0.037896
epoch=2/10 iter=300 loss=-0.051397
epoch=2/10 iter=400 loss=-0.056191
epoch=2/10 iter=500 loss=-0.030495
epoch=2/10 train_loss=-0.046791 valid_loss=-0.041570
epoch=3/10 iter=600 loss=-0.000000
epoch=3/10 iter=700 loss=-0.030968
epoch=3/10 iter=800 loss=-0.124498
epoch=3/10 train_loss=-0.051323 valid_loss=-0.042584
epoch=4/10 iter=900 loss=-0.031175
epoch=4/10 iter=1000 loss=-0.000000
epoch=4/10 train_loss=-0.051881 valid_loss=-0.042864
epoch=5/10 iter=1100 loss=-0.093483
epoch=5/10 iter=1200 loss=-0.031142
epoch=5/10 iter=1300 loss=-0.093463
epoch=5/10 train_loss=-0.052008 valid_loss=-0.042143
epoch=6/10 iter=1400 loss=-0.031173
epoch=6/10 iter=1500 loss=-0.031238
epoch=6/10 iter=1600 loss=-0.124896
epoch=6/10 train_loss=-0.052060 valid_loss=-0.042784
epoch=7/10 iter=1700 loss=-0.031119
epoch=7/10 iter=1800 loss=-0.124814
epoch=7/10 iter=1900 loss=-0.062330
epoch=7/10 train_loss=-0.051981 valid_loss=-0.042825
epoch=8/10 iter=2000 loss=-0.031223
epoch=8/10 iter=2100 loss=-0.031214
epoch=8/10 train_loss=-0.051989 valid_loss=-0.042998
epoch=9/10 iter=2200 loss=-0.062434
epoch=9/10 iter=2300 loss=-0.031149
epoch=9/10 iter=2400 loss=-0.062467
epoch=9/10 train_loss=-0.052113 valid_loss=-0.043045
epoch=10/10 iter=2500 loss=-0.031243
epoch=10/10 iter=2600 loss=-0.093679
epoch=10/10 iter=2700 loss=-0.031206
epoch=10/10 train_loss=-0.052168 valid_loss=-0.043104
Training finished. best=/home/likc/Q-former-for-OS/outputs/checkpoints/finals_v3_official/stage5_ablation/no_candidate_state/streamcluster_pressure/seed_2026/qmap_best.pth last=/home/likc/Q-former-for-OS/outputs/checkpoints/finals_v3_official/stage5_ablation/no_candidate_state/streamcluster_pressure/seed_2026/qmap_last.pth
/home/likc/.conda/envs/capd/lib/python3.7/site-packages/torch/nn/modules/module.py:1433: UserWarning: Positional args are being deprecated, use kwargs instead. Refer to https://pytorch.org/docs/master/generated/torch.nn.Module.html#torch.nn.Module.state_dict for details.
  "Positional args are being deprecated, use kwargs instead. Refer to "
/home/likc/.conda/envs/capd/lib/python3.7/site-packages/torch/nn/modules/module.py:1433: UserWarning: Positional args are being deprecated, use kwargs instead. Refer to https://pytorch.org/docs/master/generated/torch.nn.Module.html#torch.nn.Module.state_dict for details.
  "Positional args are being deprecated, use kwargs instead. Refer to "
/home/likc/.conda/envs/capd/lib/python3.7/site-packages/torch/nn/modules/module.py:1433: UserWarning: Positional args are being deprecated, use kwargs instead. Refer to https://pytorch.org/docs/master/generated/torch.nn.Module.html#torch.nn.Module.state_dict for details.
  "Positional args are being deprecated, use kwargs instead. Refer to "
/home/likc/.conda/envs/capd/lib/python3.7/site-packages/torch/nn/modules/module.py:1433: UserWarning: Positional args are being deprecated, use kwargs instead. Refer to https://pytorch.org/docs/master/generated/torch.nn.Module.html#torch.nn.Module.state_dict for details.
  "Positional args are being deprecated, use kwargs instead. Refer to "
/home/likc/.conda/envs/capd/lib/python3.7/site-packages/torch/nn/modules/module.py:1433: UserWarning: Positional args are being deprecated, use kwargs instead. Refer to https://pytorch.org/docs/master/generated/torch.nn.Module.html#torch.nn.Module.state_dict for details.
  "Positional args are being deprecated, use kwargs instead. Refer to "
/home/likc/.conda/envs/capd/lib/python3.7/site-packages/torch/nn/modules/module.py:1433: UserWarning: Positional args are being deprecated, use kwargs instead. Refer to https://pytorch.org/docs/master/generated/torch.nn.Module.html#torch.nn.Module.state_dict for details.
  "Positional args are being deprecated, use kwargs instead. Refer to "
/home/likc/.conda/envs/capd/lib/python3.7/site-packages/torch/nn/modules/module.py:1433: UserWarning: Positional args are being deprecated, use kwargs instead. Refer to https://pytorch.org/docs/master/generated/torch.nn.Module.html#torch.nn.Module.state_dict for details.
  "Positional args are being deprecated, use kwargs instead. Refer to "
/home/likc/.conda/envs/capd/lib/python3.7/site-packages/torch/nn/modules/module.py:1433: UserWarning: Positional args are being deprecated, use kwargs instead. Refer to https://pytorch.org/docs/master/generated/torch.nn.Module.html#torch.nn.Module.state_dict for details.
  "Positional args are being deprecated, use kwargs instead. Refer to "
/home/likc/.conda/envs/capd/lib/python3.7/site-packages/torch/nn/modules/module.py:1433: UserWarning: Positional args are being deprecated, use kwargs instead. Refer to https://pytorch.org/docs/master/generated/torch.nn.Module.html#torch.nn.Module.state_dict for details.
  "Positional args are being deprecated, use kwargs instead. Refer to "
/home/likc/.conda/envs/capd/lib/python3.7/site-packages/torch/nn/modules/module.py:1433: UserWarning: Positional args are being deprecated, use kwargs instead. Refer to https://pytorch.org/docs/master/generated/torch.nn.Module.html#torch.nn.Module.state_dict for details.
  "Positional args are being deprecated, use kwargs instead. Refer to "
ended_unix=1784808746.877634
exit_code=0
