command=/home/likc/.conda/envs/capd/bin/python3 qmap/qmap_eval.py --config /home/likc/Q-former-for-OS/dataset/jsonl/finals_v3_official/stage5_ablation/history_mean_pool/dedup_pressure/resolved_config.json --selector_params /home/likc/Q-former-for-OS/dataset/jsonl/finals_v3_official/stage5_ablation/history_mean_pool/dedup_pressure/selector_params.json --policy qmap --checkpoint /home/likc/Q-former-for-OS/outputs/checkpoints/finals_v3_official/stage5_ablation/history_mean_pool/dedup_pressure/seed_2026/qmap_best.pth --json_output /home/likc/Q-former-for-OS/outputs/results/finals_v3_official/stage5_ablation/raw/history_mean_pool/dedup_pressure/seed_2026.json
started_unix=1784810038.0101879
Policy: qmap
Total accesses: 1000000
Hits: 996652
Misses: 3348
Hit rate: 99.67%
Migrations: 3284
NVM reads: 1807
NVM writes: 1541
Weighted access cost: 1045434.00
Policy decisions: 3284
Total decision time: 9.583881s
Avg decision time: 2.918356 ms
Candidate filter decisions: 3284
Candidate B_t range: 64..64
Retained K_t range: 8..8
Avg candidate filter time: 0.412642 ms
ended_unix=1784810084.2082229
exit_code=0
