command=/home/likc/.conda/envs/capd/bin/python3 qmap/qmap_eval.py --config /home/likc/Q-former-for-OS/dataset/jsonl/finals_v3_official/stage5_ablation/history_mean_pool/dedup_pressure/resolved_config.json --selector_params /home/likc/Q-former-for-OS/dataset/jsonl/finals_v3_official/stage5_ablation/history_mean_pool/dedup_pressure/selector_params.json --policy qmap --checkpoint /home/likc/Q-former-for-OS/outputs/checkpoints/finals_v3_official/stage5_ablation/history_mean_pool/dedup_pressure/seed_3136859/qmap_best.pth --json_output /home/likc/Q-former-for-OS/outputs/results/finals_v3_official/stage5_ablation/raw/history_mean_pool/dedup_pressure/seed_3136859.json
started_unix=1784809814.2159646
Policy: qmap
Total accesses: 1000000
Hits: 996681
Misses: 3319
Hit rate: 99.67%
Migrations: 3255
NVM reads: 1777
NVM writes: 1542
Weighted access cost: 1045121.00
Policy decisions: 3255
Total decision time: 9.597155s
Avg decision time: 2.948435 ms
Candidate filter decisions: 3255
Candidate B_t range: 64..64
Retained K_t range: 8..8
Avg candidate filter time: 0.413215 ms
ended_unix=1784809860.6092963
exit_code=0
