command=/home/likc/.conda/envs/capd/bin/python3 qmap/qmap_train.py --config /home/likc/Q-former-for-OS/dataset/jsonl/finals_v3_official/stage5_sensitivity/sensitivity_K16/streamcluster_pressure/resolved_config.json --selector_params /home/likc/Q-former-for-OS/dataset/jsonl/finals_v3_official/stage5_sensitivity/sensitivity_K16/streamcluster_pressure/selector_params.json --train_data /home/likc/Q-former-for-OS/dataset/jsonl/finals_v3_official/stage5_sensitivity/sensitivity_K16/streamcluster_pressure/train.jsonl --valid_data /home/likc/Q-former-for-OS/dataset/jsonl/finals_v3_official/stage5_sensitivity/sensitivity_K16/streamcluster_pressure/valid.jsonl --output_dir /home/likc/Q-former-for-OS/outputs/checkpoints/finals_v3_official/stage5_sensitivity/sensitivity_K16/streamcluster_pressure/seed_3136859 --seed 3136859
started_unix=1784861201.3270469
QMAP training: train=/home/likc/Q-former-for-OS/dataset/jsonl/finals_v3_official/stage5_sensitivity/sensitivity_K16/streamcluster_pressure/train.jsonl valid=/home/likc/Q-former-for-OS/dataset/jsonl/finals_v3_official/stage5_sensitivity/sensitivity_K16/streamcluster_pressure/valid.jsonl samples=8694/2839 device=cpu
epoch=1/10 iter=1 loss=-0.123114
epoch=1/10 iter=100 loss=-0.049794
epoch=1/10 iter=200 loss=-0.114277
epoch=1/10 train_loss=-0.109400 valid_loss=-0.122882
epoch=2/10 iter=300 loss=-0.118885
epoch=2/10 iter=400 loss=-0.090955
epoch=2/10 iter=500 loss=-0.091887
epoch=2/10 train_loss=-0.123202 valid_loss=-0.126264
epoch=3/10 iter=600 loss=-0.091707
epoch=3/10 iter=700 loss=-0.091322
epoch=3/10 iter=800 loss=-0.185759
epoch=3/10 train_loss=-0.125828 valid_loss=-0.128087
epoch=4/10 iter=900 loss=-0.093198
epoch=4/10 iter=1000 loss=-0.155543
epoch=4/10 train_loss=-0.126643 valid_loss=-0.128518
epoch=5/10 iter=1100 loss=-0.062334
epoch=5/10 iter=1200 loss=-0.031168
epoch=5/10 iter=1300 loss=-0.124606
epoch=5/10 train_loss=-0.126841 valid_loss=-0.128660
epoch=6/10 iter=1400 loss=-0.093554
epoch=6/10 iter=1500 loss=-0.155926
epoch=6/10 iter=1600 loss=-0.124722
epoch=6/10 train_loss=-0.127132 valid_loss=-0.128841
epoch=7/10 iter=1700 loss=-0.155963
epoch=7/10 iter=1800 loss=-0.062375
epoch=7/10 iter=1900 loss=-0.124849
epoch=7/10 train_loss=-0.127088 valid_loss=-0.128926
epoch=8/10 iter=2000 loss=-0.124866
epoch=8/10 iter=2100 loss=-0.093665
epoch=8/10 train_loss=-0.127177 valid_loss=-0.128976
epoch=9/10 iter=2200 loss=-0.124875
epoch=9/10 iter=2300 loss=-0.124902
epoch=9/10 iter=2400 loss=-0.187330
epoch=9/10 train_loss=-0.127117 valid_loss=-0.129028
epoch=10/10 iter=2500 loss=-0.156142
epoch=10/10 iter=2600 loss=-0.156134
epoch=10/10 iter=2700 loss=-0.031240
epoch=10/10 train_loss=-0.127349 valid_loss=-0.129053
Training finished. best=/home/likc/Q-former-for-OS/outputs/checkpoints/finals_v3_official/stage5_sensitivity/sensitivity_K16/streamcluster_pressure/seed_3136859/qmap_best.pth last=/home/likc/Q-former-for-OS/outputs/checkpoints/finals_v3_official/stage5_sensitivity/sensitivity_K16/streamcluster_pressure/seed_3136859/qmap_last.pth
/home/likc/.conda/envs/capd/lib/python3.7/site-packages/torch/cuda/__init__.py:88: UserWarning: CUDA initialization: Unexpected error from cudaGetDeviceCount(). Did you run some cuda functions before calling NumCudaDevices() that might have already set an error? Error 804: forward compatibility was attempted on non supported HW (Triggered internally at ../c10/cuda/CUDAFunctions.cpp:109.)
  return torch._C._cuda_getDeviceCount() > 0
/home/likc/.conda/envs/capd/lib/python3.7/site-packages/torch/nn/modules/module.py:1433: UserWarning: Positional args are being deprecated, use kwargs instead. Refer to https://pytorch.org/docs/master/generated/torch.nn.Module.html#torch.nn.Module.state_dict for details.
  "Positional args are being deprecated, use kwargs instead. Refer to "
/home/likc/.conda/envs/capd/lib/python3.7/site-packages/torch/nn/modules/module.py:1433: UserWarning: Positional args are being deprecated, use kwargs instead. Refer to https://pytorch.org/docs/master/generated/torch.nn.Module.html#torch.nn.Module.state_dict for details.
  "Positional args are being deprecated, use kwargs instead. Refer to "
/home/likc/.conda/envs/capd/lib/python3.7/site-packages/torch/nn/modules/module.py:1433: UserWarning: Positional args are being deprecated, use kwargs instead. Refer to https://pytorch.org/docs/master/generated/torch.nn.Module.html#torch.nn.Module.state_dict for details.
  "Positional args are being deprecated, use kwargs instead. Refer to "
/home/likc/.conda/envs/capd/lib/python3.7/site-packages/torch/nn/modules/module.py:1433: UserWarning: Positional args are being deprecated, use kwargs instead. Refer to https://pytorch.org/docs/master/generated/torch.nn.Module.html#torch.nn.Module.state_dict for details.
  "Positional args are being deprecated, use kwargs instead. Refer to "
/home/likc/.conda/envs/capd/lib/python3.7/site-packages/torch/nn/modules/module.py:1433: UserWarning: Positional args are being deprecated, use kwargs instead. Refer to https://pytorch.org/docs/master/generated/torch.nn.Module.html#torch.nn.Module.state_dict for details.
  "Positional args are being deprecated, use kwargs instead. Refer to "
/home/likc/.conda/envs/capd/lib/python3.7/site-packages/torch/nn/modules/module.py:1433: UserWarning: Positional args are being deprecated, use kwargs instead. Refer to https://pytorch.org/docs/master/generated/torch.nn.Module.html#torch.nn.Module.state_dict for details.
  "Positional args are being deprecated, use kwargs instead. Refer to "
/home/likc/.conda/envs/capd/lib/python3.7/site-packages/torch/nn/modules/module.py:1433: UserWarning: Positional args are being deprecated, use kwargs instead. Refer to https://pytorch.org/docs/master/generated/torch.nn.Module.html#torch.nn.Module.state_dict for details.
  "Positional args are being deprecated, use kwargs instead. Refer to "
/home/likc/.conda/envs/capd/lib/python3.7/site-packages/torch/nn/modules/module.py:1433: UserWarning: Positional args are being deprecated, use kwargs instead. Refer to https://pytorch.org/docs/master/generated/torch.nn.Module.html#torch.nn.Module.state_dict for details.
  "Positional args are being deprecated, use kwargs instead. Refer to "
/home/likc/.conda/envs/capd/lib/python3.7/site-packages/torch/nn/modules/module.py:1433: UserWarning: Positional args are being deprecated, use kwargs instead. Refer to https://pytorch.org/docs/master/generated/torch.nn.Module.html#torch.nn.Module.state_dict for details.
  "Positional args are being deprecated, use kwargs instead. Refer to "
/home/likc/.conda/envs/capd/lib/python3.7/site-packages/torch/nn/modules/module.py:1433: UserWarning: Positional args are being deprecated, use kwargs instead. Refer to https://pytorch.org/docs/master/generated/torch.nn.Module.html#torch.nn.Module.state_dict for details.
  "Positional args are being deprecated, use kwargs instead. Refer to "
ended_unix=1784861279.8595846
exit_code=0
