command=/home/likc/.conda/envs/capd/bin/python3 qmap/qmap_train.py --config /home/likc/Q-former-for-OS/dataset/jsonl/finals_v3_official/stage5_ablation/no_candidate_state/canneal/resolved_config.json --selector_params /home/likc/Q-former-for-OS/dataset/jsonl/finals_v3_official/stage5_ablation/no_candidate_state/canneal/selector_params.json --train_data /home/likc/Q-former-for-OS/dataset/jsonl/finals_v3_official/stage5_ablation/no_candidate_state/canneal/train.jsonl --valid_data /home/likc/Q-former-for-OS/dataset/jsonl/finals_v3_official/stage5_ablation/no_candidate_state/canneal/valid.jsonl --output_dir /home/likc/Q-former-for-OS/outputs/checkpoints/finals_v3_official/stage5_ablation/no_candidate_state/canneal/seed_42 --seed 42
started_unix=1784808280.4643595
QMAP training: train=/home/likc/Q-former-for-OS/dataset/jsonl/finals_v3_official/stage5_ablation/no_candidate_state/canneal/train.jsonl valid=/home/likc/Q-former-for-OS/dataset/jsonl/finals_v3_official/stage5_ablation/no_candidate_state/canneal/valid.jsonl samples=7215/2377 device=cuda
epoch=1/10 iter=1 loss=-0.073351
epoch=1/10 iter=100 loss=-0.024451
epoch=1/10 iter=200 loss=-0.073499
epoch=1/10 train_loss=-0.044453 valid_loss=-0.029270
epoch=2/10 iter=300 loss=-0.083746
epoch=2/10 iter=400 loss=-0.029800
epoch=2/10 train_loss=-0.051540 valid_loss=-0.034753
epoch=3/10 iter=500 loss=-0.092265
epoch=3/10 iter=600 loss=-0.030616
epoch=3/10 train_loss=-0.055708 valid_loss=-0.034864
epoch=4/10 iter=700 loss=-0.000000
epoch=4/10 iter=800 loss=-0.061638
epoch=4/10 iter=900 loss=-0.061924
epoch=4/10 train_loss=-0.056089 valid_loss=-0.034788
epoch=5/10 iter=1000 loss=-0.031194
epoch=5/10 iter=1100 loss=-0.000000
epoch=5/10 train_loss=-0.056441 valid_loss=-0.034988
epoch=6/10 iter=1200 loss=-0.093416
epoch=6/10 iter=1300 loss=-0.062069
epoch=6/10 train_loss=-0.056381 valid_loss=-0.034987
epoch=7/10 iter=1400 loss=-0.028430
epoch=7/10 iter=1500 loss=-0.093260
epoch=7/10 train_loss=-0.056444 valid_loss=-0.035086
epoch=8/10 iter=1600 loss=-0.092622
epoch=8/10 iter=1700 loss=-0.062416
epoch=8/10 iter=1800 loss=-0.091034
epoch=8/10 train_loss=-0.056466 valid_loss=-0.035075
epoch=9/10 iter=1900 loss=-0.031229
epoch=9/10 iter=2000 loss=-0.092920
epoch=9/10 train_loss=-0.056640 valid_loss=-0.035129
epoch=10/10 iter=2100 loss=-0.000000
epoch=10/10 iter=2200 loss=-0.000000
epoch=10/10 train_loss=-0.056515 valid_loss=-0.035118
Training finished. best=/home/likc/Q-former-for-OS/outputs/checkpoints/finals_v3_official/stage5_ablation/no_candidate_state/canneal/seed_42/qmap_best.pth last=/home/likc/Q-former-for-OS/outputs/checkpoints/finals_v3_official/stage5_ablation/no_candidate_state/canneal/seed_42/qmap_last.pth
/home/likc/.conda/envs/capd/lib/python3.7/site-packages/torch/nn/modules/module.py:1433: UserWarning: Positional args are being deprecated, use kwargs instead. Refer to https://pytorch.org/docs/master/generated/torch.nn.Module.html#torch.nn.Module.state_dict for details.
  "Positional args are being deprecated, use kwargs instead. Refer to "
/home/likc/.conda/envs/capd/lib/python3.7/site-packages/torch/nn/modules/module.py:1433: UserWarning: Positional args are being deprecated, use kwargs instead. Refer to https://pytorch.org/docs/master/generated/torch.nn.Module.html#torch.nn.Module.state_dict for details.
  "Positional args are being deprecated, use kwargs instead. Refer to "
/home/likc/.conda/envs/capd/lib/python3.7/site-packages/torch/nn/modules/module.py:1433: UserWarning: Positional args are being deprecated, use kwargs instead. Refer to https://pytorch.org/docs/master/generated/torch.nn.Module.html#torch.nn.Module.state_dict for details.
  "Positional args are being deprecated, use kwargs instead. Refer to "
/home/likc/.conda/envs/capd/lib/python3.7/site-packages/torch/nn/modules/module.py:1433: UserWarning: Positional args are being deprecated, use kwargs instead. Refer to https://pytorch.org/docs/master/generated/torch.nn.Module.html#torch.nn.Module.state_dict for details.
  "Positional args are being deprecated, use kwargs instead. Refer to "
/home/likc/.conda/envs/capd/lib/python3.7/site-packages/torch/nn/modules/module.py:1433: UserWarning: Positional args are being deprecated, use kwargs instead. Refer to https://pytorch.org/docs/master/generated/torch.nn.Module.html#torch.nn.Module.state_dict for details.
  "Positional args are being deprecated, use kwargs instead. Refer to "
/home/likc/.conda/envs/capd/lib/python3.7/site-packages/torch/nn/modules/module.py:1433: UserWarning: Positional args are being deprecated, use kwargs instead. Refer to https://pytorch.org/docs/master/generated/torch.nn.Module.html#torch.nn.Module.state_dict for details.
  "Positional args are being deprecated, use kwargs instead. Refer to "
/home/likc/.conda/envs/capd/lib/python3.7/site-packages/torch/nn/modules/module.py:1433: UserWarning: Positional args are being deprecated, use kwargs instead. Refer to https://pytorch.org/docs/master/generated/torch.nn.Module.html#torch.nn.Module.state_dict for details.
  "Positional args are being deprecated, use kwargs instead. Refer to "
/home/likc/.conda/envs/capd/lib/python3.7/site-packages/torch/nn/modules/module.py:1433: UserWarning: Positional args are being deprecated, use kwargs instead. Refer to https://pytorch.org/docs/master/generated/torch.nn.Module.html#torch.nn.Module.state_dict for details.
  "Positional args are being deprecated, use kwargs instead. Refer to "
/home/likc/.conda/envs/capd/lib/python3.7/site-packages/torch/nn/modules/module.py:1433: UserWarning: Positional args are being deprecated, use kwargs instead. Refer to https://pytorch.org/docs/master/generated/torch.nn.Module.html#torch.nn.Module.state_dict for details.
  "Positional args are being deprecated, use kwargs instead. Refer to "
/home/likc/.conda/envs/capd/lib/python3.7/site-packages/torch/nn/modules/module.py:1433: UserWarning: Positional args are being deprecated, use kwargs instead. Refer to https://pytorch.org/docs/master/generated/torch.nn.Module.html#torch.nn.Module.state_dict for details.
  "Positional args are being deprecated, use kwargs instead. Refer to "
ended_unix=1784808339.1088176
exit_code=0
