QMAP training configuration:
  train_data path: /home/likc/Q-former-for-OS/dataset/jsonl/video_demo_train.jsonl
  number of training samples: 15030
  batch_size: 32
  epochs: 1
  learning rate: 0.0001
  weight decay: 0.0
  device: cpu
  ablation: cross_attention
  qformer: use=False queries=4 layers=1 heads=2 dropout=0.0
  extractor pooling_strategy: none
  scorer scoring_input: context
  loss weights: inactivity=1.0 coldness=1.0 write_sensitivity=4.0 migration_cost=2.0
Epoch [1/1] iter=1 loss=-0.614332
Epoch [1/1] iter=100 loss=-0.678796
Epoch [1/1] iter=200 loss=-0.712586
Epoch [1/1] iter=300 loss=-0.698599
Epoch [1/1] iter=400 loss=-0.632934
Epoch [1/1] avg_loss=-0.673172
Saved checkpoint: /home/likc/Q-former-for-OS/outputs/checkpoints/video_demo/qmap_epoch_1.pth
Training finished.
/home/likc/.conda/envs/capd/lib/python3.7/site-packages/torch/nn/modules/module.py:1433: UserWarning: Positional args are being deprecated, use kwargs instead. Refer to https://pytorch.org/docs/master/generated/torch.nn.Module.html#torch.nn.Module.state_dict for details.
  "Positional args are being deprecated, use kwargs instead. Refer to "
