command=/home/likc/.conda/envs/capd/bin/python3 qmap/qmap_eval.py --config /home/likc/Q-former-for-OS/dataset/jsonl/capd_post_stage6_optimization/opt_B32_K16_L512_H20/canneal/resolved_config.json --selector_params /home/likc/Q-former-for-OS/dataset/jsonl/capd_post_stage6_optimization/opt_B32_K16_L512_H20/canneal/selector_params.json --evaluation_split valid --policy qmap --checkpoint /home/likc/Q-former-for-OS/outputs/checkpoints/capd_post_stage6_optimization/o2/canneal/opt_B32_K16_L512_H20/seed_3136859/qmap_epoch_9.pth --json_output /home/likc/Q-former-for-OS/outputs/results/capd_post_stage6_optimization/raw/o2/canneal/opt_B32_K16_L512_H20/seed_3136859/epoch_9.json
started_unix=1785075021.7327812
Policy: qmap
Total accesses: 200000
Hits: 197469
Misses: 2531
Hit rate: 98.73%
Migrations: 2467
NVM reads: 2510
NVM writes: 21
Weighted access cost: 227327.00
Policy decisions: 2467
Total decision time: 8.184406s
Avg decision time: 3.317554 ms
Candidate filter decisions: 2467
Candidate B_t range: 32..32
Retained K_t range: 16..16
Avg candidate filter time: 0.219646 ms
ended_unix=1785075033.975281
exit_code=0
