command=/home/likc/.conda/envs/capd/bin/python3 qmap/qmap_eval.py --config /home/likc/Q-former-for-OS/dataset/jsonl/capd_post_stage6_optimization/opt_B32_K16_L512_H20/canneal/resolved_config.json --selector_params /home/likc/Q-former-for-OS/dataset/jsonl/capd_post_stage6_optimization/opt_B32_K16_L512_H20/canneal/selector_params.json --evaluation_split valid --policy qmap --checkpoint /home/likc/Q-former-for-OS/outputs/checkpoints/capd_post_stage6_optimization/o2/canneal/opt_B32_K16_L512_H20/seed_3136859/qmap_epoch_5.pth --json_output /home/likc/Q-former-for-OS/outputs/results/capd_post_stage6_optimization/raw/o2/canneal/opt_B32_K16_L512_H20/seed_3136859/epoch_5.json
started_unix=1785074970.8189995
Policy: qmap
Total accesses: 200000
Hits: 197264
Misses: 2736
Hit rate: 98.63%
Migrations: 2672
NVM reads: 2715
NVM writes: 21
Weighted access cost: 229582.00
Policy decisions: 2672
Total decision time: 8.697140s
Avg decision time: 3.254918 ms
Candidate filter decisions: 2672
Candidate B_t range: 32..32
Retained K_t range: 16..16
Avg candidate filter time: 0.219874 ms
ended_unix=1785074983.6492252
exit_code=0
