command=/home/likc/.conda/envs/capd/bin/python3 qmap/qmap_eval.py --config /home/likc/Q-former-for-OS/dataset/jsonl/capd_post_stage6_optimization/opt_B32_K16_L512_H20/canneal/resolved_config.json --selector_params /home/likc/Q-former-for-OS/dataset/jsonl/capd_post_stage6_optimization/opt_B32_K16_L512_H20/canneal/selector_params.json --evaluation_split valid --policy qmap --checkpoint /home/likc/Q-former-for-OS/outputs/checkpoints/capd_post_stage6_optimization/o2/canneal/opt_B32_K16_L512_H20/seed_3136859/qmap_epoch_8.pth --json_output /home/likc/Q-former-for-OS/outputs/results/capd_post_stage6_optimization/raw/o2/canneal/opt_B32_K16_L512_H20/seed_3136859/epoch_8.json
started_unix=1785075009.0776706
Policy: qmap
Total accesses: 200000
Hits: 197372
Misses: 2628
Hit rate: 98.69%
Migrations: 2564
NVM reads: 2607
NVM writes: 21
Weighted access cost: 228394.00
Policy decisions: 2564
Total decision time: 8.518514s
Avg decision time: 3.322353 ms
Candidate filter decisions: 2564
Candidate B_t range: 32..32
Retained K_t range: 16..16
Avg candidate filter time: 0.220047 ms
ended_unix=1785075021.7302504
exit_code=0
