QMAP training configuration:
  train_data path: dataset/jsonl/qmap_ablation_pcrwstress/mean_pool.jsonl
  number of training samples: 4082
  batch_size: 32
  epochs: 10
  learning rate: 0.0001
  weight decay: 0.0
  device: cuda
  ablation: mean_pool
  qformer: use=False queries=4 layers=1 heads=2 dropout=0.0
  loss weights: inactivity=1.0 coldness=1.0 write_sensitivity=4.0 migration_cost=2.0
Epoch [1/10] iter=1 loss=-0.749859
Epoch [1/10] iter=100 loss=-0.795197
Epoch [1/10] avg_loss=-0.779472
Saved checkpoint: outputs/checkpoints/qmap_ablation_pcrwstress/mean_pool/qmap_epoch_1.pth
Epoch [2/10] iter=129 loss=-0.804545
Epoch [2/10] iter=200 loss=-0.770067
Epoch [2/10] avg_loss=-0.811715
Saved checkpoint: outputs/checkpoints/qmap_ablation_pcrwstress/mean_pool/qmap_epoch_2.pth
Epoch [3/10] iter=257 loss=-0.849706
Epoch [3/10] iter=300 loss=-0.910902
Epoch [3/10] avg_loss=-0.905001
Saved checkpoint: outputs/checkpoints/qmap_ablation_pcrwstress/mean_pool/qmap_epoch_3.pth
Epoch [4/10] iter=385 loss=-0.939300
Epoch [4/10] iter=400 loss=-0.942314
Epoch [4/10] iter=500 loss=-0.920282
Epoch [4/10] avg_loss=-0.937621
Saved checkpoint: outputs/checkpoints/qmap_ablation_pcrwstress/mean_pool/qmap_epoch_4.pth
Epoch [5/10] iter=513 loss=-0.921216
Epoch [5/10] iter=600 loss=-0.954287
Epoch [5/10] avg_loss=-0.943866
Saved checkpoint: outputs/checkpoints/qmap_ablation_pcrwstress/mean_pool/qmap_epoch_5.pth
Epoch [6/10] iter=641 loss=-0.954930
Epoch [6/10] iter=700 loss=-0.956206
Epoch [6/10] avg_loss=-0.946697
Saved checkpoint: outputs/checkpoints/qmap_ablation_pcrwstress/mean_pool/qmap_epoch_6.pth
Epoch [7/10] iter=769 loss=-0.956833
Epoch [7/10] iter=800 loss=-0.957180
Epoch [7/10] avg_loss=-0.948291
Saved checkpoint: outputs/checkpoints/qmap_ablation_pcrwstress/mean_pool/qmap_epoch_7.pth
Epoch [8/10] iter=897 loss=-0.957713
Epoch [8/10] iter=900 loss=-0.957798
Epoch [8/10] iter=1000 loss=-0.958684
Epoch [8/10] avg_loss=-0.949214
Saved checkpoint: outputs/checkpoints/qmap_ablation_pcrwstress/mean_pool/qmap_epoch_8.pth
Epoch [9/10] iter=1025 loss=-0.958614
Epoch [9/10] iter=1100 loss=-0.959564
Epoch [9/10] avg_loss=-0.950027
Saved checkpoint: outputs/checkpoints/qmap_ablation_pcrwstress/mean_pool/qmap_epoch_9.pth
Epoch [10/10] iter=1153 loss=-0.929644
Epoch [10/10] iter=1200 loss=-0.899870
Epoch [10/10] avg_loss=-0.950633
Saved checkpoint: outputs/checkpoints/qmap_ablation_pcrwstress/mean_pool/qmap_epoch_10.pth
Training finished.
/home/tingkun/miniconda3/envs/qmap/lib/python3.7/site-packages/torch/nn/modules/module.py:1433: UserWarning: Positional args are being deprecated, use kwargs instead. Refer to https://pytorch.org/docs/master/generated/torch.nn.Module.html#torch.nn.Module.state_dict for details.
  "Positional args are being deprecated, use kwargs instead. Refer to "
