command=/home/likc/.conda/envs/capd/bin/python3 qmap/qmap_eval.py --config /home/likc/Q-former-for-OS/dataset/jsonl/finals_v3_official/stage5_ablation/no_filter_B8_K8/canneal/resolved_config.json --selector_params /home/likc/Q-former-for-OS/dataset/jsonl/finals_v3_official/stage5_ablation/no_filter_B8_K8/canneal/selector_params.json --policy qmap --checkpoint /home/likc/Q-former-for-OS/outputs/checkpoints/finals_v3_official/stage5_ablation/no_filter_B8_K8/canneal/seed_2026/qmap_best.pth --json_output /home/likc/Q-former-for-OS/outputs/results/finals_v3_official/stage5_ablation/raw/no_filter_B8_K8/canneal/seed_2026.json
started_unix=1784800994.667636
Policy: qmap
Total accesses: 200000
Hits: 197499
Misses: 2501
Hit rate: 98.75%
Migrations: 2437
NVM reads: 2485
NVM writes: 16
Weighted access cost: 226967.00
Policy decisions: 2437
Total decision time: 7.483682s
Avg decision time: 3.070858 ms
Candidate filter decisions: 2437
Candidate B_t range: 8..8
Retained K_t range: 8..8
Avg candidate filter time: 0.066167 ms
ended_unix=1784801015.4499576
exit_code=0
