command=/home/likc/.conda/envs/capd/bin/python3 qmap/qmap_eval.py --config /home/likc/Q-former-for-OS/dataset/jsonl/finals_v3_official/stage5_ablation/no_filter_B8_K8/canneal/resolved_config.json --selector_params /home/likc/Q-former-for-OS/dataset/jsonl/finals_v3_official/stage5_ablation/no_filter_B8_K8/canneal/selector_params.json --policy qmap --checkpoint /home/likc/Q-former-for-OS/outputs/checkpoints/finals_v3_official/stage5_ablation/no_filter_B8_K8/canneal/seed_42/qmap_best.pth --json_output /home/likc/Q-former-for-OS/outputs/results/finals_v3_official/stage5_ablation/raw/no_filter_B8_K8/canneal/seed_42.json
started_unix=1784800907.4263215
Policy: qmap
Total accesses: 200000
Hits: 197536
Misses: 2464
Hit rate: 98.77%
Migrations: 2400
NVM reads: 2448
NVM writes: 16
Weighted access cost: 226560.00
Policy decisions: 2400
Total decision time: 7.293629s
Avg decision time: 3.039012 ms
Candidate filter decisions: 2400
Candidate B_t range: 8..8
Retained K_t range: 8..8
Avg candidate filter time: 0.067038 ms
ended_unix=1784800927.8842146
exit_code=0
