command=/home/likc/.conda/envs/capd/bin/python3 qmap/qmap_eval.py --config /home/likc/Q-former-for-OS/dataset/jsonl/capd_post_stage6_optimization/opt_B32_K16_L512/canneal/resolved_config.json --selector_params /home/likc/Q-former-for-OS/dataset/jsonl/capd_post_stage6_optimization/opt_B32_K16_L512/canneal/selector_params.json --evaluation_split valid --policy qmap --checkpoint /home/likc/Q-former-for-OS/outputs/checkpoints/capd_post_stage6_optimization/o2/canneal/opt_B32_K16_L512/seed_3136859/qmap_epoch_7.pth --json_output /home/likc/Q-former-for-OS/outputs/results/capd_post_stage6_optimization/raw/o2/canneal/opt_B32_K16_L512/seed_3136859/epoch_7.json
started_unix=1785074810.7137084
Policy: qmap
Total accesses: 200000
Hits: 197287
Misses: 2713
Hit rate: 98.64%
Migrations: 2649
NVM reads: 2692
NVM writes: 21
Weighted access cost: 229329.00
Policy decisions: 2649
Total decision time: 8.786389s
Avg decision time: 3.316870 ms
Candidate filter decisions: 2649
Candidate B_t range: 32..32
Retained K_t range: 16..16
Avg candidate filter time: 0.215508 ms
ended_unix=1785074823.5890539
exit_code=0
