command=/home/likc/.conda/envs/capd/bin/python3 qmap/qmap_eval.py --config /home/likc/Q-former-for-OS/dataset/jsonl/capd_post_stage6_optimization/opt_B32_K16_L512/canneal/resolved_config.json --selector_params /home/likc/Q-former-for-OS/dataset/jsonl/capd_post_stage6_optimization/opt_B32_K16_L512/canneal/selector_params.json --evaluation_split valid --policy qmap --checkpoint /home/likc/Q-former-for-OS/outputs/checkpoints/capd_post_stage6_optimization/o2/canneal/opt_B32_K16_L512/seed_3136859/qmap_epoch_10.pth --json_output /home/likc/Q-former-for-OS/outputs/results/capd_post_stage6_optimization/raw/o2/canneal/opt_B32_K16_L512/seed_3136859/epoch_10.json
started_unix=1785074847.2943342
Policy: qmap
Total accesses: 200000
Hits: 197583
Misses: 2417
Hit rate: 98.79%
Migrations: 2353
NVM reads: 2396
NVM writes: 21
Weighted access cost: 226073.00
Policy decisions: 2353
Total decision time: 7.854596s
Avg decision time: 3.338120 ms
Candidate filter decisions: 2353
Candidate B_t range: 32..32
Retained K_t range: 16..16
Avg candidate filter time: 0.219745 ms
ended_unix=1785074859.2050471
exit_code=0
