QMAP training: train=/home/likc/Q-former-for-OS/dataset/jsonl/finals_v3_official/streamcluster_pressure/B64/train.jsonl valid=/home/likc/Q-former-for-OS/dataset/jsonl/finals_v3_official/streamcluster_pressure/B64/valid.jsonl samples=8694/2839 device=cuda
epoch=1/10 iter=1 loss=-0.048895
epoch=1/10 iter=100 loss=-0.024471
epoch=1/10 iter=200 loss=-0.097854
epoch=1/10 train_loss=-0.040916 valid_loss=-0.039881
epoch=2/10 iter=300 loss=-0.028344
epoch=2/10 iter=400 loss=-0.030397
epoch=2/10 iter=500 loss=-0.030616
epoch=2/10 train_loss=-0.048152 valid_loss=-0.044820
epoch=3/10 iter=600 loss=-0.025251
epoch=3/10 iter=700 loss=-0.025255
epoch=3/10 iter=800 loss=-0.118924
epoch=3/10 train_loss=-0.049667 valid_loss=-0.045244
epoch=4/10 iter=900 loss=-0.031042
epoch=4/10 iter=1000 loss=-0.029584
epoch=4/10 train_loss=-0.049857 valid_loss=-0.045419
epoch=5/10 iter=1100 loss=-0.000000
epoch=5/10 iter=1200 loss=-0.000000
epoch=5/10 iter=1300 loss=-0.031054
epoch=5/10 train_loss=-0.049948 valid_loss=-0.045463
epoch=6/10 iter=1400 loss=-0.000000
epoch=6/10 iter=1500 loss=-0.061957
epoch=6/10 iter=1600 loss=-0.060512
epoch=6/10 train_loss=-0.050084 valid_loss=-0.045489
epoch=7/10 iter=1700 loss=-0.117536
epoch=7/10 iter=1800 loss=-0.030620
epoch=7/10 iter=1900 loss=-0.000000
epoch=7/10 train_loss=-0.050105 valid_loss=-0.045506
epoch=8/10 iter=2000 loss=-0.061245
epoch=8/10 iter=2100 loss=-0.031215
epoch=8/10 train_loss=-0.050158 valid_loss=-0.045514
epoch=9/10 iter=2200 loss=-0.060864
epoch=9/10 iter=2300 loss=-0.092743
epoch=9/10 iter=2400 loss=-0.061728
epoch=9/10 train_loss=-0.050076 valid_loss=-0.045519
epoch=10/10 iter=2500 loss=-0.062121
epoch=10/10 iter=2600 loss=-0.062325
epoch=10/10 iter=2700 loss=-0.030896
epoch=10/10 train_loss=-0.050182 valid_loss=-0.045523
Training finished. best=/home/likc/Q-former-for-OS/outputs/checkpoints/ablation_no_vpn/no_vpn/streamcluster_pressure/seed_3136859/qmap_best.pth last=/home/likc/Q-former-for-OS/outputs/checkpoints/ablation_no_vpn/no_vpn/streamcluster_pressure/seed_3136859/qmap_last.pth
/home/likc/.conda/envs/capd/lib/python3.7/site-packages/torch/nn/modules/module.py:1433: UserWarning: Positional args are being deprecated, use kwargs instead. Refer to https://pytorch.org/docs/master/generated/torch.nn.Module.html#torch.nn.Module.state_dict for details.
  "Positional args are being deprecated, use kwargs instead. Refer to "
/home/likc/.conda/envs/capd/lib/python3.7/site-packages/torch/nn/modules/module.py:1433: UserWarning: Positional args are being deprecated, use kwargs instead. Refer to https://pytorch.org/docs/master/generated/torch.nn.Module.html#torch.nn.Module.state_dict for details.
  "Positional args are being deprecated, use kwargs instead. Refer to "
/home/likc/.conda/envs/capd/lib/python3.7/site-packages/torch/nn/modules/module.py:1433: UserWarning: Positional args are being deprecated, use kwargs instead. Refer to https://pytorch.org/docs/master/generated/torch.nn.Module.html#torch.nn.Module.state_dict for details.
  "Positional args are being deprecated, use kwargs instead. Refer to "
/home/likc/.conda/envs/capd/lib/python3.7/site-packages/torch/nn/modules/module.py:1433: UserWarning: Positional args are being deprecated, use kwargs instead. Refer to https://pytorch.org/docs/master/generated/torch.nn.Module.html#torch.nn.Module.state_dict for details.
  "Positional args are being deprecated, use kwargs instead. Refer to "
/home/likc/.conda/envs/capd/lib/python3.7/site-packages/torch/nn/modules/module.py:1433: UserWarning: Positional args are being deprecated, use kwargs instead. Refer to https://pytorch.org/docs/master/generated/torch.nn.Module.html#torch.nn.Module.state_dict for details.
  "Positional args are being deprecated, use kwargs instead. Refer to "
/home/likc/.conda/envs/capd/lib/python3.7/site-packages/torch/nn/modules/module.py:1433: UserWarning: Positional args are being deprecated, use kwargs instead. Refer to https://pytorch.org/docs/master/generated/torch.nn.Module.html#torch.nn.Module.state_dict for details.
  "Positional args are being deprecated, use kwargs instead. Refer to "
/home/likc/.conda/envs/capd/lib/python3.7/site-packages/torch/nn/modules/module.py:1433: UserWarning: Positional args are being deprecated, use kwargs instead. Refer to https://pytorch.org/docs/master/generated/torch.nn.Module.html#torch.nn.Module.state_dict for details.
  "Positional args are being deprecated, use kwargs instead. Refer to "
/home/likc/.conda/envs/capd/lib/python3.7/site-packages/torch/nn/modules/module.py:1433: UserWarning: Positional args are being deprecated, use kwargs instead. Refer to https://pytorch.org/docs/master/generated/torch.nn.Module.html#torch.nn.Module.state_dict for details.
  "Positional args are being deprecated, use kwargs instead. Refer to "
/home/likc/.conda/envs/capd/lib/python3.7/site-packages/torch/nn/modules/module.py:1433: UserWarning: Positional args are being deprecated, use kwargs instead. Refer to https://pytorch.org/docs/master/generated/torch.nn.Module.html#torch.nn.Module.state_dict for details.
  "Positional args are being deprecated, use kwargs instead. Refer to "
/home/likc/.conda/envs/capd/lib/python3.7/site-packages/torch/nn/modules/module.py:1433: UserWarning: Positional args are being deprecated, use kwargs instead. Refer to https://pytorch.org/docs/master/generated/torch.nn.Module.html#torch.nn.Module.state_dict for details.
  "Positional args are being deprecated, use kwargs instead. Refer to "
