QMAP training configuration:
  train_data path: dataset/jsonl/qmap_ablation/phasechange/no_rw.jsonl
  number of training samples: 5750
  batch_size: 32
  epochs: 10
  learning rate: 0.0001
  device: cuda
  ablation: no_rw
Epoch [1/10] iter=1 loss=-0.731188
Epoch [1/10] iter=100 loss=-0.790485
Epoch [1/10] avg_loss=-0.775438
Saved checkpoint: outputs/checkpoints/qmap_ablation/phasechange/no_rw/qmap_epoch_1.pth
Epoch [2/10] iter=181 loss=-0.815188
Epoch [2/10] iter=200 loss=-0.835181
Epoch [2/10] iter=300 loss=-0.900932
Epoch [2/10] avg_loss=-0.881175
Saved checkpoint: outputs/checkpoints/qmap_ablation/phasechange/no_rw/qmap_epoch_2.pth
Epoch [3/10] iter=361 loss=-0.909281
Epoch [3/10] iter=400 loss=-0.908475
Epoch [3/10] iter=500 loss=-0.914626
Epoch [3/10] avg_loss=-0.912422
Saved checkpoint: outputs/checkpoints/qmap_ablation/phasechange/no_rw/qmap_epoch_3.pth
Epoch [4/10] iter=541 loss=-0.918432
Epoch [4/10] iter=600 loss=-0.920163
Epoch [4/10] iter=700 loss=-0.925327
Epoch [4/10] avg_loss=-0.920790
Saved checkpoint: outputs/checkpoints/qmap_ablation/phasechange/no_rw/qmap_epoch_4.pth
Epoch [5/10] iter=721 loss=-0.923230
Epoch [5/10] iter=800 loss=-0.926420
Epoch [5/10] iter=900 loss=-0.932751
Epoch [5/10] avg_loss=-0.929723
Saved checkpoint: outputs/checkpoints/qmap_ablation/phasechange/no_rw/qmap_epoch_5.pth
Epoch [6/10] iter=901 loss=-0.932566
Epoch [6/10] iter=1000 loss=-0.935003
Epoch [6/10] avg_loss=-0.935182
Saved checkpoint: outputs/checkpoints/qmap_ablation/phasechange/no_rw/qmap_epoch_6.pth
Epoch [7/10] iter=1081 loss=-0.934550
Epoch [7/10] iter=1100 loss=-0.937799
Epoch [7/10] iter=1200 loss=-0.939680
Epoch [7/10] avg_loss=-0.938090
Saved checkpoint: outputs/checkpoints/qmap_ablation/phasechange/no_rw/qmap_epoch_7.pth
Epoch [8/10] iter=1261 loss=-0.938836
Epoch [8/10] iter=1300 loss=-0.938863
Epoch [8/10] iter=1400 loss=-0.941724
Epoch [8/10] avg_loss=-0.940048
Saved checkpoint: outputs/checkpoints/qmap_ablation/phasechange/no_rw/qmap_epoch_8.pth
Epoch [9/10] iter=1441 loss=-0.938767
Epoch [9/10] iter=1500 loss=-0.942033
Epoch [9/10] iter=1600 loss=-0.940886
Epoch [9/10] avg_loss=-0.941540
Saved checkpoint: outputs/checkpoints/qmap_ablation/phasechange/no_rw/qmap_epoch_9.pth
Epoch [10/10] iter=1621 loss=-0.942619
Epoch [10/10] iter=1700 loss=-0.942351
Epoch [10/10] iter=1800 loss=-0.943360
Epoch [10/10] avg_loss=-0.942497
Saved checkpoint: outputs/checkpoints/qmap_ablation/phasechange/no_rw/qmap_epoch_10.pth
Training finished.
/home/tingkun/miniconda3/envs/qmap/lib/python3.7/site-packages/torch/nn/modules/module.py:1433: UserWarning: Positional args are being deprecated, use kwargs instead. Refer to https://pytorch.org/docs/master/generated/torch.nn.Module.html#torch.nn.Module.state_dict for details.
  "Positional args are being deprecated, use kwargs instead. Refer to "
