command=/home/likc/.conda/envs/capd/bin/python3 qmap/qmap_train.py --config /home/likc/Q-former-for-OS/dataset/jsonl/capd_post_stage6_optimization/opt_B32_K16_L512/canneal/resolved_config.json --selector_params /home/likc/Q-former-for-OS/dataset/jsonl/capd_post_stage6_optimization/opt_B32_K16_L512/canneal/selector_params.json --train_data /home/likc/Q-former-for-OS/dataset/jsonl/capd_post_stage6_optimization/opt_B32_K16_L512/canneal/train.jsonl --valid_data /home/likc/Q-former-for-OS/dataset/jsonl/capd_post_stage6_optimization/opt_B32_K16_L512/canneal/valid.jsonl --output_dir /home/likc/Q-former-for-OS/outputs/checkpoints/capd_post_stage6_optimization/o2/canneal/opt_B32_K16_L512/seed_3136859 --seed 3136859 --save_every_epoch
started_unix=1785074676.0716012
QMAP training: train=/home/likc/Q-former-for-OS/dataset/jsonl/capd_post_stage6_optimization/opt_B32_K16_L512/canneal/train.jsonl valid=/home/likc/Q-former-for-OS/dataset/jsonl/capd_post_stage6_optimization/opt_B32_K16_L512/canneal/valid.jsonl samples=7215/2377 device=cuda
epoch=1/10 iter=1 loss=-0.170176
epoch=1/10 iter=100 loss=-0.125690
epoch=1/10 iter=200 loss=-0.220546
epoch=1/10 train_loss=-0.157810 valid_loss=-0.135538
epoch=2/10 iter=300 loss=-0.143205
epoch=2/10 iter=400 loss=-0.087496
epoch=2/10 train_loss=-0.175456 valid_loss=-0.139461
epoch=3/10 iter=500 loss=-0.146945
epoch=3/10 iter=600 loss=-0.152970
epoch=3/10 train_loss=-0.181780 valid_loss=-0.142958
epoch=4/10 iter=700 loss=-0.122525
epoch=4/10 iter=800 loss=-0.216460
epoch=4/10 iter=900 loss=-0.213454
epoch=4/10 train_loss=-0.184366 valid_loss=-0.143904
epoch=5/10 iter=1000 loss=-0.274429
epoch=5/10 iter=1100 loss=-0.122657
epoch=5/10 train_loss=-0.184955 valid_loss=-0.144475
epoch=6/10 iter=1200 loss=-0.185130
epoch=6/10 iter=1300 loss=-0.248556
epoch=6/10 train_loss=-0.186018 valid_loss=-0.144956
epoch=7/10 iter=1400 loss=-0.248186
epoch=7/10 iter=1500 loss=-0.216081
epoch=7/10 train_loss=-0.186032 valid_loss=-0.145272
epoch=8/10 iter=1600 loss=-0.217070
epoch=8/10 iter=1700 loss=-0.216268
epoch=8/10 iter=1800 loss=-0.218149
epoch=8/10 train_loss=-0.186388 valid_loss=-0.145405
epoch=9/10 iter=1900 loss=-0.186189
epoch=9/10 iter=2000 loss=-0.217623
epoch=9/10 train_loss=-0.186427 valid_loss=-0.145732
epoch=10/10 iter=2100 loss=-0.186934
epoch=10/10 iter=2200 loss=-0.093628
epoch=10/10 train_loss=-0.186509 valid_loss=-0.145692
Training finished. best=/home/likc/Q-former-for-OS/outputs/checkpoints/capd_post_stage6_optimization/o2/canneal/opt_B32_K16_L512/seed_3136859/qmap_best.pth last=/home/likc/Q-former-for-OS/outputs/checkpoints/capd_post_stage6_optimization/o2/canneal/opt_B32_K16_L512/seed_3136859/qmap_last.pth
/home/likc/.conda/envs/capd/lib/python3.7/site-packages/torch/nn/modules/module.py:1433: UserWarning: Positional args are being deprecated, use kwargs instead. Refer to https://pytorch.org/docs/master/generated/torch.nn.Module.html#torch.nn.Module.state_dict for details.
  "Positional args are being deprecated, use kwargs instead. Refer to "
/home/likc/.conda/envs/capd/lib/python3.7/site-packages/torch/nn/modules/module.py:1433: UserWarning: Positional args are being deprecated, use kwargs instead. Refer to https://pytorch.org/docs/master/generated/torch.nn.Module.html#torch.nn.Module.state_dict for details.
  "Positional args are being deprecated, use kwargs instead. Refer to "
/home/likc/.conda/envs/capd/lib/python3.7/site-packages/torch/nn/modules/module.py:1433: UserWarning: Positional args are being deprecated, use kwargs instead. Refer to https://pytorch.org/docs/master/generated/torch.nn.Module.html#torch.nn.Module.state_dict for details.
  "Positional args are being deprecated, use kwargs instead. Refer to "
/home/likc/.conda/envs/capd/lib/python3.7/site-packages/torch/nn/modules/module.py:1433: UserWarning: Positional args are being deprecated, use kwargs instead. Refer to https://pytorch.org/docs/master/generated/torch.nn.Module.html#torch.nn.Module.state_dict for details.
  "Positional args are being deprecated, use kwargs instead. Refer to "
/home/likc/.conda/envs/capd/lib/python3.7/site-packages/torch/nn/modules/module.py:1433: UserWarning: Positional args are being deprecated, use kwargs instead. Refer to https://pytorch.org/docs/master/generated/torch.nn.Module.html#torch.nn.Module.state_dict for details.
  "Positional args are being deprecated, use kwargs instead. Refer to "
/home/likc/.conda/envs/capd/lib/python3.7/site-packages/torch/nn/modules/module.py:1433: UserWarning: Positional args are being deprecated, use kwargs instead. Refer to https://pytorch.org/docs/master/generated/torch.nn.Module.html#torch.nn.Module.state_dict for details.
  "Positional args are being deprecated, use kwargs instead. Refer to "
/home/likc/.conda/envs/capd/lib/python3.7/site-packages/torch/nn/modules/module.py:1433: UserWarning: Positional args are being deprecated, use kwargs instead. Refer to https://pytorch.org/docs/master/generated/torch.nn.Module.html#torch.nn.Module.state_dict for details.
  "Positional args are being deprecated, use kwargs instead. Refer to "
/home/likc/.conda/envs/capd/lib/python3.7/site-packages/torch/nn/modules/module.py:1433: UserWarning: Positional args are being deprecated, use kwargs instead. Refer to https://pytorch.org/docs/master/generated/torch.nn.Module.html#torch.nn.Module.state_dict for details.
  "Positional args are being deprecated, use kwargs instead. Refer to "
/home/likc/.conda/envs/capd/lib/python3.7/site-packages/torch/nn/modules/module.py:1433: UserWarning: Positional args are being deprecated, use kwargs instead. Refer to https://pytorch.org/docs/master/generated/torch.nn.Module.html#torch.nn.Module.state_dict for details.
  "Positional args are being deprecated, use kwargs instead. Refer to "
/home/likc/.conda/envs/capd/lib/python3.7/site-packages/torch/nn/modules/module.py:1433: UserWarning: Positional args are being deprecated, use kwargs instead. Refer to https://pytorch.org/docs/master/generated/torch.nn.Module.html#torch.nn.Module.state_dict for details.
  "Positional args are being deprecated, use kwargs instead. Refer to "
ended_unix=1785074733.8402438
exit_code=0
