command=/home/likc/.conda/envs/capd/bin/python3 qmap/qmap_eval.py --config /home/likc/Q-former-for-OS/dataset/jsonl/finals_v3_official/stage5_sensitivity/sensitivity_B16/streamcluster_pressure/resolved_config.json --selector_params /home/likc/Q-former-for-OS/dataset/jsonl/finals_v3_official/stage5_sensitivity/sensitivity_B16/streamcluster_pressure/selector_params.json --policy qmap --checkpoint /home/likc/Q-former-for-OS/outputs/checkpoints/finals_v3_official/stage5_sensitivity/sensitivity_B16/streamcluster_pressure/seed_3136859/qmap_best.pth --json_output /home/likc/Q-former-for-OS/outputs/results/finals_v3_official/stage5_sensitivity/raw/sensitivity_B16/streamcluster_pressure/seed_3136859.json
started_unix=1784811509.6308393
Policy: qmap
Total accesses: 200000
Hits: 197158
Misses: 2842
Hit rate: 98.58%
Migrations: 2778
NVM reads: 2841
NVM writes: 1
Weighted access cost: 230628.00
Policy decisions: 2778
Total decision time: 9.114546s
Avg decision time: 3.280974 ms
Candidate filter decisions: 2778
Candidate B_t range: 16..16
Retained K_t range: 8..8
Avg candidate filter time: 0.125685 ms
ended_unix=1784811532.9631848
exit_code=0
