QMAP training configuration:
  train_data path: /home/likc/Q-former-for-OS/dataset/jsonl/qmap_parameter_sensitivity/h10_c64_d128_l128.jsonl
  number of training samples: 6064
  batch_size: 32
  epochs: 10
  learning rate: 0.0001
  weight decay: 0.0
  device: cuda
  ablation: cross_attention
  qformer: use=False queries=4 layers=1 heads=2 dropout=0.0
  extractor pooling_strategy: none
  scorer scoring_input: context
  loss weights: inactivity=1.0 coldness=1.0 write_sensitivity=4.0 migration_cost=2.0
Epoch [1/10] iter=1 loss=-0.783798
Epoch [1/10] iter=100 loss=-0.854679
Epoch [1/10] avg_loss=-0.844153
Saved checkpoint: /home/likc/Q-former-for-OS/outputs/checkpoints/qmap_parameter_sensitivity/h10_c64_d128_l128/qmap_epoch_1.pth
Epoch [2/10] iter=191 loss=-0.892668
Epoch [2/10] iter=200 loss=-0.898695
Epoch [2/10] iter=300 loss=-0.915290
Epoch [2/10] avg_loss=-0.909903
Saved checkpoint: /home/likc/Q-former-for-OS/outputs/checkpoints/qmap_parameter_sensitivity/h10_c64_d128_l128/qmap_epoch_2.pth
Epoch [3/10] iter=381 loss=-0.925358
Epoch [3/10] iter=400 loss=-0.923991
Epoch [3/10] iter=500 loss=-0.932002
Epoch [3/10] avg_loss=-0.926920
Saved checkpoint: /home/likc/Q-former-for-OS/outputs/checkpoints/qmap_parameter_sensitivity/h10_c64_d128_l128/qmap_epoch_3.pth
Epoch [4/10] iter=571 loss=-0.926987
Epoch [4/10] iter=600 loss=-0.933383
Epoch [4/10] iter=700 loss=-0.933467
Epoch [4/10] avg_loss=-0.934792
Saved checkpoint: /home/likc/Q-former-for-OS/outputs/checkpoints/qmap_parameter_sensitivity/h10_c64_d128_l128/qmap_epoch_4.pth
Epoch [5/10] iter=761 loss=-0.941835
Epoch [5/10] iter=800 loss=-0.939629
Epoch [5/10] iter=900 loss=-0.943056
Epoch [5/10] avg_loss=-0.939424
Saved checkpoint: /home/likc/Q-former-for-OS/outputs/checkpoints/qmap_parameter_sensitivity/h10_c64_d128_l128/qmap_epoch_5.pth
Epoch [6/10] iter=951 loss=-0.939305
Epoch [6/10] iter=1000 loss=-0.942347
Epoch [6/10] iter=1100 loss=-0.942497
Epoch [6/10] avg_loss=-0.941862
Saved checkpoint: /home/likc/Q-former-for-OS/outputs/checkpoints/qmap_parameter_sensitivity/h10_c64_d128_l128/qmap_epoch_6.pth
Epoch [7/10] iter=1141 loss=-0.944655
Epoch [7/10] iter=1200 loss=-0.946118
Epoch [7/10] iter=1300 loss=-0.944249
Epoch [7/10] avg_loss=-0.943268
Saved checkpoint: /home/likc/Q-former-for-OS/outputs/checkpoints/qmap_parameter_sensitivity/h10_c64_d128_l128/qmap_epoch_7.pth
Epoch [8/10] iter=1331 loss=-0.943741
Epoch [8/10] iter=1400 loss=-0.947319
Epoch [8/10] iter=1500 loss=-0.944034
Epoch [8/10] avg_loss=-0.944137
Saved checkpoint: /home/likc/Q-former-for-OS/outputs/checkpoints/qmap_parameter_sensitivity/h10_c64_d128_l128/qmap_epoch_8.pth
Epoch [9/10] iter=1521 loss=-0.944737
Epoch [9/10] iter=1600 loss=-0.944052
Epoch [9/10] iter=1700 loss=-0.946605
Epoch [9/10] avg_loss=-0.944822
Saved checkpoint: /home/likc/Q-former-for-OS/outputs/checkpoints/qmap_parameter_sensitivity/h10_c64_d128_l128/qmap_epoch_9.pth
Epoch [10/10] iter=1711 loss=-0.943759
Epoch [10/10] iter=1800 loss=-0.946172
Epoch [10/10] iter=1900 loss=-0.948579
Epoch [10/10] avg_loss=-0.945335
Saved checkpoint: /home/likc/Q-former-for-OS/outputs/checkpoints/qmap_parameter_sensitivity/h10_c64_d128_l128/qmap_epoch_10.pth
Training finished.
/home/likc/.conda/envs/qmap/lib/python3.7/site-packages/torch/nn/modules/module.py:1433: UserWarning: Positional args are being deprecated, use kwargs instead. Refer to https://pytorch.org/docs/master/generated/torch.nn.Module.html#torch.nn.Module.state_dict for details.
  "Positional args are being deprecated, use kwargs instead. Refer to "
