QMAP training configuration:
  train_data path: /home/likc/Q-former-for-OS/dataset/jsonl/capacity_sensitivity/canneal/cap16/parsec_canneal_train.jsonl
  number of training samples: 35046
  batch_size: 32
  epochs: 10
  learning rate: 0.0001
  weight decay: 0.0
  device: cuda
  ablation: cross_attention
  qformer: use=False queries=4 layers=1 heads=2 dropout=0.0
  extractor pooling_strategy: none
  scorer scoring_input: context
  loss weights: inactivity=1.0 coldness=1.0 write_sensitivity=4.0 migration_cost=2.0
Epoch [1/10] iter=1 loss=-0.589093
Epoch [1/10] iter=100 loss=-0.655011
Epoch [1/10] iter=200 loss=-0.696497
Epoch [1/10] iter=300 loss=-0.717123
Epoch [1/10] iter=400 loss=-0.731397
Epoch [1/10] iter=500 loss=-0.758612
Epoch [1/10] iter=600 loss=-0.718682
Epoch [1/10] iter=700 loss=-0.789719
Epoch [1/10] iter=800 loss=-0.800600
Epoch [1/10] iter=900 loss=-0.787670
Epoch [1/10] iter=1000 loss=-0.800399
Epoch [1/10] avg_loss=-0.754984
Saved checkpoint: outputs/checkpoints/capacity_sensitivity/canneal/cap16/parsec_canneal/qmap_epoch_1.pth
Epoch [2/10] iter=1097 loss=-0.810344
Epoch [2/10] iter=1100 loss=-0.824554
Epoch [2/10] iter=1200 loss=-0.820256
Epoch [2/10] iter=1300 loss=-0.811599
Epoch [2/10] iter=1400 loss=-0.760671
Epoch [2/10] iter=1500 loss=-0.789500
Epoch [2/10] iter=1600 loss=-0.779103
Epoch [2/10] iter=1700 loss=-0.802484
Epoch [2/10] iter=1800 loss=-0.809724
Epoch [2/10] iter=1900 loss=-0.807489
Epoch [2/10] iter=2000 loss=-0.785218
Epoch [2/10] iter=2100 loss=-0.824319
Epoch [2/10] avg_loss=-0.802022
Saved checkpoint: outputs/checkpoints/capacity_sensitivity/canneal/cap16/parsec_canneal/qmap_epoch_2.pth
Epoch [3/10] iter=2193 loss=-0.792327
Epoch [3/10] iter=2200 loss=-0.814912
Epoch [3/10] iter=2300 loss=-0.824637
Epoch [3/10] iter=2400 loss=-0.819516
Epoch [3/10] iter=2500 loss=-0.802945
Epoch [3/10] iter=2600 loss=-0.826175
Epoch [3/10] iter=2700 loss=-0.797075
Epoch [3/10] iter=2800 loss=-0.820819
Epoch [3/10] iter=2900 loss=-0.794922
Epoch [3/10] iter=3000 loss=-0.828119
Epoch [3/10] iter=3100 loss=-0.829914
Epoch [3/10] iter=3200 loss=-0.811756
Epoch [3/10] avg_loss=-0.808791
Saved checkpoint: outputs/checkpoints/capacity_sensitivity/canneal/cap16/parsec_canneal/qmap_epoch_3.pth
Epoch [4/10] iter=3289 loss=-0.798012
Epoch [4/10] iter=3300 loss=-0.813487
Epoch [4/10] iter=3400 loss=-0.801462
Epoch [4/10] iter=3500 loss=-0.797542
Epoch [4/10] iter=3600 loss=-0.823087
Epoch [4/10] iter=3700 loss=-0.820222
Epoch [4/10] iter=3800 loss=-0.811235
Epoch [4/10] iter=3900 loss=-0.819009
Epoch [4/10] iter=4000 loss=-0.825846
Epoch [4/10] iter=4100 loss=-0.815403
Epoch [4/10] iter=4200 loss=-0.793580
Epoch [4/10] iter=4300 loss=-0.827039
Epoch [4/10] avg_loss=-0.810160
Saved checkpoint: outputs/checkpoints/capacity_sensitivity/canneal/cap16/parsec_canneal/qmap_epoch_4.pth
Epoch [5/10] iter=4385 loss=-0.802789
Epoch [5/10] iter=4400 loss=-0.824402
Epoch [5/10] iter=4500 loss=-0.803959
Epoch [5/10] iter=4600 loss=-0.806420
Epoch [5/10] iter=4700 loss=-0.804416
Epoch [5/10] iter=4800 loss=-0.829531
Epoch [5/10] iter=4900 loss=-0.801720
Epoch [5/10] iter=5000 loss=-0.811759
Epoch [5/10] iter=5100 loss=-0.807347
Epoch [5/10] iter=5200 loss=-0.828329
Epoch [5/10] iter=5300 loss=-0.818858
Epoch [5/10] iter=5400 loss=-0.831046
Epoch [5/10] avg_loss=-0.810743
Saved checkpoint: outputs/checkpoints/capacity_sensitivity/canneal/cap16/parsec_canneal/qmap_epoch_5.pth
Epoch [6/10] iter=5481 loss=-0.826491
Epoch [6/10] iter=5500 loss=-0.764144
Epoch [6/10] iter=5600 loss=-0.793247
Epoch [6/10] iter=5700 loss=-0.820060
Epoch [6/10] iter=5800 loss=-0.823352
Epoch [6/10] iter=5900 loss=-0.820494
Epoch [6/10] iter=6000 loss=-0.812222
Epoch [6/10] iter=6100 loss=-0.821588
Epoch [6/10] iter=6200 loss=-0.831564
Epoch [6/10] iter=6300 loss=-0.817629
Epoch [6/10] iter=6400 loss=-0.835122
Epoch [6/10] iter=6500 loss=-0.819187
Epoch [6/10] avg_loss=-0.811214
Saved checkpoint: outputs/checkpoints/capacity_sensitivity/canneal/cap16/parsec_canneal/qmap_epoch_6.pth
Epoch [7/10] iter=6577 loss=-0.827237
Epoch [7/10] iter=6600 loss=-0.818472
Epoch [7/10] iter=6700 loss=-0.827672
Epoch [7/10] iter=6800 loss=-0.813534
Epoch [7/10] iter=6900 loss=-0.839020
Epoch [7/10] iter=7000 loss=-0.820449
Epoch [7/10] iter=7100 loss=-0.803892
Epoch [7/10] iter=7200 loss=-0.790103
Epoch [7/10] iter=7300 loss=-0.803742
Epoch [7/10] iter=7400 loss=-0.820032
Epoch [7/10] iter=7500 loss=-0.833051
Epoch [7/10] iter=7600 loss=-0.798006
Epoch [7/10] avg_loss=-0.811535
Saved checkpoint: outputs/checkpoints/capacity_sensitivity/canneal/cap16/parsec_canneal/qmap_epoch_7.pth
Epoch [8/10] iter=7673 loss=-0.795931
Epoch [8/10] iter=7700 loss=-0.806038
Epoch [8/10] iter=7800 loss=-0.798522
Epoch [8/10] iter=7900 loss=-0.805719
Epoch [8/10] iter=8000 loss=-0.812561
Epoch [8/10] iter=8100 loss=-0.804103
Epoch [8/10] iter=8200 loss=-0.834240
Epoch [8/10] iter=8300 loss=-0.817888
Epoch [8/10] iter=8400 loss=-0.796192
Epoch [8/10] iter=8500 loss=-0.794874
Epoch [8/10] iter=8600 loss=-0.828760
Epoch [8/10] iter=8700 loss=-0.781937
Epoch [8/10] avg_loss=-0.811892
Saved checkpoint: outputs/checkpoints/capacity_sensitivity/canneal/cap16/parsec_canneal/qmap_epoch_8.pth
Epoch [9/10] iter=8769 loss=-0.819827
Epoch [9/10] iter=8800 loss=-0.760969
Epoch [9/10] iter=8900 loss=-0.813326
Epoch [9/10] iter=9000 loss=-0.827601
Epoch [9/10] iter=9100 loss=-0.797442
Epoch [9/10] iter=9200 loss=-0.774477
Epoch [9/10] iter=9300 loss=-0.809104
Epoch [9/10] iter=9400 loss=-0.780389
Epoch [9/10] iter=9500 loss=-0.826601
Epoch [9/10] iter=9600 loss=-0.774359
Epoch [9/10] iter=9700 loss=-0.797192
Epoch [9/10] iter=9800 loss=-0.818541
Epoch [9/10] avg_loss=-0.812093
Saved checkpoint: outputs/checkpoints/capacity_sensitivity/canneal/cap16/parsec_canneal/qmap_epoch_9.pth
Epoch [10/10] iter=9865 loss=-0.817788
Epoch [10/10] iter=9900 loss=-0.814617
Epoch [10/10] iter=10000 loss=-0.819836
Epoch [10/10] iter=10100 loss=-0.826519
Epoch [10/10] iter=10200 loss=-0.838537
Epoch [10/10] iter=10300 loss=-0.828238
Epoch [10/10] iter=10400 loss=-0.801043
Epoch [10/10] iter=10500 loss=-0.829867
Epoch [10/10] iter=10600 loss=-0.804159
Epoch [10/10] iter=10700 loss=-0.789405
Epoch [10/10] iter=10800 loss=-0.825725
Epoch [10/10] iter=10900 loss=-0.810739
Epoch [10/10] avg_loss=-0.812396
Saved checkpoint: outputs/checkpoints/capacity_sensitivity/canneal/cap16/parsec_canneal/qmap_epoch_10.pth
Training finished.
/home/likc/.conda/envs/qmap/lib/python3.7/site-packages/torch/nn/modules/module.py:1433: UserWarning: Positional args are being deprecated, use kwargs instead. Refer to https://pytorch.org/docs/master/generated/torch.nn.Module.html#torch.nn.Module.state_dict for details.
  "Positional args are being deprecated, use kwargs instead. Refer to "
