QMAP training configuration:
  train_data path: /home/tingkun/lcs/cache_replacement/dataset/jsonl/qmap_ablation/full.jsonl
  number of training samples: 6064
  batch_size: 32
  epochs: 10
  learning rate: 0.0001
  device: cuda
  ablation: full
Epoch [1/10] iter=1 loss=-0.737850
Epoch [1/10] iter=100 loss=-0.774899
Epoch [1/10] avg_loss=-0.765630
Saved checkpoint: /home/tingkun/lcs/cache_replacement/outputs/checkpoints/qmap_ablation/full/qmap_epoch_1.pth
Epoch [2/10] iter=191 loss=-0.797843
Epoch [2/10] iter=200 loss=-0.799973
Epoch [2/10] iter=300 loss=-0.891782
Epoch [2/10] avg_loss=-0.881925
Saved checkpoint: /home/tingkun/lcs/cache_replacement/outputs/checkpoints/qmap_ablation/full/qmap_epoch_2.pth
Epoch [3/10] iter=381 loss=-0.909385
Epoch [3/10] iter=400 loss=-0.898778
Epoch [3/10] iter=500 loss=-0.914202
Epoch [3/10] avg_loss=-0.911485
Saved checkpoint: /home/tingkun/lcs/cache_replacement/outputs/checkpoints/qmap_ablation/full/qmap_epoch_3.pth
Epoch [4/10] iter=571 loss=-0.915408
Epoch [4/10] iter=600 loss=-0.918989
Epoch [4/10] iter=700 loss=-0.922590
Epoch [4/10] avg_loss=-0.917992
Saved checkpoint: /home/tingkun/lcs/cache_replacement/outputs/checkpoints/qmap_ablation/full/qmap_epoch_4.pth
Epoch [5/10] iter=761 loss=-0.920263
Epoch [5/10] iter=800 loss=-0.922034
Epoch [5/10] iter=900 loss=-0.924574
Epoch [5/10] avg_loss=-0.922132
Saved checkpoint: /home/tingkun/lcs/cache_replacement/outputs/checkpoints/qmap_ablation/full/qmap_epoch_5.pth
Epoch [6/10] iter=951 loss=-0.924328
Epoch [6/10] iter=1000 loss=-0.926654
Epoch [6/10] iter=1100 loss=-0.917452
Epoch [6/10] avg_loss=-0.925244
Saved checkpoint: /home/tingkun/lcs/cache_replacement/outputs/checkpoints/qmap_ablation/full/qmap_epoch_6.pth
Epoch [7/10] iter=1141 loss=-0.927427
Epoch [7/10] iter=1200 loss=-0.924458
Epoch [7/10] iter=1300 loss=-0.925332
Epoch [7/10] avg_loss=-0.927244
Saved checkpoint: /home/tingkun/lcs/cache_replacement/outputs/checkpoints/qmap_ablation/full/qmap_epoch_7.pth
Epoch [8/10] iter=1331 loss=-0.928805
Epoch [8/10] iter=1400 loss=-0.925174
Epoch [8/10] iter=1500 loss=-0.927458
Epoch [8/10] avg_loss=-0.928589
Saved checkpoint: /home/tingkun/lcs/cache_replacement/outputs/checkpoints/qmap_ablation/full/qmap_epoch_8.pth
Epoch [9/10] iter=1521 loss=-0.927862
Epoch [9/10] iter=1600 loss=-0.931497
Epoch [9/10] iter=1700 loss=-0.933174
Epoch [9/10] avg_loss=-0.929580
Saved checkpoint: /home/tingkun/lcs/cache_replacement/outputs/checkpoints/qmap_ablation/full/qmap_epoch_9.pth
Epoch [10/10] iter=1711 loss=-0.931114
Epoch [10/10] iter=1800 loss=-0.926492
Epoch [10/10] iter=1900 loss=-0.929697
Epoch [10/10] avg_loss=-0.930457
Saved checkpoint: /home/tingkun/lcs/cache_replacement/outputs/checkpoints/qmap_ablation/full/qmap_epoch_10.pth
Training finished.
/home/tingkun/miniconda3/envs/qmap/lib/python3.7/site-packages/torch/nn/modules/module.py:1433: UserWarning: Positional args are being deprecated, use kwargs instead. Refer to https://pytorch.org/docs/master/generated/torch.nn.Module.html#torch.nn.Module.state_dict for details.
  "Positional args are being deprecated, use kwargs instead. Refer to "
