command=/home/likc/.conda/envs/capd/bin/python3 qmap/qmap_train.py --config /home/likc/Q-former-for-OS/dataset/jsonl/finals_v3_official/stage5_ablation/selector_drop_C/streamcluster_pressure/resolved_config.json --selector_params /home/likc/Q-former-for-OS/dataset/jsonl/finals_v3_official/stage5_ablation/selector_drop_C/streamcluster_pressure/selector_params.json --train_data /home/likc/Q-former-for-OS/dataset/jsonl/finals_v3_official/stage5_ablation/selector_drop_C/streamcluster_pressure/train.jsonl --valid_data /home/likc/Q-former-for-OS/dataset/jsonl/finals_v3_official/stage5_ablation/selector_drop_C/streamcluster_pressure/valid.jsonl --output_dir /home/likc/Q-former-for-OS/outputs/checkpoints/finals_v3_official/stage5_ablation/selector_drop_C/streamcluster_pressure/seed_42 --seed 42
started_unix=1784805312.8020847
QMAP training: train=/home/likc/Q-former-for-OS/dataset/jsonl/finals_v3_official/stage5_ablation/selector_drop_C/streamcluster_pressure/train.jsonl valid=/home/likc/Q-former-for-OS/dataset/jsonl/finals_v3_official/stage5_ablation/selector_drop_C/streamcluster_pressure/valid.jsonl samples=8694/2839 device=cuda
epoch=1/10 iter=1 loss=-0.048937
epoch=1/10 iter=100 loss=-0.000000
epoch=1/10 iter=200 loss=-0.024537
epoch=1/10 train_loss=-0.047007 valid_loss=-0.043909
epoch=2/10 iter=300 loss=-0.051051
epoch=2/10 iter=400 loss=-0.090312
epoch=2/10 iter=500 loss=-0.090752
epoch=2/10 train_loss=-0.055880 valid_loss=-0.053590
epoch=3/10 iter=600 loss=-0.060590
epoch=3/10 iter=700 loss=-0.061907
epoch=3/10 iter=800 loss=-0.062115
epoch=3/10 train_loss=-0.059058 valid_loss=-0.054523
epoch=4/10 iter=900 loss=-0.000000
epoch=4/10 iter=1000 loss=-0.062349
epoch=4/10 train_loss=-0.059539 valid_loss=-0.054615
epoch=5/10 iter=1100 loss=-0.062375
epoch=5/10 iter=1200 loss=-0.124538
epoch=5/10 iter=1300 loss=-0.061520
epoch=5/10 train_loss=-0.059567 valid_loss=-0.054606
epoch=6/10 iter=1400 loss=-0.000000
epoch=6/10 iter=1500 loss=-0.093644
epoch=6/10 iter=1600 loss=-0.031234
epoch=6/10 train_loss=-0.059692 valid_loss=-0.054738
epoch=7/10 iter=1700 loss=-0.124926
epoch=7/10 iter=1800 loss=-0.062466
epoch=7/10 iter=1900 loss=-0.062439
epoch=7/10 train_loss=-0.059771 valid_loss=-0.054778
epoch=8/10 iter=2000 loss=-0.124841
epoch=8/10 iter=2100 loss=-0.156058
epoch=8/10 train_loss=-0.059681 valid_loss=-0.054754
epoch=9/10 iter=2200 loss=-0.093702
epoch=9/10 iter=2300 loss=-0.062476
epoch=9/10 iter=2400 loss=-0.031238
epoch=9/10 train_loss=-0.059793 valid_loss=-0.054745
epoch=10/10 iter=2500 loss=-0.062425
epoch=10/10 iter=2600 loss=-0.031245
epoch=10/10 iter=2700 loss=-0.093668
epoch=10/10 train_loss=-0.059695 valid_loss=-0.054778
Training finished. best=/home/likc/Q-former-for-OS/outputs/checkpoints/finals_v3_official/stage5_ablation/selector_drop_C/streamcluster_pressure/seed_42/qmap_best.pth last=/home/likc/Q-former-for-OS/outputs/checkpoints/finals_v3_official/stage5_ablation/selector_drop_C/streamcluster_pressure/seed_42/qmap_last.pth
/home/likc/.conda/envs/capd/lib/python3.7/site-packages/torch/nn/modules/module.py:1433: UserWarning: Positional args are being deprecated, use kwargs instead. Refer to https://pytorch.org/docs/master/generated/torch.nn.Module.html#torch.nn.Module.state_dict for details.
  "Positional args are being deprecated, use kwargs instead. Refer to "
/home/likc/.conda/envs/capd/lib/python3.7/site-packages/torch/nn/modules/module.py:1433: UserWarning: Positional args are being deprecated, use kwargs instead. Refer to https://pytorch.org/docs/master/generated/torch.nn.Module.html#torch.nn.Module.state_dict for details.
  "Positional args are being deprecated, use kwargs instead. Refer to "
/home/likc/.conda/envs/capd/lib/python3.7/site-packages/torch/nn/modules/module.py:1433: UserWarning: Positional args are being deprecated, use kwargs instead. Refer to https://pytorch.org/docs/master/generated/torch.nn.Module.html#torch.nn.Module.state_dict for details.
  "Positional args are being deprecated, use kwargs instead. Refer to "
/home/likc/.conda/envs/capd/lib/python3.7/site-packages/torch/nn/modules/module.py:1433: UserWarning: Positional args are being deprecated, use kwargs instead. Refer to https://pytorch.org/docs/master/generated/torch.nn.Module.html#torch.nn.Module.state_dict for details.
  "Positional args are being deprecated, use kwargs instead. Refer to "
/home/likc/.conda/envs/capd/lib/python3.7/site-packages/torch/nn/modules/module.py:1433: UserWarning: Positional args are being deprecated, use kwargs instead. Refer to https://pytorch.org/docs/master/generated/torch.nn.Module.html#torch.nn.Module.state_dict for details.
  "Positional args are being deprecated, use kwargs instead. Refer to "
/home/likc/.conda/envs/capd/lib/python3.7/site-packages/torch/nn/modules/module.py:1433: UserWarning: Positional args are being deprecated, use kwargs instead. Refer to https://pytorch.org/docs/master/generated/torch.nn.Module.html#torch.nn.Module.state_dict for details.
  "Positional args are being deprecated, use kwargs instead. Refer to "
/home/likc/.conda/envs/capd/lib/python3.7/site-packages/torch/nn/modules/module.py:1433: UserWarning: Positional args are being deprecated, use kwargs instead. Refer to https://pytorch.org/docs/master/generated/torch.nn.Module.html#torch.nn.Module.state_dict for details.
  "Positional args are being deprecated, use kwargs instead. Refer to "
/home/likc/.conda/envs/capd/lib/python3.7/site-packages/torch/nn/modules/module.py:1433: UserWarning: Positional args are being deprecated, use kwargs instead. Refer to https://pytorch.org/docs/master/generated/torch.nn.Module.html#torch.nn.Module.state_dict for details.
  "Positional args are being deprecated, use kwargs instead. Refer to "
/home/likc/.conda/envs/capd/lib/python3.7/site-packages/torch/nn/modules/module.py:1433: UserWarning: Positional args are being deprecated, use kwargs instead. Refer to https://pytorch.org/docs/master/generated/torch.nn.Module.html#torch.nn.Module.state_dict for details.
  "Positional args are being deprecated, use kwargs instead. Refer to "
/home/likc/.conda/envs/capd/lib/python3.7/site-packages/torch/nn/modules/module.py:1433: UserWarning: Positional args are being deprecated, use kwargs instead. Refer to https://pytorch.org/docs/master/generated/torch.nn.Module.html#torch.nn.Module.state_dict for details.
  "Positional args are being deprecated, use kwargs instead. Refer to "
ended_unix=1784805379.2580824
exit_code=0
