command=/home/likc/.conda/envs/capd/bin/python3 qmap/qmap_eval.py --config /home/likc/Q-former-for-OS/dataset/jsonl/finals_v3_official/stage5_ablation/no_future_write/dedup_pressure/resolved_config.json --selector_params /home/likc/Q-former-for-OS/dataset/jsonl/finals_v3_official/stage5_ablation/no_future_write/dedup_pressure/selector_params.json --policy qmap --checkpoint /home/likc/Q-former-for-OS/outputs/checkpoints/finals_v3_official/stage5_ablation/no_future_write/dedup_pressure/seed_3136859/qmap_best.pth --json_output /home/likc/Q-former-for-OS/outputs/results/finals_v3_official/stage5_ablation/raw/no_future_write/dedup_pressure/seed_3136859.json
started_unix=1784810952.1141486
Policy: qmap
Total accesses: 1000000
Hits: 996641
Misses: 3359
Hit rate: 99.66%
Migrations: 3295
NVM reads: 1818
NVM writes: 1541
Weighted access cost: 1045555.00
Policy decisions: 3295
Total decision time: 10.897187s
Avg decision time: 3.307189 ms
Candidate filter decisions: 3295
Candidate B_t range: 64..64
Retained K_t range: 8..8
Avg candidate filter time: 0.413947 ms
ended_unix=1784811000.3851645
exit_code=0
