command=/home/likc/.conda/envs/capd/bin/python3 qmap/qmap_eval.py --config /home/likc/Q-former-for-OS/dataset/jsonl/finals_v3_official/stage5_ablation/no_future_write/dedup_pressure/resolved_config.json --selector_params /home/likc/Q-former-for-OS/dataset/jsonl/finals_v3_official/stage5_ablation/no_future_write/dedup_pressure/selector_params.json --policy qmap --checkpoint /home/likc/Q-former-for-OS/outputs/checkpoints/finals_v3_official/stage5_ablation/no_future_write/dedup_pressure/seed_42/qmap_best.pth --json_output /home/likc/Q-former-for-OS/outputs/results/finals_v3_official/stage5_ablation/raw/no_future_write/dedup_pressure/seed_42.json
started_unix=1784811070.0727432
Policy: qmap
Total accesses: 1000000
Hits: 996667
Misses: 3333
Hit rate: 99.67%
Migrations: 3269
NVM reads: 1791
NVM writes: 1542
Weighted access cost: 1045275.00
Policy decisions: 3269
Total decision time: 11.278637s
Avg decision time: 3.450179 ms
Candidate filter decisions: 3269
Candidate B_t range: 64..64
Retained K_t range: 8..8
Avg candidate filter time: 0.420039 ms
ended_unix=1784811118.67531
exit_code=0
