command=/home/likc/.conda/envs/capd/bin/python3 qmap/qmap_eval.py --config /home/likc/Q-former-for-OS/dataset/jsonl/finals_v3_official/stage6_capacity/capacity_D128/streamcluster_pressure/resolved_config.json --selector_params /home/likc/Q-former-for-OS/dataset/jsonl/finals_v3_official/stage6_capacity/capacity_D128/streamcluster_pressure/selector_params.json --policy qmap --checkpoint /home/likc/Q-former-for-OS/outputs/checkpoints/finals_v3_official/stage6_capacity/capacity_D128/streamcluster_pressure/seed_2026/qmap_best.pth --json_output /home/likc/Q-former-for-OS/outputs/results/finals_v3_official/stage6_capacity/raw/capacity_D128/streamcluster_pressure/qmap/seed_2026.json
started_unix=1785045713.2282538
Policy: qmap
Total accesses: 200000
Hits: 197162
Misses: 2838
Hit rate: 98.58%
Migrations: 2710
NVM reads: 2837
NVM writes: 1
Weighted access cost: 229944.00
Policy decisions: 2710
Total decision time: 8.729827s
Avg decision time: 3.221339 ms
Candidate filter decisions: 2710
Candidate B_t range: 64..64
Retained K_t range: 8..8
Avg candidate filter time: 0.382771 ms
ended_unix=1785045734.4085014
exit_code=0
