command=/home/likc/.conda/envs/capd/bin/python3 qmap/qmap_eval.py --config /home/likc/Q-former-for-OS/dataset/jsonl/capd_post_stage6_optimization/opt_full_control/canneal/resolved_config.json --selector_params /home/likc/Q-former-for-OS/dataset/jsonl/capd_post_stage6_optimization/opt_full_control/canneal/selector_params.json --evaluation_split valid --policy qmap --checkpoint /home/likc/Q-former-for-OS/outputs/checkpoints/capd_post_stage6_optimization/o2/canneal/opt_full_control/seed_3136859/qmap_epoch_10.pth --json_output /home/likc/Q-former-for-OS/outputs/results/capd_post_stage6_optimization/raw/o2/canneal/opt_full_control/seed_3136859/epoch_10.json
started_unix=1785074474.0329733
Policy: qmap
Total accesses: 200000
Hits: 197419
Misses: 2581
Hit rate: 98.71%
Migrations: 2517
NVM reads: 2560
NVM writes: 21
Weighted access cost: 227877.00
Policy decisions: 2517
Total decision time: 8.709273s
Avg decision time: 3.460180 ms
Candidate filter decisions: 2517
Candidate B_t range: 64..64
Retained K_t range: 8..8
Avg candidate filter time: 0.418529 ms
ended_unix=1785074486.8436825
exit_code=0
