command=/home/likc/.conda/envs/capd/bin/python3 qmap/qmap_eval.py --config /home/likc/Q-former-for-OS/dataset/jsonl/capd_post_stage6_optimization/opt_full_control/canneal/resolved_config.json --selector_params /home/likc/Q-former-for-OS/dataset/jsonl/capd_post_stage6_optimization/opt_full_control/canneal/selector_params.json --evaluation_split valid --policy qmap --checkpoint /home/likc/Q-former-for-OS/outputs/checkpoints/capd_post_stage6_optimization/o2/canneal/opt_full_control/seed_3136859/qmap_epoch_1.pth --json_output /home/likc/Q-former-for-OS/outputs/results/capd_post_stage6_optimization/raw/o2/canneal/opt_full_control/seed_3136859/epoch_1.json
started_unix=1785074360.3056853
Policy: qmap
Total accesses: 200000
Hits: 197375
Misses: 2625
Hit rate: 98.69%
Migrations: 2561
NVM reads: 2604
NVM writes: 21
Weighted access cost: 228361.00
Policy decisions: 2561
Total decision time: 8.772818s
Avg decision time: 3.425544 ms
Candidate filter decisions: 2561
Candidate B_t range: 64..64
Retained K_t range: 8..8
Avg candidate filter time: 0.411934 ms
ended_unix=1785074373.0818834
exit_code=0
