command=/home/likc/.conda/envs/capd/bin/python3 qmap/qmap_eval.py --config /home/likc/Q-former-for-OS/dataset/jsonl/capd_post_stage6_optimization/opt_full_control/canneal/resolved_config.json --selector_params /home/likc/Q-former-for-OS/dataset/jsonl/capd_post_stage6_optimization/opt_full_control/canneal/selector_params.json --evaluation_split valid --policy qmap --checkpoint /home/likc/Q-former-for-OS/outputs/checkpoints/capd_post_stage6_optimization/o2/canneal/opt_full_control/seed_3136859/qmap_epoch_5.pth --json_output /home/likc/Q-former-for-OS/outputs/results/capd_post_stage6_optimization/raw/o2/canneal/opt_full_control/seed_3136859/epoch_5.json
started_unix=1785074411.0126176
Policy: qmap
Total accesses: 200000
Hits: 197428
Misses: 2572
Hit rate: 98.71%
Migrations: 2508
NVM reads: 2551
NVM writes: 21
Weighted access cost: 227778.00
Policy decisions: 2508
Total decision time: 8.664785s
Avg decision time: 3.454859 ms
Candidate filter decisions: 2508
Candidate B_t range: 64..64
Retained K_t range: 8..8
Avg candidate filter time: 0.416444 ms
ended_unix=1785074423.7060323
exit_code=0
