command=/home/likc/.conda/envs/capd/bin/python3 qmap/qmap_eval.py --config /home/likc/Q-former-for-OS/dataset/jsonl/capd_post_stage6_optimization/opt_full_control/canneal/resolved_config.json --selector_params /home/likc/Q-former-for-OS/dataset/jsonl/capd_post_stage6_optimization/opt_full_control/canneal/selector_params.json --evaluation_split valid --policy qmap --checkpoint /home/likc/Q-former-for-OS/outputs/checkpoints/capd_post_stage6_optimization/o2/canneal/opt_full_control/seed_3136859/qmap_epoch_3.pth --json_output /home/likc/Q-former-for-OS/outputs/results/capd_post_stage6_optimization/raw/o2/canneal/opt_full_control/seed_3136859/epoch_3.json
started_unix=1785074385.8523736
Policy: qmap
Total accesses: 200000
Hits: 197410
Misses: 2590
Hit rate: 98.70%
Migrations: 2526
NVM reads: 2569
NVM writes: 21
Weighted access cost: 227976.00
Policy decisions: 2526
Total decision time: 8.602280s
Avg decision time: 3.405495 ms
Candidate filter decisions: 2526
Candidate B_t range: 64..64
Retained K_t range: 8..8
Avg candidate filter time: 0.418617 ms
ended_unix=1785074398.5062861
exit_code=0
