QMAP training: train=/home/likc/Q-former-for-OS/dataset/jsonl/finals_v3_official/streamcluster_pressure/B64/train.jsonl valid=/home/likc/Q-former-for-OS/dataset/jsonl/finals_v3_official/streamcluster_pressure/B64/valid.jsonl samples=8694/2839 device=cuda
epoch=1/10 iter=1 loss=-0.000000
epoch=1/10 iter=100 loss=-0.024446
epoch=1/10 iter=200 loss=-0.097786
epoch=1/10 train_loss=-0.040759 valid_loss=-0.036899
epoch=2/10 iter=300 loss=-0.048891
epoch=2/10 iter=400 loss=-0.048856
epoch=2/10 iter=500 loss=-0.024439
epoch=2/10 train_loss=-0.040922 valid_loss=-0.039380
epoch=3/10 iter=600 loss=-0.000000
epoch=3/10 iter=700 loss=-0.030858
epoch=3/10 iter=800 loss=-0.118204
epoch=3/10 train_loss=-0.049356 valid_loss=-0.045432
epoch=4/10 iter=900 loss=-0.030981
epoch=4/10 iter=1000 loss=-0.000000
epoch=4/10 train_loss=-0.050020 valid_loss=-0.045488
epoch=5/10 iter=1100 loss=-0.089262
epoch=5/10 iter=1200 loss=-0.029638
epoch=5/10 iter=1300 loss=-0.091742
epoch=5/10 train_loss=-0.050103 valid_loss=-0.045503
epoch=6/10 iter=1400 loss=-0.030886
epoch=6/10 iter=1500 loss=-0.031097
epoch=6/10 iter=1600 loss=-0.123447
epoch=6/10 train_loss=-0.050117 valid_loss=-0.045515
epoch=7/10 iter=1700 loss=-0.029653
epoch=7/10 iter=1800 loss=-0.118205
epoch=7/10 iter=1900 loss=-0.062317
epoch=7/10 train_loss=-0.050027 valid_loss=-0.045520
epoch=8/10 iter=2000 loss=-0.029656
epoch=8/10 iter=2100 loss=-0.030896
epoch=8/10 train_loss=-0.050032 valid_loss=-0.045524
epoch=9/10 iter=2200 loss=-0.061488
epoch=9/10 iter=2300 loss=-0.030899
epoch=9/10 iter=2400 loss=-0.060558
epoch=9/10 train_loss=-0.050135 valid_loss=-0.045526
epoch=10/10 iter=2500 loss=-0.030899
epoch=10/10 iter=2600 loss=-0.091987
epoch=10/10 iter=2700 loss=-0.031239
epoch=10/10 train_loss=-0.050192 valid_loss=-0.045529
Training finished. best=/home/likc/Q-former-for-OS/outputs/checkpoints/ablation_no_vpn/no_vpn/streamcluster_pressure/seed_2026/qmap_best.pth last=/home/likc/Q-former-for-OS/outputs/checkpoints/ablation_no_vpn/no_vpn/streamcluster_pressure/seed_2026/qmap_last.pth
/home/likc/.conda/envs/capd/lib/python3.7/site-packages/torch/nn/modules/module.py:1433: UserWarning: Positional args are being deprecated, use kwargs instead. Refer to https://pytorch.org/docs/master/generated/torch.nn.Module.html#torch.nn.Module.state_dict for details.
  "Positional args are being deprecated, use kwargs instead. Refer to "
/home/likc/.conda/envs/capd/lib/python3.7/site-packages/torch/nn/modules/module.py:1433: UserWarning: Positional args are being deprecated, use kwargs instead. Refer to https://pytorch.org/docs/master/generated/torch.nn.Module.html#torch.nn.Module.state_dict for details.
  "Positional args are being deprecated, use kwargs instead. Refer to "
/home/likc/.conda/envs/capd/lib/python3.7/site-packages/torch/nn/modules/module.py:1433: UserWarning: Positional args are being deprecated, use kwargs instead. Refer to https://pytorch.org/docs/master/generated/torch.nn.Module.html#torch.nn.Module.state_dict for details.
  "Positional args are being deprecated, use kwargs instead. Refer to "
/home/likc/.conda/envs/capd/lib/python3.7/site-packages/torch/nn/modules/module.py:1433: UserWarning: Positional args are being deprecated, use kwargs instead. Refer to https://pytorch.org/docs/master/generated/torch.nn.Module.html#torch.nn.Module.state_dict for details.
  "Positional args are being deprecated, use kwargs instead. Refer to "
/home/likc/.conda/envs/capd/lib/python3.7/site-packages/torch/nn/modules/module.py:1433: UserWarning: Positional args are being deprecated, use kwargs instead. Refer to https://pytorch.org/docs/master/generated/torch.nn.Module.html#torch.nn.Module.state_dict for details.
  "Positional args are being deprecated, use kwargs instead. Refer to "
/home/likc/.conda/envs/capd/lib/python3.7/site-packages/torch/nn/modules/module.py:1433: UserWarning: Positional args are being deprecated, use kwargs instead. Refer to https://pytorch.org/docs/master/generated/torch.nn.Module.html#torch.nn.Module.state_dict for details.
  "Positional args are being deprecated, use kwargs instead. Refer to "
/home/likc/.conda/envs/capd/lib/python3.7/site-packages/torch/nn/modules/module.py:1433: UserWarning: Positional args are being deprecated, use kwargs instead. Refer to https://pytorch.org/docs/master/generated/torch.nn.Module.html#torch.nn.Module.state_dict for details.
  "Positional args are being deprecated, use kwargs instead. Refer to "
/home/likc/.conda/envs/capd/lib/python3.7/site-packages/torch/nn/modules/module.py:1433: UserWarning: Positional args are being deprecated, use kwargs instead. Refer to https://pytorch.org/docs/master/generated/torch.nn.Module.html#torch.nn.Module.state_dict for details.
  "Positional args are being deprecated, use kwargs instead. Refer to "
/home/likc/.conda/envs/capd/lib/python3.7/site-packages/torch/nn/modules/module.py:1433: UserWarning: Positional args are being deprecated, use kwargs instead. Refer to https://pytorch.org/docs/master/generated/torch.nn.Module.html#torch.nn.Module.state_dict for details.
  "Positional args are being deprecated, use kwargs instead. Refer to "
/home/likc/.conda/envs/capd/lib/python3.7/site-packages/torch/nn/modules/module.py:1433: UserWarning: Positional args are being deprecated, use kwargs instead. Refer to https://pytorch.org/docs/master/generated/torch.nn.Module.html#torch.nn.Module.state_dict for details.
  "Positional args are being deprecated, use kwargs instead. Refer to "
