command=/home/likc/.conda/envs/capd/bin/python3 qmap/qmap_eval.py --config /home/likc/Q-former-for-OS/dataset/jsonl/capd_post_stage6_optimization/opt_B32_K16_L512_H20/canneal/resolved_config.json --selector_params /home/likc/Q-former-for-OS/dataset/jsonl/capd_post_stage6_optimization/opt_B32_K16_L512_H20/canneal/selector_params.json --evaluation_split valid --policy qmap --checkpoint /home/likc/Q-former-for-OS/outputs/checkpoints/capd_post_stage6_optimization/o3/canneal/opt_B32_K16_L512_H20/seed_42/qmap_epoch_9.pth --json_output /home/likc/Q-former-for-OS/outputs/results/capd_post_stage6_optimization/raw/o3/canneal/opt_B32_K16_L512_H20/seed_42/epoch_9.json
started_unix=1785078003.5035274
Policy: qmap
Total accesses: 200000
Hits: 197752
Misses: 2248
Hit rate: 98.88%
Migrations: 2184
NVM reads: 2227
NVM writes: 21
Weighted access cost: 224214.00
Policy decisions: 2184
Total decision time: 7.400360s
Avg decision time: 3.388443 ms
Candidate filter decisions: 2184
Candidate B_t range: 32..32
Retained K_t range: 16..16
Avg candidate filter time: 0.213889 ms
ended_unix=1785078014.8504586
exit_code=0
