command=/home/likc/.conda/envs/capd/bin/python3 qmap/qmap_eval.py --config /home/likc/Q-former-for-OS/dataset/jsonl/capd_post_stage6_optimization/opt_B32_K16_L512_H20/canneal/resolved_config.json --selector_params /home/likc/Q-former-for-OS/dataset/jsonl/capd_post_stage6_optimization/opt_B32_K16_L512_H20/canneal/selector_params.json --evaluation_split valid --policy qmap --checkpoint /home/likc/Q-former-for-OS/outputs/checkpoints/capd_post_stage6_optimization/o3/canneal/opt_B32_K16_L512_H20/seed_42/qmap_epoch_6.pth --json_output /home/likc/Q-former-for-OS/outputs/results/capd_post_stage6_optimization/raw/o3/canneal/opt_B32_K16_L512_H20/seed_42/epoch_6.json
started_unix=1785077970.2129288
Policy: qmap
Total accesses: 200000
Hits: 197742
Misses: 2258
Hit rate: 98.87%
Migrations: 2194
NVM reads: 2237
NVM writes: 21
Weighted access cost: 224324.00
Policy decisions: 2194
Total decision time: 7.162709s
Avg decision time: 3.264680 ms
Candidate filter decisions: 2194
Candidate B_t range: 32..32
Retained K_t range: 16..16
Avg candidate filter time: 0.216077 ms
ended_unix=1785077981.386184
exit_code=0
