command=/home/likc/.conda/envs/capd/bin/python3 qmap/qmap_eval.py --config /home/likc/Q-former-for-OS/dataset/jsonl/capd_post_stage6_optimization/opt_B32_K16_L512_H20/canneal/resolved_config.json --selector_params /home/likc/Q-former-for-OS/dataset/jsonl/capd_post_stage6_optimization/opt_B32_K16_L512_H20/canneal/selector_params.json --evaluation_split valid --policy qmap --checkpoint /home/likc/Q-former-for-OS/outputs/checkpoints/capd_post_stage6_optimization/o3/canneal/opt_B32_K16_L512_H20/seed_42/qmap_epoch_5.pth --json_output /home/likc/Q-former-for-OS/outputs/results/capd_post_stage6_optimization/raw/o3/canneal/opt_B32_K16_L512_H20/seed_42/epoch_5.json
started_unix=1785077958.9575255
Policy: qmap
Total accesses: 200000
Hits: 197721
Misses: 2279
Hit rate: 98.86%
Migrations: 2215
NVM reads: 2258
NVM writes: 21
Weighted access cost: 224555.00
Policy decisions: 2215
Total decision time: 7.254860s
Avg decision time: 3.275332 ms
Candidate filter decisions: 2215
Candidate B_t range: 32..32
Retained K_t range: 16..16
Avg candidate filter time: 0.214453 ms
ended_unix=1785077970.2104566
exit_code=0
