command=/home/likc/.conda/envs/capd/bin/python3 qmap/qmap_eval.py --config /home/likc/Q-former-for-OS/dataset/jsonl/capd_post_stage6_optimization/opt_B32_K16_L512_H20/canneal/resolved_config.json --selector_params /home/likc/Q-former-for-OS/dataset/jsonl/capd_post_stage6_optimization/opt_B32_K16_L512_H20/canneal/selector_params.json --evaluation_split valid --policy qmap --checkpoint /home/likc/Q-former-for-OS/outputs/checkpoints/capd_post_stage6_optimization/o3/canneal/opt_B32_K16_L512_H20/seed_42/qmap_epoch_3.pth --json_output /home/likc/Q-former-for-OS/outputs/results/capd_post_stage6_optimization/raw/o3/canneal/opt_B32_K16_L512_H20/seed_42/epoch_3.json
started_unix=1785077935.9871852
Policy: qmap
Total accesses: 200000
Hits: 197656
Misses: 2344
Hit rate: 98.83%
Migrations: 2280
NVM reads: 2323
NVM writes: 21
Weighted access cost: 225270.00
Policy decisions: 2280
Total decision time: 7.579999s
Avg decision time: 3.324561 ms
Candidate filter decisions: 2280
Candidate B_t range: 32..32
Retained K_t range: 16..16
Avg candidate filter time: 0.215483 ms
ended_unix=1785077947.587869
exit_code=0
