command=/home/likc/.conda/envs/capd/bin/python3 qmap/qmap_eval.py --config /home/likc/Q-former-for-OS/dataset/jsonl/capd_post_stage6_optimization/opt_B32_K16_L512_H20/canneal/resolved_config.json --selector_params /home/likc/Q-former-for-OS/dataset/jsonl/capd_post_stage6_optimization/opt_B32_K16_L512_H20/canneal/selector_params.json --evaluation_split valid --policy qmap --checkpoint /home/likc/Q-former-for-OS/outputs/checkpoints/capd_post_stage6_optimization/o3/canneal/opt_B32_K16_L512_H20/seed_42/qmap_epoch_2.pth --json_output /home/likc/Q-former-for-OS/outputs/results/capd_post_stage6_optimization/raw/o3/canneal/opt_B32_K16_L512_H20/seed_42/epoch_2.json
started_unix=1785077923.7677097
Policy: qmap
Total accesses: 200000
Hits: 197440
Misses: 2560
Hit rate: 98.72%
Migrations: 2496
NVM reads: 2539
NVM writes: 21
Weighted access cost: 227646.00
Policy decisions: 2496
Total decision time: 8.156121s
Avg decision time: 3.267677 ms
Candidate filter decisions: 2496
Candidate B_t range: 32..32
Retained K_t range: 16..16
Avg candidate filter time: 0.215100 ms
ended_unix=1785077935.9847465
exit_code=0
