command=/home/likc/.conda/envs/capd/bin/python3 qmap/qmap_eval.py --config /home/likc/Q-former-for-OS/dataset/jsonl/capd_post_stage6_optimization/opt_B32_K16_L512_H20/canneal/resolved_config.json --selector_params /home/likc/Q-former-for-OS/dataset/jsonl/capd_post_stage6_optimization/opt_B32_K16_L512_H20/canneal/selector_params.json --evaluation_split valid --policy qmap --checkpoint /home/likc/Q-former-for-OS/outputs/checkpoints/capd_post_stage6_optimization/o3/canneal/opt_B32_K16_L512_H20/seed_42/qmap_epoch_10.pth --json_output /home/likc/Q-former-for-OS/outputs/results/capd_post_stage6_optimization/raw/o3/canneal/opt_B32_K16_L512_H20/seed_42/epoch_10.json
started_unix=1785078014.8533864
Policy: qmap
Total accesses: 200000
Hits: 197745
Misses: 2255
Hit rate: 98.87%
Migrations: 2191
NVM reads: 2234
NVM writes: 21
Weighted access cost: 224291.00
Policy decisions: 2191
Total decision time: 7.138917s
Avg decision time: 3.258292 ms
Candidate filter decisions: 2191
Candidate B_t range: 32..32
Retained K_t range: 16..16
Avg candidate filter time: 0.217315 ms
ended_unix=1785078025.995066
exit_code=0
