command=/home/likc/.conda/envs/capd/bin/python3 qmap/qmap_eval.py --config /home/likc/Q-former-for-OS/dataset/jsonl/capd_post_stage6_optimization/opt_B32_K16_L512_H20/canneal/resolved_config.json --selector_params /home/likc/Q-former-for-OS/dataset/jsonl/capd_post_stage6_optimization/opt_B32_K16_L512_H20/canneal/selector_params.json --evaluation_split valid --policy qmap --checkpoint /home/likc/Q-former-for-OS/outputs/checkpoints/capd_post_stage6_optimization/o3/canneal/opt_B32_K16_L512_H20/seed_42/qmap_epoch_8.pth --json_output /home/likc/Q-former-for-OS/outputs/results/capd_post_stage6_optimization/raw/o3/canneal/opt_B32_K16_L512_H20/seed_42/epoch_8.json
started_unix=1785077992.453334
Policy: qmap
Total accesses: 200000
Hits: 197750
Misses: 2250
Hit rate: 98.88%
Migrations: 2186
NVM reads: 2229
NVM writes: 21
Weighted access cost: 224236.00
Policy decisions: 2186
Total decision time: 7.105186s
Avg decision time: 3.250314 ms
Candidate filter decisions: 2186
Candidate B_t range: 32..32
Retained K_t range: 16..16
Avg candidate filter time: 0.216145 ms
ended_unix=1785078003.5010135
exit_code=0
