command=/home/likc/.conda/envs/capd/bin/python3 qmap/qmap_train.py --config /home/likc/Q-former-for-OS/dataset/jsonl/finals_v3_official/stage5_ablation/no_position_encoding/streamcluster_pressure/resolved_config.json --selector_params /home/likc/Q-former-for-OS/dataset/jsonl/finals_v3_official/stage5_ablation/no_position_encoding/streamcluster_pressure/selector_params.json --train_data /home/likc/Q-former-for-OS/dataset/jsonl/finals_v3_official/stage5_ablation/no_position_encoding/streamcluster_pressure/train.jsonl --valid_data /home/likc/Q-former-for-OS/dataset/jsonl/finals_v3_official/stage5_ablation/no_position_encoding/streamcluster_pressure/valid.jsonl --output_dir /home/likc/Q-former-for-OS/outputs/checkpoints/finals_v3_official/stage5_ablation/no_position_encoding/streamcluster_pressure/seed_42 --seed 42
started_unix=1784807563.0181897
QMAP training: train=/home/likc/Q-former-for-OS/dataset/jsonl/finals_v3_official/stage5_ablation/no_position_encoding/streamcluster_pressure/train.jsonl valid=/home/likc/Q-former-for-OS/dataset/jsonl/finals_v3_official/stage5_ablation/no_position_encoding/streamcluster_pressure/valid.jsonl samples=8694/2839 device=cuda
epoch=1/10 iter=1 loss=-0.048900
epoch=1/10 iter=100 loss=-0.000000
epoch=1/10 iter=200 loss=-0.024491
epoch=1/10 train_loss=-0.040846 valid_loss=-0.037601
epoch=2/10 iter=300 loss=-0.050997
epoch=2/10 iter=400 loss=-0.088129
epoch=2/10 iter=500 loss=-0.058795
epoch=2/10 train_loss=-0.047267 valid_loss=-0.044987
epoch=3/10 iter=600 loss=-0.062136
epoch=3/10 iter=700 loss=-0.062265
epoch=3/10 iter=800 loss=-0.061958
epoch=3/10 train_loss=-0.051414 valid_loss=-0.046021
epoch=4/10 iter=900 loss=-0.000000
epoch=4/10 iter=1000 loss=-0.062261
epoch=4/10 train_loss=-0.051910 valid_loss=-0.046062
epoch=5/10 iter=1100 loss=-0.031103
epoch=5/10 iter=1200 loss=-0.124608
epoch=5/10 iter=1300 loss=-0.093670
epoch=5/10 train_loss=-0.051910 valid_loss=-0.046448
epoch=6/10 iter=1400 loss=-0.000000
epoch=6/10 iter=1500 loss=-0.093617
epoch=6/10 iter=1600 loss=-0.031234
epoch=6/10 train_loss=-0.052008 valid_loss=-0.046515
epoch=7/10 iter=1700 loss=-0.124922
epoch=7/10 iter=1800 loss=-0.062388
epoch=7/10 iter=1900 loss=-0.031173
epoch=7/10 train_loss=-0.052031 valid_loss=-0.046533
epoch=8/10 iter=2000 loss=-0.124953
epoch=8/10 iter=2100 loss=-0.124841
epoch=8/10 train_loss=-0.051990 valid_loss=-0.046624
epoch=9/10 iter=2200 loss=-0.093635
epoch=9/10 iter=2300 loss=-0.031235
epoch=9/10 iter=2400 loss=-0.031238
epoch=9/10 train_loss=-0.052103 valid_loss=-0.046598
epoch=10/10 iter=2500 loss=-0.062420
epoch=10/10 iter=2600 loss=-0.031243
epoch=10/10 iter=2700 loss=-0.093644
epoch=10/10 train_loss=-0.052001 valid_loss=-0.046694
Training finished. best=/home/likc/Q-former-for-OS/outputs/checkpoints/finals_v3_official/stage5_ablation/no_position_encoding/streamcluster_pressure/seed_42/qmap_best.pth last=/home/likc/Q-former-for-OS/outputs/checkpoints/finals_v3_official/stage5_ablation/no_position_encoding/streamcluster_pressure/seed_42/qmap_last.pth
/home/likc/.conda/envs/capd/lib/python3.7/site-packages/torch/nn/modules/module.py:1433: UserWarning: Positional args are being deprecated, use kwargs instead. Refer to https://pytorch.org/docs/master/generated/torch.nn.Module.html#torch.nn.Module.state_dict for details.
  "Positional args are being deprecated, use kwargs instead. Refer to "
/home/likc/.conda/envs/capd/lib/python3.7/site-packages/torch/nn/modules/module.py:1433: UserWarning: Positional args are being deprecated, use kwargs instead. Refer to https://pytorch.org/docs/master/generated/torch.nn.Module.html#torch.nn.Module.state_dict for details.
  "Positional args are being deprecated, use kwargs instead. Refer to "
/home/likc/.conda/envs/capd/lib/python3.7/site-packages/torch/nn/modules/module.py:1433: UserWarning: Positional args are being deprecated, use kwargs instead. Refer to https://pytorch.org/docs/master/generated/torch.nn.Module.html#torch.nn.Module.state_dict for details.
  "Positional args are being deprecated, use kwargs instead. Refer to "
/home/likc/.conda/envs/capd/lib/python3.7/site-packages/torch/nn/modules/module.py:1433: UserWarning: Positional args are being deprecated, use kwargs instead. Refer to https://pytorch.org/docs/master/generated/torch.nn.Module.html#torch.nn.Module.state_dict for details.
  "Positional args are being deprecated, use kwargs instead. Refer to "
/home/likc/.conda/envs/capd/lib/python3.7/site-packages/torch/nn/modules/module.py:1433: UserWarning: Positional args are being deprecated, use kwargs instead. Refer to https://pytorch.org/docs/master/generated/torch.nn.Module.html#torch.nn.Module.state_dict for details.
  "Positional args are being deprecated, use kwargs instead. Refer to "
/home/likc/.conda/envs/capd/lib/python3.7/site-packages/torch/nn/modules/module.py:1433: UserWarning: Positional args are being deprecated, use kwargs instead. Refer to https://pytorch.org/docs/master/generated/torch.nn.Module.html#torch.nn.Module.state_dict for details.
  "Positional args are being deprecated, use kwargs instead. Refer to "
/home/likc/.conda/envs/capd/lib/python3.7/site-packages/torch/nn/modules/module.py:1433: UserWarning: Positional args are being deprecated, use kwargs instead. Refer to https://pytorch.org/docs/master/generated/torch.nn.Module.html#torch.nn.Module.state_dict for details.
  "Positional args are being deprecated, use kwargs instead. Refer to "
/home/likc/.conda/envs/capd/lib/python3.7/site-packages/torch/nn/modules/module.py:1433: UserWarning: Positional args are being deprecated, use kwargs instead. Refer to https://pytorch.org/docs/master/generated/torch.nn.Module.html#torch.nn.Module.state_dict for details.
  "Positional args are being deprecated, use kwargs instead. Refer to "
/home/likc/.conda/envs/capd/lib/python3.7/site-packages/torch/nn/modules/module.py:1433: UserWarning: Positional args are being deprecated, use kwargs instead. Refer to https://pytorch.org/docs/master/generated/torch.nn.Module.html#torch.nn.Module.state_dict for details.
  "Positional args are being deprecated, use kwargs instead. Refer to "
/home/likc/.conda/envs/capd/lib/python3.7/site-packages/torch/nn/modules/module.py:1433: UserWarning: Positional args are being deprecated, use kwargs instead. Refer to https://pytorch.org/docs/master/generated/torch.nn.Module.html#torch.nn.Module.state_dict for details.
  "Positional args are being deprecated, use kwargs instead. Refer to "
ended_unix=1784807631.4588757
exit_code=0
