command=/home/likc/.conda/envs/capd/bin/python3 qmap/qmap_eval.py --config /home/likc/Q-former-for-OS/dataset/jsonl/finals_v3_official/stage5_ablation/no_position_encoding/canneal/resolved_config.json --selector_params /home/likc/Q-former-for-OS/dataset/jsonl/finals_v3_official/stage5_ablation/no_position_encoding/canneal/selector_params.json --policy qmap --checkpoint /home/likc/Q-former-for-OS/outputs/checkpoints/finals_v3_official/stage5_ablation/no_position_encoding/canneal/seed_3136859/qmap_best.pth --json_output /home/likc/Q-former-for-OS/outputs/results/finals_v3_official/stage5_ablation/raw/no_position_encoding/canneal/seed_3136859.json
started_unix=1784807240.5552912
Policy: qmap
Total accesses: 200000
Hits: 197420
Misses: 2580
Hit rate: 98.71%
Migrations: 2516
NVM reads: 2564
NVM writes: 16
Weighted access cost: 227836.00
Policy decisions: 2516
Total decision time: 8.513317s
Avg decision time: 3.383671 ms
Candidate filter decisions: 2516
Candidate B_t range: 64..64
Retained K_t range: 8..8
Avg candidate filter time: 0.419010 ms
ended_unix=1784807262.3869236
exit_code=0
