command=/home/likc/.conda/envs/capd/bin/python3 qmap/qmap_eval.py --config /home/likc/Q-former-for-OS/dataset/jsonl/finals_v3_official/stage5_ablation/no_position_encoding/canneal/resolved_config.json --selector_params /home/likc/Q-former-for-OS/dataset/jsonl/finals_v3_official/stage5_ablation/no_position_encoding/canneal/selector_params.json --policy qmap --checkpoint /home/likc/Q-former-for-OS/outputs/checkpoints/finals_v3_official/stage5_ablation/no_position_encoding/canneal/seed_2026/qmap_best.pth --json_output /home/likc/Q-former-for-OS/outputs/results/finals_v3_official/stage5_ablation/raw/no_position_encoding/canneal/seed_2026.json
started_unix=1784807416.7494926
Policy: qmap
Total accesses: 200000
Hits: 197540
Misses: 2460
Hit rate: 98.77%
Migrations: 2396
NVM reads: 2444
NVM writes: 16
Weighted access cost: 226516.00
Policy decisions: 2396
Total decision time: 7.999782s
Avg decision time: 3.338807 ms
Candidate filter decisions: 2396
Candidate B_t range: 64..64
Retained K_t range: 8..8
Avg candidate filter time: 0.418252 ms
ended_unix=1784807437.8458498
exit_code=0
