command=/home/likc/.conda/envs/capd/bin/python3 qmap/qmap_eval.py --config /home/likc/Q-former-for-OS/dataset/jsonl/finals_v3_official/stage5_ablation/no_position_encoding/canneal/resolved_config.json --selector_params /home/likc/Q-former-for-OS/dataset/jsonl/finals_v3_official/stage5_ablation/no_position_encoding/canneal/selector_params.json --policy qmap --checkpoint /home/likc/Q-former-for-OS/outputs/checkpoints/finals_v3_official/stage5_ablation/no_position_encoding/canneal/seed_42/qmap_best.pth --json_output /home/likc/Q-former-for-OS/outputs/results/finals_v3_official/stage5_ablation/raw/no_position_encoding/canneal/seed_42.json
started_unix=1784807328.6033912
Policy: qmap
Total accesses: 200000
Hits: 197424
Misses: 2576
Hit rate: 98.71%
Migrations: 2512
NVM reads: 2560
NVM writes: 16
Weighted access cost: 227792.00
Policy decisions: 2512
Total decision time: 8.606902s
Avg decision time: 3.426314 ms
Candidate filter decisions: 2512
Candidate B_t range: 64..64
Retained K_t range: 8..8
Avg candidate filter time: 0.421109 ms
ended_unix=1784807350.5276308
exit_code=0
