command=/home/likc/.conda/envs/capd/bin/python3 qmap/qmap_eval.py --config /home/likc/Q-former-for-OS/dataset/jsonl/finals_v3_official/stage6_capacity/capacity_D256/dedup_pressure/resolved_config.json --selector_params /home/likc/Q-former-for-OS/dataset/jsonl/finals_v3_official/stage6_capacity/capacity_D256/dedup_pressure/selector_params.json --policy qmap --checkpoint /home/likc/Q-former-for-OS/outputs/checkpoints/finals_v3_official/stage6_capacity/capacity_D256/dedup_pressure/seed_3136859/qmap_best.pth --json_output /home/likc/Q-former-for-OS/outputs/results/finals_v3_official/stage6_capacity/raw/capacity_D256/dedup_pressure/qmap/seed_3136859.json
started_unix=1785047117.2775183
Policy: qmap
Total accesses: 1000000
Hits: 996690
Misses: 3310
Hit rate: 99.67%
Migrations: 3054
NVM reads: 1769
NVM writes: 1541
Weighted access cost: 1043096.00
Policy decisions: 3054
Total decision time: 9.723935s
Avg decision time: 3.184000 ms
Candidate filter decisions: 3054
Candidate B_t range: 64..64
Retained K_t range: 8..8
Avg candidate filter time: 0.392032 ms
ended_unix=1785047162.0759485
exit_code=0
