command=/home/likc/.conda/envs/capd/bin/python3 qmap/qmap_eval.py --config /home/likc/Q-former-for-OS/dataset/jsonl/finals_v3_official/stage6_capacity/capacity_D256/dedup_pressure/resolved_config.json --selector_params /home/likc/Q-former-for-OS/dataset/jsonl/finals_v3_official/stage6_capacity/capacity_D256/dedup_pressure/selector_params.json --policy qmap --checkpoint /home/likc/Q-former-for-OS/outputs/checkpoints/finals_v3_official/stage6_capacity/capacity_D256/dedup_pressure/seed_2026/qmap_best.pth --json_output /home/likc/Q-former-for-OS/outputs/results/finals_v3_official/stage6_capacity/raw/capacity_D256/dedup_pressure/qmap/seed_2026.json
started_unix=1785047286.6038759
Policy: qmap
Total accesses: 1000000
Hits: 996699
Misses: 3301
Hit rate: 99.67%
Migrations: 3045
NVM reads: 1759
NVM writes: 1542
Weighted access cost: 1043003.00
Policy decisions: 3045
Total decision time: 9.632955s
Avg decision time: 3.163532 ms
Candidate filter decisions: 3045
Candidate B_t range: 64..64
Retained K_t range: 8..8
Avg candidate filter time: 0.389548 ms
ended_unix=1785047330.8866494
exit_code=0
