command=/home/likc/.conda/envs/capd/bin/python3 qmap/qmap_eval.py --config /home/likc/Q-former-for-OS/dataset/jsonl/capd_post_stage6_optimization/opt_B32_K16_L512/canneal/resolved_config.json --selector_params /home/likc/Q-former-for-OS/dataset/jsonl/capd_post_stage6_optimization/opt_B32_K16_L512/canneal/selector_params.json --evaluation_split valid --policy qmap --checkpoint /home/likc/Q-former-for-OS/outputs/checkpoints/capd_post_stage6_optimization/o3/canneal/opt_B32_K16_L512/seed_2026/qmap_epoch_2.pth --json_output /home/likc/Q-former-for-OS/outputs/results/capd_post_stage6_optimization/raw/o3/canneal/opt_B32_K16_L512/seed_2026/epoch_2.json
started_unix=1785077749.8514597
Policy: qmap
Total accesses: 200000
Hits: 197593
Misses: 2407
Hit rate: 98.80%
Migrations: 2343
NVM reads: 2386
NVM writes: 21
Weighted access cost: 225963.00
Policy decisions: 2343
Total decision time: 7.662535s
Avg decision time: 3.270395 ms
Candidate filter decisions: 2343
Candidate B_t range: 32..32
Retained K_t range: 16..16
Avg candidate filter time: 0.214802 ms
ended_unix=1785077761.509588
exit_code=0
