command=/home/likc/.conda/envs/capd/bin/python3 qmap/qmap_eval.py --config /home/likc/Q-former-for-OS/dataset/jsonl/capd_post_stage6_optimization/opt_B32_K16_L512/canneal/resolved_config.json --selector_params /home/likc/Q-former-for-OS/dataset/jsonl/capd_post_stage6_optimization/opt_B32_K16_L512/canneal/selector_params.json --evaluation_split valid --policy qmap --checkpoint /home/likc/Q-former-for-OS/outputs/checkpoints/capd_post_stage6_optimization/o3/canneal/opt_B32_K16_L512/seed_2026/qmap_epoch_1.pth --json_output /home/likc/Q-former-for-OS/outputs/results/capd_post_stage6_optimization/raw/o3/canneal/opt_B32_K16_L512/seed_2026/epoch_1.json
started_unix=1785077738.0804772
Policy: qmap
Total accesses: 200000
Hits: 197532
Misses: 2468
Hit rate: 98.77%
Migrations: 2404
NVM reads: 2447
NVM writes: 21
Weighted access cost: 226634.00
Policy decisions: 2404
Total decision time: 7.736981s
Avg decision time: 3.218378 ms
Candidate filter decisions: 2404
Candidate B_t range: 32..32
Retained K_t range: 16..16
Avg candidate filter time: 0.212507 ms
ended_unix=1785077749.8489325
exit_code=0
