command=/home/likc/.conda/envs/capd/bin/python3 qmap/qmap_eval.py --config /home/likc/Q-former-for-OS/dataset/jsonl/capd_post_stage6_optimization/opt_B32_K16_L512/canneal/resolved_config.json --selector_params /home/likc/Q-former-for-OS/dataset/jsonl/capd_post_stage6_optimization/opt_B32_K16_L512/canneal/selector_params.json --evaluation_split valid --policy qmap --checkpoint /home/likc/Q-former-for-OS/outputs/checkpoints/capd_post_stage6_optimization/o3/canneal/opt_B32_K16_L512/seed_2026/qmap_epoch_5.pth --json_output /home/likc/Q-former-for-OS/outputs/results/capd_post_stage6_optimization/raw/o3/canneal/opt_B32_K16_L512/seed_2026/epoch_5.json
started_unix=1785077784.5222464
Policy: qmap
Total accesses: 200000
Hits: 197643
Misses: 2357
Hit rate: 98.82%
Migrations: 2293
NVM reads: 2336
NVM writes: 21
Weighted access cost: 225413.00
Policy decisions: 2293
Total decision time: 7.304861s
Avg decision time: 3.185722 ms
Candidate filter decisions: 2293
Candidate B_t range: 32..32
Retained K_t range: 16..16
Avg candidate filter time: 0.216106 ms
ended_unix=1785077795.7660294
exit_code=0
