QMAP training configuration:
  train_data path: D:\计算机系统大赛\功能赛道\cache_replacement\dataset\jsonl\qmap_parameter_sensitivity\h10_c64_d256_l256.jsonl
  number of training samples: 3475
  batch_size: 64
  epochs: 5
  learning rate: 0.0001
  device: cpu
Epoch [1/5] iter=1 loss=-0.766578
Epoch [1/5] avg_loss=-0.770154
Saved checkpoint: D:\计算机系统大赛\功能赛道\cache_replacement\outputs\checkpoints\qmap_parameter_sensitivity\h10_c64_d256_l256\qmap_epoch_1.pth
Epoch [2/5] iter=56 loss=-0.780161
Epoch [2/5] iter=100 loss=-0.790705
Epoch [2/5] avg_loss=-0.786982
Saved checkpoint: D:\计算机系统大赛\功能赛道\cache_replacement\outputs\checkpoints\qmap_parameter_sensitivity\h10_c64_d256_l256\qmap_epoch_2.pth
Epoch [3/5] iter=111 loss=-0.793187
Epoch [3/5] avg_loss=-0.797495
Saved checkpoint: D:\计算机系统大赛\功能赛道\cache_replacement\outputs\checkpoints\qmap_parameter_sensitivity\h10_c64_d256_l256\qmap_epoch_3.pth
Epoch [4/5] iter=166 loss=-0.803525
Epoch [4/5] iter=200 loss=-0.867711
Epoch [4/5] avg_loss=-0.848173
Saved checkpoint: D:\计算机系统大赛\功能赛道\cache_replacement\outputs\checkpoints\qmap_parameter_sensitivity\h10_c64_d256_l256\qmap_epoch_4.pth
Epoch [5/5] iter=221 loss=-0.888755
Epoch [5/5] avg_loss=-0.898059
Saved checkpoint: D:\计算机系统大赛\功能赛道\cache_replacement\outputs\checkpoints\qmap_parameter_sensitivity\h10_c64_d256_l256\qmap_epoch_5.pth
Training finished.
D:\Anaconda\envs\leinao\lib\site-packages\torch\nn\modules\transformer.py:307: UserWarning: enable_nested_tensor is True, but self.use_nested_tensor is False because encoder_layer.self_attn.batch_first was not True(use batch_first for better inference performance)
  warnings.warn(f"enable_nested_tensor is True, but self.use_nested_tensor is False because {why_not_sparsity_fast_path}")
D:\计算机系统大赛\功能赛道\cache_replacement\policy_learning\cache_model\embed.py:183: FutureWarning: Positional args are being deprecated, use kwargs instead. Refer to https://pytorch.org/docs/main/generated/torch.nn.Module.html#torch.nn.Module.state_dict for details.
  state_dict = super().state_dict(destination, prefix, keep_vars)
