command=/home/likc/.conda/envs/capd/bin/python3 qmap/qmap_train.py --config /home/likc/Q-former-for-OS/dataset/jsonl/finals_v3_official/stage5_sensitivity/sensitivity_L512/canneal/resolved_config.json --selector_params /home/likc/Q-former-for-OS/dataset/jsonl/finals_v3_official/stage5_sensitivity/sensitivity_L512/canneal/selector_params.json --train_data /home/likc/Q-former-for-OS/dataset/jsonl/finals_v3_official/stage5_sensitivity/sensitivity_L512/canneal/train.jsonl --valid_data /home/likc/Q-former-for-OS/dataset/jsonl/finals_v3_official/stage5_sensitivity/sensitivity_L512/canneal/valid.jsonl --output_dir /home/likc/Q-former-for-OS/outputs/checkpoints/finals_v3_official/stage5_sensitivity/sensitivity_L512/canneal/seed_3136859 --seed 3136859
started_unix=1784865681.3700526
QMAP training: train=/home/likc/Q-former-for-OS/dataset/jsonl/finals_v3_official/stage5_sensitivity/sensitivity_L512/canneal/train.jsonl valid=/home/likc/Q-former-for-OS/dataset/jsonl/finals_v3_official/stage5_sensitivity/sensitivity_L512/canneal/valid.jsonl samples=7215/2377 device=cpu
epoch=1/10 iter=1 loss=-0.043829
epoch=1/10 iter=100 loss=-0.047899
epoch=1/10 iter=200 loss=-0.024605
epoch=1/10 train_loss=-0.072058 valid_loss=-0.059202
epoch=2/10 iter=300 loss=-0.085839
epoch=2/10 iter=400 loss=-0.030181
epoch=2/10 train_loss=-0.083523 valid_loss=-0.070988
epoch=3/10 iter=500 loss=-0.121678
epoch=3/10 iter=600 loss=-0.030200
epoch=3/10 train_loss=-0.090836 valid_loss=-0.072010
epoch=4/10 iter=700 loss=-0.061640
epoch=4/10 iter=800 loss=-0.151837
epoch=4/10 iter=900 loss=-0.154817
epoch=4/10 train_loss=-0.091279 valid_loss=-0.072401
epoch=5/10 iter=1000 loss=-0.185790
epoch=5/10 iter=1100 loss=-0.031209
epoch=5/10 train_loss=-0.091564 valid_loss=-0.072540
epoch=6/10 iter=1200 loss=-0.030700
epoch=6/10 iter=1300 loss=-0.062347
epoch=6/10 train_loss=-0.091726 valid_loss=-0.072694
epoch=7/10 iter=1400 loss=-0.155492
epoch=7/10 iter=1500 loss=-0.031234
epoch=7/10 train_loss=-0.091811 valid_loss=-0.072869
epoch=8/10 iter=1600 loss=-0.093603
epoch=8/10 iter=1700 loss=-0.123680
epoch=8/10 iter=1800 loss=-0.124894
epoch=8/10 train_loss=-0.091723 valid_loss=-0.072883
epoch=9/10 iter=1900 loss=-0.124802
epoch=9/10 iter=2000 loss=-0.186835
epoch=9/10 train_loss=-0.091909 valid_loss=-0.072906
epoch=10/10 iter=2100 loss=-0.062390
epoch=10/10 iter=2200 loss=-0.031228
epoch=10/10 train_loss=-0.091941 valid_loss=-0.072916
Training finished. best=/home/likc/Q-former-for-OS/outputs/checkpoints/finals_v3_official/stage5_sensitivity/sensitivity_L512/canneal/seed_3136859/qmap_best.pth last=/home/likc/Q-former-for-OS/outputs/checkpoints/finals_v3_official/stage5_sensitivity/sensitivity_L512/canneal/seed_3136859/qmap_last.pth
/home/likc/.conda/envs/capd/lib/python3.7/site-packages/torch/cuda/__init__.py:88: UserWarning: CUDA initialization: Unexpected error from cudaGetDeviceCount(). Did you run some cuda functions before calling NumCudaDevices() that might have already set an error? Error 804: forward compatibility was attempted on non supported HW (Triggered internally at ../c10/cuda/CUDAFunctions.cpp:109.)
  return torch._C._cuda_getDeviceCount() > 0
/home/likc/.conda/envs/capd/lib/python3.7/site-packages/torch/nn/modules/module.py:1433: UserWarning: Positional args are being deprecated, use kwargs instead. Refer to https://pytorch.org/docs/master/generated/torch.nn.Module.html#torch.nn.Module.state_dict for details.
  "Positional args are being deprecated, use kwargs instead. Refer to "
/home/likc/.conda/envs/capd/lib/python3.7/site-packages/torch/nn/modules/module.py:1433: UserWarning: Positional args are being deprecated, use kwargs instead. Refer to https://pytorch.org/docs/master/generated/torch.nn.Module.html#torch.nn.Module.state_dict for details.
  "Positional args are being deprecated, use kwargs instead. Refer to "
/home/likc/.conda/envs/capd/lib/python3.7/site-packages/torch/nn/modules/module.py:1433: UserWarning: Positional args are being deprecated, use kwargs instead. Refer to https://pytorch.org/docs/master/generated/torch.nn.Module.html#torch.nn.Module.state_dict for details.
  "Positional args are being deprecated, use kwargs instead. Refer to "
/home/likc/.conda/envs/capd/lib/python3.7/site-packages/torch/nn/modules/module.py:1433: UserWarning: Positional args are being deprecated, use kwargs instead. Refer to https://pytorch.org/docs/master/generated/torch.nn.Module.html#torch.nn.Module.state_dict for details.
  "Positional args are being deprecated, use kwargs instead. Refer to "
/home/likc/.conda/envs/capd/lib/python3.7/site-packages/torch/nn/modules/module.py:1433: UserWarning: Positional args are being deprecated, use kwargs instead. Refer to https://pytorch.org/docs/master/generated/torch.nn.Module.html#torch.nn.Module.state_dict for details.
  "Positional args are being deprecated, use kwargs instead. Refer to "
/home/likc/.conda/envs/capd/lib/python3.7/site-packages/torch/nn/modules/module.py:1433: UserWarning: Positional args are being deprecated, use kwargs instead. Refer to https://pytorch.org/docs/master/generated/torch.nn.Module.html#torch.nn.Module.state_dict for details.
  "Positional args are being deprecated, use kwargs instead. Refer to "
/home/likc/.conda/envs/capd/lib/python3.7/site-packages/torch/nn/modules/module.py:1433: UserWarning: Positional args are being deprecated, use kwargs instead. Refer to https://pytorch.org/docs/master/generated/torch.nn.Module.html#torch.nn.Module.state_dict for details.
  "Positional args are being deprecated, use kwargs instead. Refer to "
/home/likc/.conda/envs/capd/lib/python3.7/site-packages/torch/nn/modules/module.py:1433: UserWarning: Positional args are being deprecated, use kwargs instead. Refer to https://pytorch.org/docs/master/generated/torch.nn.Module.html#torch.nn.Module.state_dict for details.
  "Positional args are being deprecated, use kwargs instead. Refer to "
/home/likc/.conda/envs/capd/lib/python3.7/site-packages/torch/nn/modules/module.py:1433: UserWarning: Positional args are being deprecated, use kwargs instead. Refer to https://pytorch.org/docs/master/generated/torch.nn.Module.html#torch.nn.Module.state_dict for details.
  "Positional args are being deprecated, use kwargs instead. Refer to "
/home/likc/.conda/envs/capd/lib/python3.7/site-packages/torch/nn/modules/module.py:1433: UserWarning: Positional args are being deprecated, use kwargs instead. Refer to https://pytorch.org/docs/master/generated/torch.nn.Module.html#torch.nn.Module.state_dict for details.
  "Positional args are being deprecated, use kwargs instead. Refer to "
ended_unix=1784865746.7179108
exit_code=0
