QMAP training configuration:
  train_data path: /home/likc/Q-former-for-OS/dataset/jsonl/real_pilot_dram16_rankfix/parsec_canneal_train.jsonl
  number of training samples: 3001
  batch_size: 32
  epochs: 10
  learning rate: 0.0001
  weight decay: 0.0
  device: cuda
  ablation: mean_pool
  qformer: use=False queries=4 layers=1 heads=2 dropout=0.0
  loss weights: inactivity=1.0 coldness=1.0 write_sensitivity=4.0 migration_cost=2.0
Epoch [1/10] iter=1 loss=-0.713284
Epoch [1/10] avg_loss=-0.735705
Saved checkpoint: outputs/checkpoints/real_pilot_dram16_rankfix/parsec_canneal/qmap_epoch_1.pth
Epoch [2/10] iter=95 loss=-0.765449
Epoch [2/10] iter=100 loss=-0.772941
Epoch [2/10] avg_loss=-0.805188
Saved checkpoint: outputs/checkpoints/real_pilot_dram16_rankfix/parsec_canneal/qmap_epoch_2.pth
Epoch [3/10] iter=189 loss=-0.827269
Epoch [3/10] iter=200 loss=-0.836303
Epoch [3/10] avg_loss=-0.845485
Saved checkpoint: outputs/checkpoints/real_pilot_dram16_rankfix/parsec_canneal/qmap_epoch_3.pth
Epoch [4/10] iter=283 loss=-0.854948
Epoch [4/10] iter=300 loss=-0.845735
Epoch [4/10] avg_loss=-0.861088
Saved checkpoint: outputs/checkpoints/real_pilot_dram16_rankfix/parsec_canneal/qmap_epoch_4.pth
Epoch [5/10] iter=377 loss=-0.868144
Epoch [5/10] iter=400 loss=-0.868440
Epoch [5/10] avg_loss=-0.869413
Saved checkpoint: outputs/checkpoints/real_pilot_dram16_rankfix/parsec_canneal/qmap_epoch_5.pth
Epoch [6/10] iter=471 loss=-0.880330
Epoch [6/10] iter=500 loss=-0.846925
Epoch [6/10] avg_loss=-0.874231
Saved checkpoint: outputs/checkpoints/real_pilot_dram16_rankfix/parsec_canneal/qmap_epoch_6.pth
Epoch [7/10] iter=565 loss=-0.883070
Epoch [7/10] iter=600 loss=-0.881384
Epoch [7/10] avg_loss=-0.877606
Saved checkpoint: outputs/checkpoints/real_pilot_dram16_rankfix/parsec_canneal/qmap_epoch_7.pth
Epoch [8/10] iter=659 loss=-0.881772
Epoch [8/10] iter=700 loss=-0.886451
Epoch [8/10] avg_loss=-0.880133
Saved checkpoint: outputs/checkpoints/real_pilot_dram16_rankfix/parsec_canneal/qmap_epoch_8.pth
Epoch [9/10] iter=753 loss=-0.874553
Epoch [9/10] iter=800 loss=-0.888960
Epoch [9/10] avg_loss=-0.882051
Saved checkpoint: outputs/checkpoints/real_pilot_dram16_rankfix/parsec_canneal/qmap_epoch_9.pth
Epoch [10/10] iter=847 loss=-0.881986
Epoch [10/10] iter=900 loss=-0.891501
Epoch [10/10] avg_loss=-0.883866
Saved checkpoint: outputs/checkpoints/real_pilot_dram16_rankfix/parsec_canneal/qmap_epoch_10.pth
Training finished.
/home/likc/.conda/envs/qmap/lib/python3.7/site-packages/torch/nn/modules/module.py:1433: UserWarning: Positional args are being deprecated, use kwargs instead. Refer to https://pytorch.org/docs/master/generated/torch.nn.Module.html#torch.nn.Module.state_dict for details.
  "Positional args are being deprecated, use kwargs instead. Refer to "
