QMAP training configuration:
  train_data path: /home/likc/Q-former-for-OS/dataset/jsonl/real_pilot_dram16_rankfix/parsec_blackscholes_train.jsonl
  number of training samples: 1653
  batch_size: 32
  epochs: 10
  learning rate: 0.0001
  weight decay: 0.0
  device: cuda
  ablation: mean_pool
  qformer: use=False queries=4 layers=1 heads=2 dropout=0.0
  loss weights: inactivity=1.0 coldness=1.0 write_sensitivity=4.0 migration_cost=2.0
Epoch [1/10] iter=1 loss=-0.714989
Epoch [1/10] avg_loss=-0.726322
Saved checkpoint: outputs/checkpoints/real_pilot_dram16_rankfix/parsec_blackscholes/qmap_epoch_1.pth
Epoch [2/10] iter=53 loss=-0.741603
Epoch [2/10] iter=100 loss=-0.765839
Epoch [2/10] avg_loss=-0.756120
Saved checkpoint: outputs/checkpoints/real_pilot_dram16_rankfix/parsec_blackscholes/qmap_epoch_2.pth
Epoch [3/10] iter=105 loss=-0.784246
Epoch [3/10] avg_loss=-0.802915
Saved checkpoint: outputs/checkpoints/real_pilot_dram16_rankfix/parsec_blackscholes/qmap_epoch_3.pth
Epoch [4/10] iter=157 loss=-0.820778
Epoch [4/10] iter=200 loss=-0.833808
Epoch [4/10] avg_loss=-0.829350
Saved checkpoint: outputs/checkpoints/real_pilot_dram16_rankfix/parsec_blackscholes/qmap_epoch_4.pth
Epoch [5/10] iter=209 loss=-0.834745
Epoch [5/10] avg_loss=-0.843319
Saved checkpoint: outputs/checkpoints/real_pilot_dram16_rankfix/parsec_blackscholes/qmap_epoch_5.pth
Epoch [6/10] iter=261 loss=-0.848629
Epoch [6/10] iter=300 loss=-0.857946
Epoch [6/10] avg_loss=-0.855943
Saved checkpoint: outputs/checkpoints/real_pilot_dram16_rankfix/parsec_blackscholes/qmap_epoch_6.pth
Epoch [7/10] iter=313 loss=-0.863493
Epoch [7/10] avg_loss=-0.865107
Saved checkpoint: outputs/checkpoints/real_pilot_dram16_rankfix/parsec_blackscholes/qmap_epoch_7.pth
Epoch [8/10] iter=365 loss=-0.873515
Epoch [8/10] iter=400 loss=-0.872499
Epoch [8/10] avg_loss=-0.869603
Saved checkpoint: outputs/checkpoints/real_pilot_dram16_rankfix/parsec_blackscholes/qmap_epoch_8.pth
Epoch [9/10] iter=417 loss=-0.879654
Epoch [9/10] avg_loss=-0.872707
Saved checkpoint: outputs/checkpoints/real_pilot_dram16_rankfix/parsec_blackscholes/qmap_epoch_9.pth
Epoch [10/10] iter=469 loss=-0.883281
Epoch [10/10] iter=500 loss=-0.871339
Epoch [10/10] avg_loss=-0.874909
Saved checkpoint: outputs/checkpoints/real_pilot_dram16_rankfix/parsec_blackscholes/qmap_epoch_10.pth
Training finished.
/home/likc/.conda/envs/qmap/lib/python3.7/site-packages/torch/nn/modules/module.py:1433: UserWarning: Positional args are being deprecated, use kwargs instead. Refer to https://pytorch.org/docs/master/generated/torch.nn.Module.html#torch.nn.Module.state_dict for details.
  "Positional args are being deprecated, use kwargs instead. Refer to "
