QMAP training configuration:
  train_data path: dataset/jsonl/qmap_ablation/writeheavy/no_rw.jsonl
  number of training samples: 4079
  batch_size: 32
  epochs: 10
  learning rate: 0.0001
  device: cuda
  ablation: no_rw
Epoch [1/10] iter=1 loss=-0.781790
Epoch [1/10] iter=100 loss=-0.830669
Epoch [1/10] avg_loss=-0.807519
Saved checkpoint: outputs/checkpoints/qmap_ablation/writeheavy/no_rw/qmap_epoch_1.pth
Epoch [2/10] iter=129 loss=-0.834688
Epoch [2/10] iter=200 loss=-0.860473
Epoch [2/10] avg_loss=-0.862896
Saved checkpoint: outputs/checkpoints/qmap_ablation/writeheavy/no_rw/qmap_epoch_2.pth
Epoch [3/10] iter=257 loss=-0.912655
Epoch [3/10] iter=300 loss=-0.916648
Epoch [3/10] avg_loss=-0.917705
Saved checkpoint: outputs/checkpoints/qmap_ablation/writeheavy/no_rw/qmap_epoch_3.pth
Epoch [4/10] iter=385 loss=-0.923210
Epoch [4/10] iter=400 loss=-0.924936
Epoch [4/10] iter=500 loss=-0.934085
Epoch [4/10] avg_loss=-0.926902
Saved checkpoint: outputs/checkpoints/qmap_ablation/writeheavy/no_rw/qmap_epoch_4.pth
Epoch [5/10] iter=513 loss=-0.933920
Epoch [5/10] iter=600 loss=-0.938417
Epoch [5/10] avg_loss=-0.933619
Saved checkpoint: outputs/checkpoints/qmap_ablation/writeheavy/no_rw/qmap_epoch_5.pth
Epoch [6/10] iter=641 loss=-0.936574
Epoch [6/10] iter=700 loss=-0.910946
Epoch [6/10] avg_loss=-0.938156
Saved checkpoint: outputs/checkpoints/qmap_ablation/writeheavy/no_rw/qmap_epoch_6.pth
Epoch [7/10] iter=769 loss=-0.939788
Epoch [7/10] iter=800 loss=-0.941936
Epoch [7/10] avg_loss=-0.942563
Saved checkpoint: outputs/checkpoints/qmap_ablation/writeheavy/no_rw/qmap_epoch_7.pth
Epoch [8/10] iter=897 loss=-0.946804
Epoch [8/10] iter=900 loss=-0.946461
Epoch [8/10] iter=1000 loss=-0.948604
Epoch [8/10] avg_loss=-0.946532
Saved checkpoint: outputs/checkpoints/qmap_ablation/writeheavy/no_rw/qmap_epoch_8.pth
Epoch [9/10] iter=1025 loss=-0.949737
Epoch [9/10] iter=1100 loss=-0.950500
Epoch [9/10] avg_loss=-0.947970
Saved checkpoint: outputs/checkpoints/qmap_ablation/writeheavy/no_rw/qmap_epoch_9.pth
Epoch [10/10] iter=1153 loss=-0.952333
Epoch [10/10] iter=1200 loss=-0.950340
Epoch [10/10] avg_loss=-0.948997
Saved checkpoint: outputs/checkpoints/qmap_ablation/writeheavy/no_rw/qmap_epoch_10.pth
Training finished.
/home/tingkun/miniconda3/envs/qmap/lib/python3.7/site-packages/torch/nn/modules/module.py:1433: UserWarning: Positional args are being deprecated, use kwargs instead. Refer to https://pytorch.org/docs/master/generated/torch.nn.Module.html#torch.nn.Module.state_dict for details.
  "Positional args are being deprecated, use kwargs instead. Refer to "
