QMAP training configuration:
  train_data path: /home/likc/Q-former-for-OS/dataset/jsonl/real_pilot_dram16/parsec_blackscholes_train.jsonl
  number of training samples: 1653
  batch_size: 32
  epochs: 10
  learning rate: 0.0001
  weight decay: 0.0
  device: cuda
  ablation: mean_pool
  qformer: use=False queries=4 layers=1 heads=2 dropout=0.0
  loss weights: inactivity=1.0 coldness=1.0 write_sensitivity=4.0 migration_cost=2.0
Epoch [1/10] iter=1 loss=-0.713624
Epoch [1/10] avg_loss=-0.715839
Saved checkpoint: outputs/checkpoints/real_pilot_dram16/parsec_blackscholes/qmap_epoch_1.pth
Epoch [2/10] iter=53 loss=-0.722971
Epoch [2/10] iter=100 loss=-0.750491
Epoch [2/10] avg_loss=-0.737505
Saved checkpoint: outputs/checkpoints/real_pilot_dram16/parsec_blackscholes/qmap_epoch_2.pth
Epoch [3/10] iter=105 loss=-0.747358
Epoch [3/10] avg_loss=-0.756564
Saved checkpoint: outputs/checkpoints/real_pilot_dram16/parsec_blackscholes/qmap_epoch_3.pth
Epoch [4/10] iter=157 loss=-0.763892
Epoch [4/10] iter=200 loss=-0.781422
Epoch [4/10] avg_loss=-0.770624
Saved checkpoint: outputs/checkpoints/real_pilot_dram16/parsec_blackscholes/qmap_epoch_4.pth
Epoch [5/10] iter=209 loss=-0.795968
Epoch [5/10] avg_loss=-0.814270
Saved checkpoint: outputs/checkpoints/real_pilot_dram16/parsec_blackscholes/qmap_epoch_5.pth
Epoch [6/10] iter=261 loss=-0.834930
Epoch [6/10] iter=300 loss=-0.851083
Epoch [6/10] avg_loss=-0.849176
Saved checkpoint: outputs/checkpoints/real_pilot_dram16/parsec_blackscholes/qmap_epoch_6.pth
Epoch [7/10] iter=313 loss=-0.860625
Epoch [7/10] avg_loss=-0.860987
Saved checkpoint: outputs/checkpoints/real_pilot_dram16/parsec_blackscholes/qmap_epoch_7.pth
Epoch [8/10] iter=365 loss=-0.863749
Epoch [8/10] iter=400 loss=-0.866289
Epoch [8/10] avg_loss=-0.866405
Saved checkpoint: outputs/checkpoints/real_pilot_dram16/parsec_blackscholes/qmap_epoch_8.pth
Epoch [9/10] iter=417 loss=-0.869338
Epoch [9/10] avg_loss=-0.869237
Saved checkpoint: outputs/checkpoints/real_pilot_dram16/parsec_blackscholes/qmap_epoch_9.pth
Epoch [10/10] iter=469 loss=-0.869967
Epoch [10/10] iter=500 loss=-0.872427
Epoch [10/10] avg_loss=-0.871334
Saved checkpoint: outputs/checkpoints/real_pilot_dram16/parsec_blackscholes/qmap_epoch_10.pth
Training finished.
/home/likc/.conda/envs/qmap/lib/python3.7/site-packages/torch/nn/modules/module.py:1433: UserWarning: Positional args are being deprecated, use kwargs instead. Refer to https://pytorch.org/docs/master/generated/torch.nn.Module.html#torch.nn.Module.state_dict for details.
  "Positional args are being deprecated, use kwargs instead. Refer to "
