command=/home/likc/.conda/envs/capd/bin/python3 qmap/qmap_eval.py --config /home/likc/Q-former-for-OS/dataset/jsonl/finals_v3_official/stage5_ablation/no_filter_B8_K8/streamcluster_pressure/resolved_config.json --selector_params /home/likc/Q-former-for-OS/dataset/jsonl/finals_v3_official/stage5_ablation/no_filter_B8_K8/streamcluster_pressure/selector_params.json --policy qmap --checkpoint /home/likc/Q-former-for-OS/outputs/checkpoints/finals_v3_official/stage5_ablation/no_filter_B8_K8/streamcluster_pressure/seed_3136859/qmap_best.pth --json_output /home/likc/Q-former-for-OS/outputs/results/finals_v3_official/stage5_ablation/raw/no_filter_B8_K8/streamcluster_pressure/seed_3136859.json
started_unix=1784801110.0281885
Policy: qmap
Total accesses: 200000
Hits: 197158
Misses: 2842
Hit rate: 98.58%
Migrations: 2778
NVM reads: 2841
NVM writes: 1
Weighted access cost: 230628.00
Policy decisions: 2778
Total decision time: 8.875333s
Avg decision time: 3.194864 ms
Candidate filter decisions: 2778
Candidate B_t range: 8..8
Retained K_t range: 8..8
Avg candidate filter time: 0.071409 ms
ended_unix=1784801132.6548529
exit_code=0
