command=/home/likc/.conda/envs/capd/bin/python3 qmap/qmap_train.py --config /home/likc/Q-former-for-OS/dataset/jsonl/capd_post_stage6_optimization/opt_B32_K16_L512_H20/streamcluster_pressure/resolved_config.json --selector_params /home/likc/Q-former-for-OS/dataset/jsonl/capd_post_stage6_optimization/opt_B32_K16_L512_H20/streamcluster_pressure/selector_params.json --train_data /home/likc/Q-former-for-OS/dataset/jsonl/capd_post_stage6_optimization/opt_B32_K16_L512_H20/streamcluster_pressure/train.jsonl --valid_data /home/likc/Q-former-for-OS/dataset/jsonl/capd_post_stage6_optimization/opt_B32_K16_L512_H20/streamcluster_pressure/valid.jsonl --output_dir /home/likc/Q-former-for-OS/outputs/checkpoints/capd_post_stage6_optimization/o3/streamcluster_pressure/opt_B32_K16_L512_H20/seed_42 --seed 42 --save_every_epoch
started_unix=1785078199.4439528
QMAP training: train=/home/likc/Q-former-for-OS/dataset/jsonl/capd_post_stage6_optimization/opt_B32_K16_L512_H20/streamcluster_pressure/train.jsonl valid=/home/likc/Q-former-for-OS/dataset/jsonl/capd_post_stage6_optimization/opt_B32_K16_L512_H20/streamcluster_pressure/valid.jsonl samples=8690/2835 device=cuda
epoch=1/10 iter=1 loss=-0.172392
epoch=1/10 iter=100 loss=-0.153154
epoch=1/10 iter=200 loss=-0.149500
epoch=1/10 train_loss=-0.194599 valid_loss=-0.203612
epoch=2/10 iter=300 loss=-0.244076
epoch=2/10 iter=400 loss=-0.367161
epoch=2/10 iter=500 loss=-0.216587
epoch=2/10 train_loss=-0.217536 valid_loss=-0.208448
epoch=3/10 iter=600 loss=-0.248167
epoch=3/10 iter=700 loss=-0.186606
epoch=3/10 iter=800 loss=-0.218035
epoch=3/10 train_loss=-0.220132 valid_loss=-0.209450
epoch=4/10 iter=900 loss=-0.218163
epoch=4/10 iter=1000 loss=-0.155859
epoch=4/10 train_loss=-0.220642 valid_loss=-0.209769
epoch=5/10 iter=1100 loss=-0.280724
epoch=5/10 iter=1200 loss=-0.218419
epoch=5/10 iter=1300 loss=-0.249687
epoch=5/10 train_loss=-0.221034 valid_loss=-0.209936
epoch=6/10 iter=1400 loss=-0.187272
epoch=6/10 iter=1500 loss=-0.343382
epoch=6/10 iter=1600 loss=-0.156135
epoch=6/10 train_loss=-0.220960 valid_loss=-0.210034
epoch=7/10 iter=1700 loss=-0.093626
epoch=7/10 iter=1800 loss=-0.405965
epoch=7/10 iter=1900 loss=-0.405969
epoch=7/10 train_loss=-0.220932 valid_loss=-0.210087
epoch=8/10 iter=2000 loss=-0.312357
epoch=8/10 iter=2100 loss=-0.187387
epoch=8/10 train_loss=-0.221058 valid_loss=-0.210128
epoch=9/10 iter=2200 loss=-0.281119
epoch=9/10 iter=2300 loss=-0.281123
epoch=9/10 iter=2400 loss=-0.249832
epoch=9/10 train_loss=-0.221352 valid_loss=-0.210158
epoch=10/10 iter=2500 loss=-0.281110
epoch=10/10 iter=2600 loss=-0.187444
epoch=10/10 iter=2700 loss=-0.249931
epoch=10/10 train_loss=-0.221012 valid_loss=-0.210181
Training finished. best=/home/likc/Q-former-for-OS/outputs/checkpoints/capd_post_stage6_optimization/o3/streamcluster_pressure/opt_B32_K16_L512_H20/seed_42/qmap_best.pth last=/home/likc/Q-former-for-OS/outputs/checkpoints/capd_post_stage6_optimization/o3/streamcluster_pressure/opt_B32_K16_L512_H20/seed_42/qmap_last.pth
/home/likc/.conda/envs/capd/lib/python3.7/site-packages/torch/nn/modules/module.py:1433: UserWarning: Positional args are being deprecated, use kwargs instead. Refer to https://pytorch.org/docs/master/generated/torch.nn.Module.html#torch.nn.Module.state_dict for details.
  "Positional args are being deprecated, use kwargs instead. Refer to "
/home/likc/.conda/envs/capd/lib/python3.7/site-packages/torch/nn/modules/module.py:1433: UserWarning: Positional args are being deprecated, use kwargs instead. Refer to https://pytorch.org/docs/master/generated/torch.nn.Module.html#torch.nn.Module.state_dict for details.
  "Positional args are being deprecated, use kwargs instead. Refer to "
/home/likc/.conda/envs/capd/lib/python3.7/site-packages/torch/nn/modules/module.py:1433: UserWarning: Positional args are being deprecated, use kwargs instead. Refer to https://pytorch.org/docs/master/generated/torch.nn.Module.html#torch.nn.Module.state_dict for details.
  "Positional args are being deprecated, use kwargs instead. Refer to "
/home/likc/.conda/envs/capd/lib/python3.7/site-packages/torch/nn/modules/module.py:1433: UserWarning: Positional args are being deprecated, use kwargs instead. Refer to https://pytorch.org/docs/master/generated/torch.nn.Module.html#torch.nn.Module.state_dict for details.
  "Positional args are being deprecated, use kwargs instead. Refer to "
/home/likc/.conda/envs/capd/lib/python3.7/site-packages/torch/nn/modules/module.py:1433: UserWarning: Positional args are being deprecated, use kwargs instead. Refer to https://pytorch.org/docs/master/generated/torch.nn.Module.html#torch.nn.Module.state_dict for details.
  "Positional args are being deprecated, use kwargs instead. Refer to "
/home/likc/.conda/envs/capd/lib/python3.7/site-packages/torch/nn/modules/module.py:1433: UserWarning: Positional args are being deprecated, use kwargs instead. Refer to https://pytorch.org/docs/master/generated/torch.nn.Module.html#torch.nn.Module.state_dict for details.
  "Positional args are being deprecated, use kwargs instead. Refer to "
/home/likc/.conda/envs/capd/lib/python3.7/site-packages/torch/nn/modules/module.py:1433: UserWarning: Positional args are being deprecated, use kwargs instead. Refer to https://pytorch.org/docs/master/generated/torch.nn.Module.html#torch.nn.Module.state_dict for details.
  "Positional args are being deprecated, use kwargs instead. Refer to "
/home/likc/.conda/envs/capd/lib/python3.7/site-packages/torch/nn/modules/module.py:1433: UserWarning: Positional args are being deprecated, use kwargs instead. Refer to https://pytorch.org/docs/master/generated/torch.nn.Module.html#torch.nn.Module.state_dict for details.
  "Positional args are being deprecated, use kwargs instead. Refer to "
/home/likc/.conda/envs/capd/lib/python3.7/site-packages/torch/nn/modules/module.py:1433: UserWarning: Positional args are being deprecated, use kwargs instead. Refer to https://pytorch.org/docs/master/generated/torch.nn.Module.html#torch.nn.Module.state_dict for details.
  "Positional args are being deprecated, use kwargs instead. Refer to "
/home/likc/.conda/envs/capd/lib/python3.7/site-packages/torch/nn/modules/module.py:1433: UserWarning: Positional args are being deprecated, use kwargs instead. Refer to https://pytorch.org/docs/master/generated/torch.nn.Module.html#torch.nn.Module.state_dict for details.
  "Positional args are being deprecated, use kwargs instead. Refer to "
ended_unix=1785078268.8444896
exit_code=0
