command=/home/likc/.conda/envs/capd/bin/python3 qmap/qmap_train.py --config /home/likc/Q-former-for-OS/dataset/jsonl/finals_v3_official/stage5_sensitivity/sensitivity_B32/streamcluster_pressure/resolved_config.json --selector_params /home/likc/Q-former-for-OS/dataset/jsonl/finals_v3_official/stage5_sensitivity/sensitivity_B32/streamcluster_pressure/selector_params.json --train_data /home/likc/Q-former-for-OS/dataset/jsonl/finals_v3_official/stage5_sensitivity/sensitivity_B32/streamcluster_pressure/train.jsonl --valid_data /home/likc/Q-former-for-OS/dataset/jsonl/finals_v3_official/stage5_sensitivity/sensitivity_B32/streamcluster_pressure/valid.jsonl --output_dir /home/likc/Q-former-for-OS/outputs/checkpoints/finals_v3_official/stage5_sensitivity/sensitivity_B32/streamcluster_pressure/seed_3136859 --seed 3136859
started_unix=1784811953.296582
QMAP training: train=/home/likc/Q-former-for-OS/dataset/jsonl/finals_v3_official/stage5_sensitivity/sensitivity_B32/streamcluster_pressure/train.jsonl valid=/home/likc/Q-former-for-OS/dataset/jsonl/finals_v3_official/stage5_sensitivity/sensitivity_B32/streamcluster_pressure/valid.jsonl samples=8694/2839 device=cuda
epoch=1/10 iter=1 loss=-0.048893
epoch=1/10 iter=100 loss=-0.024517
epoch=1/10 iter=200 loss=-0.105465
epoch=1/10 train_loss=-0.042722 valid_loss=-0.044283
epoch=2/10 iter=300 loss=-0.030010
epoch=2/10 iter=400 loss=-0.030391
epoch=2/10 iter=500 loss=-0.030564
epoch=2/10 train_loss=-0.049939 valid_loss=-0.045116
epoch=3/10 iter=600 loss=-0.029567
epoch=3/10 iter=700 loss=-0.029295
epoch=3/10 iter=800 loss=-0.123939
epoch=3/10 train_loss=-0.051398 valid_loss=-0.046755
epoch=4/10 iter=900 loss=-0.031117
epoch=4/10 iter=1000 loss=-0.031160
epoch=4/10 train_loss=-0.051747 valid_loss=-0.046885
epoch=5/10 iter=1100 loss=-0.000000
epoch=5/10 iter=1200 loss=-0.000000
epoch=5/10 iter=1300 loss=-0.031175
epoch=5/10 train_loss=-0.051866 valid_loss=-0.046983
epoch=6/10 iter=1400 loss=-0.000000
epoch=6/10 iter=1500 loss=-0.062290
epoch=6/10 iter=1600 loss=-0.062399
epoch=6/10 train_loss=-0.052031 valid_loss=-0.046967
epoch=7/10 iter=1700 loss=-0.124853
epoch=7/10 iter=1800 loss=-0.031231
epoch=7/10 iter=1900 loss=-0.000000
epoch=7/10 train_loss=-0.052064 valid_loss=-0.047049
epoch=8/10 iter=2000 loss=-0.062443
epoch=8/10 iter=2100 loss=-0.031214
epoch=8/10 train_loss=-0.052135 valid_loss=-0.047063
epoch=9/10 iter=2200 loss=-0.062468
epoch=9/10 iter=2300 loss=-0.093714
epoch=9/10 iter=2400 loss=-0.062478
epoch=9/10 train_loss=-0.052044 valid_loss=-0.047071
epoch=10/10 iter=2500 loss=-0.062459
epoch=10/10 iter=2600 loss=-0.062482
epoch=10/10 iter=2700 loss=-0.031237
epoch=10/10 train_loss=-0.052160 valid_loss=-0.047077
Training finished. best=/home/likc/Q-former-for-OS/outputs/checkpoints/finals_v3_official/stage5_sensitivity/sensitivity_B32/streamcluster_pressure/seed_3136859/qmap_best.pth last=/home/likc/Q-former-for-OS/outputs/checkpoints/finals_v3_official/stage5_sensitivity/sensitivity_B32/streamcluster_pressure/seed_3136859/qmap_last.pth
/home/likc/.conda/envs/capd/lib/python3.7/site-packages/torch/nn/modules/module.py:1433: UserWarning: Positional args are being deprecated, use kwargs instead. Refer to https://pytorch.org/docs/master/generated/torch.nn.Module.html#torch.nn.Module.state_dict for details.
  "Positional args are being deprecated, use kwargs instead. Refer to "
/home/likc/.conda/envs/capd/lib/python3.7/site-packages/torch/nn/modules/module.py:1433: UserWarning: Positional args are being deprecated, use kwargs instead. Refer to https://pytorch.org/docs/master/generated/torch.nn.Module.html#torch.nn.Module.state_dict for details.
  "Positional args are being deprecated, use kwargs instead. Refer to "
/home/likc/.conda/envs/capd/lib/python3.7/site-packages/torch/nn/modules/module.py:1433: UserWarning: Positional args are being deprecated, use kwargs instead. Refer to https://pytorch.org/docs/master/generated/torch.nn.Module.html#torch.nn.Module.state_dict for details.
  "Positional args are being deprecated, use kwargs instead. Refer to "
/home/likc/.conda/envs/capd/lib/python3.7/site-packages/torch/nn/modules/module.py:1433: UserWarning: Positional args are being deprecated, use kwargs instead. Refer to https://pytorch.org/docs/master/generated/torch.nn.Module.html#torch.nn.Module.state_dict for details.
  "Positional args are being deprecated, use kwargs instead. Refer to "
/home/likc/.conda/envs/capd/lib/python3.7/site-packages/torch/nn/modules/module.py:1433: UserWarning: Positional args are being deprecated, use kwargs instead. Refer to https://pytorch.org/docs/master/generated/torch.nn.Module.html#torch.nn.Module.state_dict for details.
  "Positional args are being deprecated, use kwargs instead. Refer to "
/home/likc/.conda/envs/capd/lib/python3.7/site-packages/torch/nn/modules/module.py:1433: UserWarning: Positional args are being deprecated, use kwargs instead. Refer to https://pytorch.org/docs/master/generated/torch.nn.Module.html#torch.nn.Module.state_dict for details.
  "Positional args are being deprecated, use kwargs instead. Refer to "
/home/likc/.conda/envs/capd/lib/python3.7/site-packages/torch/nn/modules/module.py:1433: UserWarning: Positional args are being deprecated, use kwargs instead. Refer to https://pytorch.org/docs/master/generated/torch.nn.Module.html#torch.nn.Module.state_dict for details.
  "Positional args are being deprecated, use kwargs instead. Refer to "
/home/likc/.conda/envs/capd/lib/python3.7/site-packages/torch/nn/modules/module.py:1433: UserWarning: Positional args are being deprecated, use kwargs instead. Refer to https://pytorch.org/docs/master/generated/torch.nn.Module.html#torch.nn.Module.state_dict for details.
  "Positional args are being deprecated, use kwargs instead. Refer to "
/home/likc/.conda/envs/capd/lib/python3.7/site-packages/torch/nn/modules/module.py:1433: UserWarning: Positional args are being deprecated, use kwargs instead. Refer to https://pytorch.org/docs/master/generated/torch.nn.Module.html#torch.nn.Module.state_dict for details.
  "Positional args are being deprecated, use kwargs instead. Refer to "
/home/likc/.conda/envs/capd/lib/python3.7/site-packages/torch/nn/modules/module.py:1433: UserWarning: Positional args are being deprecated, use kwargs instead. Refer to https://pytorch.org/docs/master/generated/torch.nn.Module.html#torch.nn.Module.state_dict for details.
  "Positional args are being deprecated, use kwargs instead. Refer to "
ended_unix=1784812023.0025213
exit_code=0
