command=/home/likc/.conda/envs/capd/bin/python3 qmap/qmap_eval.py --config /home/likc/Q-former-for-OS/dataset/jsonl/finals_v3_official/stage6_capacity/capacity_D128/dedup_pressure/resolved_config.json --selector_params /home/likc/Q-former-for-OS/dataset/jsonl/finals_v3_official/stage6_capacity/capacity_D128/dedup_pressure/selector_params.json --policy qmap --checkpoint /home/likc/Q-former-for-OS/outputs/checkpoints/finals_v3_official/stage6_capacity/capacity_D128/dedup_pressure/seed_2026/qmap_best.pth --json_output /home/likc/Q-former-for-OS/outputs/results/finals_v3_official/stage6_capacity/raw/capacity_D128/dedup_pressure/qmap/seed_2026.json
started_unix=1785046119.1412625
Policy: qmap
Total accesses: 1000000
Hits: 996695
Misses: 3305
Hit rate: 99.67%
Migrations: 3177
NVM reads: 1764
NVM writes: 1541
Weighted access cost: 1044321.00
Policy decisions: 3177
Total decision time: 10.293643s
Avg decision time: 3.240051 ms
Candidate filter decisions: 3177
Candidate B_t range: 64..64
Retained K_t range: 8..8
Avg candidate filter time: 0.392284 ms
ended_unix=1785046163.7905164
exit_code=0
