command=/home/likc/.conda/envs/capd/bin/python3 qmap/qmap_train.py --config /home/likc/Q-former-for-OS/dataset/jsonl/finals_v3_official/stage5_sensitivity/sensitivity_L512/streamcluster_pressure/resolved_config.json --selector_params /home/likc/Q-former-for-OS/dataset/jsonl/finals_v3_official/stage5_sensitivity/sensitivity_L512/streamcluster_pressure/selector_params.json --train_data /home/likc/Q-former-for-OS/dataset/jsonl/finals_v3_official/stage5_sensitivity/sensitivity_L512/streamcluster_pressure/train.jsonl --valid_data /home/likc/Q-former-for-OS/dataset/jsonl/finals_v3_official/stage5_sensitivity/sensitivity_L512/streamcluster_pressure/valid.jsonl --output_dir /home/likc/Q-former-for-OS/outputs/checkpoints/finals_v3_official/stage5_sensitivity/sensitivity_L512/streamcluster_pressure/seed_3136859 --seed 3136859
started_unix=1784865852.35364
QMAP training: train=/home/likc/Q-former-for-OS/dataset/jsonl/finals_v3_official/stage5_sensitivity/sensitivity_L512/streamcluster_pressure/train.jsonl valid=/home/likc/Q-former-for-OS/dataset/jsonl/finals_v3_official/stage5_sensitivity/sensitivity_L512/streamcluster_pressure/valid.jsonl samples=8690/2835 device=cpu
epoch=1/10 iter=1 loss=-0.000000
epoch=1/10 iter=100 loss=-0.048948
epoch=1/10 iter=200 loss=-0.025171
epoch=1/10 train_loss=-0.072132 valid_loss=-0.074926
epoch=2/10 iter=300 loss=-0.087956
epoch=2/10 iter=400 loss=-0.121638
epoch=2/10 iter=500 loss=-0.121983
epoch=2/10 train_loss=-0.085868 valid_loss=-0.079154
epoch=3/10 iter=600 loss=-0.123582
epoch=3/10 iter=700 loss=-0.124060
epoch=3/10 iter=800 loss=-0.124373
epoch=3/10 train_loss=-0.088080 valid_loss=-0.079447
epoch=4/10 iter=900 loss=-0.062166
epoch=4/10 iter=1000 loss=-0.062286
epoch=4/10 train_loss=-0.088719 valid_loss=-0.079839
epoch=5/10 iter=1100 loss=-0.155922
epoch=5/10 iter=1200 loss=-0.124813
epoch=5/10 iter=1300 loss=-0.062440
epoch=5/10 train_loss=-0.088909 valid_loss=-0.079937
epoch=6/10 iter=1400 loss=-0.124914
epoch=6/10 iter=1500 loss=-0.062420
epoch=6/10 iter=1600 loss=-0.062414
epoch=6/10 train_loss=-0.088892 valid_loss=-0.079996
epoch=7/10 iter=1700 loss=-0.187316
epoch=7/10 iter=1800 loss=-0.062466
epoch=7/10 iter=1900 loss=-0.124928
epoch=7/10 train_loss=-0.089009 valid_loss=-0.080056
epoch=8/10 iter=2000 loss=-0.093689
epoch=8/10 iter=2100 loss=-0.062425
epoch=8/10 train_loss=-0.089133 valid_loss=-0.080073
epoch=9/10 iter=2200 loss=-0.093711
epoch=9/10 iter=2300 loss=-0.124756
epoch=9/10 iter=2400 loss=-0.062358
epoch=9/10 train_loss=-0.089240 valid_loss=-0.080102
epoch=10/10 iter=2500 loss=-0.000000
epoch=10/10 iter=2600 loss=-0.062475
epoch=10/10 iter=2700 loss=-0.124937
epoch=10/10 train_loss=-0.089161 valid_loss=-0.080103
Training finished. best=/home/likc/Q-former-for-OS/outputs/checkpoints/finals_v3_official/stage5_sensitivity/sensitivity_L512/streamcluster_pressure/seed_3136859/qmap_best.pth last=/home/likc/Q-former-for-OS/outputs/checkpoints/finals_v3_official/stage5_sensitivity/sensitivity_L512/streamcluster_pressure/seed_3136859/qmap_last.pth
/home/likc/.conda/envs/capd/lib/python3.7/site-packages/torch/cuda/__init__.py:88: UserWarning: CUDA initialization: Unexpected error from cudaGetDeviceCount(). Did you run some cuda functions before calling NumCudaDevices() that might have already set an error? Error 804: forward compatibility was attempted on non supported HW (Triggered internally at ../c10/cuda/CUDAFunctions.cpp:109.)
  return torch._C._cuda_getDeviceCount() > 0
/home/likc/.conda/envs/capd/lib/python3.7/site-packages/torch/nn/modules/module.py:1433: UserWarning: Positional args are being deprecated, use kwargs instead. Refer to https://pytorch.org/docs/master/generated/torch.nn.Module.html#torch.nn.Module.state_dict for details.
  "Positional args are being deprecated, use kwargs instead. Refer to "
/home/likc/.conda/envs/capd/lib/python3.7/site-packages/torch/nn/modules/module.py:1433: UserWarning: Positional args are being deprecated, use kwargs instead. Refer to https://pytorch.org/docs/master/generated/torch.nn.Module.html#torch.nn.Module.state_dict for details.
  "Positional args are being deprecated, use kwargs instead. Refer to "
/home/likc/.conda/envs/capd/lib/python3.7/site-packages/torch/nn/modules/module.py:1433: UserWarning: Positional args are being deprecated, use kwargs instead. Refer to https://pytorch.org/docs/master/generated/torch.nn.Module.html#torch.nn.Module.state_dict for details.
  "Positional args are being deprecated, use kwargs instead. Refer to "
/home/likc/.conda/envs/capd/lib/python3.7/site-packages/torch/nn/modules/module.py:1433: UserWarning: Positional args are being deprecated, use kwargs instead. Refer to https://pytorch.org/docs/master/generated/torch.nn.Module.html#torch.nn.Module.state_dict for details.
  "Positional args are being deprecated, use kwargs instead. Refer to "
/home/likc/.conda/envs/capd/lib/python3.7/site-packages/torch/nn/modules/module.py:1433: UserWarning: Positional args are being deprecated, use kwargs instead. Refer to https://pytorch.org/docs/master/generated/torch.nn.Module.html#torch.nn.Module.state_dict for details.
  "Positional args are being deprecated, use kwargs instead. Refer to "
/home/likc/.conda/envs/capd/lib/python3.7/site-packages/torch/nn/modules/module.py:1433: UserWarning: Positional args are being deprecated, use kwargs instead. Refer to https://pytorch.org/docs/master/generated/torch.nn.Module.html#torch.nn.Module.state_dict for details.
  "Positional args are being deprecated, use kwargs instead. Refer to "
/home/likc/.conda/envs/capd/lib/python3.7/site-packages/torch/nn/modules/module.py:1433: UserWarning: Positional args are being deprecated, use kwargs instead. Refer to https://pytorch.org/docs/master/generated/torch.nn.Module.html#torch.nn.Module.state_dict for details.
  "Positional args are being deprecated, use kwargs instead. Refer to "
/home/likc/.conda/envs/capd/lib/python3.7/site-packages/torch/nn/modules/module.py:1433: UserWarning: Positional args are being deprecated, use kwargs instead. Refer to https://pytorch.org/docs/master/generated/torch.nn.Module.html#torch.nn.Module.state_dict for details.
  "Positional args are being deprecated, use kwargs instead. Refer to "
/home/likc/.conda/envs/capd/lib/python3.7/site-packages/torch/nn/modules/module.py:1433: UserWarning: Positional args are being deprecated, use kwargs instead. Refer to https://pytorch.org/docs/master/generated/torch.nn.Module.html#torch.nn.Module.state_dict for details.
  "Positional args are being deprecated, use kwargs instead. Refer to "
/home/likc/.conda/envs/capd/lib/python3.7/site-packages/torch/nn/modules/module.py:1433: UserWarning: Positional args are being deprecated, use kwargs instead. Refer to https://pytorch.org/docs/master/generated/torch.nn.Module.html#torch.nn.Module.state_dict for details.
  "Positional args are being deprecated, use kwargs instead. Refer to "
ended_unix=1784865929.8552923
exit_code=0
