command=/home/likc/.conda/envs/capd/bin/python3 qmap/qmap_train.py --config /home/likc/Q-former-for-OS/dataset/jsonl/capd_post_stage6_optimization/opt_L512/streamcluster_pressure/resolved_config.json --selector_params /home/likc/Q-former-for-OS/dataset/jsonl/capd_post_stage6_optimization/opt_L512/streamcluster_pressure/selector_params.json --train_data /home/likc/Q-former-for-OS/dataset/jsonl/capd_post_stage6_optimization/opt_L512/streamcluster_pressure/train.jsonl --valid_data /home/likc/Q-former-for-OS/dataset/jsonl/capd_post_stage6_optimization/opt_L512/streamcluster_pressure/valid.jsonl --output_dir /home/likc/Q-former-for-OS/outputs/checkpoints/capd_post_stage6_optimization/o2/streamcluster_pressure/opt_L512/seed_3136859 --seed 3136859 --save_every_epoch
started_unix=1785075649.3644862
QMAP training: train=/home/likc/Q-former-for-OS/dataset/jsonl/capd_post_stage6_optimization/opt_L512/streamcluster_pressure/train.jsonl valid=/home/likc/Q-former-for-OS/dataset/jsonl/capd_post_stage6_optimization/opt_L512/streamcluster_pressure/valid.jsonl samples=8690/2835 device=cuda
epoch=1/10 iter=1 loss=-0.000000
epoch=1/10 iter=100 loss=-0.048948
epoch=1/10 iter=200 loss=-0.025120
epoch=1/10 train_loss=-0.071840 valid_loss=-0.074282
epoch=2/10 iter=300 loss=-0.088369
epoch=2/10 iter=400 loss=-0.121631
epoch=2/10 iter=500 loss=-0.122000
epoch=2/10 train_loss=-0.085652 valid_loss=-0.078880
epoch=3/10 iter=600 loss=-0.122949
epoch=3/10 iter=700 loss=-0.124054
epoch=3/10 iter=800 loss=-0.123981
epoch=3/10 train_loss=-0.088053 valid_loss=-0.079504
epoch=4/10 iter=900 loss=-0.062071
epoch=4/10 iter=1000 loss=-0.062240
epoch=4/10 train_loss=-0.088666 valid_loss=-0.079801
epoch=5/10 iter=1100 loss=-0.155777
epoch=5/10 iter=1200 loss=-0.124679
epoch=5/10 iter=1300 loss=-0.062403
epoch=5/10 train_loss=-0.088870 valid_loss=-0.079823
epoch=6/10 iter=1400 loss=-0.124871
epoch=6/10 iter=1500 loss=-0.062420
epoch=6/10 iter=1600 loss=-0.062465
epoch=6/10 train_loss=-0.088880 valid_loss=-0.079942
epoch=7/10 iter=1700 loss=-0.187385
epoch=7/10 iter=1800 loss=-0.062436
epoch=7/10 iter=1900 loss=-0.124925
epoch=7/10 train_loss=-0.089009 valid_loss=-0.080042
epoch=8/10 iter=2000 loss=-0.093654
epoch=8/10 iter=2100 loss=-0.062423
epoch=8/10 train_loss=-0.089098 valid_loss=-0.080005
epoch=9/10 iter=2200 loss=-0.093713
epoch=9/10 iter=2300 loss=-0.124746
epoch=9/10 iter=2400 loss=-0.062366
epoch=9/10 train_loss=-0.089235 valid_loss=-0.080103
epoch=10/10 iter=2500 loss=-0.000000
epoch=10/10 iter=2600 loss=-0.062483
epoch=10/10 iter=2700 loss=-0.124945
epoch=10/10 train_loss=-0.089159 valid_loss=-0.080106
Training finished. best=/home/likc/Q-former-for-OS/outputs/checkpoints/capd_post_stage6_optimization/o2/streamcluster_pressure/opt_L512/seed_3136859/qmap_best.pth last=/home/likc/Q-former-for-OS/outputs/checkpoints/capd_post_stage6_optimization/o2/streamcluster_pressure/opt_L512/seed_3136859/qmap_last.pth
/home/likc/.conda/envs/capd/lib/python3.7/site-packages/torch/nn/modules/module.py:1433: UserWarning: Positional args are being deprecated, use kwargs instead. Refer to https://pytorch.org/docs/master/generated/torch.nn.Module.html#torch.nn.Module.state_dict for details.
  "Positional args are being deprecated, use kwargs instead. Refer to "
/home/likc/.conda/envs/capd/lib/python3.7/site-packages/torch/nn/modules/module.py:1433: UserWarning: Positional args are being deprecated, use kwargs instead. Refer to https://pytorch.org/docs/master/generated/torch.nn.Module.html#torch.nn.Module.state_dict for details.
  "Positional args are being deprecated, use kwargs instead. Refer to "
/home/likc/.conda/envs/capd/lib/python3.7/site-packages/torch/nn/modules/module.py:1433: UserWarning: Positional args are being deprecated, use kwargs instead. Refer to https://pytorch.org/docs/master/generated/torch.nn.Module.html#torch.nn.Module.state_dict for details.
  "Positional args are being deprecated, use kwargs instead. Refer to "
/home/likc/.conda/envs/capd/lib/python3.7/site-packages/torch/nn/modules/module.py:1433: UserWarning: Positional args are being deprecated, use kwargs instead. Refer to https://pytorch.org/docs/master/generated/torch.nn.Module.html#torch.nn.Module.state_dict for details.
  "Positional args are being deprecated, use kwargs instead. Refer to "
/home/likc/.conda/envs/capd/lib/python3.7/site-packages/torch/nn/modules/module.py:1433: UserWarning: Positional args are being deprecated, use kwargs instead. Refer to https://pytorch.org/docs/master/generated/torch.nn.Module.html#torch.nn.Module.state_dict for details.
  "Positional args are being deprecated, use kwargs instead. Refer to "
/home/likc/.conda/envs/capd/lib/python3.7/site-packages/torch/nn/modules/module.py:1433: UserWarning: Positional args are being deprecated, use kwargs instead. Refer to https://pytorch.org/docs/master/generated/torch.nn.Module.html#torch.nn.Module.state_dict for details.
  "Positional args are being deprecated, use kwargs instead. Refer to "
/home/likc/.conda/envs/capd/lib/python3.7/site-packages/torch/nn/modules/module.py:1433: UserWarning: Positional args are being deprecated, use kwargs instead. Refer to https://pytorch.org/docs/master/generated/torch.nn.Module.html#torch.nn.Module.state_dict for details.
  "Positional args are being deprecated, use kwargs instead. Refer to "
/home/likc/.conda/envs/capd/lib/python3.7/site-packages/torch/nn/modules/module.py:1433: UserWarning: Positional args are being deprecated, use kwargs instead. Refer to https://pytorch.org/docs/master/generated/torch.nn.Module.html#torch.nn.Module.state_dict for details.
  "Positional args are being deprecated, use kwargs instead. Refer to "
/home/likc/.conda/envs/capd/lib/python3.7/site-packages/torch/nn/modules/module.py:1433: UserWarning: Positional args are being deprecated, use kwargs instead. Refer to https://pytorch.org/docs/master/generated/torch.nn.Module.html#torch.nn.Module.state_dict for details.
  "Positional args are being deprecated, use kwargs instead. Refer to "
/home/likc/.conda/envs/capd/lib/python3.7/site-packages/torch/nn/modules/module.py:1433: UserWarning: Positional args are being deprecated, use kwargs instead. Refer to https://pytorch.org/docs/master/generated/torch.nn.Module.html#torch.nn.Module.state_dict for details.
  "Positional args are being deprecated, use kwargs instead. Refer to "
ended_unix=1785075718.948444
exit_code=0
