command=/home/likc/.conda/envs/capd/bin/python3 qmap/qmap_eval.py --config /home/likc/Q-former-for-OS/dataset/jsonl/finals_v3_official/stage5_ablation/selector_drop_A/canneal/resolved_config.json --selector_params /home/likc/Q-former-for-OS/dataset/jsonl/finals_v3_official/stage5_ablation/selector_drop_A/canneal/selector_params.json --policy qmap --checkpoint /home/likc/Q-former-for-OS/outputs/checkpoints/finals_v3_official/stage5_ablation/selector_drop_A/canneal/seed_42/qmap_best.pth --json_output /home/likc/Q-former-for-OS/outputs/results/finals_v3_official/stage5_ablation/raw/selector_drop_A/canneal/seed_42.json
started_unix=1784803050.1432738
Policy: qmap
Total accesses: 200000
Hits: 197400
Misses: 2600
Hit rate: 98.70%
Migrations: 2536
NVM reads: 2584
NVM writes: 16
Weighted access cost: 228056.00
Policy decisions: 2536
Total decision time: 8.884843s
Avg decision time: 3.503487 ms
Candidate filter decisions: 2536
Candidate B_t range: 64..64
Retained K_t range: 8..8
Avg candidate filter time: 0.435579 ms
ended_unix=1784803073.0703816
exit_code=0
