command=/home/likc/.conda/envs/capd/bin/python3 qmap/qmap_eval.py --config /home/likc/Q-former-for-OS/dataset/jsonl/finals_v3_official/stage5_ablation/selector_drop_A/canneal/resolved_config.json --selector_params /home/likc/Q-former-for-OS/dataset/jsonl/finals_v3_official/stage5_ablation/selector_drop_A/canneal/selector_params.json --policy qmap --checkpoint /home/likc/Q-former-for-OS/outputs/checkpoints/finals_v3_official/stage5_ablation/selector_drop_A/canneal/seed_2026/qmap_best.pth --json_output /home/likc/Q-former-for-OS/outputs/results/finals_v3_official/stage5_ablation/raw/selector_drop_A/canneal/seed_2026.json
started_unix=1784803138.7516475
Policy: qmap
Total accesses: 200000
Hits: 196965
Misses: 3035
Hit rate: 98.48%
Migrations: 2971
NVM reads: 3019
NVM writes: 16
Weighted access cost: 232841.00
Policy decisions: 2971
Total decision time: 10.054152s
Avg decision time: 3.384097 ms
Candidate filter decisions: 2971
Candidate B_t range: 64..64
Retained K_t range: 8..8
Avg candidate filter time: 0.414235 ms
ended_unix=1784803162.2675774
exit_code=0
