command=/home/likc/.conda/envs/capd/bin/python3 qmap/qmap_eval.py --config /home/likc/Q-former-for-OS/dataset/jsonl/finals_v3_official/stage5_sensitivity/sensitivity_K16/dedup_pressure/resolved_config.json --selector_params /home/likc/Q-former-for-OS/dataset/jsonl/finals_v3_official/stage5_sensitivity/sensitivity_K16/dedup_pressure/selector_params.json --policy qmap --checkpoint /home/likc/Q-former-for-OS/outputs/checkpoints/finals_v3_official/stage5_sensitivity/sensitivity_K16/dedup_pressure/seed_3136859/qmap_best.pth --json_output /home/likc/Q-former-for-OS/outputs/results/finals_v3_official/stage5_sensitivity/raw/sensitivity_K16/dedup_pressure/seed_3136859.json
started_unix=1784861510.9234798
/home/likc/.conda/envs/capd/lib/python3.7/site-packages/torch/cuda/__init__.py:88: UserWarning: CUDA initialization: Unexpected error from cudaGetDeviceCount(). Did you run some cuda functions before calling NumCudaDevices() that might have already set an error? Error 804: forward compatibility was attempted on non supported HW (Triggered internally at ../c10/cuda/CUDAFunctions.cpp:109.)
  return torch._C._cuda_getDeviceCount() > 0
Policy: qmap
Total accesses: 1000000
Hits: 996680
Misses: 3320
Hit rate: 99.67%
Migrations: 3256
NVM reads: 1774
NVM writes: 1546
Weighted access cost: 1045156.00
Policy decisions: 3256
Total decision time: 10.378021s
Avg decision time: 3.187353 ms
Candidate filter decisions: 3256
Candidate B_t range: 64..64
Retained K_t range: 16..16
Avg candidate filter time: 0.775548 ms
ended_unix=1784861564.9030538
exit_code=0
