command=/home/likc/.conda/envs/capd/bin/python3 qmap/qmap_train.py --config /home/likc/Q-former-for-OS/dataset/jsonl/capd_bridge_diagnostic/legacy_current_selector_D16_B16K8/resolved_config.json --selector_params /home/likc/Q-former-for-OS/dataset/jsonl/capd_bridge_diagnostic/legacy_current_selector_D16_B16K8/selector_params.json --train_data /home/likc/Q-former-for-OS/dataset/jsonl/capd_bridge_diagnostic/legacy_current_selector_D16_B16K8/train.jsonl --valid_data /home/likc/Q-former-for-OS/dataset/jsonl/capd_bridge_diagnostic/legacy_current_selector_D16_B16K8/valid.jsonl --output_dir /home/likc/Q-former-for-OS/outputs/checkpoints/capd_bridge_diagnostic/legacy_current_selector_D16_B16K8/seed_42 --seed 42
started_unix=1785058203.4643066
QMAP training: train=/home/likc/Q-former-for-OS/dataset/jsonl/capd_bridge_diagnostic/legacy_current_selector_D16_B16K8/train.jsonl valid=/home/likc/Q-former-for-OS/dataset/jsonl/capd_bridge_diagnostic/legacy_current_selector_D16_B16K8/valid.jsonl samples=12486/4706 device=cuda
epoch=1/10 iter=1 loss=-0.650808
epoch=1/10 iter=100 loss=-0.728283
epoch=1/10 iter=200 loss=-0.842754
epoch=1/10 iter=300 loss=-0.864482
epoch=1/10 train_loss=-0.798550 valid_loss=-0.898575
epoch=2/10 iter=400 loss=-0.900611
epoch=2/10 iter=500 loss=-0.932595
epoch=2/10 iter=600 loss=-0.921787
epoch=2/10 iter=700 loss=-0.941296
epoch=2/10 train_loss=-0.920391 valid_loss=-0.928859
epoch=3/10 iter=800 loss=-0.933874
epoch=3/10 iter=900 loss=-0.914462
epoch=3/10 iter=1000 loss=-0.925559
epoch=3/10 iter=1100 loss=-0.926729
epoch=3/10 train_loss=-0.934490 valid_loss=-0.934871
epoch=4/10 iter=1200 loss=-0.940729
epoch=4/10 iter=1300 loss=-0.937280
epoch=4/10 iter=1400 loss=-0.937555
epoch=4/10 iter=1500 loss=-0.932198
epoch=4/10 train_loss=-0.937747 valid_loss=-0.936282
epoch=5/10 iter=1600 loss=-0.921404
epoch=5/10 iter=1700 loss=-0.952356
epoch=5/10 iter=1800 loss=-0.927248
epoch=5/10 iter=1900 loss=-0.918493
epoch=5/10 train_loss=-0.939273 valid_loss=-0.937029
epoch=6/10 iter=2000 loss=-0.951649
epoch=6/10 iter=2100 loss=-0.934364
epoch=6/10 iter=2200 loss=-0.935540
epoch=6/10 iter=2300 loss=-0.931632
epoch=6/10 train_loss=-0.940347 valid_loss=-0.939164
epoch=7/10 iter=2400 loss=-0.927703
epoch=7/10 iter=2500 loss=-0.946424
epoch=7/10 iter=2600 loss=-0.946299
epoch=7/10 iter=2700 loss=-0.939400
epoch=7/10 train_loss=-0.941936 valid_loss=-0.941697
epoch=8/10 iter=2800 loss=-0.956744
epoch=8/10 iter=2900 loss=-0.938660
epoch=8/10 iter=3000 loss=-0.940345
epoch=8/10 iter=3100 loss=-0.950407
epoch=8/10 train_loss=-0.946867 valid_loss=-0.952237
epoch=9/10 iter=3200 loss=-0.961361
epoch=9/10 iter=3300 loss=-0.925818
epoch=9/10 iter=3400 loss=-0.946719
epoch=9/10 iter=3500 loss=-0.956316
epoch=9/10 train_loss=-0.954481 valid_loss=-0.957060
epoch=10/10 iter=3600 loss=-0.950163
epoch=10/10 iter=3700 loss=-0.947902
epoch=10/10 iter=3800 loss=-0.968106
epoch=10/10 iter=3900 loss=-0.971785
epoch=10/10 train_loss=-0.956223 valid_loss=-0.958098
Training finished. best=/home/likc/Q-former-for-OS/outputs/checkpoints/capd_bridge_diagnostic/legacy_current_selector_D16_B16K8/seed_42/qmap_best.pth last=/home/likc/Q-former-for-OS/outputs/checkpoints/capd_bridge_diagnostic/legacy_current_selector_D16_B16K8/seed_42/qmap_last.pth
/home/likc/.conda/envs/capd/lib/python3.7/site-packages/torch/nn/modules/module.py:1433: UserWarning: Positional args are being deprecated, use kwargs instead. Refer to https://pytorch.org/docs/master/generated/torch.nn.Module.html#torch.nn.Module.state_dict for details.
  "Positional args are being deprecated, use kwargs instead. Refer to "
/home/likc/.conda/envs/capd/lib/python3.7/site-packages/torch/nn/modules/module.py:1433: UserWarning: Positional args are being deprecated, use kwargs instead. Refer to https://pytorch.org/docs/master/generated/torch.nn.Module.html#torch.nn.Module.state_dict for details.
  "Positional args are being deprecated, use kwargs instead. Refer to "
/home/likc/.conda/envs/capd/lib/python3.7/site-packages/torch/nn/modules/module.py:1433: UserWarning: Positional args are being deprecated, use kwargs instead. Refer to https://pytorch.org/docs/master/generated/torch.nn.Module.html#torch.nn.Module.state_dict for details.
  "Positional args are being deprecated, use kwargs instead. Refer to "
/home/likc/.conda/envs/capd/lib/python3.7/site-packages/torch/nn/modules/module.py:1433: UserWarning: Positional args are being deprecated, use kwargs instead. Refer to https://pytorch.org/docs/master/generated/torch.nn.Module.html#torch.nn.Module.state_dict for details.
  "Positional args are being deprecated, use kwargs instead. Refer to "
/home/likc/.conda/envs/capd/lib/python3.7/site-packages/torch/nn/modules/module.py:1433: UserWarning: Positional args are being deprecated, use kwargs instead. Refer to https://pytorch.org/docs/master/generated/torch.nn.Module.html#torch.nn.Module.state_dict for details.
  "Positional args are being deprecated, use kwargs instead. Refer to "
/home/likc/.conda/envs/capd/lib/python3.7/site-packages/torch/nn/modules/module.py:1433: UserWarning: Positional args are being deprecated, use kwargs instead. Refer to https://pytorch.org/docs/master/generated/torch.nn.Module.html#torch.nn.Module.state_dict for details.
  "Positional args are being deprecated, use kwargs instead. Refer to "
/home/likc/.conda/envs/capd/lib/python3.7/site-packages/torch/nn/modules/module.py:1433: UserWarning: Positional args are being deprecated, use kwargs instead. Refer to https://pytorch.org/docs/master/generated/torch.nn.Module.html#torch.nn.Module.state_dict for details.
  "Positional args are being deprecated, use kwargs instead. Refer to "
/home/likc/.conda/envs/capd/lib/python3.7/site-packages/torch/nn/modules/module.py:1433: UserWarning: Positional args are being deprecated, use kwargs instead. Refer to https://pytorch.org/docs/master/generated/torch.nn.Module.html#torch.nn.Module.state_dict for details.
  "Positional args are being deprecated, use kwargs instead. Refer to "
/home/likc/.conda/envs/capd/lib/python3.7/site-packages/torch/nn/modules/module.py:1433: UserWarning: Positional args are being deprecated, use kwargs instead. Refer to https://pytorch.org/docs/master/generated/torch.nn.Module.html#torch.nn.Module.state_dict for details.
  "Positional args are being deprecated, use kwargs instead. Refer to "
/home/likc/.conda/envs/capd/lib/python3.7/site-packages/torch/nn/modules/module.py:1433: UserWarning: Positional args are being deprecated, use kwargs instead. Refer to https://pytorch.org/docs/master/generated/torch.nn.Module.html#torch.nn.Module.state_dict for details.
  "Positional args are being deprecated, use kwargs instead. Refer to "
ended_unix=1785058302.6107438
exit_code=0
