QMAP training configuration:
  train_data path: dataset/jsonl/real_ablation/streamcluster_pressure/no_cost/parsec_streamcluster_train.jsonl
  number of training samples: 12501
  batch_size: 32
  epochs: 10
  learning rate: 0.0001
  weight decay: 0.0
  device: cuda
  ablation: no_cost
  qformer: use=False queries=4 layers=1 heads=2 dropout=0.0
  extractor pooling_strategy: none
  scorer scoring_input: context
  loss weights: inactivity=1.0 coldness=1.0 write_sensitivity=4.0 migration_cost=2.0
Epoch [1/10] iter=1 loss=-0.587937
Epoch [1/10] iter=100 loss=-0.627180
Epoch [1/10] iter=200 loss=-0.683750
Epoch [1/10] iter=300 loss=-0.743630
Epoch [1/10] avg_loss=-0.684006
Saved checkpoint: outputs/checkpoints/real_ablation/streamcluster_pressure/no_cost/qmap_epoch_1.pth
Epoch [2/10] iter=392 loss=-0.750014
Epoch [2/10] iter=400 loss=-0.737744
Epoch [2/10] iter=500 loss=-0.762456
Epoch [2/10] iter=600 loss=-0.774931
Epoch [2/10] iter=700 loss=-0.782891
Epoch [2/10] avg_loss=-0.776360
Saved checkpoint: outputs/checkpoints/real_ablation/streamcluster_pressure/no_cost/qmap_epoch_2.pth
Epoch [3/10] iter=783 loss=-0.808031
Epoch [3/10] iter=800 loss=-0.811579
Epoch [3/10] iter=900 loss=-0.786135
Epoch [3/10] iter=1000 loss=-0.805857
Epoch [3/10] iter=1100 loss=-0.810347
Epoch [3/10] avg_loss=-0.805990
Saved checkpoint: outputs/checkpoints/real_ablation/streamcluster_pressure/no_cost/qmap_epoch_3.pth
Epoch [4/10] iter=1174 loss=-0.784978
Epoch [4/10] iter=1200 loss=-0.805465
Epoch [4/10] iter=1300 loss=-0.818876
Epoch [4/10] iter=1400 loss=-0.821653
Epoch [4/10] iter=1500 loss=-0.815004
Epoch [4/10] avg_loss=-0.810575
Saved checkpoint: outputs/checkpoints/real_ablation/streamcluster_pressure/no_cost/qmap_epoch_4.pth
Epoch [5/10] iter=1565 loss=-0.797773
Epoch [5/10] iter=1600 loss=-0.803356
Epoch [5/10] iter=1700 loss=-0.780132
Epoch [5/10] iter=1800 loss=-0.821363
Epoch [5/10] iter=1900 loss=-0.823725
Epoch [5/10] avg_loss=-0.813030
Saved checkpoint: outputs/checkpoints/real_ablation/streamcluster_pressure/no_cost/qmap_epoch_5.pth
Epoch [6/10] iter=1956 loss=-0.790961
Epoch [6/10] iter=2000 loss=-0.810071
Epoch [6/10] iter=2100 loss=-0.815272
Epoch [6/10] iter=2200 loss=-0.818683
Epoch [6/10] iter=2300 loss=-0.826438
Epoch [6/10] avg_loss=-0.814718
Saved checkpoint: outputs/checkpoints/real_ablation/streamcluster_pressure/no_cost/qmap_epoch_6.pth
Epoch [7/10] iter=2347 loss=-0.821107
Epoch [7/10] iter=2400 loss=-0.813580
Epoch [7/10] iter=2500 loss=-0.802226
Epoch [7/10] iter=2600 loss=-0.821943
Epoch [7/10] iter=2700 loss=-0.818443
Epoch [7/10] avg_loss=-0.815500
Saved checkpoint: outputs/checkpoints/real_ablation/streamcluster_pressure/no_cost/qmap_epoch_7.pth
Epoch [8/10] iter=2738 loss=-0.817322
Epoch [8/10] iter=2800 loss=-0.824651
Epoch [8/10] iter=2900 loss=-0.825371
Epoch [8/10] iter=3000 loss=-0.818909
Epoch [8/10] iter=3100 loss=-0.819996
Epoch [8/10] avg_loss=-0.816257
Saved checkpoint: outputs/checkpoints/real_ablation/streamcluster_pressure/no_cost/qmap_epoch_8.pth
Epoch [9/10] iter=3129 loss=-0.826981
Epoch [9/10] iter=3200 loss=-0.798173
Epoch [9/10] iter=3300 loss=-0.826957
Epoch [9/10] iter=3400 loss=-0.825491
Epoch [9/10] iter=3500 loss=-0.812574
Epoch [9/10] avg_loss=-0.816773
Saved checkpoint: outputs/checkpoints/real_ablation/streamcluster_pressure/no_cost/qmap_epoch_9.pth
Epoch [10/10] iter=3520 loss=-0.803777
Epoch [10/10] iter=3600 loss=-0.817878
Epoch [10/10] iter=3700 loss=-0.815495
Epoch [10/10] iter=3800 loss=-0.824685
Epoch [10/10] iter=3900 loss=-0.818290
Epoch [10/10] avg_loss=-0.817156
Saved checkpoint: outputs/checkpoints/real_ablation/streamcluster_pressure/no_cost/qmap_epoch_10.pth
Training finished.
/home/likc/.conda/envs/qmap/lib/python3.7/site-packages/torch/nn/modules/module.py:1433: UserWarning: Positional args are being deprecated, use kwargs instead. Refer to https://pytorch.org/docs/master/generated/torch.nn.Module.html#torch.nn.Module.state_dict for details.
  "Positional args are being deprecated, use kwargs instead. Refer to "
