command=/home/likc/.conda/envs/capd/bin/python3 qmap/qmap_eval.py --config /home/likc/Q-former-for-OS/dataset/jsonl/finals_v3_official/stage6_capacity/capacity_D256/canneal/resolved_config.json --selector_params /home/likc/Q-former-for-OS/dataset/jsonl/finals_v3_official/stage6_capacity/capacity_D256/canneal/selector_params.json --policy qmap --checkpoint /home/likc/Q-former-for-OS/outputs/checkpoints/finals_v3_official/stage6_capacity/capacity_D256/canneal/seed_2026/qmap_best.pth --json_output /home/likc/Q-former-for-OS/outputs/results/finals_v3_official/stage6_capacity/raw/capacity_D256/canneal/qmap/seed_2026.json
started_unix=1785046533.5482745
Policy: qmap
Total accesses: 200000
Hits: 198444
Misses: 1556
Hit rate: 99.22%
Migrations: 1300
NVM reads: 1541
NVM writes: 15
Weighted access cost: 214646.00
Policy decisions: 1300
Total decision time: 4.368406s
Avg decision time: 3.360313 ms
Candidate filter decisions: 1300
Candidate B_t range: 64..64
Retained K_t range: 8..8
Avg candidate filter time: 0.391690 ms
ended_unix=1785046550.3374665
exit_code=0
