command=/home/likc/.conda/envs/capd/bin/python3 qmap/qmap_eval.py --config /home/likc/Q-former-for-OS/dataset/jsonl/finals_v3_official/stage6_capacity/capacity_D256/canneal/resolved_config.json --selector_params /home/likc/Q-former-for-OS/dataset/jsonl/finals_v3_official/stage6_capacity/capacity_D256/canneal/selector_params.json --policy qmap --checkpoint /home/likc/Q-former-for-OS/outputs/checkpoints/finals_v3_official/stage6_capacity/capacity_D256/canneal/seed_42/qmap_best.pth --json_output /home/likc/Q-former-for-OS/outputs/results/finals_v3_official/stage6_capacity/raw/capacity_D256/canneal/qmap/seed_42.json
started_unix=1785046481.7246516
Policy: qmap
Total accesses: 200000
Hits: 198443
Misses: 1557
Hit rate: 99.22%
Migrations: 1301
NVM reads: 1542
NVM writes: 15
Weighted access cost: 214657.00
Policy decisions: 1301
Total decision time: 4.539922s
Avg decision time: 3.489563 ms
Candidate filter decisions: 1301
Candidate B_t range: 64..64
Retained K_t range: 8..8
Avg candidate filter time: 0.390304 ms
ended_unix=1785046498.7631419
exit_code=0
