command=/home/likc/.conda/envs/capd/bin/python3 qmap/qmap_eval.py --config /home/likc/Q-former-for-OS/dataset/jsonl/finals_v3_official/dedup_pressure/B64/resolved_config.json --selector_params /home/likc/Q-former-for-OS/dataset/jsonl/finals_v3_official/dedup_pressure/B64/selector_params.json --policy qmap --checkpoint /home/likc/Q-former-for-OS/outputs/checkpoints/finals_v3_official/stage4_reranker/dedup_pressure/seed_2026/qmap_best.pth --json_output /home/likc/Q-former-for-OS/outputs/results/finals_v3_official/stage5_main/raw/dedup_pressure/qmap/seed_2026.json
started_unix=1784800265.8071928
Policy: qmap
Total accesses: 1000000
Hits: 996652
Misses: 3348
Hit rate: 99.67%
Migrations: 3284
NVM reads: 1807
NVM writes: 1541
Weighted access cost: 1045434.00
Policy decisions: 3284
Total decision time: 10.947015s
Avg decision time: 3.333440 ms
Candidate filter decisions: 3284
Candidate B_t range: 64..64
Retained K_t range: 8..8
Avg candidate filter time: 0.416079 ms
ended_unix=1784800313.424522
exit_code=0
