command=/home/likc/.conda/envs/capd/bin/python3 qmap/qmap_eval.py --config /home/likc/Q-former-for-OS/dataset/jsonl/finals_v3_official/dedup_pressure/B64/resolved_config.json --selector_params /home/likc/Q-former-for-OS/dataset/jsonl/finals_v3_official/dedup_pressure/B64/selector_params.json --policy qmap --checkpoint /home/likc/Q-former-for-OS/outputs/checkpoints/finals_v3_official/stage4_reranker/dedup_pressure/seed_42/qmap_best.pth --json_output /home/likc/Q-former-for-OS/outputs/results/finals_v3_official/stage5_main/raw/dedup_pressure/qmap/seed_42.json
started_unix=1784800217.9963684
Policy: qmap
Total accesses: 1000000
Hits: 996667
Misses: 3333
Hit rate: 99.67%
Migrations: 3269
NVM reads: 1791
NVM writes: 1542
Weighted access cost: 1045275.00
Policy decisions: 3269
Total decision time: 10.910043s
Avg decision time: 3.337425 ms
Candidate filter decisions: 3269
Candidate B_t range: 64..64
Retained K_t range: 8..8
Avg candidate filter time: 0.417731 ms
ended_unix=1784800265.803421
exit_code=0
