command=/home/likc/.conda/envs/capd/bin/python3 qmap/qmap_eval.py --config /home/likc/Q-former-for-OS/dataset/jsonl/finals_v3_official/dedup_pressure/B64/resolved_config.json --selector_params /home/likc/Q-former-for-OS/dataset/jsonl/finals_v3_official/dedup_pressure/B64/selector_params.json --policy qmap --checkpoint /home/likc/Q-former-for-OS/outputs/checkpoints/finals_v3_official/stage4_reranker/dedup_pressure/seed_3136859/qmap_best.pth --json_output /home/likc/Q-former-for-OS/outputs/results/finals_v3_official/stage5_main/raw/dedup_pressure/qmap/seed_3136859.json
started_unix=1784800170.7312207
Policy: qmap
Total accesses: 1000000
Hits: 996641
Misses: 3359
Hit rate: 99.66%
Migrations: 3295
NVM reads: 1818
NVM writes: 1541
Weighted access cost: 1045555.00
Policy decisions: 3295
Total decision time: 10.821336s
Avg decision time: 3.284169 ms
Candidate filter decisions: 3295
Candidate B_t range: 64..64
Retained K_t range: 8..8
Avg candidate filter time: 0.414858 ms
ended_unix=1784800217.9926324
exit_code=0
