command=/home/likc/.conda/envs/capd/bin/python3 qmap/qmap_train.py --config /home/likc/Q-former-for-OS/dataset/jsonl/capd_post_stage6_optimization/opt_B32_K16_L512/streamcluster_pressure/resolved_config.json --selector_params /home/likc/Q-former-for-OS/dataset/jsonl/capd_post_stage6_optimization/opt_B32_K16_L512/streamcluster_pressure/selector_params.json --train_data /home/likc/Q-former-for-OS/dataset/jsonl/capd_post_stage6_optimization/opt_B32_K16_L512/streamcluster_pressure/train.jsonl --valid_data /home/likc/Q-former-for-OS/dataset/jsonl/capd_post_stage6_optimization/opt_B32_K16_L512/streamcluster_pressure/valid.jsonl --output_dir /home/likc/Q-former-for-OS/outputs/checkpoints/capd_post_stage6_optimization/o3/streamcluster_pressure/opt_B32_K16_L512/seed_42 --seed 42 --save_every_epoch
started_unix=1785078592.3202453
QMAP training: train=/home/likc/Q-former-for-OS/dataset/jsonl/capd_post_stage6_optimization/opt_B32_K16_L512/streamcluster_pressure/train.jsonl valid=/home/likc/Q-former-for-OS/dataset/jsonl/capd_post_stage6_optimization/opt_B32_K16_L512/streamcluster_pressure/valid.jsonl samples=8690/2835 device=cuda
epoch=1/10 iter=1 loss=-0.172397
epoch=1/10 iter=100 loss=-0.155967
epoch=1/10 iter=200 loss=-0.150073
epoch=1/10 train_loss=-0.196321 valid_loss=-0.204345
epoch=2/10 iter=300 loss=-0.244447
epoch=2/10 iter=400 loss=-0.368208
epoch=2/10 iter=500 loss=-0.216647
epoch=2/10 train_loss=-0.217992 valid_loss=-0.208522
epoch=3/10 iter=600 loss=-0.248228
epoch=3/10 iter=700 loss=-0.186542
epoch=3/10 iter=800 loss=-0.217968
epoch=3/10 train_loss=-0.220115 valid_loss=-0.209351
epoch=4/10 iter=900 loss=-0.218118
epoch=4/10 iter=1000 loss=-0.155842
epoch=4/10 train_loss=-0.220600 valid_loss=-0.209653
epoch=5/10 iter=1100 loss=-0.280686
epoch=5/10 iter=1200 loss=-0.218384
epoch=5/10 iter=1300 loss=-0.249648
epoch=5/10 train_loss=-0.220998 valid_loss=-0.209847
epoch=6/10 iter=1400 loss=-0.187245
epoch=6/10 iter=1500 loss=-0.343352
epoch=6/10 iter=1600 loss=-0.156114
epoch=6/10 train_loss=-0.220933 valid_loss=-0.209978
epoch=7/10 iter=1700 loss=-0.093619
epoch=7/10 iter=1800 loss=-0.405929
epoch=7/10 iter=1900 loss=-0.405934
epoch=7/10 train_loss=-0.220909 valid_loss=-0.210047
epoch=8/10 iter=2000 loss=-0.312333
epoch=8/10 iter=2100 loss=-0.187371
epoch=8/10 train_loss=-0.221039 valid_loss=-0.210087
epoch=9/10 iter=2200 loss=-0.281094
epoch=9/10 iter=2300 loss=-0.281101
epoch=9/10 iter=2400 loss=-0.249813
epoch=9/10 train_loss=-0.221337 valid_loss=-0.210117
epoch=10/10 iter=2500 loss=-0.281092
epoch=10/10 iter=2600 loss=-0.187432
epoch=10/10 iter=2700 loss=-0.249918
epoch=10/10 train_loss=-0.221000 valid_loss=-0.210146
Training finished. best=/home/likc/Q-former-for-OS/outputs/checkpoints/capd_post_stage6_optimization/o3/streamcluster_pressure/opt_B32_K16_L512/seed_42/qmap_best.pth last=/home/likc/Q-former-for-OS/outputs/checkpoints/capd_post_stage6_optimization/o3/streamcluster_pressure/opt_B32_K16_L512/seed_42/qmap_last.pth
/home/likc/.conda/envs/capd/lib/python3.7/site-packages/torch/nn/modules/module.py:1433: UserWarning: Positional args are being deprecated, use kwargs instead. Refer to https://pytorch.org/docs/master/generated/torch.nn.Module.html#torch.nn.Module.state_dict for details.
  "Positional args are being deprecated, use kwargs instead. Refer to "
/home/likc/.conda/envs/capd/lib/python3.7/site-packages/torch/nn/modules/module.py:1433: UserWarning: Positional args are being deprecated, use kwargs instead. Refer to https://pytorch.org/docs/master/generated/torch.nn.Module.html#torch.nn.Module.state_dict for details.
  "Positional args are being deprecated, use kwargs instead. Refer to "
/home/likc/.conda/envs/capd/lib/python3.7/site-packages/torch/nn/modules/module.py:1433: UserWarning: Positional args are being deprecated, use kwargs instead. Refer to https://pytorch.org/docs/master/generated/torch.nn.Module.html#torch.nn.Module.state_dict for details.
  "Positional args are being deprecated, use kwargs instead. Refer to "
/home/likc/.conda/envs/capd/lib/python3.7/site-packages/torch/nn/modules/module.py:1433: UserWarning: Positional args are being deprecated, use kwargs instead. Refer to https://pytorch.org/docs/master/generated/torch.nn.Module.html#torch.nn.Module.state_dict for details.
  "Positional args are being deprecated, use kwargs instead. Refer to "
/home/likc/.conda/envs/capd/lib/python3.7/site-packages/torch/nn/modules/module.py:1433: UserWarning: Positional args are being deprecated, use kwargs instead. Refer to https://pytorch.org/docs/master/generated/torch.nn.Module.html#torch.nn.Module.state_dict for details.
  "Positional args are being deprecated, use kwargs instead. Refer to "
/home/likc/.conda/envs/capd/lib/python3.7/site-packages/torch/nn/modules/module.py:1433: UserWarning: Positional args are being deprecated, use kwargs instead. Refer to https://pytorch.org/docs/master/generated/torch.nn.Module.html#torch.nn.Module.state_dict for details.
  "Positional args are being deprecated, use kwargs instead. Refer to "
/home/likc/.conda/envs/capd/lib/python3.7/site-packages/torch/nn/modules/module.py:1433: UserWarning: Positional args are being deprecated, use kwargs instead. Refer to https://pytorch.org/docs/master/generated/torch.nn.Module.html#torch.nn.Module.state_dict for details.
  "Positional args are being deprecated, use kwargs instead. Refer to "
/home/likc/.conda/envs/capd/lib/python3.7/site-packages/torch/nn/modules/module.py:1433: UserWarning: Positional args are being deprecated, use kwargs instead. Refer to https://pytorch.org/docs/master/generated/torch.nn.Module.html#torch.nn.Module.state_dict for details.
  "Positional args are being deprecated, use kwargs instead. Refer to "
/home/likc/.conda/envs/capd/lib/python3.7/site-packages/torch/nn/modules/module.py:1433: UserWarning: Positional args are being deprecated, use kwargs instead. Refer to https://pytorch.org/docs/master/generated/torch.nn.Module.html#torch.nn.Module.state_dict for details.
  "Positional args are being deprecated, use kwargs instead. Refer to "
/home/likc/.conda/envs/capd/lib/python3.7/site-packages/torch/nn/modules/module.py:1433: UserWarning: Positional args are being deprecated, use kwargs instead. Refer to https://pytorch.org/docs/master/generated/torch.nn.Module.html#torch.nn.Module.state_dict for details.
  "Positional args are being deprecated, use kwargs instead. Refer to "
ended_unix=1785078661.6571133
exit_code=0
