QMAP training: train=/home/likc/Q-former-for-OS/dataset/jsonl/finals_v3_official/canneal/B64/train.jsonl valid=/home/likc/Q-former-for-OS/dataset/jsonl/finals_v3_official/canneal/B64/valid.jsonl samples=7215/2377 device=cuda
epoch=1/10 iter=1 loss=-0.020213
epoch=1/10 iter=100 loss=-0.000000
epoch=1/10 iter=200 loss=-0.000000
epoch=1/10 train_loss=-0.044545 valid_loss=-0.029204
epoch=2/10 iter=300 loss=-0.024441
epoch=2/10 iter=400 loss=-0.024463
epoch=2/10 train_loss=-0.044671 valid_loss=-0.029222
epoch=3/10 iter=500 loss=-0.047712
epoch=3/10 iter=600 loss=-0.000000
epoch=3/10 train_loss=-0.047076 valid_loss=-0.033091
epoch=4/10 iter=700 loss=-0.054044
epoch=4/10 iter=800 loss=-0.000000
epoch=4/10 iter=900 loss=-0.087044
epoch=4/10 train_loss=-0.052181 valid_loss=-0.034203
epoch=5/10 iter=1000 loss=-0.120557
epoch=5/10 iter=1100 loss=-0.030920
epoch=5/10 train_loss=-0.053052 valid_loss=-0.034916
epoch=6/10 iter=1200 loss=-0.030924
epoch=6/10 iter=1300 loss=-0.061591
epoch=6/10 train_loss=-0.053196 valid_loss=-0.035016
epoch=7/10 iter=1400 loss=-0.088187
epoch=7/10 iter=1500 loss=-0.025380
epoch=7/10 train_loss=-0.053473 valid_loss=-0.035012
epoch=8/10 iter=1600 loss=-0.078983
epoch=8/10 iter=1700 loss=-0.025261
epoch=8/10 iter=1800 loss=-0.083794
epoch=8/10 train_loss=-0.053444 valid_loss=-0.035075
epoch=9/10 iter=1900 loss=-0.086536
epoch=9/10 iter=2000 loss=-0.180596
epoch=9/10 train_loss=-0.053663 valid_loss=-0.035132
epoch=10/10 iter=2100 loss=-0.029653
epoch=10/10 iter=2200 loss=-0.000000
epoch=10/10 train_loss=-0.053526 valid_loss=-0.035141
Training finished. best=/home/likc/Q-former-for-OS/outputs/checkpoints/ablation_no_vpn/no_vpn/canneal/seed_3136859/qmap_best.pth last=/home/likc/Q-former-for-OS/outputs/checkpoints/ablation_no_vpn/no_vpn/canneal/seed_3136859/qmap_last.pth
/home/likc/.conda/envs/capd/lib/python3.7/site-packages/torch/nn/modules/module.py:1433: UserWarning: Positional args are being deprecated, use kwargs instead. Refer to https://pytorch.org/docs/master/generated/torch.nn.Module.html#torch.nn.Module.state_dict for details.
  "Positional args are being deprecated, use kwargs instead. Refer to "
/home/likc/.conda/envs/capd/lib/python3.7/site-packages/torch/nn/modules/module.py:1433: UserWarning: Positional args are being deprecated, use kwargs instead. Refer to https://pytorch.org/docs/master/generated/torch.nn.Module.html#torch.nn.Module.state_dict for details.
  "Positional args are being deprecated, use kwargs instead. Refer to "
/home/likc/.conda/envs/capd/lib/python3.7/site-packages/torch/nn/modules/module.py:1433: UserWarning: Positional args are being deprecated, use kwargs instead. Refer to https://pytorch.org/docs/master/generated/torch.nn.Module.html#torch.nn.Module.state_dict for details.
  "Positional args are being deprecated, use kwargs instead. Refer to "
/home/likc/.conda/envs/capd/lib/python3.7/site-packages/torch/nn/modules/module.py:1433: UserWarning: Positional args are being deprecated, use kwargs instead. Refer to https://pytorch.org/docs/master/generated/torch.nn.Module.html#torch.nn.Module.state_dict for details.
  "Positional args are being deprecated, use kwargs instead. Refer to "
/home/likc/.conda/envs/capd/lib/python3.7/site-packages/torch/nn/modules/module.py:1433: UserWarning: Positional args are being deprecated, use kwargs instead. Refer to https://pytorch.org/docs/master/generated/torch.nn.Module.html#torch.nn.Module.state_dict for details.
  "Positional args are being deprecated, use kwargs instead. Refer to "
/home/likc/.conda/envs/capd/lib/python3.7/site-packages/torch/nn/modules/module.py:1433: UserWarning: Positional args are being deprecated, use kwargs instead. Refer to https://pytorch.org/docs/master/generated/torch.nn.Module.html#torch.nn.Module.state_dict for details.
  "Positional args are being deprecated, use kwargs instead. Refer to "
/home/likc/.conda/envs/capd/lib/python3.7/site-packages/torch/nn/modules/module.py:1433: UserWarning: Positional args are being deprecated, use kwargs instead. Refer to https://pytorch.org/docs/master/generated/torch.nn.Module.html#torch.nn.Module.state_dict for details.
  "Positional args are being deprecated, use kwargs instead. Refer to "
/home/likc/.conda/envs/capd/lib/python3.7/site-packages/torch/nn/modules/module.py:1433: UserWarning: Positional args are being deprecated, use kwargs instead. Refer to https://pytorch.org/docs/master/generated/torch.nn.Module.html#torch.nn.Module.state_dict for details.
  "Positional args are being deprecated, use kwargs instead. Refer to "
/home/likc/.conda/envs/capd/lib/python3.7/site-packages/torch/nn/modules/module.py:1433: UserWarning: Positional args are being deprecated, use kwargs instead. Refer to https://pytorch.org/docs/master/generated/torch.nn.Module.html#torch.nn.Module.state_dict for details.
  "Positional args are being deprecated, use kwargs instead. Refer to "
/home/likc/.conda/envs/capd/lib/python3.7/site-packages/torch/nn/modules/module.py:1433: UserWarning: Positional args are being deprecated, use kwargs instead. Refer to https://pytorch.org/docs/master/generated/torch.nn.Module.html#torch.nn.Module.state_dict for details.
  "Positional args are being deprecated, use kwargs instead. Refer to "
