command=/home/likc/.conda/envs/capd/bin/python3 qmap/pressure_headroom.py --config /home/likc/Q-former-for-OS/dataset/jsonl/capd_r1_pressure_headroom/pressure_D16/canneal/resolved_config.json --selector_params /home/likc/Q-former-for-OS/dataset/jsonl/capd_r1_pressure_headroom/pressure_D16/canneal/selector_params.json --json_output /home/likc/Q-former-for-OS/outputs/results/capd_r1_pressure_headroom/raw/canneal/pressure_D16/opportunity_audit.json
started_unix=1785124592.4093745
[R1_PROGRESS] workload=canneal case=pressure_D16 complete_decisions=250 access_index=5260 elapsed_seconds=0.5
[R1_PROGRESS] workload=canneal case=pressure_D16 complete_decisions=500 access_index=9867 elapsed_seconds=1.0
[R1_PROGRESS] workload=canneal case=pressure_D16 complete_decisions=750 access_index=14216 elapsed_seconds=1.6
[R1_PROGRESS] workload=canneal case=pressure_D16 complete_decisions=1000 access_index=18528 elapsed_seconds=2.1
[R1_PROGRESS] workload=canneal case=pressure_D16 complete_decisions=1250 access_index=23081 elapsed_seconds=2.6
[R1_PROGRESS] workload=canneal case=pressure_D16 complete_decisions=1500 access_index=27285 elapsed_seconds=3.2
[R1_PROGRESS] workload=canneal case=pressure_D16 complete_decisions=1750 access_index=32086 elapsed_seconds=3.7
[R1_PROGRESS] workload=canneal case=pressure_D16 complete_decisions=2000 access_index=36622 elapsed_seconds=4.2
[R1_PROGRESS] workload=canneal case=pressure_D16 complete_decisions=2250 access_index=41419 elapsed_seconds=4.7
[R1_PROGRESS] workload=canneal case=pressure_D16 complete_decisions=2500 access_index=45795 elapsed_seconds=5.3
[R1_PROGRESS] workload=canneal case=pressure_D16 complete_decisions=2750 access_index=50524 elapsed_seconds=5.8
[R1_PROGRESS] workload=canneal case=pressure_D16 complete_decisions=3000 access_index=55143 elapsed_seconds=6.3
[R1_PROGRESS] workload=canneal case=pressure_D16 complete_decisions=3250 access_index=59779 elapsed_seconds=6.8
[R1_PROGRESS] workload=canneal case=pressure_D16 complete_decisions=3500 access_index=64484 elapsed_seconds=7.3
[R1_PROGRESS] workload=canneal case=pressure_D16 complete_decisions=3750 access_index=68956 elapsed_seconds=7.8
[R1_PROGRESS] workload=canneal case=pressure_D16 complete_decisions=4000 access_index=73615 elapsed_seconds=8.3
[R1_PROGRESS] workload=canneal case=pressure_D16 complete_decisions=4250 access_index=78063 elapsed_seconds=8.8
[R1_PROGRESS] workload=canneal case=pressure_D16 complete_decisions=4500 access_index=83007 elapsed_seconds=9.4
[R1_PROGRESS] workload=canneal case=pressure_D16 complete_decisions=4750 access_index=87646 elapsed_seconds=9.9
[R1_PROGRESS] workload=canneal case=pressure_D16 complete_decisions=5000 access_index=91885 elapsed_seconds=10.4
[R1_PROGRESS] workload=canneal case=pressure_D16 complete_decisions=5250 access_index=96763 elapsed_seconds=10.9
[R1_PROGRESS] workload=canneal case=pressure_D16 complete_decisions=5500 access_index=100948 elapsed_seconds=11.5
[R1_PROGRESS] workload=canneal case=pressure_D16 complete_decisions=5750 access_index=105358 elapsed_seconds=12.0
[R1_PROGRESS] workload=canneal case=pressure_D16 complete_decisions=6000 access_index=109743 elapsed_seconds=12.5
[R1_PROGRESS] workload=canneal case=pressure_D16 complete_decisions=6250 access_index=114422 elapsed_seconds=13.0
[R1_PROGRESS] workload=canneal case=pressure_D16 complete_decisions=6500 access_index=119257 elapsed_seconds=13.5
[R1_PROGRESS] workload=canneal case=pressure_D16 complete_decisions=6750 access_index=123446 elapsed_seconds=14.1
[R1_PROGRESS] workload=canneal case=pressure_D16 complete_decisions=7000 access_index=128398 elapsed_seconds=14.6
[R1_PROGRESS] workload=canneal case=pressure_D16 complete_decisions=7250 access_index=132835 elapsed_seconds=15.1
[R1_PROGRESS] workload=canneal case=pressure_D16 complete_decisions=7500 access_index=137826 elapsed_seconds=15.6
[R1_PROGRESS] workload=canneal case=pressure_D16 complete_decisions=7750 access_index=142705 elapsed_seconds=16.1
[R1_PROGRESS] workload=canneal case=pressure_D16 complete_decisions=8000 access_index=147053 elapsed_seconds=16.7
[R1_PROGRESS] workload=canneal case=pressure_D16 complete_decisions=8250 access_index=151601 elapsed_seconds=17.2
[R1_PROGRESS] workload=canneal case=pressure_D16 complete_decisions=8500 access_index=156053 elapsed_seconds=17.7
[R1_PROGRESS] workload=canneal case=pressure_D16 complete_decisions=8750 access_index=160471 elapsed_seconds=18.2
[R1_PROGRESS] workload=canneal case=pressure_D16 complete_decisions=9000 access_index=165009 elapsed_seconds=18.7
[R1_PROGRESS] workload=canneal case=pressure_D16 complete_decisions=9250 access_index=169390 elapsed_seconds=19.3
[R1_PROGRESS] workload=canneal case=pressure_D16 complete_decisions=9500 access_index=174181 elapsed_seconds=19.8
[R1_PROGRESS] workload=canneal case=pressure_D16 complete_decisions=9750 access_index=178768 elapsed_seconds=20.3
[R1_PROGRESS] workload=canneal case=pressure_D16 complete_decisions=10000 access_index=183280 elapsed_seconds=20.8
[R1_PROGRESS] workload=canneal case=pressure_D16 complete_decisions=10250 access_index=187237 elapsed_seconds=21.4
[R1_PROGRESS] workload=canneal case=pressure_D16 complete_decisions=10500 access_index=192039 elapsed_seconds=21.9
[R1_PROGRESS] workload=canneal case=pressure_D16 complete_decisions=10750 access_index=196259 elapsed_seconds=22.4
[R1] workload=canneal case=pressure_D16 distinguishable=5737/10956
ended_unix=1785124616.136152
exit_code=0
