command=/home/likc/.conda/envs/capd/bin/python3 qmap/qmap_train.py --config /home/likc/Q-former-for-OS/dataset/jsonl/capd_bridge_diagnostic/legacy_current_selector_D16_B16K8/resolved_config.json --selector_params /home/likc/Q-former-for-OS/dataset/jsonl/capd_bridge_diagnostic/legacy_current_selector_D16_B16K8/selector_params.json --train_data /home/likc/Q-former-for-OS/dataset/jsonl/capd_bridge_diagnostic/legacy_current_selector_D16_B16K8/train.jsonl --valid_data /home/likc/Q-former-for-OS/dataset/jsonl/capd_bridge_diagnostic/legacy_current_selector_D16_B16K8/valid.jsonl --output_dir /home/likc/Q-former-for-OS/outputs/checkpoints/capd_bridge_diagnostic/legacy_current_selector_D16_B16K8/seed_2026 --seed 2026
started_unix=1785058329.0476215
QMAP training: train=/home/likc/Q-former-for-OS/dataset/jsonl/capd_bridge_diagnostic/legacy_current_selector_D16_B16K8/train.jsonl valid=/home/likc/Q-former-for-OS/dataset/jsonl/capd_bridge_diagnostic/legacy_current_selector_D16_B16K8/valid.jsonl samples=12486/4706 device=cuda
epoch=1/10 iter=1 loss=-0.643465
epoch=1/10 iter=100 loss=-0.675204
epoch=1/10 iter=200 loss=-0.805856
epoch=1/10 iter=300 loss=-0.885911
epoch=1/10 train_loss=-0.782532 valid_loss=-0.907132
epoch=2/10 iter=400 loss=-0.875331
epoch=2/10 iter=500 loss=-0.922989
epoch=2/10 iter=600 loss=-0.940974
epoch=2/10 iter=700 loss=-0.924279
epoch=2/10 train_loss=-0.920694 valid_loss=-0.930033
epoch=3/10 iter=800 loss=-0.928219
epoch=3/10 iter=900 loss=-0.948340
epoch=3/10 iter=1000 loss=-0.955894
epoch=3/10 iter=1100 loss=-0.920737
epoch=3/10 train_loss=-0.936245 valid_loss=-0.937819
epoch=4/10 iter=1200 loss=-0.930142
epoch=4/10 iter=1300 loss=-0.952889
epoch=4/10 iter=1400 loss=-0.942379
epoch=4/10 iter=1500 loss=-0.955720
epoch=4/10 train_loss=-0.941183 valid_loss=-0.940111
epoch=5/10 iter=1600 loss=-0.930710
epoch=5/10 iter=1700 loss=-0.950541
epoch=5/10 iter=1800 loss=-0.936041
epoch=5/10 iter=1900 loss=-0.939069
epoch=5/10 train_loss=-0.943532 valid_loss=-0.941197
epoch=6/10 iter=2000 loss=-0.949748
epoch=6/10 iter=2100 loss=-0.923930
epoch=6/10 iter=2200 loss=-0.925180
epoch=6/10 iter=2300 loss=-0.940093
epoch=6/10 train_loss=-0.944340 valid_loss=-0.941982
epoch=7/10 iter=2400 loss=-0.922282
epoch=7/10 iter=2500 loss=-0.940419
epoch=7/10 iter=2600 loss=-0.932114
epoch=7/10 iter=2700 loss=-0.943691
epoch=7/10 train_loss=-0.944885 valid_loss=-0.941561
epoch=8/10 iter=2800 loss=-0.935297
epoch=8/10 iter=2900 loss=-0.966803
epoch=8/10 iter=3000 loss=-0.925912
epoch=8/10 iter=3100 loss=-0.950057
epoch=8/10 train_loss=-0.945496 valid_loss=-0.942617
epoch=9/10 iter=3200 loss=-0.949545
epoch=9/10 iter=3300 loss=-0.956329
epoch=9/10 iter=3400 loss=-0.963230
epoch=9/10 iter=3500 loss=-0.951101
epoch=9/10 train_loss=-0.945734 valid_loss=-0.942651
epoch=10/10 iter=3600 loss=-0.951900
epoch=10/10 iter=3700 loss=-0.938442
epoch=10/10 iter=3800 loss=-0.934333
epoch=10/10 iter=3900 loss=-0.960676
epoch=10/10 train_loss=-0.945944 valid_loss=-0.942524
Training finished. best=/home/likc/Q-former-for-OS/outputs/checkpoints/capd_bridge_diagnostic/legacy_current_selector_D16_B16K8/seed_2026/qmap_best.pth last=/home/likc/Q-former-for-OS/outputs/checkpoints/capd_bridge_diagnostic/legacy_current_selector_D16_B16K8/seed_2026/qmap_last.pth
/home/likc/.conda/envs/capd/lib/python3.7/site-packages/torch/nn/modules/module.py:1433: UserWarning: Positional args are being deprecated, use kwargs instead. Refer to https://pytorch.org/docs/master/generated/torch.nn.Module.html#torch.nn.Module.state_dict for details.
  "Positional args are being deprecated, use kwargs instead. Refer to "
/home/likc/.conda/envs/capd/lib/python3.7/site-packages/torch/nn/modules/module.py:1433: UserWarning: Positional args are being deprecated, use kwargs instead. Refer to https://pytorch.org/docs/master/generated/torch.nn.Module.html#torch.nn.Module.state_dict for details.
  "Positional args are being deprecated, use kwargs instead. Refer to "
/home/likc/.conda/envs/capd/lib/python3.7/site-packages/torch/nn/modules/module.py:1433: UserWarning: Positional args are being deprecated, use kwargs instead. Refer to https://pytorch.org/docs/master/generated/torch.nn.Module.html#torch.nn.Module.state_dict for details.
  "Positional args are being deprecated, use kwargs instead. Refer to "
/home/likc/.conda/envs/capd/lib/python3.7/site-packages/torch/nn/modules/module.py:1433: UserWarning: Positional args are being deprecated, use kwargs instead. Refer to https://pytorch.org/docs/master/generated/torch.nn.Module.html#torch.nn.Module.state_dict for details.
  "Positional args are being deprecated, use kwargs instead. Refer to "
/home/likc/.conda/envs/capd/lib/python3.7/site-packages/torch/nn/modules/module.py:1433: UserWarning: Positional args are being deprecated, use kwargs instead. Refer to https://pytorch.org/docs/master/generated/torch.nn.Module.html#torch.nn.Module.state_dict for details.
  "Positional args are being deprecated, use kwargs instead. Refer to "
/home/likc/.conda/envs/capd/lib/python3.7/site-packages/torch/nn/modules/module.py:1433: UserWarning: Positional args are being deprecated, use kwargs instead. Refer to https://pytorch.org/docs/master/generated/torch.nn.Module.html#torch.nn.Module.state_dict for details.
  "Positional args are being deprecated, use kwargs instead. Refer to "
/home/likc/.conda/envs/capd/lib/python3.7/site-packages/torch/nn/modules/module.py:1433: UserWarning: Positional args are being deprecated, use kwargs instead. Refer to https://pytorch.org/docs/master/generated/torch.nn.Module.html#torch.nn.Module.state_dict for details.
  "Positional args are being deprecated, use kwargs instead. Refer to "
/home/likc/.conda/envs/capd/lib/python3.7/site-packages/torch/nn/modules/module.py:1433: UserWarning: Positional args are being deprecated, use kwargs instead. Refer to https://pytorch.org/docs/master/generated/torch.nn.Module.html#torch.nn.Module.state_dict for details.
  "Positional args are being deprecated, use kwargs instead. Refer to "
/home/likc/.conda/envs/capd/lib/python3.7/site-packages/torch/nn/modules/module.py:1433: UserWarning: Positional args are being deprecated, use kwargs instead. Refer to https://pytorch.org/docs/master/generated/torch.nn.Module.html#torch.nn.Module.state_dict for details.
  "Positional args are being deprecated, use kwargs instead. Refer to "
/home/likc/.conda/envs/capd/lib/python3.7/site-packages/torch/nn/modules/module.py:1433: UserWarning: Positional args are being deprecated, use kwargs instead. Refer to https://pytorch.org/docs/master/generated/torch.nn.Module.html#torch.nn.Module.state_dict for details.
  "Positional args are being deprecated, use kwargs instead. Refer to "
ended_unix=1785058421.7153878
exit_code=0
