QMAP training configuration:
  train_data path: /home/tingkun/lcs/cache_replacement/dataset/jsonl/qmap_ablation/no_rw.jsonl
  number of training samples: 6064
  batch_size: 32
  epochs: 10
  learning rate: 0.0001
  device: cuda
  ablation: no_rw
Epoch [1/10] iter=1 loss=-0.737968
Epoch [1/10] iter=100 loss=-0.775051
Epoch [1/10] avg_loss=-0.766771
Saved checkpoint: /home/tingkun/lcs/cache_replacement/outputs/checkpoints/qmap_ablation/no_rw/qmap_epoch_1.pth
Epoch [2/10] iter=191 loss=-0.816760
Epoch [2/10] iter=200 loss=-0.835373
Epoch [2/10] iter=300 loss=-0.888729
Epoch [2/10] avg_loss=-0.884189
Saved checkpoint: /home/tingkun/lcs/cache_replacement/outputs/checkpoints/qmap_ablation/no_rw/qmap_epoch_2.pth
Epoch [3/10] iter=381 loss=-0.908663
Epoch [3/10] iter=400 loss=-0.898232
Epoch [3/10] iter=500 loss=-0.912500
Epoch [3/10] avg_loss=-0.911266
Saved checkpoint: /home/tingkun/lcs/cache_replacement/outputs/checkpoints/qmap_ablation/no_rw/qmap_epoch_3.pth
Epoch [4/10] iter=571 loss=-0.916043
Epoch [4/10] iter=600 loss=-0.915778
Epoch [4/10] iter=700 loss=-0.922533
Epoch [4/10] avg_loss=-0.917456
Saved checkpoint: /home/tingkun/lcs/cache_replacement/outputs/checkpoints/qmap_ablation/no_rw/qmap_epoch_4.pth
Epoch [5/10] iter=761 loss=-0.919356
Epoch [5/10] iter=800 loss=-0.920418
Epoch [5/10] iter=900 loss=-0.924735
Epoch [5/10] avg_loss=-0.921636
Saved checkpoint: /home/tingkun/lcs/cache_replacement/outputs/checkpoints/qmap_ablation/no_rw/qmap_epoch_5.pth
Epoch [6/10] iter=951 loss=-0.924507
Epoch [6/10] iter=1000 loss=-0.926386
Epoch [6/10] iter=1100 loss=-0.917841
Epoch [6/10] avg_loss=-0.925154
Saved checkpoint: /home/tingkun/lcs/cache_replacement/outputs/checkpoints/qmap_ablation/no_rw/qmap_epoch_6.pth
Epoch [7/10] iter=1141 loss=-0.926885
Epoch [7/10] iter=1200 loss=-0.925506
Epoch [7/10] iter=1300 loss=-0.926848
Epoch [7/10] avg_loss=-0.927299
Saved checkpoint: /home/tingkun/lcs/cache_replacement/outputs/checkpoints/qmap_ablation/no_rw/qmap_epoch_7.pth
Epoch [8/10] iter=1331 loss=-0.928633
Epoch [8/10] iter=1400 loss=-0.926202
Epoch [8/10] iter=1500 loss=-0.927293
Epoch [8/10] avg_loss=-0.929160
Saved checkpoint: /home/tingkun/lcs/cache_replacement/outputs/checkpoints/qmap_ablation/no_rw/qmap_epoch_8.pth
Epoch [9/10] iter=1521 loss=-0.928412
Epoch [9/10] iter=1600 loss=-0.931481
Epoch [9/10] iter=1700 loss=-0.932464
Epoch [9/10] avg_loss=-0.930440
Saved checkpoint: /home/tingkun/lcs/cache_replacement/outputs/checkpoints/qmap_ablation/no_rw/qmap_epoch_9.pth
Epoch [10/10] iter=1711 loss=-0.932328
Epoch [10/10] iter=1800 loss=-0.928203
Epoch [10/10] iter=1900 loss=-0.929218
Epoch [10/10] avg_loss=-0.931786
Saved checkpoint: /home/tingkun/lcs/cache_replacement/outputs/checkpoints/qmap_ablation/no_rw/qmap_epoch_10.pth
Training finished.
/home/tingkun/miniconda3/envs/qmap/lib/python3.7/site-packages/torch/nn/modules/module.py:1433: UserWarning: Positional args are being deprecated, use kwargs instead. Refer to https://pytorch.org/docs/master/generated/torch.nn.Module.html#torch.nn.Module.state_dict for details.
  "Positional args are being deprecated, use kwargs instead. Refer to "
