command=/home/likc/.conda/envs/capd/bin/python3 qmap/qmap_eval.py --config /home/likc/Q-former-for-OS/dataset/jsonl/finals_v3_official/stage5_ablation/selector_drop_W/dedup_pressure/resolved_config.json --selector_params /home/likc/Q-former-for-OS/dataset/jsonl/finals_v3_official/stage5_ablation/selector_drop_W/dedup_pressure/selector_params.json --policy qmap --checkpoint /home/likc/Q-former-for-OS/outputs/checkpoints/finals_v3_official/stage5_ablation/selector_drop_W/dedup_pressure/seed_42/qmap_best.pth --json_output /home/likc/Q-former-for-OS/outputs/results/finals_v3_official/stage5_ablation/raw/selector_drop_W/dedup_pressure/seed_42.json
started_unix=1784804719.6597397
Policy: qmap
Total accesses: 1000000
Hits: 996659
Misses: 3341
Hit rate: 99.67%
Migrations: 3277
NVM reads: 1799
NVM writes: 1542
Weighted access cost: 1045363.00
Policy decisions: 3277
Total decision time: 10.728366s
Avg decision time: 3.273838 ms
Candidate filter decisions: 3277
Candidate B_t range: 64..64
Retained K_t range: 8..8
Avg candidate filter time: 0.411543 ms
ended_unix=1784804767.1534069
exit_code=0
