command=/home/likc/.conda/envs/capd/bin/python3 qmap/qmap_eval.py --config /home/likc/Q-former-for-OS/dataset/jsonl/finals_v3_official/stage5_ablation/selector_drop_W/dedup_pressure/resolved_config.json --selector_params /home/likc/Q-former-for-OS/dataset/jsonl/finals_v3_official/stage5_ablation/selector_drop_W/dedup_pressure/selector_params.json --policy qmap --checkpoint /home/likc/Q-former-for-OS/outputs/checkpoints/finals_v3_official/stage5_ablation/selector_drop_W/dedup_pressure/seed_3136859/qmap_best.pth --json_output /home/likc/Q-former-for-OS/outputs/results/finals_v3_official/stage5_ablation/raw/selector_drop_W/dedup_pressure/seed_3136859.json
started_unix=1784804600.4058518
Policy: qmap
Total accesses: 1000000
Hits: 996627
Misses: 3373
Hit rate: 99.66%
Migrations: 3309
NVM reads: 1832
NVM writes: 1541
Weighted access cost: 1045709.00
Policy decisions: 3309
Total decision time: 11.093908s
Avg decision time: 3.352647 ms
Candidate filter decisions: 3309
Candidate B_t range: 64..64
Retained K_t range: 8..8
Avg candidate filter time: 0.409679 ms
ended_unix=1784804647.1717632
exit_code=0
