command=/home/likc/.conda/envs/capd/bin/python3 qmap/qmap_eval.py --config /home/likc/Q-former-for-OS/dataset/jsonl/finals_v3_official/stage5_ablation/selector_drop_W/dedup_pressure/resolved_config.json --selector_params /home/likc/Q-former-for-OS/dataset/jsonl/finals_v3_official/stage5_ablation/selector_drop_W/dedup_pressure/selector_params.json --policy qmap --checkpoint /home/likc/Q-former-for-OS/outputs/checkpoints/finals_v3_official/stage5_ablation/selector_drop_W/dedup_pressure/seed_2026/qmap_best.pth --json_output /home/likc/Q-former-for-OS/outputs/results/finals_v3_official/stage5_ablation/raw/selector_drop_W/dedup_pressure/seed_2026.json
started_unix=1784804837.5109055
Policy: qmap
Total accesses: 1000000
Hits: 996590
Misses: 3410
Hit rate: 99.66%
Migrations: 3346
NVM reads: 1869
NVM writes: 1541
Weighted access cost: 1046116.00
Policy decisions: 3346
Total decision time: 11.395644s
Avg decision time: 3.405751 ms
Candidate filter decisions: 3346
Candidate B_t range: 64..64
Retained K_t range: 8..8
Avg candidate filter time: 0.418745 ms
ended_unix=1784804885.677863
exit_code=0
