command=/home/likc/.conda/envs/capd/bin/python3 qmap/qmap_train.py --config /home/likc/Q-former-for-OS/dataset/jsonl/capd_post_stage6_optimization/opt_B32_K16_L512_H20/streamcluster_pressure/resolved_config.json --selector_params /home/likc/Q-former-for-OS/dataset/jsonl/capd_post_stage6_optimization/opt_B32_K16_L512_H20/streamcluster_pressure/selector_params.json --train_data /home/likc/Q-former-for-OS/dataset/jsonl/capd_post_stage6_optimization/opt_B32_K16_L512_H20/streamcluster_pressure/train.jsonl --valid_data /home/likc/Q-former-for-OS/dataset/jsonl/capd_post_stage6_optimization/opt_B32_K16_L512_H20/streamcluster_pressure/valid.jsonl --output_dir /home/likc/Q-former-for-OS/outputs/checkpoints/capd_post_stage6_optimization/o2/streamcluster_pressure/opt_B32_K16_L512_H20/seed_3136859 --seed 3136859 --save_every_epoch
started_unix=1785076442.639043
QMAP training: train=/home/likc/Q-former-for-OS/dataset/jsonl/capd_post_stage6_optimization/opt_B32_K16_L512_H20/streamcluster_pressure/train.jsonl valid=/home/likc/Q-former-for-OS/dataset/jsonl/capd_post_stage6_optimization/opt_B32_K16_L512_H20/streamcluster_pressure/valid.jsonl samples=8690/2835 device=cuda
epoch=1/10 iter=1 loss=-0.123130
epoch=1/10 iter=100 loss=-0.233573
epoch=1/10 iter=200 loss=-0.206287
epoch=1/10 train_loss=-0.193552 valid_loss=-0.199854
epoch=2/10 iter=300 loss=-0.179731
epoch=2/10 iter=400 loss=-0.273285
epoch=2/10 iter=500 loss=-0.214196
epoch=2/10 train_loss=-0.214221 valid_loss=-0.206624
epoch=3/10 iter=600 loss=-0.216056
epoch=3/10 iter=700 loss=-0.185756
epoch=3/10 iter=800 loss=-0.248253
epoch=3/10 train_loss=-0.218803 valid_loss=-0.208526
epoch=4/10 iter=900 loss=-0.155540
epoch=4/10 iter=1000 loss=-0.124546
epoch=4/10 train_loss=-0.220214 valid_loss=-0.209269
epoch=5/10 iter=1100 loss=-0.280169
epoch=5/10 iter=1200 loss=-0.249363
epoch=5/10 iter=1300 loss=-0.155929
epoch=5/10 train_loss=-0.220472 valid_loss=-0.209615
epoch=6/10 iter=1400 loss=-0.218348
epoch=6/10 iter=1500 loss=-0.124751
epoch=6/10 iter=1600 loss=-0.218417
epoch=6/10 train_loss=-0.220682 valid_loss=-0.209798
epoch=7/10 iter=1700 loss=-0.312048
epoch=7/10 iter=1800 loss=-0.124784
epoch=7/10 iter=1900 loss=-0.218501
epoch=7/10 train_loss=-0.220981 valid_loss=-0.209899
epoch=8/10 iter=2000 loss=-0.343339
epoch=8/10 iter=2100 loss=-0.156093
epoch=8/10 train_loss=-0.221147 valid_loss=-0.209995
epoch=9/10 iter=2200 loss=-0.249818
epoch=9/10 iter=2300 loss=-0.249773
epoch=9/10 iter=2400 loss=-0.156128
epoch=9/10 train_loss=-0.221109 valid_loss=-0.210044
epoch=10/10 iter=2500 loss=-0.124942
epoch=10/10 iter=2600 loss=-0.281121
epoch=10/10 iter=2700 loss=-0.218641
epoch=10/10 train_loss=-0.221146 valid_loss=-0.210098
Training finished. best=/home/likc/Q-former-for-OS/outputs/checkpoints/capd_post_stage6_optimization/o2/streamcluster_pressure/opt_B32_K16_L512_H20/seed_3136859/qmap_best.pth last=/home/likc/Q-former-for-OS/outputs/checkpoints/capd_post_stage6_optimization/o2/streamcluster_pressure/opt_B32_K16_L512_H20/seed_3136859/qmap_last.pth
/home/likc/.conda/envs/capd/lib/python3.7/site-packages/torch/nn/modules/module.py:1433: UserWarning: Positional args are being deprecated, use kwargs instead. Refer to https://pytorch.org/docs/master/generated/torch.nn.Module.html#torch.nn.Module.state_dict for details.
  "Positional args are being deprecated, use kwargs instead. Refer to "
/home/likc/.conda/envs/capd/lib/python3.7/site-packages/torch/nn/modules/module.py:1433: UserWarning: Positional args are being deprecated, use kwargs instead. Refer to https://pytorch.org/docs/master/generated/torch.nn.Module.html#torch.nn.Module.state_dict for details.
  "Positional args are being deprecated, use kwargs instead. Refer to "
/home/likc/.conda/envs/capd/lib/python3.7/site-packages/torch/nn/modules/module.py:1433: UserWarning: Positional args are being deprecated, use kwargs instead. Refer to https://pytorch.org/docs/master/generated/torch.nn.Module.html#torch.nn.Module.state_dict for details.
  "Positional args are being deprecated, use kwargs instead. Refer to "
/home/likc/.conda/envs/capd/lib/python3.7/site-packages/torch/nn/modules/module.py:1433: UserWarning: Positional args are being deprecated, use kwargs instead. Refer to https://pytorch.org/docs/master/generated/torch.nn.Module.html#torch.nn.Module.state_dict for details.
  "Positional args are being deprecated, use kwargs instead. Refer to "
/home/likc/.conda/envs/capd/lib/python3.7/site-packages/torch/nn/modules/module.py:1433: UserWarning: Positional args are being deprecated, use kwargs instead. Refer to https://pytorch.org/docs/master/generated/torch.nn.Module.html#torch.nn.Module.state_dict for details.
  "Positional args are being deprecated, use kwargs instead. Refer to "
/home/likc/.conda/envs/capd/lib/python3.7/site-packages/torch/nn/modules/module.py:1433: UserWarning: Positional args are being deprecated, use kwargs instead. Refer to https://pytorch.org/docs/master/generated/torch.nn.Module.html#torch.nn.Module.state_dict for details.
  "Positional args are being deprecated, use kwargs instead. Refer to "
/home/likc/.conda/envs/capd/lib/python3.7/site-packages/torch/nn/modules/module.py:1433: UserWarning: Positional args are being deprecated, use kwargs instead. Refer to https://pytorch.org/docs/master/generated/torch.nn.Module.html#torch.nn.Module.state_dict for details.
  "Positional args are being deprecated, use kwargs instead. Refer to "
/home/likc/.conda/envs/capd/lib/python3.7/site-packages/torch/nn/modules/module.py:1433: UserWarning: Positional args are being deprecated, use kwargs instead. Refer to https://pytorch.org/docs/master/generated/torch.nn.Module.html#torch.nn.Module.state_dict for details.
  "Positional args are being deprecated, use kwargs instead. Refer to "
/home/likc/.conda/envs/capd/lib/python3.7/site-packages/torch/nn/modules/module.py:1433: UserWarning: Positional args are being deprecated, use kwargs instead. Refer to https://pytorch.org/docs/master/generated/torch.nn.Module.html#torch.nn.Module.state_dict for details.
  "Positional args are being deprecated, use kwargs instead. Refer to "
/home/likc/.conda/envs/capd/lib/python3.7/site-packages/torch/nn/modules/module.py:1433: UserWarning: Positional args are being deprecated, use kwargs instead. Refer to https://pytorch.org/docs/master/generated/torch.nn.Module.html#torch.nn.Module.state_dict for details.
  "Positional args are being deprecated, use kwargs instead. Refer to "
ended_unix=1785076511.6220772
exit_code=0
