command=/home/likc/.conda/envs/capd/bin/python3 qmap/qmap_train.py --config /home/likc/Q-former-for-OS/dataset/jsonl/finals_v3_official/stage5_ablation/history_mean_pool/streamcluster_pressure/resolved_config.json --selector_params /home/likc/Q-former-for-OS/dataset/jsonl/finals_v3_official/stage5_ablation/history_mean_pool/streamcluster_pressure/selector_params.json --train_data /home/likc/Q-former-for-OS/dataset/jsonl/finals_v3_official/stage5_ablation/history_mean_pool/streamcluster_pressure/train.jsonl --valid_data /home/likc/Q-former-for-OS/dataset/jsonl/finals_v3_official/stage5_ablation/history_mean_pool/streamcluster_pressure/valid.jsonl --output_dir /home/likc/Q-former-for-OS/outputs/checkpoints/finals_v3_official/stage5_ablation/history_mean_pool/streamcluster_pressure/seed_42 --seed 42
started_unix=1784809550.8574846
QMAP training: train=/home/likc/Q-former-for-OS/dataset/jsonl/finals_v3_official/stage5_ablation/history_mean_pool/streamcluster_pressure/train.jsonl valid=/home/likc/Q-former-for-OS/dataset/jsonl/finals_v3_official/stage5_ablation/history_mean_pool/streamcluster_pressure/valid.jsonl samples=8694/2839 device=cuda
epoch=1/10 iter=1 loss=-0.024448
epoch=1/10 iter=100 loss=-0.000000
epoch=1/10 iter=200 loss=-0.024466
epoch=1/10 train_loss=-0.040905 valid_loss=-0.037010
epoch=2/10 iter=300 loss=-0.049201
epoch=2/10 iter=400 loss=-0.077587
epoch=2/10 iter=500 loss=-0.084072
epoch=2/10 train_loss=-0.044608 valid_loss=-0.044937
epoch=3/10 iter=600 loss=-0.031130
epoch=3/10 iter=700 loss=-0.092507
epoch=3/10 iter=800 loss=-0.000000
epoch=3/10 train_loss=-0.050661 valid_loss=-0.045967
epoch=4/10 iter=900 loss=-0.031206
epoch=4/10 iter=1000 loss=-0.061318
epoch=4/10 train_loss=-0.051499 valid_loss=-0.046493
epoch=5/10 iter=1100 loss=-0.031168
epoch=5/10 iter=1200 loss=-0.000000
epoch=5/10 iter=1300 loss=-0.093678
epoch=5/10 train_loss=-0.051818 valid_loss=-0.046476
epoch=6/10 iter=1400 loss=-0.031203
epoch=6/10 iter=1500 loss=-0.000000
epoch=6/10 iter=1600 loss=-0.000000
epoch=6/10 train_loss=-0.051934 valid_loss=-0.046203
epoch=7/10 iter=1700 loss=-0.031240
epoch=7/10 iter=1800 loss=-0.093639
epoch=7/10 iter=1900 loss=-0.062493
epoch=7/10 train_loss=-0.051982 valid_loss=-0.046855
epoch=8/10 iter=2000 loss=-0.093731
epoch=8/10 iter=2100 loss=-0.000000
epoch=8/10 train_loss=-0.051991 valid_loss=-0.046898
epoch=9/10 iter=2200 loss=-0.000000
epoch=9/10 iter=2300 loss=-0.031246
epoch=9/10 iter=2400 loss=-0.124841
epoch=9/10 train_loss=-0.052057 valid_loss=-0.046910
epoch=10/10 iter=2500 loss=-0.093731
epoch=10/10 iter=2600 loss=-0.062495
epoch=10/10 iter=2700 loss=-0.093728
epoch=10/10 train_loss=-0.052116 valid_loss=-0.046940
Training finished. best=/home/likc/Q-former-for-OS/outputs/checkpoints/finals_v3_official/stage5_ablation/history_mean_pool/streamcluster_pressure/seed_42/qmap_best.pth last=/home/likc/Q-former-for-OS/outputs/checkpoints/finals_v3_official/stage5_ablation/history_mean_pool/streamcluster_pressure/seed_42/qmap_last.pth
/home/likc/.conda/envs/capd/lib/python3.7/site-packages/torch/nn/modules/module.py:1433: UserWarning: Positional args are being deprecated, use kwargs instead. Refer to https://pytorch.org/docs/master/generated/torch.nn.Module.html#torch.nn.Module.state_dict for details.
  "Positional args are being deprecated, use kwargs instead. Refer to "
/home/likc/.conda/envs/capd/lib/python3.7/site-packages/torch/nn/modules/module.py:1433: UserWarning: Positional args are being deprecated, use kwargs instead. Refer to https://pytorch.org/docs/master/generated/torch.nn.Module.html#torch.nn.Module.state_dict for details.
  "Positional args are being deprecated, use kwargs instead. Refer to "
/home/likc/.conda/envs/capd/lib/python3.7/site-packages/torch/nn/modules/module.py:1433: UserWarning: Positional args are being deprecated, use kwargs instead. Refer to https://pytorch.org/docs/master/generated/torch.nn.Module.html#torch.nn.Module.state_dict for details.
  "Positional args are being deprecated, use kwargs instead. Refer to "
/home/likc/.conda/envs/capd/lib/python3.7/site-packages/torch/nn/modules/module.py:1433: UserWarning: Positional args are being deprecated, use kwargs instead. Refer to https://pytorch.org/docs/master/generated/torch.nn.Module.html#torch.nn.Module.state_dict for details.
  "Positional args are being deprecated, use kwargs instead. Refer to "
/home/likc/.conda/envs/capd/lib/python3.7/site-packages/torch/nn/modules/module.py:1433: UserWarning: Positional args are being deprecated, use kwargs instead. Refer to https://pytorch.org/docs/master/generated/torch.nn.Module.html#torch.nn.Module.state_dict for details.
  "Positional args are being deprecated, use kwargs instead. Refer to "
/home/likc/.conda/envs/capd/lib/python3.7/site-packages/torch/nn/modules/module.py:1433: UserWarning: Positional args are being deprecated, use kwargs instead. Refer to https://pytorch.org/docs/master/generated/torch.nn.Module.html#torch.nn.Module.state_dict for details.
  "Positional args are being deprecated, use kwargs instead. Refer to "
/home/likc/.conda/envs/capd/lib/python3.7/site-packages/torch/nn/modules/module.py:1433: UserWarning: Positional args are being deprecated, use kwargs instead. Refer to https://pytorch.org/docs/master/generated/torch.nn.Module.html#torch.nn.Module.state_dict for details.
  "Positional args are being deprecated, use kwargs instead. Refer to "
/home/likc/.conda/envs/capd/lib/python3.7/site-packages/torch/nn/modules/module.py:1433: UserWarning: Positional args are being deprecated, use kwargs instead. Refer to https://pytorch.org/docs/master/generated/torch.nn.Module.html#torch.nn.Module.state_dict for details.
  "Positional args are being deprecated, use kwargs instead. Refer to "
/home/likc/.conda/envs/capd/lib/python3.7/site-packages/torch/nn/modules/module.py:1433: UserWarning: Positional args are being deprecated, use kwargs instead. Refer to https://pytorch.org/docs/master/generated/torch.nn.Module.html#torch.nn.Module.state_dict for details.
  "Positional args are being deprecated, use kwargs instead. Refer to "
/home/likc/.conda/envs/capd/lib/python3.7/site-packages/torch/nn/modules/module.py:1433: UserWarning: Positional args are being deprecated, use kwargs instead. Refer to https://pytorch.org/docs/master/generated/torch.nn.Module.html#torch.nn.Module.state_dict for details.
  "Positional args are being deprecated, use kwargs instead. Refer to "
ended_unix=1784809610.8600338
exit_code=0
