command=/home/likc/.conda/envs/capd/bin/python3 qmap/qmap_eval.py --config /home/likc/Q-former-for-OS/dataset/jsonl/capd_post_stage6_optimization/opt_H20/streamcluster_pressure/resolved_config.json --selector_params /home/likc/Q-former-for-OS/dataset/jsonl/capd_post_stage6_optimization/opt_H20/streamcluster_pressure/selector_params.json --evaluation_split valid --policy qmap --checkpoint /home/likc/Q-former-for-OS/outputs/checkpoints/capd_post_stage6_optimization/o2/streamcluster_pressure/opt_H20/seed_3136859/qmap_epoch_1.pth --json_output /home/likc/Q-former-for-OS/outputs/results/capd_post_stage6_optimization/raw/o2/streamcluster_pressure/opt_H20/seed_3136859/epoch_1.json
started_unix=1785075918.2781274
Policy: qmap
Total accesses: 200000
Hits: 197193
Misses: 2807
Hit rate: 98.60%
Migrations: 2743
NVM reads: 2805
NVM writes: 2
Weighted access cost: 230249.00
Policy decisions: 2743
Total decision time: 9.213929s
Avg decision time: 3.359070 ms
Candidate filter decisions: 2743
Candidate B_t range: 64..64
Retained K_t range: 8..8
Avg candidate filter time: 0.405471 ms
ended_unix=1785075931.4697874
exit_code=0
