command=/home/likc/.conda/envs/capd/bin/python3 qmap/qmap_eval.py --config /home/likc/Q-former-for-OS/dataset/jsonl/finals_v3_official/stage5_ablation/selector_drop_W/canneal/resolved_config.json --selector_params /home/likc/Q-former-for-OS/dataset/jsonl/finals_v3_official/stage5_ablation/selector_drop_W/canneal/selector_params.json --policy qmap --checkpoint /home/likc/Q-former-for-OS/outputs/checkpoints/finals_v3_official/stage5_ablation/selector_drop_W/canneal/seed_42/qmap_best.pth --json_output /home/likc/Q-former-for-OS/outputs/results/finals_v3_official/stage5_ablation/raw/selector_drop_W/canneal/seed_42.json
started_unix=1784804068.5653868
Policy: qmap
Total accesses: 200000
Hits: 197401
Misses: 2599
Hit rate: 98.70%
Migrations: 2535
NVM reads: 2583
NVM writes: 16
Weighted access cost: 228045.00
Policy decisions: 2535
Total decision time: 8.578394s
Avg decision time: 3.383982 ms
Candidate filter decisions: 2535
Candidate B_t range: 64..64
Retained K_t range: 8..8
Avg candidate filter time: 0.420667 ms
ended_unix=1784804090.339193
exit_code=0
