QMAP training configuration:
  train_data path: dataset/jsonl/qmap_parameter_sensitivity/h10_c16_d128_l256.jsonl
  number of training samples: 6064
  batch_size: 32
  epochs: 10
  learning rate: 0.0001
  device: cuda
Epoch [1/10] iter=1 loss=-0.698350
Epoch [1/10] iter=100 loss=-0.738865
Epoch [1/10] avg_loss=-0.724807
Saved checkpoint: outputs/checkpoints/qmap_parameter_sensitivity/h10_c16_d128_l256/qmap_epoch_1.pth
Epoch [2/10] iter=191 loss=-0.756193
Epoch [2/10] iter=200 loss=-0.754058
Epoch [2/10] iter=300 loss=-0.840625
Epoch [2/10] avg_loss=-0.824573
Saved checkpoint: outputs/checkpoints/qmap_parameter_sensitivity/h10_c16_d128_l256/qmap_epoch_2.pth
Epoch [3/10] iter=381 loss=-0.860338
Epoch [3/10] iter=400 loss=-0.842143
Epoch [3/10] iter=500 loss=-0.860260
Epoch [3/10] avg_loss=-0.855418
Saved checkpoint: outputs/checkpoints/qmap_parameter_sensitivity/h10_c16_d128_l256/qmap_epoch_3.pth
Epoch [4/10] iter=571 loss=-0.862671
Epoch [4/10] iter=600 loss=-0.868194
Epoch [4/10] iter=700 loss=-0.874509
Epoch [4/10] avg_loss=-0.861420
Saved checkpoint: outputs/checkpoints/qmap_parameter_sensitivity/h10_c16_d128_l256/qmap_epoch_4.pth
Epoch [5/10] iter=761 loss=-0.866173
Epoch [5/10] iter=800 loss=-0.872869
Epoch [5/10] iter=900 loss=-0.872103
Epoch [5/10] avg_loss=-0.866020
Saved checkpoint: outputs/checkpoints/qmap_parameter_sensitivity/h10_c16_d128_l256/qmap_epoch_5.pth
Epoch [6/10] iter=951 loss=-0.871958
Epoch [6/10] iter=1000 loss=-0.875266
Epoch [6/10] iter=1100 loss=-0.857079
Epoch [6/10] avg_loss=-0.869337
Saved checkpoint: outputs/checkpoints/qmap_parameter_sensitivity/h10_c16_d128_l256/qmap_epoch_6.pth
Epoch [7/10] iter=1141 loss=-0.879236
Epoch [7/10] iter=1200 loss=-0.869793
Epoch [7/10] iter=1300 loss=-0.841822
Epoch [7/10] avg_loss=-0.871530
Saved checkpoint: outputs/checkpoints/qmap_parameter_sensitivity/h10_c16_d128_l256/qmap_epoch_7.pth
Epoch [8/10] iter=1331 loss=-0.874244
Epoch [8/10] iter=1400 loss=-0.877365
Epoch [8/10] iter=1500 loss=-0.873490
Epoch [8/10] avg_loss=-0.872814
Saved checkpoint: outputs/checkpoints/qmap_parameter_sensitivity/h10_c16_d128_l256/qmap_epoch_8.pth
Epoch [9/10] iter=1521 loss=-0.849242
Epoch [9/10] iter=1600 loss=-0.887328
Epoch [9/10] iter=1700 loss=-0.884483
Epoch [9/10] avg_loss=-0.873899
Saved checkpoint: outputs/checkpoints/qmap_parameter_sensitivity/h10_c16_d128_l256/qmap_epoch_9.pth
Epoch [10/10] iter=1711 loss=-0.887338
Epoch [10/10] iter=1800 loss=-0.871388
Epoch [10/10] iter=1900 loss=-0.889374
Epoch [10/10] avg_loss=-0.874844
Saved checkpoint: outputs/checkpoints/qmap_parameter_sensitivity/h10_c16_d128_l256/qmap_epoch_10.pth
Training finished.
/home/tingkun/miniconda3/envs/qmap/lib/python3.7/site-packages/torch/nn/modules/module.py:1433: UserWarning: Positional args are being deprecated, use kwargs instead. Refer to https://pytorch.org/docs/master/generated/torch.nn.Module.html#torch.nn.Module.state_dict for details.
  "Positional args are being deprecated, use kwargs instead. Refer to "
