test_classical_victim_functions_keep_full_dram_native_logic (test_baseline_golden.BaselineGoldenTest) ... ok
test_learned_baseline_keeps_native_lru_tail_eight (test_baseline_golden.BaselineGoldenTest) ... ok
test_patterns_lite_keeps_native_group_scoring (test_baseline_golden.BaselineGoldenTest) ... ok
test_five_feature_directions (test_candidate_filter.CandidateFilterTest) ... ok
test_pool_and_retained_size_use_actual_dram_size (test_candidate_filter.CandidateFilterTest) ... ok
test_selector_score_not_in_state_and_original_rank_survives (test_candidate_filter.CandidateFilterTest) ... ok
test_tie_break_is_old_rank_then_page_id (test_candidate_filter.CandidateFilterTest) ... ok
test_build_pilot_command_uses_candidate_specific_paths (test_candidate_sensitivity.CandidateSensitivityTest) ... ok
test_build_summary_row_uses_best_baseline_at_same_candidate_count (test_candidate_sensitivity.CandidateSensitivityTest) ... ok
test_rank_score_penalty_is_passed_to_qmap_eval (test_canneal_tuning.CannealTuningTest) ... ok
test_rank_score_penalty_values_are_normalized_by_rank (test_canneal_tuning.CannealTuningTest) ... ok
test_select_best_config_uses_validation_cost_with_stable_tiebreaks (test_canneal_tuning.CannealTuningTest) ... ok
test_stage5_defaults_keep_guard_and_penalty_disabled (test_canneal_tuning.CannealTuningTest) ... ok
test_build_pilot_command_uses_capacity_specific_paths (test_capacity_sensitivity.CapacitySensitivityTest) ... ok
test_build_summary_row_uses_best_baseline_at_same_capacity (test_capacity_sensitivity.CapacitySensitivityTest) ... ok
test_diagnostic_profile_trains_and_emits_decision_evidence (test_capd_bridge_end_to_end.BridgeTorchMiniEndToEndTest) ... skipped 'server-only: set CAPD_BRIDGE_E2E=1'
test_bridge_config_is_diagnostic_and_independent (test_capd_bridge_plan.BridgePlanTest) ... ok
test_diagnostic_profile_rejects_official_artifact_label (test_capd_bridge_plan.BridgePlanTest) ... ok
test_plan_is_the_frozen_33_job_matrix (test_capd_bridge_plan.BridgePlanTest) ... ok
test_attribution_chain_changes_one_adjacent_anchor (test_capd_bridge_results.BridgeResultTest) ... ok
test_bounded_next_use_distance_caps_absent_page (test_capd_bridge_results.BridgeResultTest) ... ok
test_bridge_score_conversion_requires_named_flat_sequence (test_capd_bridge_results.BridgeResultTest) ... ok
test_case_summary_uses_positive_improvement_for_lower_cost (test_capd_bridge_results.BridgeResultTest) ... ok
test_replay_stats_records_noninvasive_bridge_diagnostics (test_capd_bridge_results.BridgeResultTest) ... ok
test_model_declares_context_only_candidate_scorer_mode (test_capd_cross_attention.QMAPCrossAttentionStaticTest) ... ok
test_model_declares_full_sequence_extractor_mode (test_capd_cross_attention.QMAPCrossAttentionStaticTest) ... ok
test_candidate_scorer_uses_context_vector_without_concat (test_capd_cross_attention.QMAPCrossAttentionTest) ... ok
test_extractor_can_return_full_encoded_sequence (test_capd_cross_attention.QMAPCrossAttentionTest) ... ok
test_per_epoch_checkpoint_replays_valid_without_opening_test (test_capd_optimization_end_to_end.OptimizationTorchMiniEndToEndTest) ... skipped 'server-only: set CAPD_OPTIMIZATION_E2E=1'
test_candidate_matrix_preserves_method_contract (test_capd_optimization_plan.OptimizationPlanTest) ... ok
test_o0_allows_o1_o3_but_blocks_o4_without_touching_upstream (test_capd_optimization_plan.OptimizationPlanTest) ... ok
test_o1_plan_is_train_valid_only_and_has_54_jobs (test_capd_optimization_plan.OptimizationPlanTest) ... ok
test_o2_plan_applies_o1_gate_per_workload (test_capd_optimization_plan.OptimizationPlanTest) ... ok
test_o3_plan_reuses_screening_seed_and_adds_two_seeds (test_capd_optimization_plan.OptimizationPlanTest) ... ok
test_optimization_config_accepts_only_preregistered_matrix (test_capd_optimization_plan.OptimizationPlanTest) ... ok
test_protocol_declares_ordered_gated_phases (test_capd_optimization_plan.OptimizationPlanTest) ... ok
test_valid_replay_mode_and_per_epoch_saving_are_explicit_opt_ins (test_capd_optimization_plan.OptimizationPlanTest) ... ok
test_active_policy_requires_fields_when_its_gate_is_frozen (test_capd_proactive_config.ProactiveStage0ConfigTest) ... ok
test_capd_with_frozen_active_fields_is_accepted (test_capd_proactive_config.ProactiveStage0ConfigTest) ... ok
test_illegal_policy_name_is_rejected (test_capd_proactive_config.ProactiveStage0ConfigTest) ... ok
test_legal_stage0_capd_template_is_accepted (test_capd_proactive_config.ProactiveStage0ConfigTest) ... ok
test_missing_required_field_is_rejected (test_capd_proactive_config.ProactiveStage0ConfigTest) ... ok
test_non_learning_active_policy_requires_only_shared_active_fields (test_capd_proactive_config.ProactiveStage0ConfigTest) ... ok
test_official_policy_set_is_frozen (test_capd_proactive_config.ProactiveStage0ConfigTest) ... ok
test_overlapping_chronological_splits_are_rejected (test_capd_proactive_config.ProactiveStage0ConfigTest) ... ok
test_reactive_lru_does_not_require_proactive_fields (test_capd_proactive_config.ProactiveStage0ConfigTest) ... ok
test_selector_must_remain_disabled (test_capd_proactive_config.ProactiveStage0ConfigTest) ... ok
test_single_process_thread_workload_boundary_is_enforced (test_capd_proactive_config.ProactiveStage0ConfigTest) ... ok
test_split_roles_cannot_be_exchanged (test_capd_proactive_config.ProactiveStage0ConfigTest) ... ok
test_stage2_default_cost_profile_is_frozen (test_capd_proactive_config.ProactiveStage0ConfigTest) ... ok
test_stage3_conditional_engineering_default_is_frozen (test_capd_proactive_config.ProactiveStage0ConfigTest) ... ok
test_test_cannot_be_used_for_parameter_selection (test_capd_proactive_config.ProactiveStage0ConfigTest) ... ok
test_unfrozen_formal_test_request_is_rejected (test_capd_proactive_config.ProactiveStage0ConfigTest) ... ok
test_all_profiles_reuse_identical_counts (test_capd_proactive_cost.CostArithmeticTest) ... ok
test_cost_module_has_no_replay_model_or_gpu_import (test_capd_proactive_cost.CostArithmeticTest) ... ok
test_default_hand_calculation_and_components (test_capd_proactive_cost.CostArithmeticTest) ... ok
test_input_mapping_is_not_modified_and_repeated_runs_are_identical (test_capd_proactive_cost.CostArithmeticTest) ... ok
test_only_stage2_namespace_is_added_and_identity_is_unchanged (test_capd_proactive_cost.CostArithmeticTest) ... ok
test_other_profiles_match_hand_calculation (test_capd_proactive_cost.CostArithmeticTest) ... ok
test_reserved_output_namespace_is_never_overwritten (test_capd_proactive_cost.CostArithmeticTest) ... ok
test_switching_profile_changes_only_profile_and_cost_fields (test_capd_proactive_cost.CostArithmeticTest) ... ok
test_all_four_profiles_are_frozen_exactly (test_capd_proactive_cost.CostProfileFreezeTest) ... ok
test_default_and_parameterized_provenance_are_frozen (test_capd_proactive_cost.CostProfileFreezeTest) ... ok
test_default_profile_must_exist_and_equal_default (test_capd_proactive_cost.CostProfileFreezeTest) ... ok
test_duplicate_json_profile_name_is_rejected_before_validation (test_capd_proactive_cost.CostProfileFreezeTest) ... ok
test_missing_or_illegal_weight_is_rejected (test_capd_proactive_cost.CostProfileFreezeTest) ... ok
test_stage1_integration_and_verified_status_are_frozen (test_capd_proactive_cost.CostProfileFreezeTest) ... ok
test_unsupported_schema_version_is_rejected (test_capd_proactive_cost.CostProfileFreezeTest) ... ok
test_cli_refuses_input_output_alias (test_capd_proactive_cost.OfflineCliTest) ... ok
test_cli_writes_json_without_changing_input (test_capd_proactive_cost.OfflineCliTest) ... ok
test_csv_conversion_is_explicit_and_rejects_noncanonical_counts (test_capd_proactive_cost.OfflineCliTest) ... ok
test_invalid_cli_input_returns_nonzero_and_diagnostic (test_capd_proactive_cost.OfflineCliTest) ... ok
test_json_single_default_and_all_profiles (test_capd_proactive_cost.OfflineCliTest) ... ok
test_jsonl_and_csv_multiple_records_are_supported (test_capd_proactive_cost.OfflineCliTest) ... ok
test_validate_config_mode_needs_no_input (test_capd_proactive_cost.OfflineCliTest) ... ok
test_all_zero_counts_are_valid (test_capd_proactive_cost.RawEventContractTest) ... ok
test_complete_breakdown_alone_derives_total (test_capd_proactive_cost.RawEventContractTest) ... ok
test_missing_required_base_or_demotion_field_is_rejected (test_capd_proactive_cost.RawEventContractTest) ... ok
test_negative_float_string_boolean_and_nan_counts_are_rejected (test_capd_proactive_cost.RawEventContractTest) ... ok
test_partial_breakdown_never_silently_passes (test_capd_proactive_cost.RawEventContractTest) ... ok
test_total_and_complete_breakdown_must_match (test_capd_proactive_cost.RawEventContractTest) ... ok
test_capacity_matrices_must_be_identical (test_capd_proactive_pressure_stage7.AuthorityGateTest) ... ok
test_final_and_contract_status_must_be_formal (test_capd_proactive_pressure_stage7.AuthorityGateTest) ... ok
test_final_freeze_sha_mismatch_fails (test_capd_proactive_pressure_stage7.AuthorityGateTest) ... ok
test_pressure_contract_sha_mismatch_fails (test_capd_proactive_pressure_stage7.AuthorityGateTest) ... ok
test_run_state_must_be_formally_frozen (test_capd_proactive_pressure_stage7.AuthorityGateTest) ... ok
test_split_and_raw_sha_mismatch_fail (test_capd_proactive_pressure_stage7.AuthorityGateTest) ... ok
test_watermarks_and_b_max_must_match (test_capd_proactive_pressure_stage7.AuthorityGateTest) ... ok
test_derivation_rejects_wrong_row_count (test_capd_proactive_pressure_stage7.DerivationAndResumeTest) ... ok
test_derived_csv_equals_source_interval_and_has_exact_rows (test_capd_proactive_pressure_stage7.DerivationAndResumeTest) ... ok
test_forbidden_stage_and_stale_pressure_paths_are_rejected (test_capd_proactive_pressure_stage7.DerivationAndResumeTest) ... ok
test_pressure_outputs_cannot_claim_overhead (test_capd_proactive_pressure_stage7.DerivationAndResumeTest) ... ok
test_repeat_derivation_and_candidate_json_are_deterministic (test_capd_proactive_pressure_stage7.DerivationAndResumeTest) ... ok
test_resume_rejects_changed_input_config_or_code (test_capd_proactive_pressure_stage7.DerivationAndResumeTest) ... ok
test_addendum_audit_honestly_binds_blocked_run_and_file_sha (test_capd_proactive_pressure_stage7.ScanContractTest) ... ok
test_approved_addendum_binds_parent_sha_and_canonical_sha (test_capd_proactive_pressure_stage7.ScanContractTest) ... ok
test_approved_tie_break_order_is_exact (test_capd_proactive_pressure_stage7.ScanContractTest) ... ok
test_candidate_content_sha_excludes_eligibility_and_pressure_metrics (test_capd_proactive_pressure_stage7.ScanContractTest) ... ok
test_candidate_starts_have_frozen_window_and_step (test_capd_proactive_pressure_stage7.ScanContractTest) ... ok
test_each_candidate_starts_from_empty_dram (test_capd_proactive_pressure_stage7.ScanContractTest) ... ok
test_excluded_workload_is_never_opened (test_capd_proactive_pressure_stage7.ScanContractTest) ... ok
test_missing_total_order_fails_closed (test_capd_proactive_pressure_stage7.ScanContractTest) ... ok
test_multiple_eligible_windows_use_earliest_not_pressure_strength (test_capd_proactive_pressure_stage7.ScanContractTest) ... ok
test_new_config_binds_parent_and_addendum_file_sha (test_capd_proactive_pressure_stage7.ScanContractTest) ... ok
test_no_eligible_window_returns_none_without_fabrication (test_capd_proactive_pressure_stage7.ScanContractTest) ... ok
test_prohibited_selection_fields_fail (test_capd_proactive_pressure_stage7.ScanContractTest) ... ok
test_reactive_lru_replacement_counts_are_exact (test_capd_proactive_pressure_stage7.ScanContractTest) ... ok
test_replacement_gate_is_inclusive_at_100 (test_capd_proactive_pressure_stage7.ScanContractTest) ... ok
test_unique_page_gate_is_strict (test_capd_proactive_pressure_stage7.ScanContractTest) ... ok
test_F_at_or_above_low_does_not_trigger (test_capd_proactive_replay.ProactiveReplayStage1Test) ... ok
test_actual_candidate_count_and_all_b_t_bounds (test_capd_proactive_replay.ProactiveReplayStage1Test) ... ok
test_all_declared_fixture_scenarios_run (test_capd_proactive_replay.ProactiveReplayStage1Test) ... ok
test_capd_without_checkpoint_is_not_faked_by_lru_ranker (test_capd_proactive_replay.ProactiveReplayStage1Test) ... ok
test_early_reuse_is_counted_from_proactive_event (test_capd_proactive_replay.ProactiveReplayStage1Test) ... ok
test_empty_candidate_set_terminates_without_loop (test_capd_proactive_replay.ProactiveReplayStage1Test) ... ok
test_invalid_ranker_fails_instead_of_silently_repairing (test_capd_proactive_replay.ProactiveReplayStage1Test) ... ok
test_low_watermark_starts_cycle_and_reaches_target (test_capd_proactive_replay.ProactiveReplayStage1Test) ... ok
test_multi_round_rebuilds_current_candidates (test_capd_proactive_replay.ProactiveReplayStage1Test) ... ok
test_no_free_frame_demotes_before_page_enter_and_never_negative (test_capd_proactive_replay.ProactiveReplayStage1Test) ... ok
test_proactive_reactive_and_emergency_events_do_not_mix (test_capd_proactive_replay.ProactiveReplayStage1Test) ... ok
test_reactive_lru_never_creates_proactive_logs (test_capd_proactive_replay.ProactiveReplayStage1Test) ... ok
test_residency_lru_frequency_dirty_and_history_updates (test_capd_proactive_replay.ProactiveReplayStage1Test) ... ok
test_round_cycle_and_summary_fields_are_complete (test_capd_proactive_replay.ProactiveReplayStage1Test) ... ok
test_same_trace_and_config_are_fully_deterministic (test_capd_proactive_replay.ProactiveReplayStage1Test) ... ok
test_single_round_top_b_uses_stub_ranking (test_capd_proactive_replay.ProactiveReplayStage1Test) ... ok
test_stage0_contract_and_fixture_remain_separate (test_capd_proactive_replay.ProactiveReplayStage1Test) ... ok
test_stage1_does_not_compute_cost_or_require_checkpoint (test_capd_proactive_replay.ProactiveReplayStage1Test) ... ok
test_summary_matches_raw_events (test_capd_proactive_replay.ProactiveReplayStage1Test) ... ok
test_burst_model_keeps_base_flow_before_inside_and_after_bursts (test_capd_proactive_stage10.Stage10ArrivalTest) ... ok
test_overlapping_bursts_are_rejected (test_capd_proactive_stage10.Stage10ArrivalTest) ... ok
test_trace_replay_is_rejected_until_a_future_timestamp_contract_exists (test_capd_proactive_stage10.Stage10ArrivalTest) ... ok
test_uniform_generator_is_reproducible_and_integer_ns (test_capd_proactive_stage10.Stage10ArrivalTest) ... ok
test_uniform_period_uses_reference_batch_and_model_capacity (test_capd_proactive_stage10.Stage10ArrivalTest) ... ok
test_invalid_timing_capacity_and_arrival_kind_fail_closed (test_capd_proactive_stage10.Stage10ConfigContractTest) ... ok
test_repository_config_and_schema_are_valid (test_capd_proactive_stage10.Stage10ConfigContractTest) ... ok
test_docs_state_candidate_ready_and_formal_blocked (test_capd_proactive_stage10.Stage10DocumentationTest) ... ok
test_event_ids_are_strictly_monotonic (test_capd_proactive_stage10.Stage10EventHeapTest) ... ok
test_same_time_events_follow_frozen_priority_then_event_id (test_capd_proactive_stage10.Stage10EventHeapTest) ... ok
test_forged_run_directory_is_rejected_before_stage10_gate (test_capd_proactive_stage10.Stage10FormalGateTest) ... ok
test_historical_r1_run_directory_is_rejected (test_capd_proactive_stage10.Stage10FormalGateTest) ... ok
test_missing_or_tampered_artifact_is_rejected_before_gate (test_capd_proactive_stage10.Stage10FormalGateTest) ... ok
test_empty_failed_wrong_module_or_tampered_logs_are_rejected (test_capd_proactive_stage10.Stage10RunnerTest) ... ok
test_fixture_runner_writes_candidate_ready_artifacts (test_capd_proactive_stage10.Stage10RunnerTest) ... ok
test_formal_mode_without_a_verified_receipt_writes_no_run (test_capd_proactive_stage10.Stage10RunnerTest) ... ok
test_independent_verifier_rejects_rehashed_tamper_and_extra_file (test_capd_proactive_stage10.Stage10RunnerTest) ... ok
test_manifest_and_sha256sums_recompute_independently (test_capd_proactive_stage10.Stage10RunnerTest) ... ok
test_n_a_is_used_only_for_empty_blocking_samples (test_capd_proactive_stage10.Stage10RunnerTest) ... ok
test_arrival_consumes_frame_and_demotion_releases_it (test_capd_proactive_stage10.Stage10SimulationTest) ... ok
test_arrivals_outside_horizon_are_rejected (test_capd_proactive_stage10.Stage10SimulationTest) ... ok
test_empty_blocking_samples_are_null_and_exhaustion_is_time_integral (test_capd_proactive_stage10.Stage10SimulationTest) ... ok
test_full_arrival_is_blocked_then_admitted_after_demotion (test_capd_proactive_stage10.Stage10SimulationTest) ... ok
test_identical_seed_and_arrivals_produce_identical_events_and_metrics (test_capd_proactive_stage10.Stage10SimulationTest) ... ok
test_runtime_batch_values_are_bounded_and_high_load_queue_is_explainable (test_capd_proactive_stage10.Stage10SimulationTest) ... ok
test_batch_size_is_bounded_by_target_gap_and_candidates (test_capd_proactive_stage10.Stage10StateContractTest) ... ok
test_capacity_and_frame_invariants_hold_after_admission_and_release (test_capd_proactive_stage10.Stage10StateContractTest) ... ok
test_initial_resident_ids_and_lru_order_are_deterministic (test_capd_proactive_stage10.Stage10StateContractTest) ... ok
test_new_and_unblocked_pages_enter_mru_head (test_capd_proactive_stage10.Stage10StateContractTest) ... ok
test_reserved_components_are_disjoint_and_duplicate_is_rejected (test_capd_proactive_stage10.Stage10StateContractTest) ... ok
test_config_contract_is_independent_and_has_four_profiles (test_capd_proactive_stage11.Stage11ConfigTest) ... ok
test_input_ablation_is_blocked_until_pairwise_training_receipts_exist (test_capd_proactive_stage11.Stage11ConfigTest) ... ok
test_main_b_max_is_immutable_and_sensitivity_is_analysis_only (test_capd_proactive_stage11.Stage11ConfigTest) ... ok
test_missing_numeric_values_are_null_in_json_contract (test_capd_proactive_stage11.Stage11ConfigTest) ... ok
test_complete_stage10a_fixture_is_blocked (test_capd_proactive_stage11.Stage11GateTest) ... ok
test_historical_stage9_run_is_not_verifiable (test_capd_proactive_stage11.Stage11GateTest) ... ok
test_missing_stage9_is_not_verifiable (test_capd_proactive_stage11.Stage11GateTest) ... ok
test_stage10_fixture_is_blocked_not_formally_verified (test_capd_proactive_stage11.Stage11GateTest) ... ok
test_grid_digest_is_order_independent (test_capd_proactive_stage11.Stage11GridTest) ... ok
test_input_ablation_rows_are_blocked_and_top_batch_differs_only_in_count (test_capd_proactive_stage11.Stage11GridTest) ... ok
test_sync_mode_blocks_empty_unapproved_watermark_grid (test_capd_proactive_stage11.Stage11GridTest) ... ok
test_empty_input_is_rejected (test_capd_proactive_stage11.Stage11OfflineTest) ... ok
test_job_join_reads_raw_counters_from_result_metrics (test_capd_proactive_stage11.Stage11OfflineTest) ... ok
test_job_join_rejects_missing_result_sha (test_capd_proactive_stage11.Stage11OfflineTest) ... ok
test_profile_recompute_uses_integer_counts_and_nulls_zero_access (test_capd_proactive_stage11.Stage11OfflineTest) ... ok
test_tampered_result_bytes_are_rejected (test_capd_proactive_stage11.Stage11OfflineTest) ... ok
test_existing_run_id_is_rejected_without_overwrite (test_capd_proactive_stage11.Stage11RunnerTest) ... ok
test_external_gate_failure_still_writes_offline_candidate (test_capd_proactive_stage11.Stage11RunnerTest) ... ok
test_global_preflight_failure_creates_no_run_directory (test_capd_proactive_stage11.Stage11RunnerTest) ... ok
test_manifest_and_checksums_verify (test_capd_proactive_stage11.Stage11VerificationTest) ... ok
test_no_formal_stage11_status_is_generated (test_capd_proactive_stage11.Stage11VerificationTest) ... ok
test_payload_tamper_fails_closed (test_capd_proactive_stage11.Stage11VerificationTest) ... ok
test_bmax_tie_prefers_smaller_batch (test_capd_proactive_stage3.Stage3Test) ... ok
test_burst_all_zero_and_all_enter (test_capd_proactive_stage3.Stage3Test) ... ok
test_burst_windows_exclude_tail_from_quantiles (test_capd_proactive_stage3.Stage3Test) ... ok
test_capacity_preflight_allows_pressure_capable_validation (test_capd_proactive_stage3.Stage3Test) ... ok
test_capacity_preflight_blocks_phase_collapsed_validation (test_capd_proactive_stage3.Stage3Test) ... ok
test_capacity_rounding_is_decimal_ceiling_and_never_zero (test_capd_proactive_stage3.Stage3Test) ... ok
test_capacity_rule_v2_selects_fallback_from_validation_only (test_capd_proactive_stage3.Stage3Test) ... ok
test_capd_and_candidate_filter_cannot_calibrate (test_capd_proactive_stage3.Stage3Test) ... ok
test_config_is_predeclared_and_cross_stage_consistent (test_capd_proactive_stage3.Stage3Test) ... ok
test_early_reuse_zero_denominator_is_null (test_capd_proactive_stage3.Stage3Test) ... ok
test_empty_working_set_fails (test_capd_proactive_stage3.Stage3Test) ... ok
test_fallback_profile_drives_fresh_proactive_matrix (test_capd_proactive_stage3.Stage3Test) ... [stage3] start reactive workload=synthetic_locality split=train capacity=480 ratio=0.2
[stage3] done reactive-8fe59dd1f67c75f243a1 0.086s completed=1
[stage3] start reactive workload=synthetic_locality split=validation capacity=480 ratio=0.2
[stage3] done reactive-6e82d5538b02334d6635 0.015s completed=2
[stage3] start reactive workload=synthetic_locality split=train capacity=960 ratio=0.4
[stage3] done reactive-7dba43c1dba404114390 0.065s completed=3
[stage3] start reactive workload=synthetic_locality split=validation capacity=960 ratio=0.4
[stage3] done reactive-0ebd488f9897dc60bb60 0.014s completed=4
[stage3] start reactive workload=synthetic_locality split=train capacity=1440 ratio=0.6
[stage3] done reactive-7f8ef2156edc8b3f8f6a 0.061s completed=5
[stage3] start reactive workload=synthetic_locality split=validation capacity=1440 ratio=0.6
[stage3] done reactive-9298da2fca8c60f70ea7 0.014s completed=6
[stage3] start reactive workload=synthetic_locality split=train capacity=240 ratio=0.1
[stage3] done reactive-20c936de31ca97e32799 0.068s completed=7
[stage3] start reactive workload=synthetic_locality split=validation capacity=240 ratio=0.1
[stage3] done reactive-e016917ff96bcb2d6b39 0.016s completed=8
[stage3] checkpoint reuse reactive-8fe59dd1f67c75f243a1
[stage3] checkpoint reuse reactive-6e82d5538b02334d6635
[stage3] checkpoint reuse reactive-7dba43c1dba404114390
[stage3] checkpoint reuse reactive-0ebd488f9897dc60bb60
[stage3] start watermark workload=synthetic_locality split=validation capacity=240 ratio=0.1
[stage3] done watermark-5dd11486e4e582aef3e8 0.073s completed=9
[stage3] start watermark workload=synthetic_locality split=validation capacity=240 ratio=0.1
[stage3] done watermark-afe6c74241d45cde7538 0.073s completed=10
[stage3] start watermark workload=synthetic_locality split=validation capacity=240 ratio=0.1
[stage3] done watermark-1f4768e2c193cbb8c991 0.069s completed=11
[stage3] start watermark workload=synthetic_locality split=validation capacity=480 ratio=0.2
[stage3] done watermark-9e27489caee7af96e700 0.047s completed=12
[stage3] start watermark workload=synthetic_locality split=validation capacity=480 ratio=0.2
[stage3] done watermark-caadde22b818b828f6f7 0.041s completed=13
[stage3] start watermark workload=synthetic_locality split=validation capacity=480 ratio=0.2
[stage3] done watermark-84c7bbd328d854a04eb9 0.040s completed=14
[stage3] start watermark workload=synthetic_locality split=validation capacity=960 ratio=0.4
[stage3] done watermark-984e181dfd5a6c371699 0.011s completed=15
[stage3] start watermark workload=synthetic_locality split=validation capacity=960 ratio=0.4
[stage3] done watermark-31a89d07a8ce26d5689b 0.011s completed=16
[stage3] start watermark workload=synthetic_locality split=validation capacity=960 ratio=0.4
[stage3] done watermark-0284dff566fe0bc56bf5 0.011s completed=17
[stage3] start watermark workload=synthetic_locality split=validation capacity=240 ratio=0.1
[stage3] done watermark-dd75df317c7a9d7d4bd5 0.065s completed=18
[stage3] start watermark workload=synthetic_locality split=validation capacity=240 ratio=0.1
[stage3] done watermark-2e7a2adbc8f292df2151 0.063s completed=19
[stage3] start watermark workload=synthetic_locality split=validation capacity=240 ratio=0.1
[stage3] done watermark-beb8d037620fcdec8b49 0.078s completed=20
[stage3] start watermark workload=synthetic_locality split=validation capacity=480 ratio=0.2
[stage3] done watermark-9d2a0e4b177db708716d 0.075s completed=21
[stage3] start watermark workload=synthetic_locality split=validation capacity=480 ratio=0.2
[stage3] done watermark-193c3b5860ae4b446eb5 0.061s completed=22
[stage3] start watermark workload=synthetic_locality split=validation capacity=480 ratio=0.2
[stage3] done watermark-3a82fc55a2e4cacea45a 0.052s completed=23
[stage3] start watermark workload=synthetic_locality split=validation capacity=960 ratio=0.4
[stage3] done watermark-c2a89874ee45111ba6cb 0.012s completed=24
[stage3] start watermark workload=synthetic_locality split=validation capacity=960 ratio=0.4
[stage3] done watermark-1202cb52fb6f727eb00e 0.012s completed=25
[stage3] start watermark workload=synthetic_locality split=validation capacity=960 ratio=0.4
[stage3] done watermark-079372a9b17fe5c7d00f 0.012s completed=26
[stage3] start bmax workload=synthetic_locality split=validation capacity=240 ratio=0.1
[stage3] done bmax-d1a81f2232fd650366db 0.050s completed=27
[stage3] start bmax workload=synthetic_locality split=validation capacity=240 ratio=0.1
[stage3] done bmax-d621cdf87271ca9dd49b 0.032s completed=28
[stage3] start bmax workload=synthetic_locality split=validation capacity=240 ratio=0.1
[stage3] done bmax-08805214cdb6ccda1492 0.022s completed=29
[stage3] start bmax workload=synthetic_locality split=validation capacity=480 ratio=0.2
[stage3] done bmax-5a308eae757f483b55fa 0.041s completed=30
[stage3] start bmax workload=synthetic_locality split=validation capacity=480 ratio=0.2
[stage3] done bmax-e79ae795467782d99183 0.028s completed=31
[stage3] start bmax workload=synthetic_locality split=validation capacity=480 ratio=0.2
[stage3] done bmax-9f08e61e87c3187599dc 0.021s completed=32
[stage3] start bmax workload=synthetic_locality split=validation capacity=960 ratio=0.4
[stage3] done bmax-25f4d46f3eaa16ef9b59 0.011s completed=33
[stage3] start bmax workload=synthetic_locality split=validation capacity=960 ratio=0.4
[stage3] done bmax-487001a3d3bd116f3ba2 0.011s completed=34
[stage3] start bmax workload=synthetic_locality split=validation capacity=960 ratio=0.4
[stage3] done bmax-cb693733080198d62127 0.011s completed=35
[stage3] start bmax workload=synthetic_locality split=validation capacity=240 ratio=0.1
[stage3] done bmax-995356ff38ee669e98b9 0.062s completed=36
[stage3] start bmax workload=synthetic_locality split=validation capacity=240 ratio=0.1
[stage3] done bmax-01f25285d0efa882282a 0.038s completed=37
[stage3] start bmax workload=synthetic_locality split=validation capacity=240 ratio=0.1
[stage3] done bmax-c098944f002318d1a390 0.025s completed=38
[stage3] start bmax workload=synthetic_locality split=validation capacity=480 ratio=0.2
[stage3] done bmax-00ab7f59eb1363f74946 0.045s completed=39
[stage3] start bmax workload=synthetic_locality split=validation capacity=480 ratio=0.2
[stage3] done bmax-81f9a5cf68e5b82794b3 0.028s completed=40
[stage3] start bmax workload=synthetic_locality split=validation capacity=480 ratio=0.2
[stage3] done bmax-0cfe4b9766a2305bb12f 0.020s completed=41
[stage3] start bmax workload=synthetic_locality split=validation capacity=960 ratio=0.4
[stage3] done bmax-e02df60b985734e23070 0.011s completed=42
[stage3] start bmax workload=synthetic_locality split=validation capacity=960 ratio=0.4
[stage3] done bmax-6ba64883c6c5c9f2e153 0.011s completed=43
[stage3] start bmax workload=synthetic_locality split=validation capacity=960 ratio=0.4
[stage3] done bmax-1bff5d6efc0e5073731e 0.011s completed=44
ok
test_fresh_pair_materializer_never_creates_test (test_capd_proactive_stage3.Stage3Test) ... ok
test_interrupted_run_resumes_and_matches_clean_run (test_capd_proactive_stage3.Stage3Test) ... [stage3] start reactive workload=synthetic_locality split=train capacity=4 ratio=0.2
[stage3] done reactive-bc579b7f80d4f7764ddf 0.007s completed=1
[stage3] start reactive workload=synthetic_locality split=validation capacity=4 ratio=0.2
[stage3] done reactive-04e7bcbe73f110c78eeb 0.007s completed=2
[stage3] start reactive workload=synthetic_locality split=train capacity=7 ratio=0.4
[stage3] done reactive-d83b0454d04902e3e883 0.007s completed=3
[stage3] start reactive workload=synthetic_locality split=validation capacity=7 ratio=0.4
[stage3] checkpoint reuse reactive-bc579b7f80d4f7764ddf
[stage3] checkpoint reuse reactive-04e7bcbe73f110c78eeb
[stage3] checkpoint reuse reactive-d83b0454d04902e3e883
[stage3] start reactive workload=synthetic_locality split=validation capacity=7 ratio=0.4
[stage3] done reactive-8082ac34a5acd424517b 0.007s completed=4
[stage3] start reactive workload=synthetic_locality split=train capacity=10 ratio=0.6
[stage3] done reactive-f82bcd10ec75854d0ebb 0.007s completed=5
[stage3] start reactive workload=synthetic_locality split=validation capacity=10 ratio=0.6
[stage3] done reactive-8bbe8b5557b71b8313cc 0.007s completed=6
[stage3] start reactive workload=synthetic_locality split=train capacity=2 ratio=0.1
[stage3] done reactive-080c825f9cfd11bb8c64 0.007s completed=7
[stage3] start reactive workload=synthetic_locality split=validation capacity=2 ratio=0.1
[stage3] done reactive-21151477cd2df24f4ffe 0.006s completed=8
[stage3] checkpoint reuse reactive-bc579b7f80d4f7764ddf
[stage3] checkpoint reuse reactive-04e7bcbe73f110c78eeb
[stage3] checkpoint reuse reactive-d83b0454d04902e3e883
[stage3] checkpoint reuse reactive-8082ac34a5acd424517b
[stage3] start reactive workload=synthetic_locality split=train capacity=4 ratio=0.2
[stage3] done reactive-bc579b7f80d4f7764ddf 0.006s completed=1
[stage3] start reactive workload=synthetic_locality split=validation capacity=4 ratio=0.2
[stage3] done reactive-04e7bcbe73f110c78eeb 0.006s completed=2
[stage3] start reactive workload=synthetic_locality split=train capacity=7 ratio=0.4
[stage3] done reactive-d83b0454d04902e3e883 0.006s completed=3
[stage3] start reactive workload=synthetic_locality split=validation capacity=7 ratio=0.4
[stage3] done reactive-8082ac34a5acd424517b 0.006s completed=4
[stage3] start reactive workload=synthetic_locality split=train capacity=10 ratio=0.6
[stage3] done reactive-f82bcd10ec75854d0ebb 0.006s completed=5
[stage3] start reactive workload=synthetic_locality split=validation capacity=10 ratio=0.6
[stage3] done reactive-8bbe8b5557b71b8313cc 0.006s completed=6
[stage3] start reactive workload=synthetic_locality split=train capacity=2 ratio=0.1
[stage3] done reactive-080c825f9cfd11bb8c64 0.005s completed=7
[stage3] start reactive workload=synthetic_locality split=validation capacity=2 ratio=0.1
[stage3] done reactive-21151477cd2df24f4ffe 0.006s completed=8
[stage3] checkpoint reuse reactive-bc579b7f80d4f7764ddf
[stage3] checkpoint reuse reactive-04e7bcbe73f110c78eeb
[stage3] checkpoint reuse reactive-d83b0454d04902e3e883
[stage3] checkpoint reuse reactive-8082ac34a5acd424517b
ok
test_lru_order_matches_legacy_list_operations (test_capd_proactive_stage3.Stage3Test) ... ok
test_manifest_loader_parses_raw_pages_and_fingerprints (test_capd_proactive_stage3.Stage3Test) ... ok
test_nearest_rank_is_deterministic (test_capd_proactive_stage3.Stage3Test) ... ok
test_real_manifest_stops_at_results_ready_not_verified (test_capd_proactive_stage3.Stage3Test) ... [stage3] start reactive workload=synthetic_locality split=train capacity=16 ratio=0.2
[stage3] done reactive-5a04cce21b77dfcce74c 0.026s completed=1
[stage3] start reactive workload=synthetic_locality split=validation capacity=16 ratio=0.2
[stage3] done reactive-d081a9c25f7e9cd9e18f 0.021s completed=2
[stage3] start reactive workload=synthetic_locality split=train capacity=32 ratio=0.4
[stage3] done reactive-bbe4105eaee398cc9275 0.019s completed=3
[stage3] start reactive workload=synthetic_locality split=validation capacity=32 ratio=0.4
[stage3] done reactive-9f96b7486220d56e5544 0.017s completed=4
[stage3] start reactive workload=synthetic_locality split=train capacity=48 ratio=0.6
[stage3] done reactive-5c2671b8009ed656c078 0.017s completed=5
[stage3] start reactive workload=synthetic_locality split=validation capacity=48 ratio=0.6
[stage3] done reactive-bc9ce073ed1d1a67309c 0.017s completed=6
[stage3] start reactive workload=synthetic_locality split=train capacity=8 ratio=0.1
[stage3] done reactive-aeb2b194a3458aed5439 0.018s completed=7
[stage3] start reactive workload=synthetic_locality split=validation capacity=8 ratio=0.1
[stage3] done reactive-f5ce201e6c3a58b6f41e 0.018s completed=8
[stage3] checkpoint reuse reactive-5a04cce21b77dfcce74c
[stage3] checkpoint reuse reactive-d081a9c25f7e9cd9e18f
[stage3] checkpoint reuse reactive-bbe4105eaee398cc9275
[stage3] checkpoint reuse reactive-9f96b7486220d56e5544
ok
test_stage2_must_be_verified (test_capd_proactive_stage3.Stage3Test) ... ok
test_stage3_compact_replay_matches_full_replay_exactly (test_capd_proactive_stage3.Stage3Test) ... ok
test_synthetic_end_to_end_is_awaiting_real_inputs (test_capd_proactive_stage3.Stage3Test) ... [stage3] start reactive workload=synthetic_locality split=train capacity=16 ratio=0.2
[stage3] done reactive-5a04cce21b77dfcce74c 0.014s completed=1
[stage3] start reactive workload=synthetic_locality split=validation capacity=16 ratio=0.2
[stage3] done reactive-d081a9c25f7e9cd9e18f 0.014s completed=2
[stage3] start reactive workload=synthetic_locality split=train capacity=32 ratio=0.4
[stage3] done reactive-bbe4105eaee398cc9275 0.013s completed=3
[stage3] start reactive workload=synthetic_locality split=validation capacity=32 ratio=0.4
[stage3] done reactive-9f96b7486220d56e5544 0.013s completed=4
[stage3] start reactive workload=synthetic_locality split=train capacity=48 ratio=0.6
[stage3] done reactive-5c2671b8009ed656c078 0.014s completed=5
[stage3] start reactive workload=synthetic_locality split=validation capacity=48 ratio=0.6
[stage3] done reactive-bc9ce073ed1d1a67309c 0.014s completed=6
[stage3] start reactive workload=synthetic_locality split=train capacity=8 ratio=0.1
[stage3] done reactive-aeb2b194a3458aed5439 0.013s completed=7
[stage3] start reactive workload=synthetic_locality split=validation capacity=8 ratio=0.1
[stage3] done reactive-f5ce201e6c3a58b6f41e 0.013s completed=8
[stage3] checkpoint reuse reactive-5a04cce21b77dfcce74c
[stage3] checkpoint reuse reactive-d081a9c25f7e9cd9e18f
[stage3] checkpoint reuse reactive-bbe4105eaee398cc9275
[stage3] checkpoint reuse reactive-9f96b7486220d56e5544
ok
test_test_split_and_formal_test_are_rejected (test_capd_proactive_stage3.Stage3Test) ... ok
test_watermark_generation_is_traceable_and_strict (test_capd_proactive_stage3.Stage3Test) ... ok
test_watermark_tie_prefers_smaller_reserve (test_capd_proactive_stage3.Stage3Test) ... ok
test_working_set_uses_train_validation_union (test_capd_proactive_stage3.Stage3Test) ... ok
test_active_oracle_gate_compares_two_active_policies (test_capd_proactive_stage3_stage7.Stage3Stage7ContractTest) ... ok
test_active_pareto_does_not_gate_on_sync_reactive_cost_delta (test_capd_proactive_stage3_stage7.Stage3Stage7ContractTest) ... ok
test_all_phases_stop_before_freeze_and_freeze_is_explicit (test_capd_proactive_stage3_stage7.Stage3Stage7ContractTest) ... ok
test_authoritative_sha_chain_accepts_only_train_validation (test_capd_proactive_stage3_stage7.Stage3Stage7ContractTest) ... ok
test_b_t_obeys_batch_gap_and_candidate_bounds (test_capd_proactive_stage3_stage7.Stage3Stage7ContractTest) ... ok
test_base_window_profile_reads_each_trace_record_once (test_capd_proactive_stage3_stage7.Stage3Stage7ContractTest) ... ok
test_blocked_calibration_is_chronological_and_not_shuffled (test_capd_proactive_stage3_stage7.Stage3Stage7ContractTest) ... ok
test_config_freezes_six_workloads_and_stage3_only_search_space (test_capd_proactive_stage3_stage7.Stage3Stage7ContractTest) ... ok
test_dynamic_watermark_rounding_clamp_and_legality (test_capd_proactive_stage3_stage7.Stage3Stage7ContractTest) ... ok
test_forbidden_path_names_are_hard_rejected (test_capd_proactive_stage3_stage7.Stage3Stage7ContractTest) ... ok
test_multiscale_windows_are_deterministic_and_never_cross_blocks (test_capd_proactive_stage3_stage7.Stage3Stage7ContractTest) ... ok
test_nearest_rank_wref_quantiles (test_capd_proactive_stage3_stage7.Stage3Stage7ContractTest) ... ok
test_old_capd_and_oracle_test_metrics_are_hard_rejected (test_capd_proactive_stage3_stage7.Stage3Stage7ContractTest) ... ok
test_oracle_zero_headroom_blocks_stage4_candidate (test_capd_proactive_stage3_stage7.Stage3Stage7ContractTest) ... ok
test_pareto_frontier_and_tie_break_are_deterministic (test_capd_proactive_stage3_stage7.Stage3Stage7ContractTest) ... ok
test_pressure_capacity_uses_new_ratios_without_64_page_guard (test_capd_proactive_stage3_stage7.Stage3Stage7ContractTest) ... ok
test_pressure_contract_forbids_test_results (test_capd_proactive_stage3_stage7.Stage3Stage7ContractTest) ... ok
test_pressure_eligibility_records_every_failure_reason (test_capd_proactive_stage3_stage7.Stage3Stage7ContractTest) ... ok
test_profile_task_plan_is_complete_before_trace_scan (test_capd_proactive_stage3_stage7.Stage3Stage7ContractTest) ... ok
test_profile_window_checkpoint_is_durable_and_reports_progress (test_capd_proactive_stage3_stage7.Stage3Stage7ContractTest) ... ok
test_reactive_only_sentinel_selection_rejects_policy_metrics (test_capd_proactive_stage3_stage7.Stage3Stage7ContractTest) ... ok
test_resume_identity_changes_when_input_config_or_code_changes (test_capd_proactive_stage3_stage7.Stage3Stage7ContractTest) ... ok
test_role_aware_gate_keeps_sync_reactive_deltas_descriptive (test_capd_proactive_stage3_stage7.Stage3Stage7ContractTest) ... ok
test_search_task_cache_reuses_memory_before_disk (test_capd_proactive_stage3_stage7.Stage3Stage7ContractTest) ... ok
test_selection_repair_never_auto_freezes_or_claims_sync_efficiency (test_capd_proactive_stage3_stage7.Stage3Stage7ContractTest) ... ok
test_selection_repair_scope_is_active_baselines_and_async_runtime (test_capd_proactive_stage3_stage7.Stage3Stage7ContractTest) ... ok
test_stage3_can_evaluate_bmax_equal_K_without_changing_old_default (test_capd_proactive_stage3_stage7.Stage3Stage7ContractTest) ... ok
test_standard_capacity_preserves_union_definition (test_capd_proactive_stage3_stage7.Stage3Stage7ContractTest) ... ok
test_test_split_and_formal_test_are_hard_rejected (test_capd_proactive_stage3_stage7.Stage3Stage7ContractTest) ... ok
test_unified_contract_freezes_bmax_two_and_only_interval_difference (test_capd_proactive_stage3_stage7.Stage3Stage7ContractTest) ... ok
test_validation_low_pressure_rejects_pointless_demotion (test_capd_proactive_stage3_stage7.Stage3Stage7ContractTest) ... ok
test_verification_boundary_flags_are_explicitly_false (test_capd_proactive_stage3_stage7.Stage3Stage7ContractTest) ... ok
test_authority_config_is_valid (test_capd_proactive_stage4.ProactiveStage4ContractTest) ... ok
test_k_less_than_or_equal_to_bmax_is_rejected (test_capd_proactive_stage4.ProactiveStage4ContractTest) ... ok
test_selector_cannot_be_enabled (test_capd_proactive_stage4.ProactiveStage4ContractTest) ... ok
test_stage3_values_cannot_change (test_capd_proactive_stage4.ProactiveStage4ContractTest) ... ok
test_all_six_weight_formulas_and_relabel (test_capd_proactive_stage4.ProactiveStage4LabelAndMetricTest) ... ok
test_incomplete_and_empty_future_windows_are_explicit (test_capd_proactive_stage4.ProactiveStage4LabelAndMetricTest) ... ok
test_variable_top_b_metrics_ties_and_short_candidates (test_capd_proactive_stage4.ProactiveStage4LabelAndMetricTest) ... ok
test_resolved_sha_and_distinct_content_are_enforced (test_capd_proactive_stage4.ProactiveStage4ManifestTest) ... ok
test_test_and_overlapping_intervals_are_rejected (test_capd_proactive_stage4.ProactiveStage4ManifestTest) ... ok
test_test_named_path_is_rejected (test_capd_proactive_stage4.ProactiveStage4ManifestTest) ... ok
test_selection_is_global_and_deterministic (test_capd_proactive_stage4.ProactiveStage4SelectionTest) ... ok
test_source_identity_excludes_runtime_output_and_deployment_paths (test_capd_proactive_stage4.ProactiveStage4ServerWorkflowTest) ... ok
test_validator_does_not_repeat_preflight_after_tests (test_capd_proactive_stage4.ProactiveStage4ServerWorkflowTest) ... ok
test_multi_round_samples_rebuild_after_state_updates (test_capd_proactive_stage4.ProactiveStage4TrajectoryTest) ... ok
test_train_resume_identity_and_closed_loop_metric_path (test_capd_proactive_stage4_e2e.ProactiveStage4TrainingE2ETest) ... ok
test_formal_freeze_false_fails (test_capd_proactive_stage4_stage7.Stage4Stage7AuthorityTest) ... ok
test_legacy_uniform_watermarks_do_not_enter (test_capd_proactive_stage4_stage7.Stage4Stage7AuthorityTest) ... ok
test_old_verification_is_not_read (test_capd_proactive_stage4_stage7.Stage4Stage7AuthorityTest) ... ok
test_r4_correct_sha_passes (test_capd_proactive_stage4_stage7.Stage4Stage7AuthorityTest) ... ok
test_r4_registered_sha_constants (test_capd_proactive_stage4_stage7.Stage4Stage7AuthorityTest) ... ok
test_r4_wrong_sha_fails (test_capd_proactive_stage4_stage7.Stage4Stage7AuthorityTest) ... ok
test_stage4_entry_false_fails (test_capd_proactive_stage4_stage7.Stage4Stage7AuthorityTest) ... ok
test_workload_specific_watermarks (test_capd_proactive_stage4_stage7.Stage4Stage7AuthorityTest) ... ok
test_duplicate_workload_split_fails (test_capd_proactive_stage4_stage7.Stage4Stage7ManifestBoundaryTest) ... ok
test_legitimate_pressure_named_workload_is_allowed (test_capd_proactive_stage4_stage7.Stage4Stage7ManifestBoundaryTest) ... ok
test_missing_validation_fails (test_capd_proactive_stage4_stage7.Stage4Stage7ManifestBoundaryTest) ... ok
test_missing_workload_fails (test_capd_proactive_stage4_stage7.Stage4Stage7ManifestBoundaryTest) ... ok
test_pressure_derived_path_hard_fails (test_capd_proactive_stage4_stage7.Stage4Stage7ManifestBoundaryTest) ... ok
test_source_interval_length_mismatch_fails (test_capd_proactive_stage4_stage7.Stage4Stage7ManifestBoundaryTest) ... ok
test_test_role_hard_fails (test_capd_proactive_stage4_stage7.Stage4Stage7ManifestBoundaryTest) ... ok
test_active_or_structural_identity_change_fails (test_capd_proactive_stage4_stage7.Stage4Stage7ProtocolRepairContractTest) ... ok
test_r1_audit_sha_change_fails (test_capd_proactive_stage4_stage7.Stage4Stage7ProtocolRepairContractTest) ... ok
test_repair_rejects_test_pressure_checkpoint_or_performance_use (test_capd_proactive_stage4_stage7.Stage4Stage7ProtocolRepairContractTest) ... ok
test_repaired_search_draft_is_valid_and_has_new_identity (test_capd_proactive_stage4_stage7.Stage4Stage7ProtocolRepairContractTest) ... ok
test_reused_r1_trace_evidence_binds_all_current_entries (test_capd_proactive_stage4_stage7.Stage4Stage7ProtocolRepairContractTest) ... ok
test_structural_zero_row_is_na_and_never_selection_eligible (test_capd_proactive_stage4_stage7.Stage4Stage7ProtocolRepairContractTest) ... ok
test_training_six_selection_four_and_structural_two_are_exact (test_capd_proactive_stage4_stage7.Stage4Stage7ProtocolRepairContractTest) ... ok
test_all_command_does_not_call_freeze (test_capd_proactive_stage4_stage7.Stage4Stage7SearchContractTest) ... /home/likc/Q-former-for-OS/tests/test_capd_proactive_stage4_stage7.py:190: ResourceWarning: unclosed file <_io.TextIOWrapper name='/home/likc/Q-former-for-OS/scripts/run_capd_proactive_stage4_stage7.py' mode='r' encoding='utf-8'>
  source = open(runner.__file__, "r", encoding="utf-8").read()
ResourceWarning: Enable tracemalloc to get the object allocation traceback
ok
test_all_formal_seeds_are_explicit (test_capd_proactive_stage4_stage7.Stage4Stage7SearchContractTest) ... ok
test_b_max_is_fixed_to_two (test_capd_proactive_stage4_stage7.Stage4Stage7SearchContractTest) ... ok
test_candidate_count_and_training_count (test_capd_proactive_stage4_stage7.Stage4Stage7SearchContractTest) ... ok
test_freeze_without_flag_fails (test_capd_proactive_stage4_stage7.Stage4Stage7SearchContractTest) ... ok
test_full_model_dimensions_are_validated (test_capd_proactive_stage4_stage7.Stage4Stage7SearchContractTest) ... ok
test_k_is_fixed_to_eight (test_capd_proactive_stage4_stage7.Stage4Stage7SearchContractTest) ... ok
test_phase_inheritance_keeps_complete_args (test_capd_proactive_stage4_stage7.Stage4Stage7SearchContractTest) ... ok
test_search_containing_capacity_fails (test_capd_proactive_stage4_stage7.Stage4Stage7SearchContractTest) ... ok
test_search_containing_k_fails (test_capd_proactive_stage4_stage7.Stage4Stage7SearchContractTest) ... ok
test_search_draft_is_valid (test_capd_proactive_stage4_stage7.Stage4Stage7SearchContractTest) ... ok
test_checkpoint_argument_mismatch_fails (test_capd_proactive_stage4_stage7.Stage4Stage7TrainingContractTest) ... ok
test_indexed_labels_equal_shared_reference (test_capd_proactive_stage4_stage7.Stage4Stage7TrainingContractTest) ... ok
test_qmap_train_applies_every_candidate_argument (test_capd_proactive_stage4_stage7.Stage4Stage7TrainingContractTest) ... ok
test_require_cuda_has_no_cpu_fallback (test_capd_proactive_stage4_stage7.Stage4Stage7TrainingContractTest) ... ok
test_resume_contract_change_fails_closed (test_capd_proactive_stage4_stage7.Stage4Stage7TrainingContractTest) ... /home/likc/Q-former-for-OS/tests/test_capd_proactive_stage4_stage7.py:424: ResourceWarning: unclosed file <_io.TextIOWrapper name='/home/likc/Q-former-for-OS/scripts/run_capd_proactive_stage4_stage7.py' mode='r' encoding='utf-8'>
  source = open(runner.__file__, "r", encoding="utf-8").read()
ResourceWarning: Enable tracemalloc to get the object allocation traceback
ok
test_single_gpu_training_loop_is_serial (test_capd_proactive_stage4_stage7.Stage4Stage7TrainingContractTest) ... /home/likc/Q-former-for-OS/tests/test_capd_proactive_stage4_stage7.py:436: ResourceWarning: unclosed file <_io.TextIOWrapper name='/home/likc/Q-former-for-OS/scripts/run_capd_proactive_stage4_stage7.py' mode='r' encoding='utf-8'>
  source = open(runner.__file__, "r", encoding="utf-8").read()
ResourceWarning: Enable tracemalloc to get the object allocation traceback
ok
test_vocabulary_declares_train_only_and_oov (test_capd_proactive_stage4_stage7.Stage4Stage7TrainingContractTest) ... /home/likc/Q-former-for-OS/tests/test_capd_proactive_stage4_stage7.py:449: ResourceWarning: unclosed file <_io.TextIOWrapper name='/tmp/tmpcrd24ohd/train.jsonl' mode='w' encoding='utf-8'>
  json.dumps(value) + "\n")
ResourceWarning: Enable tracemalloc to get the object allocation traceback
/home/likc/Q-former-for-OS/tests/test_capd_proactive_stage4_stage7.py:449: ResourceWarning: unclosed file <_io.TextIOWrapper name='/tmp/tmpcrd24ohd/valid.jsonl' mode='w' encoding='utf-8'>
  json.dumps(value) + "\n")
ResourceWarning: Enable tracemalloc to get the object allocation traceback
ok
test_architecture_learning_rate_and_seed_reuse_same_sample_identity (test_capd_proactive_stage4_stage7_e2e.Stage4Stage7SyntheticE2ETest) ... ok
test_candidate_and_freeze_are_distinct_commands (test_capd_proactive_stage4_stage7_e2e.Stage4Stage7SyntheticE2ETest) ... ok
test_confirmation_does_not_start_training (test_capd_proactive_stage4_stage7_e2e.Stage4Stage7SyntheticE2ETest) ... /home/likc/Q-former-for-OS/tests/test_capd_proactive_stage4_stage7_e2e.py:139: ResourceWarning: unclosed file <_io.TextIOWrapper name='/home/likc/Q-former-for-OS/scripts/run_capd_proactive_stage4_stage7.py' mode='r' encoding='utf-8'>
  source = open(runner.__file__, "r", encoding="utf-8").read()
ResourceWarning: Enable tracemalloc to get the object allocation traceback
ok
test_external_cache_index_accepts_cross_phase_semantic_aliases (test_capd_proactive_stage4_stage7_e2e.Stage4Stage7SyntheticE2ETest) ... ok
test_external_cache_index_rejects_owner_or_semantic_mismatch (test_capd_proactive_stage4_stage7_e2e.Stage4Stage7SyntheticE2ETest) ... ok
test_external_cache_registration_contains_no_copy_operation (test_capd_proactive_stage4_stage7_e2e.Stage4Stage7SyntheticE2ETest) ... /home/likc/Q-former-for-OS/tests/test_capd_proactive_stage4_stage7_e2e.py:312: ResourceWarning: unclosed file <_io.TextIOWrapper name='/home/likc/Q-former-for-OS/scripts/run_capd_proactive_stage4_stage7.py' mode='r' encoding='utf-8'>
  source = open(runner.__file__, "r", encoding="utf-8").read()
ResourceWarning: Enable tracemalloc to get the object allocation traceback
ok
test_final_verification_binds_orchestration_repair_receipt (test_capd_proactive_stage4_stage7_e2e.Stage4Stage7SyntheticE2ETest) ... /home/likc/Q-former-for-OS/tests/test_capd_proactive_stage4_stage7_e2e.py:343: ResourceWarning: unclosed file <_io.TextIOWrapper name='/home/likc/Q-former-for-OS/scripts/run_capd_proactive_stage4_stage7.py' mode='r' encoding='utf-8'>
  source = open(runner.__file__, "r", encoding="utf-8").read()
ResourceWarning: Enable tracemalloc to get the object allocation traceback
ok
test_full_search_refuses_missing_confirmation (test_capd_proactive_stage4_stage7_e2e.Stage4Stage7SyntheticE2ETest) ... ok
test_preflight_creates_expected_gate_artifacts (test_capd_proactive_stage4_stage7_e2e.Stage4Stage7SyntheticE2ETest) ... ok
test_protocol_repair_candidate_summary_rejects_nonzero_structural_row (test_capd_proactive_stage4_stage7_e2e.Stage4Stage7SyntheticE2ETest) ... ok
test_protocol_repair_candidate_summary_uses_only_active_four (test_capd_proactive_stage4_stage7_e2e.Stage4Stage7SyntheticE2ETest) ... ok
test_r2_preflight_reuses_pinned_r1_parse_evidence (test_capd_proactive_stage4_stage7_e2e.Stage4Stage7SyntheticE2ETest) ... ok
test_r2_resume_script_audits_partial_run_before_resume (test_capd_proactive_stage4_stage7_e2e.Stage4Stage7SyntheticE2ETest) ... ok
test_sample_gate_code_contains_no_training_or_selection_call (test_capd_proactive_stage4_stage7_e2e.Stage4Stage7SyntheticE2ETest) ... /home/likc/Q-former-for-OS/tests/test_capd_proactive_stage4_stage7_e2e.py:239: ResourceWarning: unclosed file <_io.TextIOWrapper name='/home/likc/Q-former-for-OS/scripts/run_capd_proactive_stage4_stage7.py' mode='r' encoding='utf-8'>
  source = open(runner.__file__, "r", encoding="utf-8").read()
ResourceWarning: Enable tracemalloc to get the object allocation traceback
ok
test_sample_gate_refuses_confirmation_flag_and_checkpoint (test_capd_proactive_stage4_stage7_e2e.Stage4Stage7SyntheticE2ETest) ... ok
test_sample_generation_binds_r4_method_and_is_deterministic (test_capd_proactive_stage4_stage7_e2e.Stage4Stage7SyntheticE2ETest) ... ok
test_sample_structure_report_detects_one_zero_workload_split (test_capd_proactive_stage4_stage7_e2e.Stage4Stage7SyntheticE2ETest) ... ok
test_capd_adapter_accepts_stage4_stage7_checkpoint_contracts (test_capd_proactive_stage5_contract.ProactiveStage5ContractTest) ... ok
test_capd_adapter_has_no_trace_or_future_label_constructor_input (test_capd_proactive_stage5_contract.ProactiveStage5ContractTest) ... ok
test_capd_adapter_rejects_checkpoint_training_experiment_mismatch (test_capd_proactive_stage5_contract.ProactiveStage5ContractTest) ... ok
test_capd_adapter_rejects_historical_stage4_checkpoint_contract (test_capd_proactive_stage5_contract.ProactiveStage5ContractTest) ... ok
test_every_frozen_single_field_mutation_is_rejected (test_capd_proactive_stage5_contract.ProactiveStage5ContractTest) ... ok
test_frozen_parameters_and_formal_policy_table (test_capd_proactive_stage5_contract.ProactiveStage5ContractTest) ... ok
test_path_resolution_rejects_escape_and_old_stage_tree (test_capd_proactive_stage5_contract.ProactiveStage5ContractTest) ... ok
test_portable_absolute_checkpoint_resolution (test_capd_proactive_stage5_contract.ProactiveStage5ContractTest) ... ok
test_stage4_verification_chain_reads_all_seed_bindings_without_pth (test_capd_proactive_stage5_contract.ProactiveStage5ContractTest) ... ok
test_test_and_historical_policy_are_hard_rejected (test_capd_proactive_stage5_contract.ProactiveStage5ContractTest) ... ok
test_tpp_is_registered_pending_and_never_falls_back (test_capd_proactive_stage5_contract.ProactiveStage5ContractTest) ... ok
test_completed_exact_identity_is_reused_without_execution (test_capd_proactive_stage5_e2e.ProactiveStage5ResumeTest) ... ok
test_external_validator_failure_is_atomically_marked (test_capd_proactive_stage5_e2e.ProactiveStage5ResumeTest) ... ok
test_run_identity_covers_capd_runtime_dependencies (test_capd_proactive_stage5_e2e.ProactiveStage5ResumeTest) ... ok
test_running_or_failed_job_is_preserved_and_not_retried (test_capd_proactive_stage5_e2e.ProactiveStage5ResumeTest) ... ok
test_single_identity_change_is_not_reused (test_capd_proactive_stage5_e2e.ProactiveStage5ResumeTest) ... ok
test_unittest_log_parser_accepts_trailing_test_output (test_capd_proactive_stage5_e2e.ProactiveStage5ResumeTest) ... ok
test_unittest_log_parser_rejects_failure_or_missing_summary (test_capd_proactive_stage5_e2e.ProactiveStage5ResumeTest) ... ok
test_all_runnable_policies_have_valid_frozen_stage0_mappings (test_capd_proactive_stage5_replay.ProactiveStage5ReplayTest) ... ok
test_clock_is_candidate_scoped_clears_bits_and_persists_pointer (test_capd_proactive_stage5_replay.ProactiveStage5ReplayTest) ... ok
test_current_entering_page_is_not_an_initialization_candidate (test_capd_proactive_stage5_replay.ProactiveStage5ReplayTest) ... ok
test_event_accounting_and_frozen_cost_match_manual_recompute (test_capd_proactive_stage5_replay.ProactiveStage5ReplayTest) ... ok
test_fairness_a_and_b_and_single_field_pollution (test_capd_proactive_stage5_replay.ProactiveStage5ReplayTest) ... ok
test_oracle_is_deterministic_candidate_scoped_and_records_tail (test_capd_proactive_stage5_replay.ProactiveStage5ReplayTest) ... ok
test_proactive_lru_triggers_multiple_rounds_and_rebuilds_candidates (test_capd_proactive_stage5_replay.ProactiveStage5ReplayTest) ... ok
test_reactive_lru_has_no_proactive_state_or_event_type (test_capd_proactive_stage5_replay.ProactiveStage5ReplayTest) ... ok
test_rule_policy_replay_is_exactly_deterministic_without_timing (test_capd_proactive_stage5_replay.ProactiveStage5ReplayTest) ... ok
test_test_input_is_hard_rejected (test_capd_proactive_stage5_replay.ProactiveStage5ReplayTest) ... ok
test_deterministic_semantic_replay_and_stage2_cost (test_capd_proactive_stage6_e2e.ProactiveStage6E2ETest) ... ok
test_global_selection_is_single_deterministic_and_not_per_workload (test_capd_proactive_stage6_e2e.ProactiveStage6E2ETest) ... ok
test_runner_receipt_parser_and_exact_completed_job_resume (test_capd_proactive_stage6_e2e.ProactiveStage6E2ETest) ... ok
test_stage6_experiment_a_includes_tpp_and_detects_pollution (test_capd_proactive_stage6_e2e.ProactiveStage6E2ETest) ... ok
test_synthetic_e2e_epoch_cold_selection_and_multi_round_cycle (test_capd_proactive_stage6_e2e.ProactiveStage6E2ETest) ... ok
test_cold_short_reuse_uses_frozen_64_access_window (test_capd_proactive_stage6_tpp.ProactiveStage6TPPTest) ... ok
test_dirty_tie_break_off_ignores_dirty_and_uses_age_lru_page (test_capd_proactive_stage6_tpp.ProactiveStage6TPPTest) ... ok
test_dirty_tie_break_on_uses_six_level_order (test_capd_proactive_stage6_tpp.ProactiveStage6TPPTest) ... ok
test_emergency_demotion_is_not_counted_as_tpp_selection (test_capd_proactive_stage6_tpp.ProactiveStage6TPPTest) ... ok
test_frozen_stage3_stage4_cost_and_selector_fields_cannot_change (test_capd_proactive_stage6_tpp.ProactiveStage6TPPTest) ... ok
test_grid_has_exactly_twelve_unique_predeclared_configs (test_capd_proactive_stage6_tpp.ProactiveStage6TPPTest) ... ok
test_missing_state_is_deterministic_and_candidate_scoped (test_capd_proactive_stage6_tpp.ProactiveStage6TPPTest) ... ok
test_new_page_access_epoch_boundary_and_multi_epoch_jump (test_capd_proactive_stage6_tpp.ProactiveStage6TPPTest) ... ok
test_stage5_entry_chain_and_pending_contract_remain_valid (test_capd_proactive_stage6_tpp.ProactiveStage6TPPTest) ... ok
test_stage6_stage0_mapping_is_tpp_specific_and_checkpoint_free (test_capd_proactive_stage6_tpp.ProactiveStage6TPPTest) ... ok
test_test_input_and_legacy_artifact_are_hard_rejected (test_capd_proactive_stage6_tpp.ProactiveStage6TPPTest) ... ok
test_threshold_one_and_two_classification (test_capd_proactive_stage6_tpp.ProactiveStage6TPPTest) ... ok
test_top_b_is_unique_and_strictly_within_candidate_snapshot (test_capd_proactive_stage6_tpp.ProactiveStage6TPPTest) ... ok
test_01_stage6_entry_chain_is_valid (test_capd_proactive_stage7.Stage7ConfigTest) ... ok
test_02_stage6_authority_sha_mutation_is_rejected (test_capd_proactive_stage7.Stage7ConfigTest) ... ok
test_03_stage6_tpp_parameters_are_frozen (test_capd_proactive_stage7.Stage7ConfigTest) ... ok
test_04_stage4_capd_parameters_are_frozen (test_capd_proactive_stage7.Stage7ConfigTest) ... ok
test_05_active_controls_are_frozen (test_capd_proactive_stage7.Stage7ConfigTest) ... ok
test_06_selector_must_remain_disabled (test_capd_proactive_stage7.Stage7ConfigTest) ... ok
test_07_seen_workload_set_is_exact (test_capd_proactive_stage7.Stage7ConfigTest) ... ok
test_08_blackscholes_is_unseen (test_capd_proactive_stage7.Stage7ConfigTest) ... ok
test_09_exactly_six_workloads_are_required (test_capd_proactive_stage7.Stage7ConfigTest) ... ok
test_10_duplicate_workload_is_rejected (test_capd_proactive_stage7.Stage7ConfigTest) ... ok
test_11_required_type_coverage_is_enforced (test_capd_proactive_stage7.Stage7ConfigTest) ... ok
test_12_unconfirmed_suite_cannot_freeze (test_capd_proactive_stage7.Stage7ConfigTest) ... ok
test_13_confirmed_suite_passes_confirmation_gate (test_capd_proactive_stage7.Stage7ConfigTest) ... ok
test_14_heldout_retraining_is_rejected (test_capd_proactive_stage7.Stage7ConfigTest) ... ok
test_15_cost_profile_is_frozen (test_capd_proactive_stage7.Stage7ConfigTest) ... ok
test_16_decimal_ceiling_capacity (test_capd_proactive_stage7.Stage7ConfigTest) ... ok
test_17_capacity_ratios_are_exact (test_capd_proactive_stage7.Stage7ConfigTest) ... ok
test_18_twenty_percent_default_is_not_reselected (test_capd_proactive_stage7.Stage7ConfigTest) ... ok
test_19_watermarks_must_not_scale (test_capd_proactive_stage7.Stage7ConfigTest) ... ok
test_20_nvm_is_unbounded_backing_tier (test_capd_proactive_stage7.Stage7ConfigTest) ... ok
test_21_d20_hard_gate_is_enforced (test_capd_proactive_stage7.Stage7ConfigTest) ... ok
test_22_d20_below_100_emits_warning (test_capd_proactive_stage7.Stage7ConfigTest) ... ok
test_23_pressure_test_is_disabled (test_capd_proactive_stage7.Stage7ConfigTest) ... ok
test_24_profile_policy_cannot_be_capd (test_capd_proactive_stage7.Stage7ConfigTest) ... ok
test_25_valid_collection_manifest_passes (test_capd_proactive_stage7.Stage7TraceAndManifestTest) ... ok
test_26_mixed_manifest_pid_is_rejected (test_capd_proactive_stage7.Stage7TraceAndManifestTest) ... ok
test_27_mixed_manifest_tid_is_rejected (test_capd_proactive_stage7.Stage7TraceAndManifestTest) ... ok
test_28_missing_rw_column_is_rejected (test_capd_proactive_stage7.Stage7TraceAndManifestTest) ... ok
test_29_page_shift_other_than_12_is_rejected (test_capd_proactive_stage7.Stage7TraceAndManifestTest) ... ok
test_30_overlapping_split_is_rejected (test_capd_proactive_stage7.Stage7TraceAndManifestTest) ... ok
test_31_split_role_swap_is_rejected (test_capd_proactive_stage7.Stage7TraceAndManifestTest) ... ok
test_32_test_contamination_flag_is_rejected (test_capd_proactive_stage7.Stage7TraceAndManifestTest) ... ok
test_33_loss_or_timeout_is_rejected (test_capd_proactive_stage7.Stage7TraceAndManifestTest) ... ok
test_34_raw_sha_mismatch_is_rejected (test_capd_proactive_stage7.Stage7TraceAndManifestTest) ... ok
test_35_observed_mixed_pid_is_rejected (test_capd_proactive_stage7.Stage7TraceAndManifestTest) ... ok
test_36_working_set_excludes_test_only_pages (test_capd_proactive_stage7.Stage7TraceAndManifestTest) ... ok
test_37_raw_trace_is_not_modified (test_capd_proactive_stage7.Stage7TraceAndManifestTest) ... ok
test_38_profile_is_exactly_deterministic (test_capd_proactive_stage7.Stage7TraceAndManifestTest) ... ok
test_39_full_prepare_freezes_standard_test_and_plan (test_capd_proactive_stage7.Stage7TraceAndManifestTest) ... ok
test_40_stage8_plan_has_three_capd_seeds_and_no_rule_seeds (test_capd_proactive_stage7.Stage7TraceAndManifestTest) ... ok
test_41_drmemtrace_converter_preserves_legacy_schema (test_capd_proactive_stage7.Stage7TraceAndManifestTest) ... ok
test_42_drmemtrace_converter_preserves_pid_tid (test_capd_proactive_stage7.Stage7TraceAndManifestTest) ... ok
test_43_drmemtrace_converter_rejects_missing_identity (test_capd_proactive_stage7.Stage7TraceAndManifestTest) ... ok
test_44_legacy_B64_is_rejected (test_capd_proactive_stage7.Stage7TraceAndManifestTest) ... ok
test_45_stage7_test_policy_replay_is_rejected (test_capd_proactive_stage7.Stage7TraceAndManifestTest) ... ok
test_46_drmemtrace_pid_must_be_explicit (test_capd_proactive_stage7.Stage7TraceAndManifestTest) ... ok
test_47_prepare_uses_confirmed_order_not_manifest_order (test_capd_proactive_stage7.Stage7TraceAndManifestTest) ... ok
test_bundle_verifier_rejects_changed_artifact (test_capd_proactive_stage7_repair.DerivationTest) ... ok
test_bundle_verifier_rejects_paused_or_revoked_bundle (test_capd_proactive_stage7_repair.DerivationTest) ... ok
test_derived_rows_equal_source_interval_and_source_is_unchanged (test_capd_proactive_stage7_repair.DerivationTest) ... ok
test_export_is_blocked_when_r2_r4_are_paused (test_capd_proactive_stage7_repair.DerivationTest) ... ok
test_manifest_rejects_non_null_nested_overhead (test_capd_proactive_stage7_repair.DerivationTest) ... ok
test_pressure_overhead_must_be_null_or_absent (test_capd_proactive_stage7_repair.DerivationTest) ... ok
test_repeated_derivation_has_identical_sha (test_capd_proactive_stage7_repair.DerivationTest) ... ok
test_candidate_starts_are_exact_and_bounded (test_capd_proactive_stage7_repair.IntegrityAndSelectionTest) ... ok
test_capacity_rows_preserve_base_guarded_and_effective_ratio (test_capd_proactive_stage7_repair.IntegrityAndSelectionTest) ... ok
test_capd_or_oracle_metrics_cannot_select_windows (test_capd_proactive_stage7_repair.IntegrityAndSelectionTest) ... ok
test_ineligible_cell_is_preserved_without_window (test_capd_proactive_stage7_repair.IntegrityAndSelectionTest) ... ok
test_raw_sha_mismatch_is_rejected (test_capd_proactive_stage7_repair.IntegrityAndSelectionTest) ... ok
test_reactive_lru_candidate_starts_empty_and_counts_replacements (test_capd_proactive_stage7_repair.IntegrityAndSelectionTest) ... ok
test_recorded_server_split_resolves_by_sha_to_local_suite (test_capd_proactive_stage7_repair.IntegrityAndSelectionTest) ... ok
test_selection_uses_fixed_tie_break (test_capd_proactive_stage7_repair.IntegrityAndSelectionTest) ... ok
test_test_interval_out_of_bounds_is_rejected (test_capd_proactive_stage7_repair.IntegrityAndSelectionTest) ... ok
test_changed_fixed_parameter_is_rejected (test_capd_proactive_stage7_repair.RepairConfigTest) ... ok
test_cli_exposes_only_local_prepare_commands (test_capd_proactive_stage7_repair.RepairConfigTest) ... ok
test_fixed_local_contract (test_capd_proactive_stage7_repair.RepairConfigTest) ... ok
test_pending_parameters_block_r2_r4 (test_capd_proactive_stage7_repair.RepairConfigTest) ... ok
test_aggregation_membership_seed_std_and_groups (test_capd_proactive_stage8.Stage8AggregationTest) ... ok
test_atomic_write_round_trip (test_capd_proactive_stage8.Stage8AggregationTest) ... ok
test_bootstrap_is_fixed_seed_reproducible (test_capd_proactive_stage8.Stage8AggregationTest) ... ok
test_fairness_detects_one_field_pollution (test_capd_proactive_stage8.Stage8AggregationTest) ... ok
test_authority_sha_tamper_is_rejected (test_capd_proactive_stage8.Stage8ContractTest) ... ok
test_cuda_runtime_environment_is_fail_closed_and_exact (test_capd_proactive_stage8.Stage8ContractTest) ... ok
test_cuda_smoke_inherits_exact_stage4_checkpoint_criterion (test_capd_proactive_stage8.Stage8ContractTest) ... ok
test_each_frozen_family_mutation_is_rejected (test_capd_proactive_stage8.Stage8ContractTest) ... ok
test_failed_run_id_is_fail_closed (test_capd_proactive_stage8.Stage8ContractTest) ... ok
test_formal_replay_cli_requires_explicit_confirmation_flag (test_capd_proactive_stage8.Stage8ContractTest) ... usage: python3 -m unittest formal-replay [-h] --confirm-formal-replay
python3 -m unittest formal-replay: error: the following arguments are required: --confirm-formal-replay
ok
test_formal_replay_requires_stage8_locked_authorization (test_capd_proactive_stage8.Stage8ContractTest) ... ok
test_frozen_config_is_exact (test_capd_proactive_stage8.Stage8ContractTest) ... ok
test_git_state_excludes_stage8_runtime_output (test_capd_proactive_stage8.Stage8ContractTest) ... ok
test_legacy_finals_path_is_rejected (test_capd_proactive_stage8.Stage8ContractTest) ... ok
test_manifest_has_exact_80_track_jobs (test_capd_proactive_stage8.Stage8ContractTest) ... ok
test_manifest_has_five_deterministic_and_three_capd_jobs_per_cell (test_capd_proactive_stage8.Stage8ContractTest) ... ok
test_pressure_jobs_bind_complete_frozen_provenance (test_capd_proactive_stage8.Stage8ContractTest) ... ok
test_pressure_lock_and_bundle_share_addendum_and_parent_r4 (test_capd_proactive_stage8.Stage8ContractTest) ... ok
test_pressure_lock_rejects_forbidden_workload (test_capd_proactive_stage8.Stage8ContractTest) ... ok
test_pressure_manifest_excludes_structural_zero_workloads (test_capd_proactive_stage8.Stage8ContractTest) ... ok
test_replay_parameters_are_injected_from_job_controls (test_capd_proactive_stage8.Stage8ContractTest) ... ok
test_result_schema_sha_is_bound_and_audited (test_capd_proactive_stage8.Stage8ContractTest) ... ok
test_stage8_production_files_have_no_obsolete_matrix_hardcodes (test_capd_proactive_stage8.Stage8ContractTest) ... ok
test_standard_and_pressure_share_candidate_contract_per_workload (test_capd_proactive_stage8.Stage8ContractTest) ... ok
test_standard_missing_server_payload_path_is_fail_closed (test_capd_proactive_stage8.Stage8ContractTest) ... ok
test_test_parsers_are_only_called_by_gated_formal_replay (test_capd_proactive_stage8.Stage8ContractTest) ... ok
test_validation_script_stops_before_formal_replay (test_capd_proactive_stage8.Stage8ContractTest) ... ok
test_early_reuse_boundaries_64_256_1024 (test_capd_proactive_stage8.Stage8MetricTest) ... ok
test_early_reuse_zero_denominator_is_predeclared_zero (test_capd_proactive_stage8.Stage8MetricTest) ... ok
test_five_non_capd_policies_share_replay_and_are_exact (test_capd_proactive_stage8.Stage8MetricTest) ... ok
test_future_count_and_wasted_demotion (test_capd_proactive_stage8.Stage8MetricTest) ... ok
test_oov_counts_access_and_unique_without_expansion (test_capd_proactive_stage8.Stage8MetricTest) ... ok
test_pressure_result_records_and_audits_full_provenance (test_capd_proactive_stage8.Stage8MetricTest) ... ok
test_semantic_hash_excludes_latency (test_capd_proactive_stage8.Stage8MetricTest) ... ok
test_semantic_hash_excludes_resolved_absolute_checkpoint_path (test_capd_proactive_stage8.Stage8MetricTest) ... ok
test_cpu_device_is_mandatory (test_capd_proactive_stage9.Stage9ContractTest) ... ok
test_eval_and_no_grad_contract (test_capd_proactive_stage9.Stage9ContractTest) ... ok
test_frozen_config_is_exact (test_capd_proactive_stage9.Stage9ContractTest) ... ok
test_git_identity_ignores_stage9_outputs_but_detects_source_changes (test_capd_proactive_stage9.Stage9ContractTest) ... ok
test_identity_difference_reports_the_exact_json_path (test_capd_proactive_stage9.Stage9ContractTest) ... ok
test_measurement_matrix_is_stage8_v2_track_aware (test_capd_proactive_stage9.Stage9ContractTest) ... ok
test_plan_job_controls_trace_and_checkpoint_are_forwarded (test_capd_proactive_stage9.Stage9ContractTest) ... ok
test_raw_quality_perf_and_audit_identity_tamper_is_rejected (test_capd_proactive_stage9.Stage9ContractTest) ... ok
test_result_schema_is_v2_and_track_aware (test_capd_proactive_stage9.Stage9ContractTest) ... ok
test_result_schema_sha_is_pinned_and_tamper_is_rejected (test_capd_proactive_stage9.Stage9ContractTest) ... ok
test_run_id_isolated_and_failed_run_cannot_resume (test_capd_proactive_stage9.Stage9ContractTest) ... ok
test_runtime_record_requires_requested_and_actual_affinity (test_capd_proactive_stage9.Stage9ContractTest) ... ok
test_server_checks_perf_permission_before_starting_expensive_run (test_capd_proactive_stage9.Stage9ContractTest) ... ok
test_sha_binding_rejects_tamper (test_capd_proactive_stage9.Stage9ContractTest) ... ok
test_stage8_r5_outer_sha_mismatch_is_rejected (test_capd_proactive_stage9.Stage9ContractTest) ... ok
test_stage8_r5_resolves_all_three_linux_checkpoint_paths (test_capd_proactive_stage9.Stage9ContractTest) ... skipped 'Windows path adaptation regression'
test_stage8_r5_sha_chain_and_30_capd_plan_jobs_are_audited (test_capd_proactive_stage9.Stage9ContractTest) ... ok
test_stage8_v2_entry_accepts_without_mutating_stage8_gate (test_capd_proactive_stage9.Stage9ContractTest) ... ok
test_standard_and_pressure_trace_bindings_remain_distinct (test_capd_proactive_stage9.Stage9ContractTest) ... ok
test_track_workload_seed_identity_prevents_cross_track_collision (test_capd_proactive_stage9.Stage9ContractTest) ... ok
test_v2_fields_and_formal_bmax_are_fail_closed (test_capd_proactive_stage9.Stage9ContractTest) ... ok
test_cycles_per_round_and_page_use_real_counter_only (test_capd_proactive_stage9.Stage9LatencyAndCycleTest) ... ok
test_empty_and_single_sample_statistics (test_capd_proactive_stage9.Stage9LatencyAndCycleTest) ... ok
test_mean_p50_p95_p99_and_raw_summary_consistency (test_capd_proactive_stage9.Stage9LatencyAndCycleTest) ... ok
test_measurement_completeness_rejects_zero_latency_suite (test_capd_proactive_stage9.Stage9LatencyAndCycleTest) ... ok
test_model_memory_keeps_max_runtime_instead_of_last_zero_cell (test_capd_proactive_stage9.Stage9LatencyAndCycleTest) ... ok
test_perf_parser_preserves_unavailable_reason (test_capd_proactive_stage9.Stage9LatencyAndCycleTest) ... ok
test_perf_scope_requires_exact_active_and_zero_cells (test_capd_proactive_stage9.Stage9LatencyAndCycleTest) ... ok
test_quality_summary_keeps_track_and_ten_track_workload_units (test_capd_proactive_stage9.Stage9LatencyAndCycleTest) ... ok
test_raw_latency_schema_contains_full_v2_identity (test_capd_proactive_stage9.Stage9LatencyAndCycleTest) ... ok
test_verify_reparses_raw_perf_and_matches_standalone_scope (test_capd_proactive_stage9.Stage9LatencyAndCycleTest) ... ok
test_warmup_is_never_in_formal_statistics (test_capd_proactive_stage9.Stage9LatencyAndCycleTest) ... ok
test_zero_bt_is_counted_and_excluded_from_page_amortization (test_capd_proactive_stage9.Stage9LatencyAndCycleTest) ... ok
test_capacity_csv_is_recomputed_from_memory_breakdown (test_capd_proactive_stage9.Stage9MemoryAndSemanticsTest) ... ok
test_capacity_overhead_uses_six_unique_workload_controls (test_capd_proactive_stage9.Stage9MemoryAndSemanticsTest) ... ok
test_instrumentation_preserves_top_b_and_state_trajectory (test_capd_proactive_stage9.Stage9MemoryAndSemanticsTest) ... ok
test_metadata_linear_charge_and_4k_round_up (test_capd_proactive_stage9.Stage9MemoryAndSemanticsTest) ... ok
test_parameter_bytes_and_embedding_split_are_exact (test_capd_proactive_stage9.Stage9MemoryAndSemanticsTest) ... ok
test_peak_rss_fields_have_bytes_and_mib (test_capd_proactive_stage9.Stage9MemoryAndSemanticsTest) ... ok
test_regression_receipt_rechecks_confined_log_and_sha (test_capd_proactive_stage9.Stage9MemoryAndSemanticsTest) ... ok
test_summary_v2_metadata_tamper_is_rejected (test_capd_proactive_stage9.Stage9MemoryAndSemanticsTest) ... ok
test_test_data_cannot_select_parameter_checkpoint_or_formal_bmax (test_capd_proactive_stage9.Stage9MemoryAndSemanticsTest) ... ok
test_windows_import_is_supported_but_formal_measurement_is_linux_only (test_capd_proactive_stage9.Stage9MemoryAndSemanticsTest) ... ok
test_missing_test_file_is_never_opened (test_capd_r1_end_to_end.R1MiniEndToEndTest) ... skipped 'server-only: set CAPD_R1_E2E=1'
test_input_audit_keeps_upstream_frozen (test_capd_r1_plan.R1PressurePlanTest) ... ok
test_plan_is_45_cpu_jobs_without_training_or_test (test_capd_r1_plan.R1PressurePlanTest) ... ok
test_pressure_configs_are_diagnostic_only_and_contract_preserving (test_capd_r1_plan.R1PressurePlanTest) ... ok
test_pressure_matrix_is_exactly_d16_d32_d64_with_b_equal_d (test_capd_r1_plan.R1PressurePlanTest) ... ok
test_headroom_without_strict_preference_is_not_measurable (test_capd_r1_results.R1PressureResultTest) ... ok
test_positive_headroom_uses_best_classical_cost (test_capd_r1_results.R1PressureResultTest) ... ok
test_trend_is_descriptive_and_never_selects_a_capacity (test_capd_r1_results.R1PressureResultTest) ... ok
test_cross_stage_contracts_are_frozen_and_consistent (test_capd_stage1_stage2_integration.Stage1Stage2IntegrationTest) ... ok
test_every_stage1_fixture_summary_recomputes_all_profiles (test_capd_stage1_stage2_integration.Stage1Stage2IntegrationTest) ... ok
test_stage1_adapter_rejects_wrong_or_already_costed_summary (test_capd_stage1_stage2_integration.Stage1Stage2IntegrationTest) ... ok
test_mini_pipeline_contract_chain (test_capd_stage1_v3_end_to_end.FinalsV3MiniEndToEndTest) ... skipped 'Set CAPD_RUN_STAGE1_E2E=1 on a torch-enabled validation server.'
test_two_run_fixed_seed_determinism (test_capd_stage1_v3_end_to_end.FinalsV3MiniEndToEndTest) ... skipped 'Set CAPD_RUN_STAGE1_E2E=1 on a torch-enabled validation server.'
test_approx_positions_exclude_diagonal_and_padding_exactly (test_capd_stage1_v3_model.PositionAndLossTest) ... ok
test_fixed_sinusoidal_positions_have_exact_dtype_device_and_values (test_capd_stage1_v3_model.PositionAndLossTest) ... ok
test_history_padding_cannot_change_valid_transformer_tokens (test_capd_stage1_v3_model.PositionAndLossTest) ... ok
test_left_padded_causal_history_has_finite_backward_gradients (test_capd_stage1_v3_model.PositionAndLossTest) ... ok
test_padding_values_do_not_change_approx_ndcg (test_capd_stage1_v3_model.PositionAndLossTest) ... ok
test_history_and_candidate_paths_share_the_exact_embedding_row (test_capd_stage1_v3_model.SharedVocabAndEmbeddingTest) ... ok
test_train_fit_freeze_oov_and_valid_forward_do_not_mutate_vocab (test_capd_stage1_v3_model.SharedVocabAndEmbeddingTest) ... ok
test_v3_accepts_history_page_ids_and_rejects_old_field (test_capd_stage1_v3_model.V3JsonlSchemaTest) ... ok
test_final_corrected_tensor_score_tie_uses_original_pool_rank (test_capd_stage1_v3_model.V3VictimSelectionTorchTest) ... ok
test_tensor_nonfinite_valid_scores_hard_fail (test_capd_stage1_v3_model.V3VictimSelectionTorchTest) ... ok
test_checkpoint_contract_config_workload_selector_mismatches_hard_fail (test_capd_stage1_v3_semantics.ArtifactIdentityTest) ... ok
test_jsonl_metadata_and_result_mismatches_hard_fail (test_capd_stage1_v3_semantics.ArtifactIdentityTest) ... ok
test_v2_and_v3_artifacts_are_mutually_incompatible (test_capd_stage1_v3_semantics.ArtifactIdentityTest) ... ok
test_future_window_boundary_and_exact_label (test_capd_stage1_v3_semantics.FutureSplitAndSnapshotTest) ... ok
test_official_sources_are_independent_and_holdout_is_smoke_only (test_capd_stage1_v3_semantics.FutureSplitAndSnapshotTest) ... ok
test_triggering_request_only_enters_reranker_history (test_capd_stage1_v3_semantics.FutureSplitAndSnapshotTest) ... ok
test_any_hit_and_tie_coverage_are_distinct_numeric_metrics (test_capd_stage1_v3_semantics.LruAndMetricSemanticsTest) ... ok
test_lru_direction_uses_original_B_t_not_filtered_K_t (test_capd_stage1_v3_semantics.LruAndMetricSemanticsTest) ... ok
test_pool_selector_end_to_end_and_regret_are_separate (test_capd_stage1_v3_semantics.LruAndMetricSemanticsTest) ... ok
test_first_read_write_hit_nvm_revisit_and_demotion_costs (test_capd_stage1_v3_semantics.ReplayAccountingTest) ... ok
test_exact_tie_uses_oldest_original_rank_not_tensor_position (test_capd_stage1_v3_semantics.V3RerankerVictimSelectionTest) ... ok
test_invalid_mask_rank_and_shapes_hard_fail (test_capd_stage1_v3_semantics.V3RerankerVictimSelectionTest) ... ok
test_padding_with_extreme_placeholder_score_cannot_win (test_capd_stage1_v3_semantics.V3RerankerVictimSelectionTest) ... ok
test_selector_score_cannot_break_a_reranker_tie (test_capd_stage1_v3_semantics.V3RerankerVictimSelectionTest) ... ok
test_selector_topk_tie_is_rank_ordered_and_page_id_independent (test_capd_stage1_v3_semantics.V3RerankerVictimSelectionTest) ... ok
test_unique_highest_score_keeps_the_model_choice (test_capd_stage1_v3_semantics.V3RerankerVictimSelectionTest) ... ok
test_valid_nan_and_positive_or_negative_inf_hard_fail (test_capd_stage1_v3_semantics.V3RerankerVictimSelectionTest) ... ok
test_jsonl_content_fingerprint_mismatch_is_rejected (test_capd_stage2_data.ArtifactBindingTest) ... ok
test_v2_and_unbound_or_mismatched_v3_artifacts_are_rejected (test_capd_stage2_data.ArtifactBindingTest) ... ok
test_future_boundary_and_complete_window_count_are_exact (test_capd_stage2_data.AuditMetricsTest) ... ok
test_report_fields_are_complete_deterministic_and_oov_is_correct (test_capd_stage2_data.AuditMetricsTest) ... ok
test_short_low_pressure_and_no_decision_are_diagnosed (test_capd_stage2_data.AuditMetricsTest) ... ok
test_streaming_and_extreme_write_are_diagnosed (test_capd_stage2_data.AuditMetricsTest) ... ok
test_distinct_collection_ids_may_repeat_values_and_interval_numbers (test_capd_stage2_data.SourceManifestTest) ... ok
test_manifest_binding_preserves_recorded_crlf_fingerprint (test_capd_stage2_data.SourceManifestTest) ... ok
test_manifest_or_split_fingerprint_mismatch_hard_fails (test_capd_stage2_data.SourceManifestTest) ... ok
test_missing_real_rw_fails_for_official_data (test_capd_stage2_data.SourceManifestTest) ... ok
test_nonoverlap_and_content_chain_are_verified (test_capd_stage2_data.SourceManifestTest) ... ok
test_passed_report_is_sealed_and_report_tampering_hard_fails (test_capd_stage2_data.SourceManifestTest) ... ok
test_quality_seal_survives_git_lf_normalization (test_capd_stage2_data.SourceManifestTest) ... ok
test_source_interval_overlap_fails_even_when_paths_differ (test_capd_stage2_data.SourceManifestTest) ... ok
test_B8_mechanical_invariants (test_capd_stage3_selector.Stage3AnalysisTest) ... ok
test_atomic_output_bundle_is_complete_and_refuses_overwrite (test_capd_stage3_selector.Stage3AnalysisTest) ... ok
test_b_sweep_reports_alignment_monotonicity_and_absolute_gain (test_capd_stage3_selector.Stage3AnalysisTest) ... ok
test_full_mismatch_hard_fails_before_ablation (test_capd_stage3_selector.Stage3AnalysisTest) ... ok
test_synthetic_full_single_and_leave_one_out_are_complete (test_capd_stage3_selector.Stage3AnalysisTest) ... ok
test_every_leave_one_out_grid_has_exactly_286_points (test_capd_stage3_selector.Stage3GridTest) ... ok
test_five_one_hot_weights_are_exact (test_capd_stage3_selector.Stage3GridTest) ... ok
test_four_level_choice_order (test_capd_stage3_selector.Stage3GridTest) ... ok
test_full_grid_has_exactly_1001_points (test_capd_stage3_selector.Stage3GridTest) ... ok
test_K_not_equal_to_8_hard_fails (test_capd_stage3_selector.Stage3InputGateTest) ... ok
test_analysis_audit_has_no_test_or_reranker_read_path (test_capd_stage3_selector.Stage3InputGateTest) ... ok
test_audit_only_does_not_write_results (test_capd_stage3_selector.Stage3InputGateTest) ... ok
test_contract_schema_profile_workload_and_B_mismatch_hard_fail (test_capd_stage3_selector.Stage3InputGateTest) ... ok
test_generator_summary_uses_nested_validation_sample_fingerprints (test_capd_stage3_selector.Stage3InputGateTest) ... ok
test_negative_relevance_is_valid_under_frozen_proxy_formula (test_capd_stage3_selector.Stage3InputGateTest) ... ok
test_output_inside_stage2_artifacts_is_rejected (test_capd_stage3_selector.Stage3InputGateTest) ... ok
test_selector_validation_sample_fingerprint_mismatch_hard_fails (test_capd_stage3_selector.Stage3InputGateTest) ... ok
test_all_nondiscriminative_full_search_uses_uniform_fallback (test_capd_stage3_selector.Stage3MetricTest) ... ok
test_any_hit_recall_and_tie_coverage_are_distinct (test_capd_stage3_selector.Stage3MetricTest) ... ok
test_nondiscriminative_sample_is_excluded_only_from_two_metrics (test_capd_stage3_selector.Stage3MetricTest) ... ok
test_same_inputs_produce_identical_results (test_capd_stage3_selector.Stage3MetricTest) ... ok
test_all_nine_label_variants_reuse_the_same_costs (test_capd_stage4_counterfactual.CounterfactualAccountingTest) ... ok
test_equal_costs_do_not_create_nan_or_zero_division (test_capd_stage4_counterfactual.CounterfactualAccountingTest) ... ok
test_forced_first_victim_changes_hand_computable_future_cost (test_capd_stage4_counterfactual.CounterfactualAccountingTest) ... ok
test_later_evictions_are_strict_lru_and_dirty_demotion_has_no_write (test_capd_stage4_counterfactual.CounterfactualAccountingTest) ... ok
test_spearman_uses_average_tie_ranks_and_undefined_constants (test_capd_stage4_counterfactual.CounterfactualAccountingTest) ... ok
test_top1_is_set_any_hit_and_ideal_ndcg_is_one (test_capd_stage4_counterfactual.CounterfactualAccountingTest) ... ok
test_a_b_c_identities_cannot_be_mixed (test_capd_stage4_distribution.DistributionMetricTest) ... ok
test_binary_counts_and_ratio_difference (test_capd_stage4_distribution.DistributionMetricTest) ... ok
test_changed_numeric_semantics_invalidates_partial (test_capd_stage4_distribution.DistributionMetricTest) ... ok
test_distribution_metrics_are_linear_after_sorting (test_capd_stage4_distribution.DistributionMetricTest) ... ok
test_distribution_worker_count_is_configurable (test_capd_stage4_distribution.DistributionMetricTest) ... ok
test_feature_sampling_contract_is_explicit (test_capd_stage4_distribution.DistributionMetricTest) ... ok
test_first_decision_has_no_artificial_zero_interval (test_capd_stage4_distribution.DistributionMetricTest) ... ok
test_g11_releases_train_before_loading_valid (test_capd_stage4_distribution.DistributionMetricTest) ... ok
test_g11_uses_fresh_spawned_processes_and_resumable_seed_partials (test_capd_stage4_distribution.DistributionMetricTest) ... ok
test_ks_identical_is_zero_and_disjoint_is_one (test_capd_stage4_distribution.DistributionMetricTest) ... ok
test_ks_matches_simple_empirical_cdf_reference (test_capd_stage4_distribution.DistributionMetricTest) ... ok
test_legacy_partial_defaults_to_current_numeric_semantics (test_capd_stage4_distribution.DistributionMetricTest) ... ok
test_partial_reuse_rejects_changed_checkpoint_identity (test_capd_stage4_distribution.DistributionMetricTest) ... ok
test_quantiles_and_outside_range_ratio (test_capd_stage4_distribution.DistributionMetricTest) ... ok
test_resume_identity_ignores_orchestration_provenance (test_capd_stage4_distribution.DistributionMetricTest) ... ok
test_wasserstein_matches_reference_quantile_sampling (test_capd_stage4_distribution.DistributionMetricTest) ... ok
test_mini_pipeline_contract_chain (capd_stage1_e2e_fixture.FinalsV3MiniEndToEndTest) ... skipped 'Set CAPD_RUN_STAGE1_E2E=1 on a torch-enabled validation server.'
test_two_run_fixed_seed_determinism (capd_stage1_e2e_fixture.FinalsV3MiniEndToEndTest) ... skipped 'Set CAPD_RUN_STAGE1_E2E=1 on a torch-enabled validation server.'
test_frozen_generate_two_seed_train_g12_g11_chain (test_capd_stage4_end_to_end.Stage4MiniEndToEndTest) ... skipped 'server-only: set CAPD_STAGE4_E2E=1'
test_default_seed_remains_config_3136859 (test_capd_stage4_training.MultiSeedTrainingTest) ... ok
test_explicit_seed_is_not_silently_overwritten (test_capd_stage4_training.MultiSeedTrainingTest) ... ok
test_jsonl_semantic_comparison_rejects_content_change (test_capd_stage4_training.MultiSeedTrainingTest) ... ok
test_jsonl_semantic_fingerprint_ignores_crlf_and_json_whitespace (test_capd_stage4_training.MultiSeedTrainingTest) ... ok
test_official_seed_set_and_output_directories_are_distinct (test_capd_stage4_training.MultiSeedTrainingTest) ... ok
test_stage4_generate_reuses_frozen_selector_without_search (test_capd_stage4_training.MultiSeedTrainingTest) ... ok
test_stage4_preserves_frozen_manifest_binding_and_records_raw_sha (test_capd_stage4_training.MultiSeedTrainingTest) ... ok
test_stage4_training_has_no_test_argument_or_path (test_capd_stage4_training.MultiSeedTrainingTest) ... ok
test_training_source_has_valid_only_selection_and_nonfinite_guard (test_capd_stage4_training.MultiSeedTrainingTest) ... ok
test_validated_loader_result_is_not_reparsed_as_raw_v3 (test_capd_stage4_training.MultiSeedTrainingTest) ... ok
test_plan_has_full_required_matrix_without_duplicate_B8 (test_capd_stage5_end_to_end.Stage5PlanEndToEndTest) ... ok
test_resume_rejects_changed_output_content (test_capd_stage5_end_to_end.Stage5PlanEndToEndTest) ... ok
test_full_baselines_and_structural_variants_use_only_tmp_path (test_capd_stage5_end_to_end.Stage5TorchMiniEndToEndTest) ... skipped 'server-only: set CAPD_STAGE5_E2E=1'
test_complete_optional_learned_baseline_enters_main_table (test_capd_stage5_results.Stage5ResultTest) ... ok
test_improvement_direction_and_negative_regression (test_capd_stage5_results.Stage5ResultTest) ... ok
test_incomplete_optional_learned_baseline_is_excluded (test_capd_stage5_results.Stage5ResultTest) ... ok
test_main_summary_keeps_all_seeds_and_selects_lowest_cost_baseline (test_capd_stage5_results.Stage5ResultTest) ... ok
test_missing_fairness_binding_hard_fails (test_capd_stage5_results.Stage5ResultTest) ... ok
test_missing_required_seed_hard_fails (test_capd_stage5_results.Stage5ResultTest) ... ok
test_paired_ablation_uses_matching_seed (test_capd_stage5_results.Stage5ResultTest) ... ok
test_pilot_and_official_cannot_mix (test_capd_stage5_results.Stage5ResultTest) ... ok
test_random_seed_cannot_be_overwritten (test_capd_stage5_results.Stage5ResultTest) ... ok
test_sample_statistics_use_sample_standard_deviation (test_capd_stage5_results.Stage5ResultTest) ... ok
test_sensitivity_confirmation_flag_is_preserved (test_capd_stage5_results.Stage5ResultTest) ... ok
test_data_profile_still_rejects_undeclared_method_change (test_capd_stage5_variants.Stage5VariantTest) ... ok
test_every_variant_changes_only_preregistered_parameters (test_capd_stage5_variants.Stage5VariantTest) ... ok
test_full_loader_still_rejects_non_sinusoidal_checkpoint_config (test_capd_stage5_variants.Stage5VariantTest) ... ok
test_history_mean_pool_excludes_padding_and_has_no_attention_module (test_capd_stage5_variants.Stage5VariantTest) ... ok
test_no_candidate_state_keeps_page_embedding_and_four_input_channels (test_capd_stage5_variants.Stage5VariantTest) ... ok
test_no_filter_bypasses_selection_and_preserves_pool_order (test_capd_stage5_variants.Stage5VariantTest) ... ok
test_no_future_write_changes_only_write_risk_term (test_capd_stage5_variants.Stage5VariantTest) ... ok
test_preregistered_matrix_is_complete_and_unique (test_capd_stage5_variants.Stage5VariantTest) ... ok
test_sensitivity_configs_reuse_sealed_full_data_profile (test_capd_stage5_variants.Stage5VariantTest) ... ok
test_stage3_leave_one_out_weights_are_frozen (test_capd_stage5_variants.Stage5VariantTest) ... ok
test_uniform_selector_is_identity_not_independent_evidence (test_capd_stage5_variants.Stage5VariantTest) ... ok
test_profiled_qmap_chain_uses_only_temporary_paths (test_capd_stage6_end_to_end.Stage6TorchMiniEndToEndTest) ... skipped 'server-only: set CAPD_STAGE6_E2E=1'
test_capacity_config_changes_only_declared_D (test_capd_stage6_plan.Stage6PlanTest) ... ok
test_capacity_config_reuses_sealed_full_data_profile (test_capd_stage6_plan.Stage6PlanTest) ... ok
test_plan_has_profile_and_capacity_matrix (test_capd_stage6_plan.Stage6PlanTest) ... ok
test_stage5_and_stage6_variant_cannot_mix (test_capd_stage6_plan.Stage6PlanTest) ... ok
test_capacity_requires_three_qmap_seeds_for_every_point (test_capd_stage6_results.Stage6ResultTest) ... ok
test_cost_summary_keeps_negative_improvement (test_capd_stage6_results.Stage6ResultTest) ... ok
test_natural_rw_summary_marks_descriptive_boundary (test_capd_stage6_results.Stage6ResultTest) ... ok
test_profile_preserves_raw_samples_and_percentiles (test_capd_stage6_results.Stage6ResultTest) ... ok
test_profile_summarizes_throughput_and_system_effects (test_capd_stage6_results.Stage6ResultTest) ... ok
test_reweighted_cost_uses_exact_counters (test_capd_stage6_results.Stage6ResultTest) ... ok
test_decision_holdout_mismatch_is_rejected (test_checkpoint_config_contract.CheckpointConfigContractTest) ... ok
test_each_frozen_contract_mismatch_is_rejected (test_checkpoint_config_contract.CheckpointConfigContractTest) ... ok
test_matching_contract_is_accepted (test_checkpoint_config_contract.CheckpointConfigContractTest) ... ok
test_validation_strategy_mismatch_is_rejected (test_checkpoint_config_contract.CheckpointConfigContractTest) ... ok
test_build_summary_rows_compares_qmap_to_reweighted_best_baseline (test_cost_weight_robustness.CostWeightSensitivityTest) ... ok
test_reweight_result_uses_existing_replay_counters (test_cost_weight_robustness.CostWeightSensitivityTest) ... ok
test_build_summary_rows_compares_qmap_to_reweighted_best_baseline (test_cost_weight_sensitivity.CostWeightSensitivityTest) ... ok
test_reweight_result_uses_existing_replay_counters (test_cost_weight_sensitivity.CostWeightSensitivityTest) ... ok
test_chronological_eighty_twenty_split_has_lookahead_guard (test_decision_holdout.DecisionHoldoutTest) ... ok
test_selector_fit_and_validation_use_only_their_decision_ranges (test_decision_holdout.DecisionHoldoutTest) ... ok
test_split_is_deterministic_and_independent_of_B (test_decision_holdout.DecisionHoldoutTest) ... ok
test_too_few_decisions_is_rejected (test_decision_holdout.DecisionHoldoutTest) ... ok
test_dirty_and_clean_victim_each_migrate_once_without_writeback_count (test_dirty_accounting.DirtyAccountingTest) ... ok
test_same_state_produces_identical_snapshot (test_generator_replay_feature_equivalence.GeneratorReplayFeatureEquivalenceTest) ... ok
test_kleio_lite_eviction_uses_lowest_predicted_hotness (test_learned_baselines.LearnedBaselinesTest) ... ok
test_patterns_lite_uses_page_pattern_group_weights (test_learned_baselines.LearnedBaselinesTest) ... ok
test_runner_builds_train_and_eval_commands_for_ml_baseline (test_learned_baselines.LearnedBaselinesTest) ... ok
test_old_config_defaults_to_page_id_enabled (test_no_vpn_ablation.NoVpnConfigContractTest) ... ok
test_only_allowlisted_fields_differ (test_no_vpn_ablation.NoVpnConfigContractTest) ... ok
test_cuda_no_vpn_identity_invariance_and_backward (test_no_vpn_ablation.NoVpnModelContractTest) ... ok
test_default_matches_explicit_true_with_identical_weights (test_no_vpn_ablation.NoVpnModelContractTest) ... /home/likc/.conda/envs/capd/lib/python3.7/site-packages/torch/nn/modules/module.py:1433: UserWarning: Positional args are being deprecated, use kwargs instead. Refer to https://pytorch.org/docs/master/generated/torch.nn.Module.html#torch.nn.Module.state_dict for details.
  "Positional args are being deprecated, use kwargs instead. Refer to "
ok
test_full_mode_keeps_page_embedding_path_active (test_no_vpn_ablation.NoVpnModelContractTest) ... ok
test_no_vpn_is_invariant_to_all_page_ids (test_no_vpn_ablation.NoVpnModelContractTest) ... ok
test_no_vpn_page_embedding_has_no_loss_gradient (test_no_vpn_ablation.NoVpnModelContractTest) ... ok
test_resume_restores_model_optimizer_epoch_and_variant (test_no_vpn_ablation.NoVpnResumeAndSummaryTest) ... ok
test_summary_delta_direction_and_statistics (test_no_vpn_ablation.NoVpnResumeAndSummaryTest) ... ok
test_full_and_no_vpn_train_save_load_replay (test_no_vpn_ablation.NoVpnTrainReplaySmokeTest) ... ok
test_model_declares_context_only_candidate_scorer_mode (test_qmap_cross_attention.QMAPCrossAttentionStaticTest) ... ok
test_model_declares_full_sequence_extractor_mode (test_qmap_cross_attention.QMAPCrossAttentionStaticTest) ... ok
test_candidate_scorer_uses_context_vector_without_concat (test_qmap_cross_attention.QMAPCrossAttentionTest) ... ok
test_extractor_can_return_full_encoded_sequence (test_qmap_cross_attention.QMAPCrossAttentionTest) ... ok
test_collect_seed_row_uses_best_baseline_cost (test_seed_stability.SeedStabilitySummaryTest) ... ok
test_summarize_rows_reports_population_stability_stats (test_seed_stability.SeedStabilitySummaryTest) ... ok
test_choice_key_prioritizes_recall_then_regret (test_selector_weight_search.SelectorWeightSearchTest) ... ok
test_choice_key_uses_uniform_distance_then_lexicographic_order (test_selector_weight_search.SelectorWeightSearchTest) ... ok
test_empty_effective_validation_set_falls_back_to_uniform (test_selector_weight_search.SelectorWeightSearchTest) ... ok
test_grid_has_exactly_1001_integer_compositions (test_selector_weight_search.SelectorWeightSearchTest) ... ok
test_nondiscriminative_sample_is_excluded_from_selector_recall (test_selector_weight_search.SelectorWeightSearchTest) ... ok

----------------------------------------------------------------------
Ran 684 tests in 38.679s

OK (skipped=11)
[OK] preflight passed: /tmp/tmpuyywo2mj/outputs/new-stage4/stage4-stage7-unified-r1
[GATE] full search is locked until explicit contract confirmation
[OK] preflight passed: /tmp/tmprtoh24vd/outputs/new-stage4/stage4-stage7-unified-r2
[GATE] full search is locked until explicit contract confirmation
[OK] resume_fixture__validation__proactive_lru__seed-na
[resume] exact completed job resume_fixture__validation__proactive_lru__seed-na
[OK] resume_fixture__validation__proactive_lru__seed-na
[OK] grid__resume_fixture__validation__tpp-e0064-c1-doff
[resume] exact completed job grid__resume_fixture__validation__tpp-e0064-c1-doff
[OK] Stage-8 deterministic CUDA smoke passed for 3/3 checkpoints
[OK] input_audit canneal B8
[OK] input_audit canneal B16
[OK] input_audit canneal B32
[OK] input_audit canneal B64
[OK] input_audit streamcluster_pressure B8
[OK] input_audit streamcluster_pressure B16
[OK] input_audit streamcluster_pressure B32
[OK] input_audit streamcluster_pressure B64
[OK] input_audit dedup_pressure B8
[OK] input_audit dedup_pressure B16
[OK] input_audit dedup_pressure B32
[OK] input_audit dedup_pressure B64
[FINAL] STAGE3_INPUT_AUDIT_PASSED 12/12
