QMAP training configuration:
  train_data path: /home/likc/Q-former-for-OS/dataset/jsonl/candidate_sensitivity/canneal/c4/parsec_canneal_train.jsonl
  number of training samples: 35046
  batch_size: 32
  epochs: 10
  learning rate: 0.0001
  weight decay: 0.0
  device: cuda
  ablation: cross_attention
  qformer: use=False queries=4 layers=1 heads=2 dropout=0.0
  extractor pooling_strategy: none
  scorer scoring_input: context
  loss weights: inactivity=1.0 coldness=1.0 write_sensitivity=4.0 migration_cost=2.0
Epoch [1/10] iter=1 loss=-0.542663
Epoch [1/10] iter=100 loss=-0.611081
Epoch [1/10] iter=200 loss=-0.667796
Epoch [1/10] iter=300 loss=-0.654538
Epoch [1/10] iter=400 loss=-0.679255
Epoch [1/10] iter=500 loss=-0.700953
Epoch [1/10] iter=600 loss=-0.599103
Epoch [1/10] iter=700 loss=-0.688078
Epoch [1/10] iter=800 loss=-0.703178
Epoch [1/10] iter=900 loss=-0.710905
Epoch [1/10] iter=1000 loss=-0.664277
Epoch [1/10] avg_loss=-0.691508
Saved checkpoint: outputs/checkpoints/candidate_sensitivity/canneal/c4/parsec_canneal/qmap_epoch_1.pth
Epoch [2/10] iter=1097 loss=-0.720337
Epoch [2/10] iter=1100 loss=-0.763081
Epoch [2/10] iter=1200 loss=-0.761438
Epoch [2/10] iter=1300 loss=-0.731557
Epoch [2/10] iter=1400 loss=-0.702732
Epoch [2/10] iter=1500 loss=-0.761028
Epoch [2/10] iter=1600 loss=-0.701249
Epoch [2/10] iter=1700 loss=-0.735499
Epoch [2/10] iter=1800 loss=-0.691861
Epoch [2/10] iter=1900 loss=-0.756938
Epoch [2/10] iter=2000 loss=-0.738261
Epoch [2/10] iter=2100 loss=-0.748088
Epoch [2/10] avg_loss=-0.736711
Saved checkpoint: outputs/checkpoints/candidate_sensitivity/canneal/c4/parsec_canneal/qmap_epoch_2.pth
Epoch [3/10] iter=2193 loss=-0.779823
Epoch [3/10] iter=2200 loss=-0.707591
Epoch [3/10] iter=2300 loss=-0.655508
Epoch [3/10] iter=2400 loss=-0.732598
Epoch [3/10] iter=2500 loss=-0.752262
Epoch [3/10] iter=2600 loss=-0.732653
Epoch [3/10] iter=2700 loss=-0.759686
Epoch [3/10] iter=2800 loss=-0.797832
Epoch [3/10] iter=2900 loss=-0.685324
Epoch [3/10] iter=3000 loss=-0.757609
Epoch [3/10] iter=3100 loss=-0.790745
Epoch [3/10] iter=3200 loss=-0.772882
Epoch [3/10] avg_loss=-0.739825
Saved checkpoint: outputs/checkpoints/candidate_sensitivity/canneal/c4/parsec_canneal/qmap_epoch_3.pth
Epoch [4/10] iter=3289 loss=-0.750310
Epoch [4/10] iter=3300 loss=-0.770264
Epoch [4/10] iter=3400 loss=-0.711462
Epoch [4/10] iter=3500 loss=-0.762974
Epoch [4/10] iter=3600 loss=-0.736204
Epoch [4/10] iter=3700 loss=-0.751243
Epoch [4/10] iter=3800 loss=-0.763590
Epoch [4/10] iter=3900 loss=-0.791252
Epoch [4/10] iter=4000 loss=-0.770820
Epoch [4/10] iter=4100 loss=-0.739961
Epoch [4/10] iter=4200 loss=-0.731730
Epoch [4/10] iter=4300 loss=-0.746281
Epoch [4/10] avg_loss=-0.741202
Saved checkpoint: outputs/checkpoints/candidate_sensitivity/canneal/c4/parsec_canneal/qmap_epoch_4.pth
Epoch [5/10] iter=4385 loss=-0.719280
Epoch [5/10] iter=4400 loss=-0.705157
Epoch [5/10] iter=4500 loss=-0.720378
Epoch [5/10] iter=4600 loss=-0.757947
Epoch [5/10] iter=4700 loss=-0.742353
Epoch [5/10] iter=4800 loss=-0.742902
Epoch [5/10] iter=4900 loss=-0.788478
Epoch [5/10] iter=5000 loss=-0.770337
Epoch [5/10] iter=5100 loss=-0.792174
Epoch [5/10] iter=5200 loss=-0.735537
Epoch [5/10] iter=5300 loss=-0.784087
Epoch [5/10] iter=5400 loss=-0.742081
Epoch [5/10] avg_loss=-0.742618
Saved checkpoint: outputs/checkpoints/candidate_sensitivity/canneal/c4/parsec_canneal/qmap_epoch_5.pth
Epoch [6/10] iter=5481 loss=-0.747237
Epoch [6/10] iter=5500 loss=-0.711556
Epoch [6/10] iter=5600 loss=-0.743703
Epoch [6/10] iter=5700 loss=-0.714179
Epoch [6/10] iter=5800 loss=-0.784667
Epoch [6/10] iter=5900 loss=-0.727106
Epoch [6/10] iter=6000 loss=-0.787231
Epoch [6/10] iter=6100 loss=-0.765898
Epoch [6/10] iter=6200 loss=-0.647745
Epoch [6/10] iter=6300 loss=-0.776091
Epoch [6/10] iter=6400 loss=-0.749319
Epoch [6/10] iter=6500 loss=-0.791266
Epoch [6/10] avg_loss=-0.743324
Saved checkpoint: outputs/checkpoints/candidate_sensitivity/canneal/c4/parsec_canneal/qmap_epoch_6.pth
Epoch [7/10] iter=6577 loss=-0.746198
Epoch [7/10] iter=6600 loss=-0.754273
Epoch [7/10] iter=6700 loss=-0.764760
Epoch [7/10] iter=6800 loss=-0.781777
Epoch [7/10] iter=6900 loss=-0.703432
Epoch [7/10] iter=7000 loss=-0.726748
Epoch [7/10] iter=7100 loss=-0.772818
Epoch [7/10] iter=7200 loss=-0.708296
Epoch [7/10] iter=7300 loss=-0.770617
Epoch [7/10] iter=7400 loss=-0.796444
Epoch [7/10] iter=7500 loss=-0.764987
Epoch [7/10] iter=7600 loss=-0.740836
Epoch [7/10] avg_loss=-0.744309
Saved checkpoint: outputs/checkpoints/candidate_sensitivity/canneal/c4/parsec_canneal/qmap_epoch_7.pth
Epoch [8/10] iter=7673 loss=-0.722029
Epoch [8/10] iter=7700 loss=-0.723897
Epoch [8/10] iter=7800 loss=-0.770705
Epoch [8/10] iter=7900 loss=-0.724067
Epoch [8/10] iter=8000 loss=-0.734418
Epoch [8/10] iter=8100 loss=-0.739393
Epoch [8/10] iter=8200 loss=-0.736748
Epoch [8/10] iter=8300 loss=-0.794437
Epoch [8/10] iter=8400 loss=-0.693141
Epoch [8/10] iter=8500 loss=-0.689360
Epoch [8/10] iter=8600 loss=-0.771110
Epoch [8/10] iter=8700 loss=-0.747340
Epoch [8/10] avg_loss=-0.745433
Saved checkpoint: outputs/checkpoints/candidate_sensitivity/canneal/c4/parsec_canneal/qmap_epoch_8.pth
Epoch [9/10] iter=8769 loss=-0.731566
Epoch [9/10] iter=8800 loss=-0.695655
Epoch [9/10] iter=8900 loss=-0.724058
Epoch [9/10] iter=9000 loss=-0.760120
Epoch [9/10] iter=9100 loss=-0.762422
Epoch [9/10] iter=9200 loss=-0.718563
Epoch [9/10] iter=9300 loss=-0.743604
Epoch [9/10] iter=9400 loss=-0.691962
Epoch [9/10] iter=9500 loss=-0.777377
Epoch [9/10] iter=9600 loss=-0.762045
Epoch [9/10] iter=9700 loss=-0.694817
Epoch [9/10] iter=9800 loss=-0.716273
Epoch [9/10] avg_loss=-0.746585
Saved checkpoint: outputs/checkpoints/candidate_sensitivity/canneal/c4/parsec_canneal/qmap_epoch_9.pth
Epoch [10/10] iter=9865 loss=-0.707635
Epoch [10/10] iter=9900 loss=-0.697409
Epoch [10/10] iter=10000 loss=-0.762059
Epoch [10/10] iter=10100 loss=-0.785867
Epoch [10/10] iter=10200 loss=-0.768035
Epoch [10/10] iter=10300 loss=-0.720110
Epoch [10/10] iter=10400 loss=-0.686558
Epoch [10/10] iter=10500 loss=-0.712604
Epoch [10/10] iter=10600 loss=-0.770893
Epoch [10/10] iter=10700 loss=-0.746863
Epoch [10/10] iter=10800 loss=-0.736430
Epoch [10/10] iter=10900 loss=-0.774238
Epoch [10/10] avg_loss=-0.746822
Saved checkpoint: outputs/checkpoints/candidate_sensitivity/canneal/c4/parsec_canneal/qmap_epoch_10.pth
Training finished.
/home/likc/.conda/envs/qmap/lib/python3.7/site-packages/torch/nn/modules/module.py:1433: UserWarning: Positional args are being deprecated, use kwargs instead. Refer to https://pytorch.org/docs/master/generated/torch.nn.Module.html#torch.nn.Module.state_dict for details.
  "Positional args are being deprecated, use kwargs instead. Refer to "
