command=/home/likc/.conda/envs/capd/bin/python3 qmap/qmap_train.py --config /home/likc/Q-former-for-OS/dataset/jsonl/capd_post_stage6_optimization/opt_B32_K16_L512_H20/streamcluster_pressure/resolved_config.json --selector_params /home/likc/Q-former-for-OS/dataset/jsonl/capd_post_stage6_optimization/opt_B32_K16_L512_H20/streamcluster_pressure/selector_params.json --train_data /home/likc/Q-former-for-OS/dataset/jsonl/capd_post_stage6_optimization/opt_B32_K16_L512_H20/streamcluster_pressure/train.jsonl --valid_data /home/likc/Q-former-for-OS/dataset/jsonl/capd_post_stage6_optimization/opt_B32_K16_L512_H20/streamcluster_pressure/valid.jsonl --output_dir /home/likc/Q-former-for-OS/outputs/checkpoints/capd_post_stage6_optimization/o3/streamcluster_pressure/opt_B32_K16_L512_H20/seed_2026 --seed 2026 --save_every_epoch
started_unix=1785078396.6187623
QMAP training: train=/home/likc/Q-former-for-OS/dataset/jsonl/capd_post_stage6_optimization/opt_B32_K16_L512_H20/streamcluster_pressure/train.jsonl valid=/home/likc/Q-former-for-OS/dataset/jsonl/capd_post_stage6_optimization/opt_B32_K16_L512_H20/streamcluster_pressure/valid.jsonl samples=8690/2835 device=cuda
epoch=1/10 iter=1 loss=-0.196983
epoch=1/10 iter=100 loss=-0.074578
epoch=1/10 iter=200 loss=-0.117706
epoch=1/10 train_loss=-0.189743 valid_loss=-0.204376
epoch=2/10 iter=300 loss=-0.305950
epoch=2/10 iter=400 loss=-0.185564
epoch=2/10 iter=500 loss=-0.341434
epoch=2/10 train_loss=-0.218397 valid_loss=-0.208985
epoch=3/10 iter=600 loss=-0.217824
epoch=3/10 iter=700 loss=-0.218005
epoch=3/10 iter=800 loss=-0.342701
epoch=3/10 train_loss=-0.220498 valid_loss=-0.209603
epoch=4/10 iter=900 loss=-0.062368
epoch=4/10 iter=1000 loss=-0.155979
epoch=4/10 train_loss=-0.220815 valid_loss=-0.209848
epoch=5/10 iter=1100 loss=-0.218429
epoch=5/10 iter=1200 loss=-0.124803
epoch=5/10 iter=1300 loss=-0.280915
epoch=5/10 train_loss=-0.220898 valid_loss=-0.209975
epoch=6/10 iter=1400 loss=-0.156086
epoch=6/10 iter=1500 loss=-0.156115
epoch=6/10 iter=1600 loss=-0.218617
epoch=6/10 train_loss=-0.221162 valid_loss=-0.210044
epoch=7/10 iter=1700 loss=-0.280993
epoch=7/10 iter=1800 loss=-0.249842
epoch=7/10 iter=1900 loss=-0.218653
epoch=7/10 train_loss=-0.221124 valid_loss=-0.210102
epoch=8/10 iter=2000 loss=-0.124937
epoch=8/10 iter=2100 loss=-0.374786
epoch=8/10 train_loss=-0.221248 valid_loss=-0.210137
epoch=9/10 iter=2200 loss=-0.281079
epoch=9/10 iter=2300 loss=-0.187440
epoch=9/10 iter=2400 loss=-0.249876
epoch=9/10 train_loss=-0.221272 valid_loss=-0.210160
epoch=10/10 iter=2500 loss=-0.343646
epoch=10/10 iter=2600 loss=-0.187450
epoch=10/10 iter=2700 loss=-0.374885
epoch=10/10 train_loss=-0.221288 valid_loss=-0.210182
Training finished. best=/home/likc/Q-former-for-OS/outputs/checkpoints/capd_post_stage6_optimization/o3/streamcluster_pressure/opt_B32_K16_L512_H20/seed_2026/qmap_best.pth last=/home/likc/Q-former-for-OS/outputs/checkpoints/capd_post_stage6_optimization/o3/streamcluster_pressure/opt_B32_K16_L512_H20/seed_2026/qmap_last.pth
/home/likc/.conda/envs/capd/lib/python3.7/site-packages/torch/nn/modules/module.py:1433: UserWarning: Positional args are being deprecated, use kwargs instead. Refer to https://pytorch.org/docs/master/generated/torch.nn.Module.html#torch.nn.Module.state_dict for details.
  "Positional args are being deprecated, use kwargs instead. Refer to "
/home/likc/.conda/envs/capd/lib/python3.7/site-packages/torch/nn/modules/module.py:1433: UserWarning: Positional args are being deprecated, use kwargs instead. Refer to https://pytorch.org/docs/master/generated/torch.nn.Module.html#torch.nn.Module.state_dict for details.
  "Positional args are being deprecated, use kwargs instead. Refer to "
/home/likc/.conda/envs/capd/lib/python3.7/site-packages/torch/nn/modules/module.py:1433: UserWarning: Positional args are being deprecated, use kwargs instead. Refer to https://pytorch.org/docs/master/generated/torch.nn.Module.html#torch.nn.Module.state_dict for details.
  "Positional args are being deprecated, use kwargs instead. Refer to "
/home/likc/.conda/envs/capd/lib/python3.7/site-packages/torch/nn/modules/module.py:1433: UserWarning: Positional args are being deprecated, use kwargs instead. Refer to https://pytorch.org/docs/master/generated/torch.nn.Module.html#torch.nn.Module.state_dict for details.
  "Positional args are being deprecated, use kwargs instead. Refer to "
/home/likc/.conda/envs/capd/lib/python3.7/site-packages/torch/nn/modules/module.py:1433: UserWarning: Positional args are being deprecated, use kwargs instead. Refer to https://pytorch.org/docs/master/generated/torch.nn.Module.html#torch.nn.Module.state_dict for details.
  "Positional args are being deprecated, use kwargs instead. Refer to "
/home/likc/.conda/envs/capd/lib/python3.7/site-packages/torch/nn/modules/module.py:1433: UserWarning: Positional args are being deprecated, use kwargs instead. Refer to https://pytorch.org/docs/master/generated/torch.nn.Module.html#torch.nn.Module.state_dict for details.
  "Positional args are being deprecated, use kwargs instead. Refer to "
/home/likc/.conda/envs/capd/lib/python3.7/site-packages/torch/nn/modules/module.py:1433: UserWarning: Positional args are being deprecated, use kwargs instead. Refer to https://pytorch.org/docs/master/generated/torch.nn.Module.html#torch.nn.Module.state_dict for details.
  "Positional args are being deprecated, use kwargs instead. Refer to "
/home/likc/.conda/envs/capd/lib/python3.7/site-packages/torch/nn/modules/module.py:1433: UserWarning: Positional args are being deprecated, use kwargs instead. Refer to https://pytorch.org/docs/master/generated/torch.nn.Module.html#torch.nn.Module.state_dict for details.
  "Positional args are being deprecated, use kwargs instead. Refer to "
/home/likc/.conda/envs/capd/lib/python3.7/site-packages/torch/nn/modules/module.py:1433: UserWarning: Positional args are being deprecated, use kwargs instead. Refer to https://pytorch.org/docs/master/generated/torch.nn.Module.html#torch.nn.Module.state_dict for details.
  "Positional args are being deprecated, use kwargs instead. Refer to "
/home/likc/.conda/envs/capd/lib/python3.7/site-packages/torch/nn/modules/module.py:1433: UserWarning: Positional args are being deprecated, use kwargs instead. Refer to https://pytorch.org/docs/master/generated/torch.nn.Module.html#torch.nn.Module.state_dict for details.
  "Positional args are being deprecated, use kwargs instead. Refer to "
ended_unix=1785078464.723874
exit_code=0
