QMAP training configuration:
  train_data path: dataset/jsonl/qmap_qformer_k_sweep_writeheavy/train.jsonl
  number of training samples: 4079
  batch_size: 32
  epochs: 20
  learning rate: 0.0001
  weight decay: 0.0
  device: cuda
  ablation: full
  qformer: use=True queries=3 layers=1 heads=2 dropout=0.0
  loss weights: inactivity=1.0 coldness=1.0 write_sensitivity=4.0 migration_cost=2.0
Epoch [1/20] iter=1 loss=-0.784633
Epoch [1/20] iter=100 loss=-0.824365
Epoch [1/20] avg_loss=-0.805378
Saved checkpoint: outputs/checkpoints/qmap_qformer_k_sweep_writeheavy/k3/qmap_epoch_1.pth
Epoch [2/20] iter=129 loss=-0.808014
Epoch [2/20] iter=200 loss=-0.817507
Epoch [2/20] avg_loss=-0.850630
Saved checkpoint: outputs/checkpoints/qmap_qformer_k_sweep_writeheavy/k3/qmap_epoch_2.pth
Epoch [3/20] iter=257 loss=-0.896806
Epoch [3/20] iter=300 loss=-0.910673
Epoch [3/20] avg_loss=-0.911611
Saved checkpoint: outputs/checkpoints/qmap_qformer_k_sweep_writeheavy/k3/qmap_epoch_3.pth
Epoch [4/20] iter=385 loss=-0.923723
Epoch [4/20] iter=400 loss=-0.926452
Epoch [4/20] iter=500 loss=-0.932700
Epoch [4/20] avg_loss=-0.928326
Saved checkpoint: outputs/checkpoints/qmap_qformer_k_sweep_writeheavy/k3/qmap_epoch_4.pth
Epoch [5/20] iter=513 loss=-0.932999
Epoch [5/20] iter=600 loss=-0.935606
Epoch [5/20] avg_loss=-0.934264
Saved checkpoint: outputs/checkpoints/qmap_qformer_k_sweep_writeheavy/k3/qmap_epoch_5.pth
Epoch [6/20] iter=641 loss=-0.937119
Epoch [6/20] iter=700 loss=-0.938711
Epoch [6/20] avg_loss=-0.937815
Saved checkpoint: outputs/checkpoints/qmap_qformer_k_sweep_writeheavy/k3/qmap_epoch_6.pth
Epoch [7/20] iter=769 loss=-0.940468
Epoch [7/20] iter=800 loss=-0.913481
Epoch [7/20] avg_loss=-0.942314
Saved checkpoint: outputs/checkpoints/qmap_qformer_k_sweep_writeheavy/k3/qmap_epoch_7.pth
Epoch [8/20] iter=897 loss=-0.946475
Epoch [8/20] iter=900 loss=-0.946279
Epoch [8/20] iter=1000 loss=-0.949108
Epoch [8/20] avg_loss=-0.946631
Saved checkpoint: outputs/checkpoints/qmap_qformer_k_sweep_writeheavy/k3/qmap_epoch_8.pth
Epoch [9/20] iter=1025 loss=-0.948618
Epoch [9/20] iter=1100 loss=-0.949835
Epoch [9/20] avg_loss=-0.948560
Saved checkpoint: outputs/checkpoints/qmap_qformer_k_sweep_writeheavy/k3/qmap_epoch_9.pth
Epoch [10/20] iter=1153 loss=-0.951195
Epoch [10/20] iter=1200 loss=-0.950407
Epoch [10/20] avg_loss=-0.949784
Saved checkpoint: outputs/checkpoints/qmap_qformer_k_sweep_writeheavy/k3/qmap_epoch_10.pth
Epoch [11/20] iter=1281 loss=-0.922677
Epoch [11/20] iter=1300 loss=-0.952039
Epoch [11/20] iter=1400 loss=-0.952354
Epoch [11/20] avg_loss=-0.950520
Saved checkpoint: outputs/checkpoints/qmap_qformer_k_sweep_writeheavy/k3/qmap_epoch_11.pth
Epoch [12/20] iter=1409 loss=-0.951528
Epoch [12/20] iter=1500 loss=-0.923422
Epoch [12/20] avg_loss=-0.951266
Saved checkpoint: outputs/checkpoints/qmap_qformer_k_sweep_writeheavy/k3/qmap_epoch_12.pth
Epoch [13/20] iter=1537 loss=-0.952468
Epoch [13/20] iter=1600 loss=-0.954134
Epoch [13/20] avg_loss=-0.951947
Saved checkpoint: outputs/checkpoints/qmap_qformer_k_sweep_writeheavy/k3/qmap_epoch_13.pth
Epoch [14/20] iter=1665 loss=-0.952915
Epoch [14/20] iter=1700 loss=-0.954576
Epoch [14/20] avg_loss=-0.952392
Saved checkpoint: outputs/checkpoints/qmap_qformer_k_sweep_writeheavy/k3/qmap_epoch_14.pth
Epoch [15/20] iter=1793 loss=-0.953778
Epoch [15/20] iter=1800 loss=-0.954296
Epoch [15/20] iter=1900 loss=-0.954733
Epoch [15/20] avg_loss=-0.952802
Saved checkpoint: outputs/checkpoints/qmap_qformer_k_sweep_writeheavy/k3/qmap_epoch_15.pth
Epoch [16/20] iter=1921 loss=-0.953983
Epoch [16/20] iter=2000 loss=-0.955785
Epoch [16/20] avg_loss=-0.953139
Saved checkpoint: outputs/checkpoints/qmap_qformer_k_sweep_writeheavy/k3/qmap_epoch_16.pth
Epoch [17/20] iter=2049 loss=-0.956145
Epoch [17/20] iter=2100 loss=-0.955535
Epoch [17/20] avg_loss=-0.953399
Saved checkpoint: outputs/checkpoints/qmap_qformer_k_sweep_writeheavy/k3/qmap_epoch_17.pth
Epoch [18/20] iter=2177 loss=-0.955211
Epoch [18/20] iter=2200 loss=-0.956218
Epoch [18/20] iter=2300 loss=-0.955405
Epoch [18/20] avg_loss=-0.953619
Saved checkpoint: outputs/checkpoints/qmap_qformer_k_sweep_writeheavy/k3/qmap_epoch_18.pth
Epoch [19/20] iter=2305 loss=-0.956016
Epoch [19/20] iter=2400 loss=-0.926283
Epoch [19/20] avg_loss=-0.953841
Saved checkpoint: outputs/checkpoints/qmap_qformer_k_sweep_writeheavy/k3/qmap_epoch_19.pth
Epoch [20/20] iter=2433 loss=-0.955046
Epoch [20/20] iter=2500 loss=-0.955245
Epoch [20/20] avg_loss=-0.954037
Saved checkpoint: outputs/checkpoints/qmap_qformer_k_sweep_writeheavy/k3/qmap_epoch_20.pth
Training finished.
/home/tingkun/miniconda3/envs/qmap/lib/python3.7/site-packages/torch/nn/modules/module.py:1433: UserWarning: Positional args are being deprecated, use kwargs instead. Refer to https://pytorch.org/docs/master/generated/torch.nn.Module.html#torch.nn.Module.state_dict for details.
  "Positional args are being deprecated, use kwargs instead. Refer to "
