command=/home/likc/.conda/envs/capd/bin/python3 qmap/pressure_headroom.py --config /home/likc/Q-former-for-OS/dataset/jsonl/capd_r1_pressure_headroom/pressure_D16/streamcluster_pressure/resolved_config.json --selector_params /home/likc/Q-former-for-OS/dataset/jsonl/capd_r1_pressure_headroom/pressure_D16/streamcluster_pressure/selector_params.json --json_output /home/likc/Q-former-for-OS/outputs/results/capd_r1_pressure_headroom/raw/streamcluster_pressure/pressure_D16/opportunity_audit.json
started_unix=1785124739.9587605
[R1_PROGRESS] workload=streamcluster_pressure case=pressure_D16 complete_decisions=250 access_index=12712 elapsed_seconds=0.6
[R1_PROGRESS] workload=streamcluster_pressure case=pressure_D16 complete_decisions=500 access_index=24577 elapsed_seconds=1.1
[R1_PROGRESS] workload=streamcluster_pressure case=pressure_D16 complete_decisions=750 access_index=36859 elapsed_seconds=1.6
[R1_PROGRESS] workload=streamcluster_pressure case=pressure_D16 complete_decisions=1000 access_index=49777 elapsed_seconds=2.2
[R1_PROGRESS] workload=streamcluster_pressure case=pressure_D16 complete_decisions=1250 access_index=62122 elapsed_seconds=2.7
[R1_PROGRESS] workload=streamcluster_pressure case=pressure_D16 complete_decisions=1500 access_index=74971 elapsed_seconds=3.2
[R1_PROGRESS] workload=streamcluster_pressure case=pressure_D16 complete_decisions=1750 access_index=88132 elapsed_seconds=3.7
[R1_PROGRESS] workload=streamcluster_pressure case=pressure_D16 complete_decisions=2000 access_index=100333 elapsed_seconds=4.2
[R1_PROGRESS] workload=streamcluster_pressure case=pressure_D16 complete_decisions=2250 access_index=112528 elapsed_seconds=4.7
[R1_PROGRESS] workload=streamcluster_pressure case=pressure_D16 complete_decisions=2500 access_index=124624 elapsed_seconds=5.2
[R1_PROGRESS] workload=streamcluster_pressure case=pressure_D16 complete_decisions=2750 access_index=136738 elapsed_seconds=5.7
[R1_PROGRESS] workload=streamcluster_pressure case=pressure_D16 complete_decisions=3000 access_index=148759 elapsed_seconds=6.3
[R1_PROGRESS] workload=streamcluster_pressure case=pressure_D16 complete_decisions=3250 access_index=160936 elapsed_seconds=6.8
[R1_PROGRESS] workload=streamcluster_pressure case=pressure_D16 complete_decisions=3500 access_index=173599 elapsed_seconds=7.3
[R1_PROGRESS] workload=streamcluster_pressure case=pressure_D16 complete_decisions=3750 access_index=186043 elapsed_seconds=7.8
[R1_PROGRESS] workload=streamcluster_pressure case=pressure_D16 complete_decisions=4000 access_index=198736 elapsed_seconds=8.3
[R1] workload=streamcluster_pressure case=pressure_D16 distinguishable=2411/4019
ended_unix=1785124749.2430344
exit_code=0
