QMAP training configuration:
  train_data path: dataset/jsonl/qmap_ablation/writeheavy/no_cost.jsonl
  number of training samples: 4079
  batch_size: 32
  epochs: 10
  learning rate: 0.0001
  device: cuda
  ablation: no_cost
Epoch [1/10] iter=1 loss=-0.781366
Epoch [1/10] iter=100 loss=-0.829196
Epoch [1/10] avg_loss=-0.805330
Saved checkpoint: outputs/checkpoints/qmap_ablation/writeheavy/no_cost/qmap_epoch_1.pth
Epoch [2/10] iter=129 loss=-0.833889
Epoch [2/10] iter=200 loss=-0.843338
Epoch [2/10] avg_loss=-0.851736
Saved checkpoint: outputs/checkpoints/qmap_ablation/writeheavy/no_cost/qmap_epoch_2.pth
Epoch [3/10] iter=257 loss=-0.906711
Epoch [3/10] iter=300 loss=-0.916580
Epoch [3/10] avg_loss=-0.917015
Saved checkpoint: outputs/checkpoints/qmap_ablation/writeheavy/no_cost/qmap_epoch_3.pth
Epoch [4/10] iter=385 loss=-0.925488
Epoch [4/10] iter=400 loss=-0.927050
Epoch [4/10] iter=500 loss=-0.936645
Epoch [4/10] avg_loss=-0.929590
Saved checkpoint: outputs/checkpoints/qmap_ablation/writeheavy/no_cost/qmap_epoch_4.pth
Epoch [5/10] iter=513 loss=-0.935870
Epoch [5/10] iter=600 loss=-0.939455
Epoch [5/10] avg_loss=-0.935385
Saved checkpoint: outputs/checkpoints/qmap_ablation/writeheavy/no_cost/qmap_epoch_5.pth
Epoch [6/10] iter=641 loss=-0.937547
Epoch [6/10] iter=700 loss=-0.913054
Epoch [6/10] avg_loss=-0.939229
Saved checkpoint: outputs/checkpoints/qmap_ablation/writeheavy/no_cost/qmap_epoch_6.pth
Epoch [7/10] iter=769 loss=-0.942772
Epoch [7/10] iter=800 loss=-0.942796
Epoch [7/10] avg_loss=-0.943175
Saved checkpoint: outputs/checkpoints/qmap_ablation/writeheavy/no_cost/qmap_epoch_7.pth
Epoch [8/10] iter=897 loss=-0.947091
Epoch [8/10] iter=900 loss=-0.946669
Epoch [8/10] iter=1000 loss=-0.948308
Epoch [8/10] avg_loss=-0.946391
Saved checkpoint: outputs/checkpoints/qmap_ablation/writeheavy/no_cost/qmap_epoch_8.pth
Epoch [9/10] iter=1025 loss=-0.949836
Epoch [9/10] iter=1100 loss=-0.950280
Epoch [9/10] avg_loss=-0.947804
Saved checkpoint: outputs/checkpoints/qmap_ablation/writeheavy/no_cost/qmap_epoch_9.pth
Epoch [10/10] iter=1153 loss=-0.952179
Epoch [10/10] iter=1200 loss=-0.950544
Epoch [10/10] avg_loss=-0.948911
Saved checkpoint: outputs/checkpoints/qmap_ablation/writeheavy/no_cost/qmap_epoch_10.pth
Training finished.
/home/tingkun/miniconda3/envs/qmap/lib/python3.7/site-packages/torch/nn/modules/module.py:1433: UserWarning: Positional args are being deprecated, use kwargs instead. Refer to https://pytorch.org/docs/master/generated/torch.nn.Module.html#torch.nn.Module.state_dict for details.
  "Positional args are being deprecated, use kwargs instead. Refer to "
