QMAP training configuration:
  train_data path: /home/tingkun/lcs/cache_replacement/dataset/jsonl/try_prototype_train.jsonl
  number of training samples: 6064
  batch_size: 32
  epochs: 10
  learning rate: 0.0001
  device: cuda
Epoch [1/10] iter=1 loss=-0.744446
Epoch [1/10] iter=100 loss=-0.764579
Epoch [1/10] avg_loss=-0.764062
Saved checkpoint: /home/tingkun/lcs/cache_replacement/outputs/checkpoints/try_prototype/qmap_epoch_1.pth
Epoch [2/10] iter=191 loss=-0.782615
Epoch [2/10] iter=200 loss=-0.788785
Epoch [2/10] iter=300 loss=-0.900994
Epoch [2/10] avg_loss=-0.867035
Saved checkpoint: /home/tingkun/lcs/cache_replacement/outputs/checkpoints/try_prototype/qmap_epoch_2.pth
Epoch [3/10] iter=381 loss=-0.907541
Epoch [3/10] iter=400 loss=-0.907764
Epoch [3/10] iter=500 loss=-0.919218
Epoch [3/10] avg_loss=-0.912549
Saved checkpoint: /home/tingkun/lcs/cache_replacement/outputs/checkpoints/try_prototype/qmap_epoch_3.pth
Epoch [4/10] iter=571 loss=-0.921095
Epoch [4/10] iter=600 loss=-0.925166
Epoch [4/10] iter=700 loss=-0.925506
Epoch [4/10] avg_loss=-0.918781
Saved checkpoint: /home/tingkun/lcs/cache_replacement/outputs/checkpoints/try_prototype/qmap_epoch_4.pth
Epoch [5/10] iter=761 loss=-0.914665
Epoch [5/10] iter=800 loss=-0.920138
Epoch [5/10] iter=900 loss=-0.922405
Epoch [5/10] avg_loss=-0.921963
Saved checkpoint: /home/tingkun/lcs/cache_replacement/outputs/checkpoints/try_prototype/qmap_epoch_5.pth
Epoch [6/10] iter=951 loss=-0.924388
Epoch [6/10] iter=1000 loss=-0.928462
Epoch [6/10] iter=1100 loss=-0.922144
Epoch [6/10] avg_loss=-0.924385
Saved checkpoint: /home/tingkun/lcs/cache_replacement/outputs/checkpoints/try_prototype/qmap_epoch_6.pth
Epoch [7/10] iter=1141 loss=-0.927041
Epoch [7/10] iter=1200 loss=-0.927296
Epoch [7/10] iter=1300 loss=-0.929420
Epoch [7/10] avg_loss=-0.926521
Saved checkpoint: /home/tingkun/lcs/cache_replacement/outputs/checkpoints/try_prototype/qmap_epoch_7.pth
Epoch [8/10] iter=1331 loss=-0.928116
Epoch [8/10] iter=1400 loss=-0.931086
Epoch [8/10] iter=1500 loss=-0.930720
Epoch [8/10] avg_loss=-0.928249
Saved checkpoint: /home/tingkun/lcs/cache_replacement/outputs/checkpoints/try_prototype/qmap_epoch_8.pth
Epoch [9/10] iter=1521 loss=-0.929581
Epoch [9/10] iter=1600 loss=-0.929515
Epoch [9/10] iter=1700 loss=-0.928683
Epoch [9/10] avg_loss=-0.929311
Saved checkpoint: /home/tingkun/lcs/cache_replacement/outputs/checkpoints/try_prototype/qmap_epoch_9.pth
Epoch [10/10] iter=1711 loss=-0.930719
Epoch [10/10] iter=1800 loss=-0.926352
Epoch [10/10] iter=1900 loss=-0.926046
Epoch [10/10] avg_loss=-0.929905
Saved checkpoint: /home/tingkun/lcs/cache_replacement/outputs/checkpoints/try_prototype/qmap_epoch_10.pth
Training finished.
/home/tingkun/miniconda3/envs/qmap/lib/python3.7/site-packages/torch/nn/modules/module.py:1433: UserWarning: Positional args are being deprecated, use kwargs instead. Refer to https://pytorch.org/docs/master/generated/torch.nn.Module.html#torch.nn.Module.state_dict for details.
  "Positional args are being deprecated, use kwargs instead. Refer to "
