command=/home/likc/.conda/envs/capd/bin/python3 qmap/qmap_eval.py --config /home/likc/Q-former-for-OS/dataset/jsonl/finals_v3_official/stage5_ablation/history_mean_pool/streamcluster_pressure/resolved_config.json --selector_params /home/likc/Q-former-for-OS/dataset/jsonl/finals_v3_official/stage5_ablation/history_mean_pool/streamcluster_pressure/selector_params.json --policy qmap --checkpoint /home/likc/Q-former-for-OS/outputs/checkpoints/finals_v3_official/stage5_ablation/history_mean_pool/streamcluster_pressure/seed_2026/qmap_best.pth --json_output /home/likc/Q-former-for-OS/outputs/results/finals_v3_official/stage5_ablation/raw/history_mean_pool/streamcluster_pressure/seed_2026.json
started_unix=1784809699.605433
Policy: qmap
Total accesses: 200000
Hits: 197159
Misses: 2841
Hit rate: 98.58%
Migrations: 2777
NVM reads: 2840
NVM writes: 1
Weighted access cost: 230617.00
Policy decisions: 2777
Total decision time: 8.295855s
Avg decision time: 2.987344 ms
Candidate filter decisions: 2777
Candidate B_t range: 64..64
Retained K_t range: 8..8
Avg candidate filter time: 0.414411 ms
ended_unix=1784809721.18904
exit_code=0
