QMAP training configuration:
  train_data path: /home/likc/Q-former-for-OS/dataset/jsonl/capacity_sensitivity/canneal/cap8/parsec_canneal_train.jsonl
  number of training samples: 68889
  batch_size: 32
  epochs: 10
  learning rate: 0.0001
  weight decay: 0.0
  device: cuda
  ablation: cross_attention
  qformer: use=False queries=4 layers=1 heads=2 dropout=0.0
  extractor pooling_strategy: none
  scorer scoring_input: context
  loss weights: inactivity=1.0 coldness=1.0 write_sensitivity=4.0 migration_cost=2.0
Epoch [1/10] iter=1 loss=-0.661045
Epoch [1/10] iter=100 loss=-0.748492
Epoch [1/10] iter=200 loss=-0.791698
Epoch [1/10] iter=300 loss=-0.790672
Epoch [1/10] iter=400 loss=-0.813536
Epoch [1/10] iter=500 loss=-0.819589
Epoch [1/10] iter=600 loss=-0.819554
Epoch [1/10] iter=700 loss=-0.825369
Epoch [1/10] iter=800 loss=-0.836674
Epoch [1/10] iter=900 loss=-0.830097
Epoch [1/10] iter=1000 loss=-0.831382
Epoch [1/10] iter=1100 loss=-0.836343
Epoch [1/10] iter=1200 loss=-0.838387
Epoch [1/10] iter=1300 loss=-0.832387
Epoch [1/10] iter=1400 loss=-0.836371
Epoch [1/10] iter=1500 loss=-0.835334
Epoch [1/10] iter=1600 loss=-0.841951
Epoch [1/10] iter=1700 loss=-0.825821
Epoch [1/10] iter=1800 loss=-0.826788
Epoch [1/10] iter=1900 loss=-0.845819
Epoch [1/10] iter=2000 loss=-0.830626
Epoch [1/10] iter=2100 loss=-0.844962
Epoch [1/10] avg_loss=-0.819700
Saved checkpoint: outputs/checkpoints/capacity_sensitivity/canneal/cap8/parsec_canneal/qmap_epoch_1.pth
Epoch [2/10] iter=2154 loss=-0.839434
Epoch [2/10] iter=2200 loss=-0.846729
Epoch [2/10] iter=2300 loss=-0.834551
Epoch [2/10] iter=2400 loss=-0.845991
Epoch [2/10] iter=2500 loss=-0.849531
Epoch [2/10] iter=2600 loss=-0.842284
Epoch [2/10] iter=2700 loss=-0.847596
Epoch [2/10] iter=2800 loss=-0.846091
Epoch [2/10] iter=2900 loss=-0.844713
Epoch [2/10] iter=3000 loss=-0.847896
Epoch [2/10] iter=3100 loss=-0.841142
Epoch [2/10] iter=3200 loss=-0.846026
Epoch [2/10] iter=3300 loss=-0.845974
Epoch [2/10] iter=3400 loss=-0.844676
Epoch [2/10] iter=3500 loss=-0.841348
Epoch [2/10] iter=3600 loss=-0.844662
Epoch [2/10] iter=3700 loss=-0.833444
Epoch [2/10] iter=3800 loss=-0.850913
Epoch [2/10] iter=3900 loss=-0.845210
Epoch [2/10] iter=4000 loss=-0.841681
Epoch [2/10] iter=4100 loss=-0.846398
Epoch [2/10] iter=4200 loss=-0.848274
Epoch [2/10] iter=4300 loss=-0.824512
Epoch [2/10] avg_loss=-0.842547
Saved checkpoint: outputs/checkpoints/capacity_sensitivity/canneal/cap8/parsec_canneal/qmap_epoch_2.pth
Epoch [3/10] iter=4307 loss=-0.845947
Epoch [3/10] iter=4400 loss=-0.841152
Epoch [3/10] iter=4500 loss=-0.825094
Epoch [3/10] iter=4600 loss=-0.847227
Epoch [3/10] iter=4700 loss=-0.844707
Epoch [3/10] iter=4800 loss=-0.833486
Epoch [3/10] iter=4900 loss=-0.835700
Epoch [3/10] iter=5000 loss=-0.844741
Epoch [3/10] iter=5100 loss=-0.829100
Epoch [3/10] iter=5200 loss=-0.854348
Epoch [3/10] iter=5300 loss=-0.845647
Epoch [3/10] iter=5400 loss=-0.841648
Epoch [3/10] iter=5500 loss=-0.847781
Epoch [3/10] iter=5600 loss=-0.849566
Epoch [3/10] iter=5700 loss=-0.845429
Epoch [3/10] iter=5800 loss=-0.846786
Epoch [3/10] iter=5900 loss=-0.848245
Epoch [3/10] iter=6000 loss=-0.843462
Epoch [3/10] iter=6100 loss=-0.839142
Epoch [3/10] iter=6200 loss=-0.848381
Epoch [3/10] iter=6300 loss=-0.832559
Epoch [3/10] iter=6400 loss=-0.848776
Epoch [3/10] avg_loss=-0.845047
Saved checkpoint: outputs/checkpoints/capacity_sensitivity/canneal/cap8/parsec_canneal/qmap_epoch_3.pth
Epoch [4/10] iter=6460 loss=-0.842043
Epoch [4/10] iter=6500 loss=-0.855112
Epoch [4/10] iter=6600 loss=-0.839254
Epoch [4/10] iter=6700 loss=-0.844946
Epoch [4/10] iter=6800 loss=-0.848536
Epoch [4/10] iter=6900 loss=-0.849019
Epoch [4/10] iter=7000 loss=-0.848274
Epoch [4/10] iter=7100 loss=-0.840748
Epoch [4/10] iter=7200 loss=-0.848419
Epoch [4/10] iter=7300 loss=-0.847106
Epoch [4/10] iter=7400 loss=-0.845429
Epoch [4/10] iter=7500 loss=-0.850655
Epoch [4/10] iter=7600 loss=-0.844916
Epoch [4/10] iter=7700 loss=-0.844695
Epoch [4/10] iter=7800 loss=-0.850716
Epoch [4/10] iter=7900 loss=-0.847135
Epoch [4/10] iter=8000 loss=-0.850781
Epoch [4/10] iter=8100 loss=-0.844554
Epoch [4/10] iter=8200 loss=-0.838410
Epoch [4/10] iter=8300 loss=-0.849335
Epoch [4/10] iter=8400 loss=-0.852929
Epoch [4/10] iter=8500 loss=-0.838630
Epoch [4/10] iter=8600 loss=-0.849009
Epoch [4/10] avg_loss=-0.846430
Saved checkpoint: outputs/checkpoints/capacity_sensitivity/canneal/cap8/parsec_canneal/qmap_epoch_4.pth
Epoch [5/10] iter=8613 loss=-0.852419
Epoch [5/10] iter=8700 loss=-0.852675
Epoch [5/10] iter=8800 loss=-0.849350
Epoch [5/10] iter=8900 loss=-0.853287
Epoch [5/10] iter=9000 loss=-0.847659
Epoch [5/10] iter=9100 loss=-0.854027
Epoch [5/10] iter=9200 loss=-0.846486
Epoch [5/10] iter=9300 loss=-0.854466
Epoch [5/10] iter=9400 loss=-0.846458
Epoch [5/10] iter=9500 loss=-0.845250
Epoch [5/10] iter=9600 loss=-0.854436
Epoch [5/10] iter=9700 loss=-0.851150
Epoch [5/10] iter=9800 loss=-0.847006
Epoch [5/10] iter=9900 loss=-0.842705
Epoch [5/10] iter=10000 loss=-0.850906
Epoch [5/10] iter=10100 loss=-0.855133
Epoch [5/10] iter=10200 loss=-0.854528
Epoch [5/10] iter=10300 loss=-0.851253
Epoch [5/10] iter=10400 loss=-0.853878
Epoch [5/10] iter=10500 loss=-0.844455
Epoch [5/10] iter=10600 loss=-0.853272
Epoch [5/10] iter=10700 loss=-0.848189
Epoch [5/10] avg_loss=-0.847851
Saved checkpoint: outputs/checkpoints/capacity_sensitivity/canneal/cap8/parsec_canneal/qmap_epoch_5.pth
Epoch [6/10] iter=10766 loss=-0.850459
Epoch [6/10] iter=10800 loss=-0.846671
Epoch [6/10] iter=10900 loss=-0.851376
Epoch [6/10] iter=11000 loss=-0.840168
Epoch [6/10] iter=11100 loss=-0.842671
Epoch [6/10] iter=11200 loss=-0.847324
Epoch [6/10] iter=11300 loss=-0.844990
Epoch [6/10] iter=11400 loss=-0.853070
Epoch [6/10] iter=11500 loss=-0.836681
Epoch [6/10] iter=11600 loss=-0.845780
Epoch [6/10] iter=11700 loss=-0.849094
Epoch [6/10] iter=11800 loss=-0.847736
Epoch [6/10] iter=11900 loss=-0.842635
Epoch [6/10] iter=12000 loss=-0.850830
Epoch [6/10] iter=12100 loss=-0.853397
Epoch [6/10] iter=12200 loss=-0.847277
Epoch [6/10] iter=12300 loss=-0.849758
Epoch [6/10] iter=12400 loss=-0.846492
Epoch [6/10] iter=12500 loss=-0.851937
Epoch [6/10] iter=12600 loss=-0.849646
Epoch [6/10] iter=12700 loss=-0.841337
Epoch [6/10] iter=12800 loss=-0.852803
Epoch [6/10] iter=12900 loss=-0.848384
Epoch [6/10] avg_loss=-0.848006
Saved checkpoint: outputs/checkpoints/capacity_sensitivity/canneal/cap8/parsec_canneal/qmap_epoch_6.pth
Epoch [7/10] iter=12919 loss=-0.852254
Epoch [7/10] iter=13000 loss=-0.847080
Epoch [7/10] iter=13100 loss=-0.841603
Epoch [7/10] iter=13200 loss=-0.844723
Epoch [7/10] iter=13300 loss=-0.839837
Epoch [7/10] iter=13400 loss=-0.849343
Epoch [7/10] iter=13500 loss=-0.849216
Epoch [7/10] iter=13600 loss=-0.849669
Epoch [7/10] iter=13700 loss=-0.844401
Epoch [7/10] iter=13800 loss=-0.850605
Epoch [7/10] iter=13900 loss=-0.848868
Epoch [7/10] iter=14000 loss=-0.852664
Epoch [7/10] iter=14100 loss=-0.850352
Epoch [7/10] iter=14200 loss=-0.853341
Epoch [7/10] iter=14300 loss=-0.852461
Epoch [7/10] iter=14400 loss=-0.847188
Epoch [7/10] iter=14500 loss=-0.851633
Epoch [7/10] iter=14600 loss=-0.844040
Epoch [7/10] iter=14700 loss=-0.847592
Epoch [7/10] iter=14800 loss=-0.849997
Epoch [7/10] iter=14900 loss=-0.850125
Epoch [7/10] iter=15000 loss=-0.852837
Epoch [7/10] avg_loss=-0.848374
Saved checkpoint: outputs/checkpoints/capacity_sensitivity/canneal/cap8/parsec_canneal/qmap_epoch_7.pth
Epoch [8/10] iter=15072 loss=-0.849294
Epoch [8/10] iter=15100 loss=-0.846219
Epoch [8/10] iter=15200 loss=-0.844643
Epoch [8/10] iter=15300 loss=-0.854939
Epoch [8/10] iter=15400 loss=-0.840185
Epoch [8/10] iter=15500 loss=-0.851783
Epoch [8/10] iter=15600 loss=-0.852721
Epoch [8/10] iter=15700 loss=-0.845855
Epoch [8/10] iter=15800 loss=-0.842381
Epoch [8/10] iter=15900 loss=-0.850835
Epoch [8/10] iter=16000 loss=-0.848974
Epoch [8/10] iter=16100 loss=-0.837085
Epoch [8/10] iter=16200 loss=-0.852666
Epoch [8/10] iter=16300 loss=-0.850921
Epoch [8/10] iter=16400 loss=-0.848986
Epoch [8/10] iter=16500 loss=-0.850732
Epoch [8/10] iter=16600 loss=-0.854361
Epoch [8/10] iter=16700 loss=-0.847424
Epoch [8/10] iter=16800 loss=-0.845459
Epoch [8/10] iter=16900 loss=-0.846422
Epoch [8/10] iter=17000 loss=-0.840726
Epoch [8/10] iter=17100 loss=-0.845273
Epoch [8/10] iter=17200 loss=-0.851453
Epoch [8/10] avg_loss=-0.848999
Saved checkpoint: outputs/checkpoints/capacity_sensitivity/canneal/cap8/parsec_canneal/qmap_epoch_8.pth
Epoch [9/10] iter=17225 loss=-0.843147
Epoch [9/10] iter=17300 loss=-0.856002
Epoch [9/10] iter=17400 loss=-0.845748
Epoch [9/10] iter=17500 loss=-0.847594
Epoch [9/10] iter=17600 loss=-0.850556
Epoch [9/10] iter=17700 loss=-0.844989
Epoch [9/10] iter=17800 loss=-0.851761
Epoch [9/10] iter=17900 loss=-0.848917
Epoch [9/10] iter=18000 loss=-0.847361
Epoch [9/10] iter=18100 loss=-0.847574
Epoch [9/10] iter=18200 loss=-0.838229
Epoch [9/10] iter=18300 loss=-0.847590
Epoch [9/10] iter=18400 loss=-0.853648
Epoch [9/10] iter=18500 loss=-0.848989
Epoch [9/10] iter=18600 loss=-0.852440
Epoch [9/10] iter=18700 loss=-0.849340
Epoch [9/10] iter=18800 loss=-0.850838
Epoch [9/10] iter=18900 loss=-0.841943
Epoch [9/10] iter=19000 loss=-0.853592
Epoch [9/10] iter=19100 loss=-0.850968
Epoch [9/10] iter=19200 loss=-0.850959
Epoch [9/10] iter=19300 loss=-0.850668
Epoch [9/10] avg_loss=-0.849129
Saved checkpoint: outputs/checkpoints/capacity_sensitivity/canneal/cap8/parsec_canneal/qmap_epoch_9.pth
Epoch [10/10] iter=19378 loss=-0.851151
Epoch [10/10] iter=19400 loss=-0.855634
Epoch [10/10] iter=19500 loss=-0.847446
Epoch [10/10] iter=19600 loss=-0.851730
Epoch [10/10] iter=19700 loss=-0.848008
Epoch [10/10] iter=19800 loss=-0.848437
Epoch [10/10] iter=19900 loss=-0.853992
Epoch [10/10] iter=20000 loss=-0.847853
Epoch [10/10] iter=20100 loss=-0.854006
Epoch [10/10] iter=20200 loss=-0.852141
Epoch [10/10] iter=20300 loss=-0.848580
Epoch [10/10] iter=20400 loss=-0.846607
Epoch [10/10] iter=20500 loss=-0.851663
Epoch [10/10] iter=20600 loss=-0.850558
Epoch [10/10] iter=20700 loss=-0.851919
Epoch [10/10] iter=20800 loss=-0.849281
Epoch [10/10] iter=20900 loss=-0.847107
Epoch [10/10] iter=21000 loss=-0.850994
Epoch [10/10] iter=21100 loss=-0.847326
Epoch [10/10] iter=21200 loss=-0.846467
Epoch [10/10] iter=21300 loss=-0.844498
Epoch [10/10] iter=21400 loss=-0.848026
Epoch [10/10] iter=21500 loss=-0.846188
Epoch [10/10] avg_loss=-0.848839
Saved checkpoint: outputs/checkpoints/capacity_sensitivity/canneal/cap8/parsec_canneal/qmap_epoch_10.pth
Training finished.
/home/likc/.conda/envs/qmap/lib/python3.7/site-packages/torch/nn/modules/module.py:1433: UserWarning: Positional args are being deprecated, use kwargs instead. Refer to https://pytorch.org/docs/master/generated/torch.nn.Module.html#torch.nn.Module.state_dict for details.
  "Positional args are being deprecated, use kwargs instead. Refer to "
