QMAP training configuration:
  train_data path: /home/likc/Q-former-for-OS/dataset/jsonl/candidate_sensitivity/streamcluster_pressure/c4/parsec_streamcluster_train.jsonl
  number of training samples: 12501
  batch_size: 32
  epochs: 10
  learning rate: 0.0001
  weight decay: 0.0
  device: cuda
  ablation: cross_attention
  qformer: use=False queries=4 layers=1 heads=2 dropout=0.0
  extractor pooling_strategy: none
  scorer scoring_input: context
  loss weights: inactivity=1.0 coldness=1.0 write_sensitivity=4.0 migration_cost=2.0
Epoch [1/10] iter=1 loss=-0.602741
Epoch [1/10] iter=100 loss=-0.644306
Epoch [1/10] iter=200 loss=-0.674740
Epoch [1/10] iter=300 loss=-0.703750
Epoch [1/10] avg_loss=-0.666652
Saved checkpoint: outputs/checkpoints/candidate_sensitivity/streamcluster_pressure/c4/parsec_streamcluster/qmap_epoch_1.pth
Epoch [2/10] iter=392 loss=-0.720068
Epoch [2/10] iter=400 loss=-0.707822
Epoch [2/10] iter=500 loss=-0.771263
Epoch [2/10] iter=600 loss=-0.759344
Epoch [2/10] iter=700 loss=-0.776321
Epoch [2/10] avg_loss=-0.753479
Saved checkpoint: outputs/checkpoints/candidate_sensitivity/streamcluster_pressure/c4/parsec_streamcluster/qmap_epoch_2.pth
Epoch [3/10] iter=783 loss=-0.773189
Epoch [3/10] iter=800 loss=-0.741725
Epoch [3/10] iter=900 loss=-0.747556
Epoch [3/10] iter=1000 loss=-0.764869
Epoch [3/10] iter=1100 loss=-0.781991
Epoch [3/10] avg_loss=-0.768947
Saved checkpoint: outputs/checkpoints/candidate_sensitivity/streamcluster_pressure/c4/parsec_streamcluster/qmap_epoch_3.pth
Epoch [4/10] iter=1174 loss=-0.760867
Epoch [4/10] iter=1200 loss=-0.767890
Epoch [4/10] iter=1300 loss=-0.778342
Epoch [4/10] iter=1400 loss=-0.785016
Epoch [4/10] iter=1500 loss=-0.768724
Epoch [4/10] avg_loss=-0.771599
Saved checkpoint: outputs/checkpoints/candidate_sensitivity/streamcluster_pressure/c4/parsec_streamcluster/qmap_epoch_4.pth
Epoch [5/10] iter=1565 loss=-0.764382
Epoch [5/10] iter=1600 loss=-0.756340
Epoch [5/10] iter=1700 loss=-0.759578
Epoch [5/10] iter=1800 loss=-0.801384
Epoch [5/10] iter=1900 loss=-0.790237
Epoch [5/10] avg_loss=-0.772862
Saved checkpoint: outputs/checkpoints/candidate_sensitivity/streamcluster_pressure/c4/parsec_streamcluster/qmap_epoch_5.pth
Epoch [6/10] iter=1956 loss=-0.759280
Epoch [6/10] iter=2000 loss=-0.773710
Epoch [6/10] iter=2100 loss=-0.775698
Epoch [6/10] iter=2200 loss=-0.774586
Epoch [6/10] iter=2300 loss=-0.740460
Epoch [6/10] avg_loss=-0.774655
Saved checkpoint: outputs/checkpoints/candidate_sensitivity/streamcluster_pressure/c4/parsec_streamcluster/qmap_epoch_6.pth
Epoch [7/10] iter=2347 loss=-0.791325
Epoch [7/10] iter=2400 loss=-0.790842
Epoch [7/10] iter=2500 loss=-0.766098
Epoch [7/10] iter=2600 loss=-0.794831
Epoch [7/10] iter=2700 loss=-0.769275
Epoch [7/10] avg_loss=-0.776726
Saved checkpoint: outputs/checkpoints/candidate_sensitivity/streamcluster_pressure/c4/parsec_streamcluster/qmap_epoch_7.pth
Epoch [8/10] iter=2738 loss=-0.778106
Epoch [8/10] iter=2800 loss=-0.775871
Epoch [8/10] iter=2900 loss=-0.749381
Epoch [8/10] iter=3000 loss=-0.785097
Epoch [8/10] iter=3100 loss=-0.785796
Epoch [8/10] avg_loss=-0.777029
Saved checkpoint: outputs/checkpoints/candidate_sensitivity/streamcluster_pressure/c4/parsec_streamcluster/qmap_epoch_8.pth
Epoch [9/10] iter=3129 loss=-0.747307
Epoch [9/10] iter=3200 loss=-0.754528
Epoch [9/10] iter=3300 loss=-0.783602
Epoch [9/10] iter=3400 loss=-0.786811
Epoch [9/10] iter=3500 loss=-0.766902
Epoch [9/10] avg_loss=-0.777034
Saved checkpoint: outputs/checkpoints/candidate_sensitivity/streamcluster_pressure/c4/parsec_streamcluster/qmap_epoch_9.pth
Epoch [10/10] iter=3520 loss=-0.758906
Epoch [10/10] iter=3600 loss=-0.785675
Epoch [10/10] iter=3700 loss=-0.778004
Epoch [10/10] iter=3800 loss=-0.768060
Epoch [10/10] iter=3900 loss=-0.773864
Epoch [10/10] avg_loss=-0.777277
Saved checkpoint: outputs/checkpoints/candidate_sensitivity/streamcluster_pressure/c4/parsec_streamcluster/qmap_epoch_10.pth
Training finished.
/home/likc/.conda/envs/qmap/lib/python3.7/site-packages/torch/nn/modules/module.py:1433: UserWarning: Positional args are being deprecated, use kwargs instead. Refer to https://pytorch.org/docs/master/generated/torch.nn.Module.html#torch.nn.Module.state_dict for details.
  "Positional args are being deprecated, use kwargs instead. Refer to "
