QMAP training configuration:
  train_data path: dataset/jsonl/real_workload_suite/1m/parsec_blackscholes_train.jsonl
  number of training samples: 6996
  batch_size: 32
  epochs: 10
  learning rate: 0.0001
  weight decay: 0.0
  device: cuda
  ablation: cross_attention
  qformer: use=False queries=4 layers=1 heads=2 dropout=0.0
  extractor pooling_strategy: none
  scorer scoring_input: context
  loss weights: inactivity=1.0 coldness=1.0 write_sensitivity=4.0 migration_cost=2.0
Epoch [1/10] iter=1 loss=-0.623211
Epoch [1/10] iter=100 loss=-0.665932
Epoch [1/10] iter=200 loss=-0.732984
Epoch [1/10] avg_loss=-0.673659
Saved checkpoint: outputs/checkpoints/seed_stability/blackscholes/seed_2026/qmap_epoch_1.pth
Epoch [2/10] iter=220 loss=-0.721175
Epoch [2/10] iter=300 loss=-0.758935
Epoch [2/10] iter=400 loss=-0.789777
Epoch [2/10] avg_loss=-0.760903
Saved checkpoint: outputs/checkpoints/seed_stability/blackscholes/seed_2026/qmap_epoch_2.pth
Epoch [3/10] iter=439 loss=-0.771809
Epoch [3/10] iter=500 loss=-0.806777
Epoch [3/10] iter=600 loss=-0.804687
Epoch [3/10] avg_loss=-0.796862
Saved checkpoint: outputs/checkpoints/seed_stability/blackscholes/seed_2026/qmap_epoch_3.pth
Epoch [4/10] iter=658 loss=-0.798155
Epoch [4/10] iter=700 loss=-0.802861
Epoch [4/10] iter=800 loss=-0.797848
Epoch [4/10] avg_loss=-0.805123
Saved checkpoint: outputs/checkpoints/seed_stability/blackscholes/seed_2026/qmap_epoch_4.pth
Epoch [5/10] iter=877 loss=-0.790357
Epoch [5/10] iter=900 loss=-0.803789
Epoch [5/10] iter=1000 loss=-0.797155
Epoch [5/10] avg_loss=-0.808616
Saved checkpoint: outputs/checkpoints/seed_stability/blackscholes/seed_2026/qmap_epoch_5.pth
Epoch [6/10] iter=1096 loss=-0.788899
Epoch [6/10] iter=1100 loss=-0.808431
Epoch [6/10] iter=1200 loss=-0.806001
Epoch [6/10] iter=1300 loss=-0.806522
Epoch [6/10] avg_loss=-0.810505
Saved checkpoint: outputs/checkpoints/seed_stability/blackscholes/seed_2026/qmap_epoch_6.pth
Epoch [7/10] iter=1315 loss=-0.812588
Epoch [7/10] iter=1400 loss=-0.809348
Epoch [7/10] iter=1500 loss=-0.787372
Epoch [7/10] avg_loss=-0.811917
Saved checkpoint: outputs/checkpoints/seed_stability/blackscholes/seed_2026/qmap_epoch_7.pth
Epoch [8/10] iter=1534 loss=-0.820290
Epoch [8/10] iter=1600 loss=-0.806904
Epoch [8/10] iter=1700 loss=-0.797945
Epoch [8/10] avg_loss=-0.813752
Saved checkpoint: outputs/checkpoints/seed_stability/blackscholes/seed_2026/qmap_epoch_8.pth
Epoch [9/10] iter=1753 loss=-0.822529
Epoch [9/10] iter=1800 loss=-0.832690
Epoch [9/10] iter=1900 loss=-0.823181
Epoch [9/10] avg_loss=-0.814650
Saved checkpoint: outputs/checkpoints/seed_stability/blackscholes/seed_2026/qmap_epoch_9.pth
Epoch [10/10] iter=1972 loss=-0.827525
Epoch [10/10] iter=2000 loss=-0.801983
Epoch [10/10] iter=2100 loss=-0.831020
Epoch [10/10] avg_loss=-0.815085
Saved checkpoint: outputs/checkpoints/seed_stability/blackscholes/seed_2026/qmap_epoch_10.pth
Training finished.
/home/likc/.conda/envs/qmap/lib/python3.7/site-packages/torch/nn/modules/module.py:1433: UserWarning: Positional args are being deprecated, use kwargs instead. Refer to https://pytorch.org/docs/master/generated/torch.nn.Module.html#torch.nn.Module.state_dict for details.
  "Positional args are being deprecated, use kwargs instead. Refer to "
