QMAP training configuration:
  train_data path: dataset/jsonl/real_workload_suite/1m/parsec_blackscholes_train.jsonl
  number of training samples: 6996
  batch_size: 32
  epochs: 10
  learning rate: 0.0001
  weight decay: 0.0
  device: cuda
  ablation: cross_attention
  qformer: use=False queries=4 layers=1 heads=2 dropout=0.0
  extractor pooling_strategy: none
  scorer scoring_input: context
  loss weights: inactivity=1.0 coldness=1.0 write_sensitivity=4.0 migration_cost=2.0
Epoch [1/10] iter=1 loss=-0.625295
Epoch [1/10] iter=100 loss=-0.683374
Epoch [1/10] iter=200 loss=-0.737822
Epoch [1/10] avg_loss=-0.686678
Saved checkpoint: outputs/checkpoints/seed_stability/blackscholes/seed_42/qmap_epoch_1.pth
Epoch [2/10] iter=220 loss=-0.758920
Epoch [2/10] iter=300 loss=-0.742905
Epoch [2/10] iter=400 loss=-0.797939
Epoch [2/10] avg_loss=-0.764179
Saved checkpoint: outputs/checkpoints/seed_stability/blackscholes/seed_42/qmap_epoch_2.pth
Epoch [3/10] iter=439 loss=-0.784257
Epoch [3/10] iter=500 loss=-0.791593
Epoch [3/10] iter=600 loss=-0.806437
Epoch [3/10] avg_loss=-0.796202
Saved checkpoint: outputs/checkpoints/seed_stability/blackscholes/seed_42/qmap_epoch_3.pth
Epoch [4/10] iter=658 loss=-0.816252
Epoch [4/10] iter=700 loss=-0.820852
Epoch [4/10] iter=800 loss=-0.819998
Epoch [4/10] avg_loss=-0.805580
Saved checkpoint: outputs/checkpoints/seed_stability/blackscholes/seed_42/qmap_epoch_4.pth
Epoch [5/10] iter=877 loss=-0.797037
Epoch [5/10] iter=900 loss=-0.819899
Epoch [5/10] iter=1000 loss=-0.815621
Epoch [5/10] avg_loss=-0.810501
Saved checkpoint: outputs/checkpoints/seed_stability/blackscholes/seed_42/qmap_epoch_5.pth
Epoch [6/10] iter=1096 loss=-0.821570
Epoch [6/10] iter=1100 loss=-0.817511
Epoch [6/10] iter=1200 loss=-0.806697
Epoch [6/10] iter=1300 loss=-0.813809
Epoch [6/10] avg_loss=-0.813458
Saved checkpoint: outputs/checkpoints/seed_stability/blackscholes/seed_42/qmap_epoch_6.pth
Epoch [7/10] iter=1315 loss=-0.800852
Epoch [7/10] iter=1400 loss=-0.827108
Epoch [7/10] iter=1500 loss=-0.805530
Epoch [7/10] avg_loss=-0.814687
Saved checkpoint: outputs/checkpoints/seed_stability/blackscholes/seed_42/qmap_epoch_7.pth
Epoch [8/10] iter=1534 loss=-0.806630
Epoch [8/10] iter=1600 loss=-0.812444
Epoch [8/10] iter=1700 loss=-0.809142
Epoch [8/10] avg_loss=-0.815433
Saved checkpoint: outputs/checkpoints/seed_stability/blackscholes/seed_42/qmap_epoch_8.pth
Epoch [9/10] iter=1753 loss=-0.809990
Epoch [9/10] iter=1800 loss=-0.816960
Epoch [9/10] iter=1900 loss=-0.817335
Epoch [9/10] avg_loss=-0.815954
Saved checkpoint: outputs/checkpoints/seed_stability/blackscholes/seed_42/qmap_epoch_9.pth
Epoch [10/10] iter=1972 loss=-0.814154
Epoch [10/10] iter=2000 loss=-0.824794
Epoch [10/10] iter=2100 loss=-0.816747
Epoch [10/10] avg_loss=-0.816246
Saved checkpoint: outputs/checkpoints/seed_stability/blackscholes/seed_42/qmap_epoch_10.pth
Training finished.
/home/likc/.conda/envs/qmap/lib/python3.7/site-packages/torch/nn/modules/module.py:1433: UserWarning: Positional args are being deprecated, use kwargs instead. Refer to https://pytorch.org/docs/master/generated/torch.nn.Module.html#torch.nn.Module.state_dict for details.
  "Positional args are being deprecated, use kwargs instead. Refer to "
