QMAP training configuration:
  train_data path: /home/likc/Q-former-for-OS/dataset/jsonl/qmap_parameter_sensitivity/h10_c64_d64_l256.jsonl
  number of training samples: 12397
  batch_size: 32
  epochs: 10
  learning rate: 0.0001
  weight decay: 0.0
  device: cuda
  ablation: cross_attention
  qformer: use=False queries=4 layers=1 heads=2 dropout=0.0
  extractor pooling_strategy: none
  scorer scoring_input: context
  loss weights: inactivity=1.0 coldness=1.0 write_sensitivity=4.0 migration_cost=2.0
Epoch [1/10] iter=1 loss=-0.696477
Epoch [1/10] iter=100 loss=-0.741339
Epoch [1/10] iter=200 loss=-0.753231
Epoch [1/10] iter=300 loss=-0.804511
Epoch [1/10] avg_loss=-0.766102
Saved checkpoint: /home/likc/Q-former-for-OS/outputs/checkpoints/qmap_parameter_sensitivity/h10_c64_d64_l256/qmap_epoch_1.pth
Epoch [2/10] iter=389 loss=-0.829581
Epoch [2/10] iter=400 loss=-0.856115
Epoch [2/10] iter=500 loss=-0.890915
Epoch [2/10] iter=600 loss=-0.897814
Epoch [2/10] iter=700 loss=-0.876852
Epoch [2/10] avg_loss=-0.889378
Saved checkpoint: /home/likc/Q-former-for-OS/outputs/checkpoints/qmap_parameter_sensitivity/h10_c64_d64_l256/qmap_epoch_2.pth
Epoch [3/10] iter=777 loss=-0.908711
Epoch [3/10] iter=800 loss=-0.909041
Epoch [3/10] iter=900 loss=-0.882147
Epoch [3/10] iter=1000 loss=-0.915931
Epoch [3/10] iter=1100 loss=-0.904840
Epoch [3/10] avg_loss=-0.906934
Saved checkpoint: /home/likc/Q-former-for-OS/outputs/checkpoints/qmap_parameter_sensitivity/h10_c64_d64_l256/qmap_epoch_3.pth
Epoch [4/10] iter=1165 loss=-0.919574
Epoch [4/10] iter=1200 loss=-0.919126
Epoch [4/10] iter=1300 loss=-0.905451
Epoch [4/10] iter=1400 loss=-0.912784
Epoch [4/10] iter=1500 loss=-0.914482
Epoch [4/10] avg_loss=-0.912602
Saved checkpoint: /home/likc/Q-former-for-OS/outputs/checkpoints/qmap_parameter_sensitivity/h10_c64_d64_l256/qmap_epoch_4.pth
Epoch [5/10] iter=1553 loss=-0.893370
Epoch [5/10] iter=1600 loss=-0.920953
Epoch [5/10] iter=1700 loss=-0.924201
Epoch [5/10] iter=1800 loss=-0.919830
Epoch [5/10] iter=1900 loss=-0.914828
Epoch [5/10] avg_loss=-0.915573
Saved checkpoint: /home/likc/Q-former-for-OS/outputs/checkpoints/qmap_parameter_sensitivity/h10_c64_d64_l256/qmap_epoch_5.pth
Epoch [6/10] iter=1941 loss=-0.895570
Epoch [6/10] iter=2000 loss=-0.897041
Epoch [6/10] iter=2100 loss=-0.922472
Epoch [6/10] iter=2200 loss=-0.921421
Epoch [6/10] iter=2300 loss=-0.896311
Epoch [6/10] avg_loss=-0.917396
Saved checkpoint: /home/likc/Q-former-for-OS/outputs/checkpoints/qmap_parameter_sensitivity/h10_c64_d64_l256/qmap_epoch_6.pth
Epoch [7/10] iter=2329 loss=-0.898908
Epoch [7/10] iter=2400 loss=-0.923450
Epoch [7/10] iter=2500 loss=-0.925403
Epoch [7/10] iter=2600 loss=-0.897101
Epoch [7/10] iter=2700 loss=-0.927343
Epoch [7/10] avg_loss=-0.918524
Saved checkpoint: /home/likc/Q-former-for-OS/outputs/checkpoints/qmap_parameter_sensitivity/h10_c64_d64_l256/qmap_epoch_7.pth
Epoch [8/10] iter=2717 loss=-0.926255
Epoch [8/10] iter=2800 loss=-0.920018
Epoch [8/10] iter=2900 loss=-0.926476
Epoch [8/10] iter=3000 loss=-0.924293
Epoch [8/10] iter=3100 loss=-0.926298
Epoch [8/10] avg_loss=-0.919409
Saved checkpoint: /home/likc/Q-former-for-OS/outputs/checkpoints/qmap_parameter_sensitivity/h10_c64_d64_l256/qmap_epoch_8.pth
Epoch [9/10] iter=3105 loss=-0.897042
Epoch [9/10] iter=3200 loss=-0.921760
Epoch [9/10] iter=3300 loss=-0.927530
Epoch [9/10] iter=3400 loss=-0.921838
Epoch [9/10] avg_loss=-0.920400
Saved checkpoint: /home/likc/Q-former-for-OS/outputs/checkpoints/qmap_parameter_sensitivity/h10_c64_d64_l256/qmap_epoch_9.pth
Epoch [10/10] iter=3493 loss=-0.926099
Epoch [10/10] iter=3500 loss=-0.927316
Epoch [10/10] iter=3600 loss=-0.932123
Epoch [10/10] iter=3700 loss=-0.923076
Epoch [10/10] iter=3800 loss=-0.922925
Epoch [10/10] avg_loss=-0.921198
Saved checkpoint: /home/likc/Q-former-for-OS/outputs/checkpoints/qmap_parameter_sensitivity/h10_c64_d64_l256/qmap_epoch_10.pth
Training finished.
/home/likc/.conda/envs/qmap/lib/python3.7/site-packages/torch/nn/modules/module.py:1433: UserWarning: Positional args are being deprecated, use kwargs instead. Refer to https://pytorch.org/docs/master/generated/torch.nn.Module.html#torch.nn.Module.state_dict for details.
  "Positional args are being deprecated, use kwargs instead. Refer to "
