command=/home/likc/.conda/envs/capd/bin/python3 qmap/qmap_eval.py --config /home/likc/Q-former-for-OS/dataset/jsonl/capd_post_stage6_optimization/opt_B32_K16/streamcluster_pressure/resolved_config.json --selector_params /home/likc/Q-former-for-OS/dataset/jsonl/capd_post_stage6_optimization/opt_B32_K16/streamcluster_pressure/selector_params.json --evaluation_split valid --policy qmap --checkpoint /home/likc/Q-former-for-OS/outputs/checkpoints/capd_post_stage6_optimization/o2/streamcluster_pressure/opt_B32_K16/seed_3136859/qmap_epoch_2.pth --json_output /home/likc/Q-former-for-OS/outputs/results/capd_post_stage6_optimization/raw/o2/streamcluster_pressure/opt_B32_K16/seed_3136859/epoch_2.json
started_unix=1785076132.4717839
Policy: qmap
Total accesses: 200000
Hits: 197183
Misses: 2817
Hit rate: 98.59%
Migrations: 2753
NVM reads: 2815
NVM writes: 2
Weighted access cost: 230359.00
Policy decisions: 2753
Total decision time: 8.630226s
Avg decision time: 3.134844 ms
Candidate filter decisions: 2753
Candidate B_t range: 32..32
Retained K_t range: 16..16
Avg candidate filter time: 0.212251 ms
ended_unix=1785076145.0412073
exit_code=0
