command=/home/likc/.conda/envs/capd/bin/python3 qmap/qmap_eval.py --config /home/likc/Q-former-for-OS/dataset/jsonl/capd_post_stage6_optimization/opt_B32_K16/streamcluster_pressure/resolved_config.json --selector_params /home/likc/Q-former-for-OS/dataset/jsonl/capd_post_stage6_optimization/opt_B32_K16/streamcluster_pressure/selector_params.json --evaluation_split valid --policy qmap --checkpoint /home/likc/Q-former-for-OS/outputs/checkpoints/capd_post_stage6_optimization/o2/streamcluster_pressure/opt_B32_K16/seed_3136859/qmap_epoch_1.pth --json_output /home/likc/Q-former-for-OS/outputs/results/capd_post_stage6_optimization/raw/o2/streamcluster_pressure/opt_B32_K16/seed_3136859/epoch_1.json
started_unix=1785076119.5104084
Policy: qmap
Total accesses: 200000
Hits: 197109
Misses: 2891
Hit rate: 98.55%
Migrations: 2827
NVM reads: 2889
NVM writes: 2
Weighted access cost: 231173.00
Policy decisions: 2827
Total decision time: 9.011673s
Avg decision time: 3.187716 ms
Candidate filter decisions: 2827
Candidate B_t range: 32..32
Retained K_t range: 16..16
Avg candidate filter time: 0.215693 ms
ended_unix=1785076132.4692602
exit_code=0
