command=/home/likc/.conda/envs/capd/bin/python3 qmap/qmap_eval.py --config /home/likc/Q-former-for-OS/dataset/jsonl/capd_post_stage6_optimization/opt_B32/streamcluster_pressure/resolved_config.json --selector_params /home/likc/Q-former-for-OS/dataset/jsonl/capd_post_stage6_optimization/opt_B32/streamcluster_pressure/selector_params.json --evaluation_split valid --policy qmap --checkpoint /home/likc/Q-former-for-OS/outputs/checkpoints/capd_post_stage6_optimization/o2/streamcluster_pressure/opt_B32/seed_3136859/qmap_epoch_9.pth --json_output /home/likc/Q-former-for-OS/outputs/results/capd_post_stage6_optimization/raw/o2/streamcluster_pressure/opt_B32/seed_3136859/epoch_9.json
started_unix=1785075420.285863
Policy: qmap
Total accesses: 200000
Hits: 197195
Misses: 2805
Hit rate: 98.60%
Migrations: 2741
NVM reads: 2803
NVM writes: 2
Weighted access cost: 230227.00
Policy decisions: 2741
Total decision time: 8.647691s
Avg decision time: 3.154940 ms
Candidate filter decisions: 2741
Candidate B_t range: 32..32
Retained K_t range: 8..8
Avg candidate filter time: 0.216251 ms
ended_unix=1785075432.9866123
exit_code=0
