QMAP training configuration:
  train_data path: dataset/jsonl/qmap_qformer_k_sweep_writeheavy/train.jsonl
  number of training samples: 4079
  batch_size: 32
  epochs: 20
  learning rate: 0.0001
  weight decay: 0.0
  device: cuda
  ablation: full
  qformer: use=True queries=1 layers=1 heads=2 dropout=0.0
  loss weights: inactivity=1.0 coldness=1.0 write_sensitivity=4.0 migration_cost=2.0
Epoch [1/20] iter=1 loss=-0.785439
Epoch [1/20] iter=100 loss=-0.829965
Epoch [1/20] avg_loss=-0.811903
Saved checkpoint: outputs/checkpoints/qmap_qformer_k_sweep_writeheavy/k1/qmap_epoch_1.pth
Epoch [2/20] iter=129 loss=-0.835485
Epoch [2/20] iter=200 loss=-0.840991
Epoch [2/20] avg_loss=-0.844853
Saved checkpoint: outputs/checkpoints/qmap_qformer_k_sweep_writeheavy/k1/qmap_epoch_2.pth
Epoch [3/20] iter=257 loss=-0.890410
Epoch [3/20] iter=300 loss=-0.926302
Epoch [3/20] avg_loss=-0.923116
Saved checkpoint: outputs/checkpoints/qmap_qformer_k_sweep_writeheavy/k1/qmap_epoch_3.pth
Epoch [4/20] iter=385 loss=-0.934018
Epoch [4/20] iter=400 loss=-0.936229
Epoch [4/20] iter=500 loss=-0.938134
Epoch [4/20] avg_loss=-0.936200
Saved checkpoint: outputs/checkpoints/qmap_qformer_k_sweep_writeheavy/k1/qmap_epoch_4.pth
Epoch [5/20] iter=513 loss=-0.942090
Epoch [5/20] iter=600 loss=-0.942356
Epoch [5/20] avg_loss=-0.940307
Saved checkpoint: outputs/checkpoints/qmap_qformer_k_sweep_writeheavy/k1/qmap_epoch_5.pth
Epoch [6/20] iter=641 loss=-0.943818
Epoch [6/20] iter=700 loss=-0.947080
Epoch [6/20] avg_loss=-0.944156
Saved checkpoint: outputs/checkpoints/qmap_qformer_k_sweep_writeheavy/k1/qmap_epoch_6.pth
Epoch [7/20] iter=769 loss=-0.945365
Epoch [7/20] iter=800 loss=-0.948421
Epoch [7/20] avg_loss=-0.946974
Saved checkpoint: outputs/checkpoints/qmap_qformer_k_sweep_writeheavy/k1/qmap_epoch_7.pth
Epoch [8/20] iter=897 loss=-0.950499
Epoch [8/20] iter=900 loss=-0.948022
Epoch [8/20] iter=1000 loss=-0.950353
Epoch [8/20] avg_loss=-0.948287
Saved checkpoint: outputs/checkpoints/qmap_qformer_k_sweep_writeheavy/k1/qmap_epoch_8.pth
Epoch [9/20] iter=1025 loss=-0.949487
Epoch [9/20] iter=1100 loss=-0.951343
Epoch [9/20] avg_loss=-0.949153
Saved checkpoint: outputs/checkpoints/qmap_qformer_k_sweep_writeheavy/k1/qmap_epoch_9.pth
Epoch [10/20] iter=1153 loss=-0.951440
Epoch [10/20] iter=1200 loss=-0.953566
Epoch [10/20] avg_loss=-0.949805
Saved checkpoint: outputs/checkpoints/qmap_qformer_k_sweep_writeheavy/k1/qmap_epoch_10.pth
Epoch [11/20] iter=1281 loss=-0.920803
Epoch [11/20] iter=1300 loss=-0.952746
Epoch [11/20] iter=1400 loss=-0.950780
Epoch [11/20] avg_loss=-0.950342
Saved checkpoint: outputs/checkpoints/qmap_qformer_k_sweep_writeheavy/k1/qmap_epoch_11.pth
Epoch [12/20] iter=1409 loss=-0.951730
Epoch [12/20] iter=1500 loss=-0.952680
Epoch [12/20] avg_loss=-0.950769
Saved checkpoint: outputs/checkpoints/qmap_qformer_k_sweep_writeheavy/k1/qmap_epoch_12.pth
Epoch [13/20] iter=1537 loss=-0.953115
Epoch [13/20] iter=1600 loss=-0.953352
Epoch [13/20] avg_loss=-0.951168
Saved checkpoint: outputs/checkpoints/qmap_qformer_k_sweep_writeheavy/k1/qmap_epoch_13.pth
Epoch [14/20] iter=1665 loss=-0.952824
Epoch [14/20] iter=1700 loss=-0.953146
Epoch [14/20] avg_loss=-0.951545
Saved checkpoint: outputs/checkpoints/qmap_qformer_k_sweep_writeheavy/k1/qmap_epoch_14.pth
Epoch [15/20] iter=1793 loss=-0.952673
Epoch [15/20] iter=1800 loss=-0.953355
Epoch [15/20] iter=1900 loss=-0.953683
Epoch [15/20] avg_loss=-0.951862
Saved checkpoint: outputs/checkpoints/qmap_qformer_k_sweep_writeheavy/k1/qmap_epoch_15.pth
Epoch [16/20] iter=1921 loss=-0.954008
Epoch [16/20] iter=2000 loss=-0.954376
Epoch [16/20] avg_loss=-0.952183
Saved checkpoint: outputs/checkpoints/qmap_qformer_k_sweep_writeheavy/k1/qmap_epoch_16.pth
Epoch [17/20] iter=2049 loss=-0.953947
Epoch [17/20] iter=2100 loss=-0.952068
Epoch [17/20] avg_loss=-0.952519
Saved checkpoint: outputs/checkpoints/qmap_qformer_k_sweep_writeheavy/k1/qmap_epoch_17.pth
Epoch [18/20] iter=2177 loss=-0.953652
Epoch [18/20] iter=2200 loss=-0.956240
Epoch [18/20] iter=2300 loss=-0.955810
Epoch [18/20] avg_loss=-0.952835
Saved checkpoint: outputs/checkpoints/qmap_qformer_k_sweep_writeheavy/k1/qmap_epoch_18.pth
Epoch [19/20] iter=2305 loss=-0.955081
Epoch [19/20] iter=2400 loss=-0.955877
Epoch [19/20] avg_loss=-0.953128
Saved checkpoint: outputs/checkpoints/qmap_qformer_k_sweep_writeheavy/k1/qmap_epoch_19.pth
Epoch [20/20] iter=2433 loss=-0.925975
Epoch [20/20] iter=2500 loss=-0.954220
Epoch [20/20] avg_loss=-0.953411
Saved checkpoint: outputs/checkpoints/qmap_qformer_k_sweep_writeheavy/k1/qmap_epoch_20.pth
Training finished.
/home/tingkun/miniconda3/envs/qmap/lib/python3.7/site-packages/torch/nn/modules/module.py:1433: UserWarning: Positional args are being deprecated, use kwargs instead. Refer to https://pytorch.org/docs/master/generated/torch.nn.Module.html#torch.nn.Module.state_dict for details.
  "Positional args are being deprecated, use kwargs instead. Refer to "
