QMAP training configuration:
  train_data path: /home/tingkun/lcs/cache_replacement/dataset/jsonl/hotset_train.jsonl
  number of training samples: 1645
  batch_size: 32
  epochs: 10
  learning rate: 0.0001
  device: cuda
Epoch [1/10] iter=1 loss=-0.809294
Epoch [1/10] avg_loss=-0.804310
Saved checkpoint: /home/tingkun/lcs/cache_replacement/outputs/checkpoints/workload_suite/hotset/qmap_epoch_1.pth
Epoch [2/10] iter=53 loss=-0.815140
Epoch [2/10] iter=100 loss=-0.819547
Epoch [2/10] avg_loss=-0.810706
Saved checkpoint: /home/tingkun/lcs/cache_replacement/outputs/checkpoints/workload_suite/hotset/qmap_epoch_2.pth
Epoch [3/10] iter=105 loss=-0.797101
Epoch [3/10] avg_loss=-0.815399
Saved checkpoint: /home/tingkun/lcs/cache_replacement/outputs/checkpoints/workload_suite/hotset/qmap_epoch_3.pth
Epoch [4/10] iter=157 loss=-0.828002
Epoch [4/10] iter=200 loss=-0.875314
Epoch [4/10] avg_loss=-0.861504
Saved checkpoint: /home/tingkun/lcs/cache_replacement/outputs/checkpoints/workload_suite/hotset/qmap_epoch_4.pth
Epoch [5/10] iter=209 loss=-0.857331
Epoch [5/10] avg_loss=-0.918925
Saved checkpoint: /home/tingkun/lcs/cache_replacement/outputs/checkpoints/workload_suite/hotset/qmap_epoch_5.pth
Epoch [6/10] iter=261 loss=-0.936085
Epoch [6/10] iter=300 loss=-0.942870
Epoch [6/10] avg_loss=-0.931556
Saved checkpoint: /home/tingkun/lcs/cache_replacement/outputs/checkpoints/workload_suite/hotset/qmap_epoch_6.pth
Epoch [7/10] iter=313 loss=-0.944307
Epoch [7/10] avg_loss=-0.937732
Saved checkpoint: /home/tingkun/lcs/cache_replacement/outputs/checkpoints/workload_suite/hotset/qmap_epoch_7.pth
Epoch [8/10] iter=365 loss=-0.949356
Epoch [8/10] iter=400 loss=-0.951973
Epoch [8/10] avg_loss=-0.941439
Saved checkpoint: /home/tingkun/lcs/cache_replacement/outputs/checkpoints/workload_suite/hotset/qmap_epoch_8.pth
Epoch [9/10] iter=417 loss=-0.922704
Epoch [9/10] avg_loss=-0.943647
Saved checkpoint: /home/tingkun/lcs/cache_replacement/outputs/checkpoints/workload_suite/hotset/qmap_epoch_9.pth
Epoch [10/10] iter=469 loss=-0.954350
Epoch [10/10] iter=500 loss=-0.925418
Epoch [10/10] avg_loss=-0.945796
Saved checkpoint: /home/tingkun/lcs/cache_replacement/outputs/checkpoints/workload_suite/hotset/qmap_epoch_10.pth
Training finished.
/home/tingkun/miniconda3/envs/qmap/lib/python3.7/site-packages/torch/nn/modules/module.py:1433: UserWarning: Positional args are being deprecated, use kwargs instead. Refer to https://pytorch.org/docs/master/generated/torch.nn.Module.html#torch.nn.Module.state_dict for details.
  "Positional args are being deprecated, use kwargs instead. Refer to "
