QMAP training configuration:
  train_data path: /home/tingkun/lcs/cache_replacement/dataset/jsonl/phasechange_train.jsonl
  number of training samples: 5750
  batch_size: 32
  epochs: 10
  learning rate: 0.0001
  device: cuda
Epoch [1/10] iter=1 loss=-0.730853
Epoch [1/10] iter=100 loss=-0.789224
Epoch [1/10] avg_loss=-0.774541
Saved checkpoint: /home/tingkun/lcs/cache_replacement/outputs/checkpoints/workload_suite/phasechange/qmap_epoch_1.pth
Epoch [2/10] iter=181 loss=-0.811395
Epoch [2/10] iter=200 loss=-0.816123
Epoch [2/10] iter=300 loss=-0.900192
Epoch [2/10] avg_loss=-0.873635
Saved checkpoint: /home/tingkun/lcs/cache_replacement/outputs/checkpoints/workload_suite/phasechange/qmap_epoch_2.pth
Epoch [3/10] iter=361 loss=-0.910571
Epoch [3/10] iter=400 loss=-0.909233
Epoch [3/10] iter=500 loss=-0.915600
Epoch [3/10] avg_loss=-0.913763
Saved checkpoint: /home/tingkun/lcs/cache_replacement/outputs/checkpoints/workload_suite/phasechange/qmap_epoch_3.pth
Epoch [4/10] iter=541 loss=-0.920683
Epoch [4/10] iter=600 loss=-0.921926
Epoch [4/10] iter=700 loss=-0.924850
Epoch [4/10] avg_loss=-0.922175
Saved checkpoint: /home/tingkun/lcs/cache_replacement/outputs/checkpoints/workload_suite/phasechange/qmap_epoch_4.pth
Epoch [5/10] iter=721 loss=-0.923660
Epoch [5/10] iter=800 loss=-0.925013
Epoch [5/10] iter=900 loss=-0.930039
Epoch [5/10] avg_loss=-0.928440
Saved checkpoint: /home/tingkun/lcs/cache_replacement/outputs/checkpoints/workload_suite/phasechange/qmap_epoch_5.pth
Epoch [6/10] iter=901 loss=-0.931180
Epoch [6/10] iter=1000 loss=-0.933693
Epoch [6/10] avg_loss=-0.933880
Saved checkpoint: /home/tingkun/lcs/cache_replacement/outputs/checkpoints/workload_suite/phasechange/qmap_epoch_6.pth
Epoch [7/10] iter=1081 loss=-0.933748
Epoch [7/10] iter=1100 loss=-0.936744
Epoch [7/10] iter=1200 loss=-0.938184
Epoch [7/10] avg_loss=-0.937456
Saved checkpoint: /home/tingkun/lcs/cache_replacement/outputs/checkpoints/workload_suite/phasechange/qmap_epoch_7.pth
Epoch [8/10] iter=1261 loss=-0.937973
Epoch [8/10] iter=1300 loss=-0.938404
Epoch [8/10] iter=1400 loss=-0.941349
Epoch [8/10] avg_loss=-0.939641
Saved checkpoint: /home/tingkun/lcs/cache_replacement/outputs/checkpoints/workload_suite/phasechange/qmap_epoch_8.pth
Epoch [9/10] iter=1441 loss=-0.939125
Epoch [9/10] iter=1500 loss=-0.941478
Epoch [9/10] iter=1600 loss=-0.940352
Epoch [9/10] avg_loss=-0.941196
Saved checkpoint: /home/tingkun/lcs/cache_replacement/outputs/checkpoints/workload_suite/phasechange/qmap_epoch_9.pth
Epoch [10/10] iter=1621 loss=-0.942312
Epoch [10/10] iter=1700 loss=-0.942107
Epoch [10/10] iter=1800 loss=-0.943536
Epoch [10/10] avg_loss=-0.942309
Saved checkpoint: /home/tingkun/lcs/cache_replacement/outputs/checkpoints/workload_suite/phasechange/qmap_epoch_10.pth
Training finished.
/home/tingkun/miniconda3/envs/qmap/lib/python3.7/site-packages/torch/nn/modules/module.py:1433: UserWarning: Positional args are being deprecated, use kwargs instead. Refer to https://pytorch.org/docs/master/generated/torch.nn.Module.html#torch.nn.Module.state_dict for details.
  "Positional args are being deprecated, use kwargs instead. Refer to "
