QMAP training configuration:
  train_data path: /home/tingkun/lcs/cache_replacement/dataset/jsonl/writeheavy_train.jsonl
  number of training samples: 4079
  batch_size: 32
  epochs: 10
  learning rate: 0.0001
  device: cuda
Epoch [1/10] iter=1 loss=-0.781607
Epoch [1/10] iter=100 loss=-0.829396
Epoch [1/10] avg_loss=-0.805449
Saved checkpoint: /home/tingkun/lcs/cache_replacement/outputs/checkpoints/workload_suite/writeheavy/qmap_epoch_1.pth
Epoch [2/10] iter=129 loss=-0.834051
Epoch [2/10] iter=200 loss=-0.843589
Epoch [2/10] avg_loss=-0.851962
Saved checkpoint: /home/tingkun/lcs/cache_replacement/outputs/checkpoints/workload_suite/writeheavy/qmap_epoch_2.pth
Epoch [3/10] iter=257 loss=-0.906995
Epoch [3/10] iter=300 loss=-0.916640
Epoch [3/10] avg_loss=-0.917068
Saved checkpoint: /home/tingkun/lcs/cache_replacement/outputs/checkpoints/workload_suite/writeheavy/qmap_epoch_3.pth
Epoch [4/10] iter=385 loss=-0.925789
Epoch [4/10] iter=400 loss=-0.927159
Epoch [4/10] iter=500 loss=-0.936282
Epoch [4/10] avg_loss=-0.929649
Saved checkpoint: /home/tingkun/lcs/cache_replacement/outputs/checkpoints/workload_suite/writeheavy/qmap_epoch_4.pth
Epoch [5/10] iter=513 loss=-0.936007
Epoch [5/10] iter=600 loss=-0.939508
Epoch [5/10] avg_loss=-0.935397
Saved checkpoint: /home/tingkun/lcs/cache_replacement/outputs/checkpoints/workload_suite/writeheavy/qmap_epoch_5.pth
Epoch [6/10] iter=641 loss=-0.937909
Epoch [6/10] iter=700 loss=-0.913150
Epoch [6/10] avg_loss=-0.939450
Saved checkpoint: /home/tingkun/lcs/cache_replacement/outputs/checkpoints/workload_suite/writeheavy/qmap_epoch_6.pth
Epoch [7/10] iter=769 loss=-0.942236
Epoch [7/10] iter=800 loss=-0.943017
Epoch [7/10] avg_loss=-0.943078
Saved checkpoint: /home/tingkun/lcs/cache_replacement/outputs/checkpoints/workload_suite/writeheavy/qmap_epoch_7.pth
Epoch [8/10] iter=897 loss=-0.946894
Epoch [8/10] iter=900 loss=-0.946602
Epoch [8/10] iter=1000 loss=-0.948227
Epoch [8/10] avg_loss=-0.946245
Saved checkpoint: /home/tingkun/lcs/cache_replacement/outputs/checkpoints/workload_suite/writeheavy/qmap_epoch_8.pth
Epoch [9/10] iter=1025 loss=-0.949398
Epoch [9/10] iter=1100 loss=-0.950388
Epoch [9/10] avg_loss=-0.947719
Saved checkpoint: /home/tingkun/lcs/cache_replacement/outputs/checkpoints/workload_suite/writeheavy/qmap_epoch_9.pth
Epoch [10/10] iter=1153 loss=-0.952058
Epoch [10/10] iter=1200 loss=-0.950701
Epoch [10/10] avg_loss=-0.948991
Saved checkpoint: /home/tingkun/lcs/cache_replacement/outputs/checkpoints/workload_suite/writeheavy/qmap_epoch_10.pth
Training finished.
/home/tingkun/miniconda3/envs/qmap/lib/python3.7/site-packages/torch/nn/modules/module.py:1433: UserWarning: Positional args are being deprecated, use kwargs instead. Refer to https://pytorch.org/docs/master/generated/torch.nn.Module.html#torch.nn.Module.state_dict for details.
  "Positional args are being deprecated, use kwargs instead. Refer to "
