command=/home/likc/.conda/envs/capd/bin/python3 qmap/qmap_eval.py --config /home/likc/Q-former-for-OS/dataset/jsonl/capd_post_stage6_optimization/opt_B32_K16_L512/streamcluster_pressure/resolved_config.json --selector_params /home/likc/Q-former-for-OS/dataset/jsonl/capd_post_stage6_optimization/opt_B32_K16_L512/streamcluster_pressure/selector_params.json --evaluation_split valid --policy qmap --checkpoint /home/likc/Q-former-for-OS/outputs/checkpoints/capd_post_stage6_optimization/o3/streamcluster_pressure/opt_B32_K16_L512/seed_42/qmap_epoch_1.pth --json_output /home/likc/Q-former-for-OS/outputs/results/capd_post_stage6_optimization/raw/o3/streamcluster_pressure/opt_B32_K16_L512/seed_42/epoch_1.json
started_unix=1785078661.659838
Policy: qmap
Total accesses: 200000
Hits: 197183
Misses: 2817
Hit rate: 98.59%
Migrations: 2753
NVM reads: 2815
NVM writes: 2
Weighted access cost: 230359.00
Policy decisions: 2753
Total decision time: 8.690940s
Avg decision time: 3.156898 ms
Candidate filter decisions: 2753
Candidate B_t range: 32..32
Retained K_t range: 16..16
Avg candidate filter time: 0.210532 ms
ended_unix=1785078674.2997346
exit_code=0
