QMAP training configuration:
  train_data path: dataset/jsonl/qmap_ablation/writeheavy/no_qformer.jsonl
  number of training samples: 4079
  batch_size: 32
  epochs: 10
  learning rate: 0.0001
  device: cuda
  ablation: no_qformer
Epoch [1/10] iter=1 loss=-0.786007
Epoch [1/10] iter=100 loss=-0.828938
Epoch [1/10] avg_loss=-0.805746
Saved checkpoint: outputs/checkpoints/qmap_ablation/writeheavy/no_qformer/qmap_epoch_1.pth
Epoch [2/10] iter=129 loss=-0.829367
Epoch [2/10] iter=200 loss=-0.839615
Epoch [2/10] avg_loss=-0.845756
Saved checkpoint: outputs/checkpoints/qmap_ablation/writeheavy/no_qformer/qmap_epoch_2.pth
Epoch [3/10] iter=257 loss=-0.891402
Epoch [3/10] iter=300 loss=-0.911791
Epoch [3/10] avg_loss=-0.914233
Saved checkpoint: outputs/checkpoints/qmap_ablation/writeheavy/no_qformer/qmap_epoch_3.pth
Epoch [4/10] iter=385 loss=-0.901452
Epoch [4/10] iter=400 loss=-0.901745
Epoch [4/10] iter=500 loss=-0.935857
Epoch [4/10] avg_loss=-0.932152
Saved checkpoint: outputs/checkpoints/qmap_ablation/writeheavy/no_qformer/qmap_epoch_4.pth
Epoch [5/10] iter=513 loss=-0.933714
Epoch [5/10] iter=600 loss=-0.942764
Epoch [5/10] avg_loss=-0.938939
Saved checkpoint: outputs/checkpoints/qmap_ablation/writeheavy/no_qformer/qmap_epoch_5.pth
Epoch [6/10] iter=641 loss=-0.942704
Epoch [6/10] iter=700 loss=-0.944144
Epoch [6/10] avg_loss=-0.943567
Saved checkpoint: outputs/checkpoints/qmap_ablation/writeheavy/no_qformer/qmap_epoch_6.pth
Epoch [7/10] iter=769 loss=-0.946403
Epoch [7/10] iter=800 loss=-0.948427
Epoch [7/10] avg_loss=-0.946231
Saved checkpoint: outputs/checkpoints/qmap_ablation/writeheavy/no_qformer/qmap_epoch_7.pth
Epoch [8/10] iter=897 loss=-0.950416
Epoch [8/10] iter=900 loss=-0.947383
Epoch [8/10] iter=1000 loss=-0.947761
Epoch [8/10] avg_loss=-0.947875
Saved checkpoint: outputs/checkpoints/qmap_ablation/writeheavy/no_qformer/qmap_epoch_8.pth
Epoch [9/10] iter=1025 loss=-0.949100
Epoch [9/10] iter=1100 loss=-0.950512
Epoch [9/10] avg_loss=-0.948973
Saved checkpoint: outputs/checkpoints/qmap_ablation/writeheavy/no_qformer/qmap_epoch_9.pth
Epoch [10/10] iter=1153 loss=-0.952182
Epoch [10/10] iter=1200 loss=-0.950597
Epoch [10/10] avg_loss=-0.949745
Saved checkpoint: outputs/checkpoints/qmap_ablation/writeheavy/no_qformer/qmap_epoch_10.pth
Training finished.
/home/tingkun/miniconda3/envs/qmap/lib/python3.7/site-packages/torch/nn/modules/module.py:1433: UserWarning: Positional args are being deprecated, use kwargs instead. Refer to https://pytorch.org/docs/master/generated/torch.nn.Module.html#torch.nn.Module.state_dict for details.
  "Positional args are being deprecated, use kwargs instead. Refer to "
