QMAP training: train=/home/likc/Q-former-for-OS/outputs/capd_proactive_stage4_stage7/stage4-stage7-unified-r1/datasets/4c085004fc9b77a5c87e/all_train.jsonl valid=/home/likc/Q-former-for-OS/outputs/capd_proactive_stage4_stage7/stage4-stage7-unified-r1/datasets/4c085004fc9b77a5c87e/all_validation.jsonl samples=89651/14469 device=cuda
epoch=1/8 iter=1 loss=-0.546379
epoch=1/8 iter=100 loss=-0.693032
epoch=1/8 iter=200 loss=-0.758792
epoch=1/8 iter=300 loss=-0.839065
epoch=1/8 iter=400 loss=-0.664928
epoch=1/8 iter=500 loss=-0.721739
epoch=1/8 iter=600 loss=-0.758639
epoch=1/8 iter=700 loss=-0.778451
epoch=1/8 iter=800 loss=-0.661860
epoch=1/8 iter=900 loss=-0.855012
epoch=1/8 iter=1000 loss=-0.820136
epoch=1/8 iter=1100 loss=-0.710822
epoch=1/8 iter=1200 loss=-0.936426
epoch=1/8 iter=1300 loss=-0.757579
epoch=1/8 iter=1400 loss=-0.657183
epoch=1/8 iter=1500 loss=-0.685775
epoch=1/8 iter=1600 loss=-0.865691
epoch=1/8 iter=1700 loss=-0.888119
epoch=1/8 iter=1800 loss=-0.887442
epoch=1/8 iter=1900 loss=-0.815130
epoch=1/8 iter=2000 loss=-0.898255
epoch=1/8 iter=2100 loss=-0.879544
epoch=1/8 iter=2200 loss=-0.883042
epoch=1/8 iter=2300 loss=-0.847565
epoch=1/8 iter=2400 loss=-0.724576
epoch=1/8 iter=2500 loss=-0.786122
epoch=1/8 iter=2600 loss=-0.773062
epoch=1/8 iter=2700 loss=-0.824595
epoch=1/8 iter=2800 loss=-0.848604
epoch=1/8 train_loss=-0.760025 valid_loss=-0.921872
/home/likc/.conda/envs/capd/lib/python3.7/site-packages/torch/nn/modules/module.py:1433: UserWarning: Positional args are being deprecated, use kwargs instead. Refer to https://pytorch.org/docs/master/generated/torch.nn.Module.html#torch.nn.Module.state_dict for details.
  "Positional args are being deprecated, use kwargs instead. Refer to "
epoch=2/8 iter=2900 loss=-0.864101
epoch=2/8 iter=3000 loss=-0.821803
epoch=2/8 iter=3100 loss=-0.780738
epoch=2/8 iter=3200 loss=-0.834344
epoch=2/8 iter=3300 loss=-0.667575
epoch=2/8 iter=3400 loss=-0.884171
epoch=2/8 iter=3500 loss=-0.792895
epoch=2/8 iter=3600 loss=-0.820772
epoch=2/8 iter=3700 loss=-0.786780
epoch=2/8 iter=3800 loss=-0.677036
epoch=2/8 iter=3900 loss=-0.848349
epoch=2/8 iter=4000 loss=-0.768889
epoch=2/8 iter=4100 loss=-0.898499
epoch=2/8 iter=4200 loss=-0.700313
epoch=2/8 iter=4300 loss=-0.759646
epoch=2/8 iter=4400 loss=-0.685164
epoch=2/8 iter=4500 loss=-0.766005
epoch=2/8 iter=4600 loss=-0.857533
epoch=2/8 iter=4700 loss=-0.839017
epoch=2/8 iter=4800 loss=-0.830725
epoch=2/8 iter=4900 loss=-0.856055
epoch=2/8 iter=5000 loss=-0.789289
epoch=2/8 iter=5100 loss=-0.764196
epoch=2/8 iter=5200 loss=-0.699605
epoch=2/8 iter=5300 loss=-0.788489
epoch=2/8 iter=5400 loss=-0.795180
epoch=2/8 iter=5500 loss=-0.770039
epoch=2/8 iter=5600 loss=-0.846853
epoch=2/8 train_loss=-0.784571 valid_loss=-0.924090
/home/likc/.conda/envs/capd/lib/python3.7/site-packages/torch/nn/modules/module.py:1433: UserWarning: Positional args are being deprecated, use kwargs instead. Refer to https://pytorch.org/docs/master/generated/torch.nn.Module.html#torch.nn.Module.state_dict for details.
  "Positional args are being deprecated, use kwargs instead. Refer to "
epoch=3/8 iter=5700 loss=-0.635389
epoch=3/8 iter=5800 loss=-0.784394
epoch=3/8 iter=5900 loss=-0.718869
epoch=3/8 iter=6000 loss=-0.745494
epoch=3/8 iter=6100 loss=-0.785445
epoch=3/8 iter=6200 loss=-0.832554
epoch=3/8 iter=6300 loss=-0.915739
epoch=3/8 iter=6400 loss=-0.786679
epoch=3/8 iter=6500 loss=-0.694436
epoch=3/8 iter=6600 loss=-0.665720
epoch=3/8 iter=6700 loss=-0.761827
epoch=3/8 iter=6800 loss=-0.886533
epoch=3/8 iter=6900 loss=-0.788847
epoch=3/8 iter=7000 loss=-0.711278
epoch=3/8 iter=7100 loss=-0.753242
epoch=3/8 iter=7200 loss=-0.799835
epoch=3/8 iter=7300 loss=-0.766546
epoch=3/8 iter=7400 loss=-0.798677
epoch=3/8 iter=7500 loss=-0.841838
epoch=3/8 iter=7600 loss=-0.815054
epoch=3/8 iter=7700 loss=-0.837176
epoch=3/8 iter=7800 loss=-0.824915
epoch=3/8 iter=7900 loss=-0.699879
epoch=3/8 iter=8000 loss=-0.788880
epoch=3/8 iter=8100 loss=-0.789645
epoch=3/8 iter=8200 loss=-0.765633
epoch=3/8 iter=8300 loss=-0.758377
epoch=3/8 iter=8400 loss=-0.654199
epoch=3/8 train_loss=-0.787485 valid_loss=-0.924835
/home/likc/.conda/envs/capd/lib/python3.7/site-packages/torch/nn/modules/module.py:1433: UserWarning: Positional args are being deprecated, use kwargs instead. Refer to https://pytorch.org/docs/master/generated/torch.nn.Module.html#torch.nn.Module.state_dict for details.
  "Positional args are being deprecated, use kwargs instead. Refer to "
epoch=4/8 iter=8500 loss=-0.696248
epoch=4/8 iter=8600 loss=-0.853720
epoch=4/8 iter=8700 loss=-0.736091
epoch=4/8 iter=8800 loss=-0.861561
epoch=4/8 iter=8900 loss=-0.784712
epoch=4/8 iter=9000 loss=-0.859263
epoch=4/8 iter=9100 loss=-0.885386
epoch=4/8 iter=9200 loss=-0.786229
epoch=4/8 iter=9300 loss=-0.814536
epoch=4/8 iter=9400 loss=-0.704654
epoch=4/8 iter=9500 loss=-0.856580
epoch=4/8 iter=9600 loss=-0.813946
epoch=4/8 iter=9700 loss=-0.667019
epoch=4/8 iter=9800 loss=-0.770984
epoch=4/8 iter=9900 loss=-0.833098
epoch=4/8 iter=10000 loss=-0.852248
epoch=4/8 iter=10100 loss=-0.818684
epoch=4/8 iter=10200 loss=-0.821994
epoch=4/8 iter=10300 loss=-0.732082
epoch=4/8 iter=10400 loss=-0.797593
epoch=4/8 iter=10500 loss=-0.672354
epoch=4/8 iter=10600 loss=-0.845866
epoch=4/8 iter=10700 loss=-0.797589
epoch=4/8 iter=10800 loss=-0.822828
epoch=4/8 iter=10900 loss=-0.786438
epoch=4/8 iter=11000 loss=-0.780653
epoch=4/8 iter=11100 loss=-0.822378
epoch=4/8 iter=11200 loss=-0.756554
epoch=4/8 train_loss=-0.788899 valid_loss=-0.926345
/home/likc/.conda/envs/capd/lib/python3.7/site-packages/torch/nn/modules/module.py:1433: UserWarning: Positional args are being deprecated, use kwargs instead. Refer to https://pytorch.org/docs/master/generated/torch.nn.Module.html#torch.nn.Module.state_dict for details.
  "Positional args are being deprecated, use kwargs instead. Refer to "
epoch=5/8 iter=11300 loss=-0.803257
epoch=5/8 iter=11400 loss=-0.724091
epoch=5/8 iter=11500 loss=-0.620525
epoch=5/8 iter=11600 loss=-0.810013
epoch=5/8 iter=11700 loss=-0.765985
epoch=5/8 iter=11800 loss=-0.734608
epoch=5/8 iter=11900 loss=-0.872504
epoch=5/8 iter=12000 loss=-0.734021
epoch=5/8 iter=12100 loss=-0.845417
epoch=5/8 iter=12200 loss=-0.827572
epoch=5/8 iter=12300 loss=-0.821813
epoch=5/8 iter=12400 loss=-0.832118
epoch=5/8 iter=12500 loss=-0.693432
epoch=5/8 iter=12600 loss=-0.717621
epoch=5/8 iter=12700 loss=-0.891526
epoch=5/8 iter=12800 loss=-0.878971
epoch=5/8 iter=12900 loss=-0.803385
epoch=5/8 iter=13000 loss=-0.766684
epoch=5/8 iter=13100 loss=-0.680807
epoch=5/8 iter=13200 loss=-0.659768
epoch=5/8 iter=13300 loss=-0.859247
epoch=5/8 iter=13400 loss=-0.799307
epoch=5/8 iter=13500 loss=-0.825777
epoch=5/8 iter=13600 loss=-0.691187
epoch=5/8 iter=13700 loss=-0.827585
epoch=5/8 iter=13800 loss=-0.798522
epoch=5/8 iter=13900 loss=-0.838364
epoch=5/8 iter=14000 loss=-0.697539
epoch=5/8 train_loss=-0.790787 valid_loss=-0.928027
/home/likc/.conda/envs/capd/lib/python3.7/site-packages/torch/nn/modules/module.py:1433: UserWarning: Positional args are being deprecated, use kwargs instead. Refer to https://pytorch.org/docs/master/generated/torch.nn.Module.html#torch.nn.Module.state_dict for details.
  "Positional args are being deprecated, use kwargs instead. Refer to "
epoch=6/8 iter=14100 loss=-0.718588
epoch=6/8 iter=14200 loss=-0.855231
epoch=6/8 iter=14300 loss=-0.790590
epoch=6/8 iter=14400 loss=-0.795425
epoch=6/8 iter=14500 loss=-0.811103
epoch=6/8 iter=14600 loss=-0.786481
epoch=6/8 iter=14700 loss=-0.733885
epoch=6/8 iter=14800 loss=-0.782409
epoch=6/8 iter=14900 loss=-0.816796
epoch=6/8 iter=15000 loss=-0.801156
epoch=6/8 iter=15100 loss=-0.823972
epoch=6/8 iter=15200 loss=-0.765288
epoch=6/8 iter=15300 loss=-0.802367
epoch=6/8 iter=15400 loss=-0.825619
epoch=6/8 iter=15500 loss=-0.789316
epoch=6/8 iter=15600 loss=-0.869548
epoch=6/8 iter=15700 loss=-0.867756
epoch=6/8 iter=15800 loss=-0.881565
epoch=6/8 iter=15900 loss=-0.836210
epoch=6/8 iter=16000 loss=-0.736105
epoch=6/8 iter=16100 loss=-0.712617
epoch=6/8 iter=16200 loss=-0.724252
epoch=6/8 iter=16300 loss=-0.706110
epoch=6/8 iter=16400 loss=-0.859275
epoch=6/8 iter=16500 loss=-0.830440
epoch=6/8 iter=16600 loss=-0.771053
epoch=6/8 iter=16700 loss=-0.755759
epoch=6/8 iter=16800 loss=-0.861073
epoch=6/8 train_loss=-0.791650 valid_loss=-0.928064
/home/likc/.conda/envs/capd/lib/python3.7/site-packages/torch/nn/modules/module.py:1433: UserWarning: Positional args are being deprecated, use kwargs instead. Refer to https://pytorch.org/docs/master/generated/torch.nn.Module.html#torch.nn.Module.state_dict for details.
  "Positional args are being deprecated, use kwargs instead. Refer to "
epoch=7/8 iter=16900 loss=-0.852575
epoch=7/8 iter=17000 loss=-0.859562
epoch=7/8 iter=17100 loss=-0.857323
epoch=7/8 iter=17200 loss=-0.793190
epoch=7/8 iter=17300 loss=-0.817861
epoch=7/8 iter=17400 loss=-0.844240
epoch=7/8 iter=17500 loss=-0.817632
epoch=7/8 iter=17600 loss=-0.760747
epoch=7/8 iter=17700 loss=-0.793027
epoch=7/8 iter=17800 loss=-0.865774
epoch=7/8 iter=17900 loss=-0.855826
epoch=7/8 iter=18000 loss=-0.676291
epoch=7/8 iter=18100 loss=-0.763398
epoch=7/8 iter=18200 loss=-0.757160
epoch=7/8 iter=18300 loss=-0.795773
epoch=7/8 iter=18400 loss=-0.707039
epoch=7/8 iter=18500 loss=-0.821803
epoch=7/8 iter=18600 loss=-0.887932
epoch=7/8 iter=18700 loss=-0.768166
epoch=7/8 iter=18800 loss=-0.740353
epoch=7/8 iter=18900 loss=-0.730453
epoch=7/8 iter=19000 loss=-0.848966
epoch=7/8 iter=19100 loss=-0.756369
epoch=7/8 iter=19200 loss=-0.849365
epoch=7/8 iter=19300 loss=-0.771760
epoch=7/8 iter=19400 loss=-0.725280
epoch=7/8 iter=19500 loss=-0.691533
epoch=7/8 iter=19600 loss=-0.767157
epoch=7/8 train_loss=-0.792153 valid_loss=-0.929253
/home/likc/.conda/envs/capd/lib/python3.7/site-packages/torch/nn/modules/module.py:1433: UserWarning: Positional args are being deprecated, use kwargs instead. Refer to https://pytorch.org/docs/master/generated/torch.nn.Module.html#torch.nn.Module.state_dict for details.
  "Positional args are being deprecated, use kwargs instead. Refer to "
epoch=8/8 iter=19700 loss=-0.821239
epoch=8/8 iter=19800 loss=-0.858813
epoch=8/8 iter=19900 loss=-0.828555
epoch=8/8 iter=20000 loss=-0.790548
epoch=8/8 iter=20100 loss=-0.768136
epoch=8/8 iter=20200 loss=-0.764754
epoch=8/8 iter=20300 loss=-0.804205
epoch=8/8 iter=20400 loss=-0.768935
epoch=8/8 iter=20500 loss=-0.731011
epoch=8/8 iter=20600 loss=-0.796911
epoch=8/8 iter=20700 loss=-0.837788
epoch=8/8 iter=20800 loss=-0.836383
epoch=8/8 iter=20900 loss=-0.847600
epoch=8/8 iter=21000 loss=-0.794063
epoch=8/8 iter=21100 loss=-0.857323
epoch=8/8 iter=21200 loss=-0.886483
epoch=8/8 iter=21300 loss=-0.789166
epoch=8/8 iter=21400 loss=-0.826924
epoch=8/8 iter=21500 loss=-0.798264
epoch=8/8 iter=21600 loss=-0.736695
epoch=8/8 iter=21700 loss=-0.699196
epoch=8/8 iter=21800 loss=-0.737544
epoch=8/8 iter=21900 loss=-0.793810
epoch=8/8 iter=22000 loss=-0.833463
epoch=8/8 iter=22100 loss=-0.838684
epoch=8/8 iter=22200 loss=-0.830312
epoch=8/8 iter=22300 loss=-0.832965
epoch=8/8 iter=22400 loss=-0.866908
epoch=8/8 train_loss=-0.792596 valid_loss=-0.930135
Training finished. best=/home/likc/Q-former-for-OS/outputs/capd_proactive_stage4_stage7/stage4-stage7-unified-r2/checkpoints/sem-H10/seed_42/qmap_best.pth last=/home/likc/Q-former-for-OS/outputs/capd_proactive_stage4_stage7/stage4-stage7-unified-r2/checkpoints/sem-H10/seed_42/qmap_last.pth
/home/likc/.conda/envs/capd/lib/python3.7/site-packages/torch/nn/modules/module.py:1433: UserWarning: Positional args are being deprecated, use kwargs instead. Refer to https://pytorch.org/docs/master/generated/torch.nn.Module.html#torch.nn.Module.state_dict for details.
  "Positional args are being deprecated, use kwargs instead. Refer to "
