QMAP training: train=/home/likc/Q-former-for-OS/outputs/capd_proactive_stage4_stage7/stage4-stage7-unified-r1/datasets/f9d2e67f7e48ec7763f0/all_train.jsonl valid=/home/likc/Q-former-for-OS/outputs/capd_proactive_stage4_stage7/stage4-stage7-unified-r1/datasets/f9d2e67f7e48ec7763f0/all_validation.jsonl samples=89668/14475 device=cuda
epoch=1/8 iter=1 loss=-0.595120
epoch=1/8 iter=100 loss=-0.668298
epoch=1/8 iter=200 loss=-0.742563
epoch=1/8 iter=300 loss=-0.652707
epoch=1/8 iter=400 loss=-0.632407
epoch=1/8 iter=500 loss=-0.826487
epoch=1/8 iter=600 loss=-0.678320
epoch=1/8 iter=700 loss=-0.676145
epoch=1/8 iter=800 loss=-0.685477
epoch=1/8 iter=900 loss=-0.850149
epoch=1/8 iter=1000 loss=-0.691513
epoch=1/8 iter=1100 loss=-0.660596
epoch=1/8 iter=1200 loss=-0.721264
epoch=1/8 iter=1300 loss=-0.787700
epoch=1/8 iter=1400 loss=-0.849181
epoch=1/8 iter=1500 loss=-0.811383
epoch=1/8 iter=1600 loss=-0.876940
epoch=1/8 iter=1700 loss=-0.672808
epoch=1/8 iter=1800 loss=-0.815687
epoch=1/8 iter=1900 loss=-0.778310
epoch=1/8 iter=2000 loss=-0.822626
epoch=1/8 iter=2100 loss=-0.660399
epoch=1/8 iter=2200 loss=-0.723066
epoch=1/8 iter=2300 loss=-0.811010
epoch=1/8 iter=2400 loss=-0.821675
epoch=1/8 iter=2500 loss=-0.764042
epoch=1/8 iter=2600 loss=-0.697899
epoch=1/8 iter=2700 loss=-0.726516
epoch=1/8 iter=2800 loss=-0.789120
epoch=1/8 train_loss=-0.763166 valid_loss=-0.923877
/home/likc/.conda/envs/capd/lib/python3.7/site-packages/torch/nn/modules/module.py:1433: UserWarning: Positional args are being deprecated, use kwargs instead. Refer to https://pytorch.org/docs/master/generated/torch.nn.Module.html#torch.nn.Module.state_dict for details.
  "Positional args are being deprecated, use kwargs instead. Refer to "
epoch=2/8 iter=2900 loss=-0.806450
epoch=2/8 iter=3000 loss=-0.879229
epoch=2/8 iter=3100 loss=-0.814204
epoch=2/8 iter=3200 loss=-0.816720
epoch=2/8 iter=3300 loss=-0.733930
epoch=2/8 iter=3400 loss=-0.786502
epoch=2/8 iter=3500 loss=-0.734343
epoch=2/8 iter=3600 loss=-0.789227
epoch=2/8 iter=3700 loss=-0.796174
epoch=2/8 iter=3800 loss=-0.884025
epoch=2/8 iter=3900 loss=-0.882905
epoch=2/8 iter=4000 loss=-0.894136
epoch=2/8 iter=4100 loss=-0.855491
epoch=2/8 iter=4200 loss=-0.808535
epoch=2/8 iter=4300 loss=-0.700206
epoch=2/8 iter=4400 loss=-0.793386
epoch=2/8 iter=4500 loss=-0.847632
epoch=2/8 iter=4600 loss=-0.863603
epoch=2/8 iter=4700 loss=-0.731992
epoch=2/8 iter=4800 loss=-0.766665
epoch=2/8 iter=4900 loss=-0.812240
epoch=2/8 iter=5000 loss=-0.760732
epoch=2/8 iter=5100 loss=-0.736112
epoch=2/8 iter=5200 loss=-0.823609
epoch=2/8 iter=5300 loss=-0.816768
epoch=2/8 iter=5400 loss=-0.797434
epoch=2/8 iter=5500 loss=-0.851285
epoch=2/8 iter=5600 loss=-0.818352
epoch=2/8 train_loss=-0.783752 valid_loss=-0.926722
/home/likc/.conda/envs/capd/lib/python3.7/site-packages/torch/nn/modules/module.py:1433: UserWarning: Positional args are being deprecated, use kwargs instead. Refer to https://pytorch.org/docs/master/generated/torch.nn.Module.html#torch.nn.Module.state_dict for details.
  "Positional args are being deprecated, use kwargs instead. Refer to "
epoch=3/8 iter=5700 loss=-0.793305
epoch=3/8 iter=5800 loss=-0.819113
epoch=3/8 iter=5900 loss=-0.877948
epoch=3/8 iter=6000 loss=-0.851791
epoch=3/8 iter=6100 loss=-0.797657
epoch=3/8 iter=6200 loss=-0.733631
epoch=3/8 iter=6300 loss=-0.774351
epoch=3/8 iter=6400 loss=-0.694017
epoch=3/8 iter=6500 loss=-0.786563
epoch=3/8 iter=6600 loss=-0.701265
epoch=3/8 iter=6700 loss=-0.849874
epoch=3/8 iter=6800 loss=-0.798297
epoch=3/8 iter=6900 loss=-0.845119
epoch=3/8 iter=7000 loss=-0.788405
epoch=3/8 iter=7100 loss=-0.949225
epoch=3/8 iter=7200 loss=-0.711290
epoch=3/8 iter=7300 loss=-0.801321
epoch=3/8 iter=7400 loss=-0.768662
epoch=3/8 iter=7500 loss=-0.648101
epoch=3/8 iter=7600 loss=-0.883555
epoch=3/8 iter=7700 loss=-0.889349
epoch=3/8 iter=7800 loss=-0.761992
epoch=3/8 iter=7900 loss=-0.818111
epoch=3/8 iter=8000 loss=-0.778301
epoch=3/8 iter=8100 loss=-0.920346
epoch=3/8 iter=8200 loss=-0.701912
epoch=3/8 iter=8300 loss=-0.832429
epoch=3/8 iter=8400 loss=-0.789648
epoch=3/8 train_loss=-0.786764 valid_loss=-0.928750
/home/likc/.conda/envs/capd/lib/python3.7/site-packages/torch/nn/modules/module.py:1433: UserWarning: Positional args are being deprecated, use kwargs instead. Refer to https://pytorch.org/docs/master/generated/torch.nn.Module.html#torch.nn.Module.state_dict for details.
  "Positional args are being deprecated, use kwargs instead. Refer to "
epoch=4/8 iter=8500 loss=-0.733343
epoch=4/8 iter=8600 loss=-0.796840
epoch=4/8 iter=8700 loss=-0.736737
epoch=4/8 iter=8800 loss=-0.764146
epoch=4/8 iter=8900 loss=-0.846210
epoch=4/8 iter=9000 loss=-0.886440
epoch=4/8 iter=9100 loss=-0.799760
epoch=4/8 iter=9200 loss=-0.875133
epoch=4/8 iter=9300 loss=-0.824643
epoch=4/8 iter=9400 loss=-0.700847
epoch=4/8 iter=9500 loss=-0.886750
epoch=4/8 iter=9600 loss=-0.859811
epoch=4/8 iter=9700 loss=-0.764339
epoch=4/8 iter=9800 loss=-0.881208
epoch=4/8 iter=9900 loss=-0.705826
epoch=4/8 iter=10000 loss=-0.841281
epoch=4/8 iter=10100 loss=-0.917508
epoch=4/8 iter=10200 loss=-0.860064
epoch=4/8 iter=10300 loss=-0.795662
epoch=4/8 iter=10400 loss=-0.794210
epoch=4/8 iter=10500 loss=-0.759645
epoch=4/8 iter=10600 loss=-0.798369
epoch=4/8 iter=10700 loss=-0.828905
epoch=4/8 iter=10800 loss=-0.707195
epoch=4/8 iter=10900 loss=-0.608286
epoch=4/8 iter=11000 loss=-0.722762
epoch=4/8 iter=11100 loss=-0.805429
epoch=4/8 iter=11200 loss=-0.863505
epoch=4/8 train_loss=-0.788165 valid_loss=-0.929002
/home/likc/.conda/envs/capd/lib/python3.7/site-packages/torch/nn/modules/module.py:1433: UserWarning: Positional args are being deprecated, use kwargs instead. Refer to https://pytorch.org/docs/master/generated/torch.nn.Module.html#torch.nn.Module.state_dict for details.
  "Positional args are being deprecated, use kwargs instead. Refer to "
epoch=5/8 iter=11300 loss=-0.912003
epoch=5/8 iter=11400 loss=-0.764492
epoch=5/8 iter=11500 loss=-0.798883
epoch=5/8 iter=11600 loss=-0.853490
epoch=5/8 iter=11700 loss=-0.824426
epoch=5/8 iter=11800 loss=-0.791624
epoch=5/8 iter=11900 loss=-0.854302
epoch=5/8 iter=12000 loss=-0.740866
epoch=5/8 iter=12100 loss=-0.800055
epoch=5/8 iter=12200 loss=-0.818089
epoch=5/8 iter=12300 loss=-0.824035
epoch=5/8 iter=12400 loss=-0.880501
epoch=5/8 iter=12500 loss=-0.725366
epoch=5/8 iter=12600 loss=-0.800817
epoch=5/8 iter=12700 loss=-0.925971
epoch=5/8 iter=12800 loss=-0.828965
epoch=5/8 iter=12900 loss=-0.783941
epoch=5/8 iter=13000 loss=-0.807611
epoch=5/8 iter=13100 loss=-0.611199
epoch=5/8 iter=13200 loss=-0.862551
epoch=5/8 iter=13300 loss=-0.742469
epoch=5/8 iter=13400 loss=-0.740768
epoch=5/8 iter=13500 loss=-0.649493
epoch=5/8 iter=13600 loss=-0.771862
epoch=5/8 iter=13700 loss=-0.703415
epoch=5/8 iter=13800 loss=-0.818123
epoch=5/8 iter=13900 loss=-0.730893
epoch=5/8 iter=14000 loss=-0.887395
epoch=5/8 train_loss=-0.789452 valid_loss=-0.928234
/home/likc/.conda/envs/capd/lib/python3.7/site-packages/torch/nn/modules/module.py:1433: UserWarning: Positional args are being deprecated, use kwargs instead. Refer to https://pytorch.org/docs/master/generated/torch.nn.Module.html#torch.nn.Module.state_dict for details.
  "Positional args are being deprecated, use kwargs instead. Refer to "
epoch=6/8 iter=14100 loss=-0.638168
epoch=6/8 iter=14200 loss=-0.822736
epoch=6/8 iter=14300 loss=-0.708188
epoch=6/8 iter=14400 loss=-0.822513
epoch=6/8 iter=14500 loss=-0.853430
epoch=6/8 iter=14600 loss=-0.889464
epoch=6/8 iter=14700 loss=-0.778463
epoch=6/8 iter=14800 loss=-0.827088
epoch=6/8 iter=14900 loss=-0.826287
epoch=6/8 iter=15000 loss=-0.865001
epoch=6/8 iter=15100 loss=-0.762260
epoch=6/8 iter=15200 loss=-0.802923
epoch=6/8 iter=15300 loss=-0.767774
epoch=6/8 iter=15400 loss=-0.899690
epoch=6/8 iter=15500 loss=-0.670513
epoch=6/8 iter=15600 loss=-0.851820
epoch=6/8 iter=15700 loss=-0.801818
epoch=6/8 iter=15800 loss=-0.762045
epoch=6/8 iter=15900 loss=-0.761692
epoch=6/8 iter=16000 loss=-0.785525
epoch=6/8 iter=16100 loss=-0.884407
epoch=6/8 iter=16200 loss=-0.699630
epoch=6/8 iter=16300 loss=-0.804676
epoch=6/8 iter=16400 loss=-0.856678
epoch=6/8 iter=16500 loss=-0.716466
epoch=6/8 iter=16600 loss=-0.793741
epoch=6/8 iter=16700 loss=-0.890982
epoch=6/8 iter=16800 loss=-0.722121
epoch=6/8 train_loss=-0.790380 valid_loss=-0.931656
/home/likc/.conda/envs/capd/lib/python3.7/site-packages/torch/nn/modules/module.py:1433: UserWarning: Positional args are being deprecated, use kwargs instead. Refer to https://pytorch.org/docs/master/generated/torch.nn.Module.html#torch.nn.Module.state_dict for details.
  "Positional args are being deprecated, use kwargs instead. Refer to "
epoch=7/8 iter=16900 loss=-0.680141
epoch=7/8 iter=17000 loss=-0.795682
epoch=7/8 iter=17100 loss=-0.704524
epoch=7/8 iter=17200 loss=-0.767236
epoch=7/8 iter=17300 loss=-0.699759
epoch=7/8 iter=17400 loss=-0.736938
epoch=7/8 iter=17500 loss=-0.792529
epoch=7/8 iter=17600 loss=-0.677247
epoch=7/8 iter=17700 loss=-0.852013
epoch=7/8 iter=17800 loss=-0.770279
epoch=7/8 iter=17900 loss=-0.821163
epoch=7/8 iter=18000 loss=-0.722075
epoch=7/8 iter=18100 loss=-0.863318
epoch=7/8 iter=18200 loss=-0.761996
epoch=7/8 iter=18300 loss=-0.736089
epoch=7/8 iter=18400 loss=-0.917808
epoch=7/8 iter=18500 loss=-0.831142
epoch=7/8 iter=18600 loss=-0.799329
epoch=7/8 iter=18700 loss=-0.884040
epoch=7/8 iter=18800 loss=-0.828766
epoch=7/8 iter=18900 loss=-0.702767
epoch=7/8 iter=19000 loss=-0.703510
epoch=7/8 iter=19100 loss=-0.677006
epoch=7/8 iter=19200 loss=-0.680624
epoch=7/8 iter=19300 loss=-0.837147
epoch=7/8 iter=19400 loss=-0.614877
epoch=7/8 iter=19500 loss=-0.768596
epoch=7/8 iter=19600 loss=-0.761548
epoch=7/8 train_loss=-0.791162 valid_loss=-0.933022
/home/likc/.conda/envs/capd/lib/python3.7/site-packages/torch/nn/modules/module.py:1433: UserWarning: Positional args are being deprecated, use kwargs instead. Refer to https://pytorch.org/docs/master/generated/torch.nn.Module.html#torch.nn.Module.state_dict for details.
  "Positional args are being deprecated, use kwargs instead. Refer to "
epoch=8/8 iter=19700 loss=-0.773535
epoch=8/8 iter=19800 loss=-0.799094
epoch=8/8 iter=19900 loss=-0.829213
epoch=8/8 iter=20000 loss=-0.852624
epoch=8/8 iter=20100 loss=-0.827291
epoch=8/8 iter=20200 loss=-0.755913
epoch=8/8 iter=20300 loss=-0.833548
epoch=8/8 iter=20400 loss=-0.739480
epoch=8/8 iter=20500 loss=-0.733401
epoch=8/8 iter=20600 loss=-0.800577
epoch=8/8 iter=20700 loss=-0.863576
epoch=8/8 iter=20800 loss=-0.796770
epoch=8/8 iter=20900 loss=-0.828562
epoch=8/8 iter=21000 loss=-0.815938
epoch=8/8 iter=21100 loss=-0.835741
epoch=8/8 iter=21200 loss=-0.834826
epoch=8/8 iter=21300 loss=-0.826854
epoch=8/8 iter=21400 loss=-0.648469
epoch=8/8 iter=21500 loss=-0.896771
epoch=8/8 iter=21600 loss=-0.702078
epoch=8/8 iter=21700 loss=-0.700193
epoch=8/8 iter=21800 loss=-0.746148
epoch=8/8 iter=21900 loss=-0.767747
epoch=8/8 iter=22000 loss=-0.803070
epoch=8/8 iter=22100 loss=-0.741526
epoch=8/8 iter=22200 loss=-0.733598
epoch=8/8 iter=22300 loss=-0.755574
epoch=8/8 iter=22400 loss=-0.774554
epoch=8/8 train_loss=-0.791855 valid_loss=-0.932669
Training finished. best=/home/likc/Q-former-for-OS/outputs/capd_proactive_stage4_stage7/stage4-stage7-unified-r2/checkpoints/sem-L128/seed_42/qmap_best.pth last=/home/likc/Q-former-for-OS/outputs/capd_proactive_stage4_stage7/stage4-stage7-unified-r2/checkpoints/sem-L128/seed_42/qmap_last.pth
/home/likc/.conda/envs/capd/lib/python3.7/site-packages/torch/nn/modules/module.py:1433: UserWarning: Positional args are being deprecated, use kwargs instead. Refer to https://pytorch.org/docs/master/generated/torch.nn.Module.html#torch.nn.Module.state_dict for details.
  "Positional args are being deprecated, use kwargs instead. Refer to "
