QMAP training: train=/home/likc/Q-former-for-OS/outputs/capd_proactive_stage4_stage7/stage4-stage7-unified-r1/datasets/da0dab0afec1945a70ef/all_train.jsonl valid=/home/likc/Q-former-for-OS/outputs/capd_proactive_stage4_stage7/stage4-stage7-unified-r1/datasets/da0dab0afec1945a70ef/all_validation.jsonl samples=89651/14469 device=cuda
epoch=1/12 iter=1 loss=-0.624461
epoch=1/12 iter=100 loss=-0.572773
epoch=1/12 iter=200 loss=-0.577490
epoch=1/12 iter=300 loss=-0.638103
epoch=1/12 iter=400 loss=-0.589472
epoch=1/12 iter=500 loss=-0.709489
epoch=1/12 iter=600 loss=-0.719194
epoch=1/12 iter=700 loss=-0.753717
epoch=1/12 iter=800 loss=-0.700167
epoch=1/12 iter=900 loss=-0.789852
epoch=1/12 iter=1000 loss=-0.760117
epoch=1/12 iter=1100 loss=-0.767972
epoch=1/12 iter=1200 loss=-0.709050
epoch=1/12 iter=1300 loss=-0.739072
epoch=1/12 iter=1400 loss=-0.769647
epoch=1/12 iter=1500 loss=-0.773152
epoch=1/12 iter=1600 loss=-0.635052
epoch=1/12 iter=1700 loss=-0.824651
epoch=1/12 iter=1800 loss=-0.670852
epoch=1/12 iter=1900 loss=-0.773161
epoch=1/12 iter=2000 loss=-0.688363
epoch=1/12 iter=2100 loss=-0.831501
epoch=1/12 iter=2200 loss=-0.762144
epoch=1/12 iter=2300 loss=-0.874983
epoch=1/12 iter=2400 loss=-0.706030
epoch=1/12 iter=2500 loss=-0.746452
epoch=1/12 iter=2600 loss=-0.852590
epoch=1/12 iter=2700 loss=-0.677019
epoch=1/12 iter=2800 loss=-0.727358
epoch=1/12 train_loss=-0.741015 valid_loss=-0.913383
/home/likc/.conda/envs/capd/lib/python3.7/site-packages/torch/nn/modules/module.py:1433: UserWarning: Positional args are being deprecated, use kwargs instead. Refer to https://pytorch.org/docs/master/generated/torch.nn.Module.html#torch.nn.Module.state_dict for details.
  "Positional args are being deprecated, use kwargs instead. Refer to "
epoch=2/12 iter=2900 loss=-0.813943
epoch=2/12 iter=3000 loss=-0.796505
epoch=2/12 iter=3100 loss=-0.717897
epoch=2/12 iter=3200 loss=-0.718455
epoch=2/12 iter=3300 loss=-0.834095
epoch=2/12 iter=3400 loss=-0.863405
epoch=2/12 iter=3500 loss=-0.785186
epoch=2/12 iter=3600 loss=-0.912186
epoch=2/12 iter=3700 loss=-0.711717
epoch=2/12 iter=3800 loss=-0.817372
epoch=2/12 iter=3900 loss=-0.723732
epoch=2/12 iter=4000 loss=-0.728893
epoch=2/12 iter=4100 loss=-0.796799
epoch=2/12 iter=4200 loss=-0.731791
epoch=2/12 iter=4300 loss=-0.843931
epoch=2/12 iter=4400 loss=-0.722523
epoch=2/12 iter=4500 loss=-0.729119
epoch=2/12 iter=4600 loss=-0.817302
epoch=2/12 iter=4700 loss=-0.858707
epoch=2/12 iter=4800 loss=-0.738818
epoch=2/12 iter=4900 loss=-0.765804
epoch=2/12 iter=5000 loss=-0.750756
epoch=2/12 iter=5100 loss=-0.885064
epoch=2/12 iter=5200 loss=-0.753012
epoch=2/12 iter=5300 loss=-0.820578
epoch=2/12 iter=5400 loss=-0.856049
epoch=2/12 iter=5500 loss=-0.897465
epoch=2/12 iter=5600 loss=-0.728260
epoch=2/12 train_loss=-0.777878 valid_loss=-0.921414
/home/likc/.conda/envs/capd/lib/python3.7/site-packages/torch/nn/modules/module.py:1433: UserWarning: Positional args are being deprecated, use kwargs instead. Refer to https://pytorch.org/docs/master/generated/torch.nn.Module.html#torch.nn.Module.state_dict for details.
  "Positional args are being deprecated, use kwargs instead. Refer to "
epoch=3/12 iter=5700 loss=-0.668643
epoch=3/12 iter=5800 loss=-0.802076
epoch=3/12 iter=5900 loss=-0.797487
epoch=3/12 iter=6000 loss=-0.769651
epoch=3/12 iter=6100 loss=-0.658259
epoch=3/12 iter=6200 loss=-0.756296
epoch=3/12 iter=6300 loss=-0.885439
epoch=3/12 iter=6400 loss=-0.729814
epoch=3/12 iter=6500 loss=-0.756703
epoch=3/12 iter=6600 loss=-0.761775
epoch=3/12 iter=6700 loss=-0.882043
epoch=3/12 iter=6800 loss=-0.745032
epoch=3/12 iter=6900 loss=-0.847092
epoch=3/12 iter=7000 loss=-0.755598
epoch=3/12 iter=7100 loss=-0.840980
epoch=3/12 iter=7200 loss=-0.754359
epoch=3/12 iter=7300 loss=-0.751010
epoch=3/12 iter=7400 loss=-0.685059
epoch=3/12 iter=7500 loss=-0.817071
epoch=3/12 iter=7600 loss=-0.753449
epoch=3/12 iter=7700 loss=-0.876291
epoch=3/12 iter=7800 loss=-0.872783
epoch=3/12 iter=7900 loss=-0.779384
epoch=3/12 iter=8000 loss=-0.727607
epoch=3/12 iter=8100 loss=-0.818535
epoch=3/12 iter=8200 loss=-0.767257
epoch=3/12 iter=8300 loss=-0.776074
epoch=3/12 iter=8400 loss=-0.706624
epoch=3/12 train_loss=-0.784129 valid_loss=-0.926297
/home/likc/.conda/envs/capd/lib/python3.7/site-packages/torch/nn/modules/module.py:1433: UserWarning: Positional args are being deprecated, use kwargs instead. Refer to https://pytorch.org/docs/master/generated/torch.nn.Module.html#torch.nn.Module.state_dict for details.
  "Positional args are being deprecated, use kwargs instead. Refer to "
epoch=4/12 iter=8500 loss=-0.711824
epoch=4/12 iter=8600 loss=-0.796362
epoch=4/12 iter=8700 loss=-0.791958
epoch=4/12 iter=8800 loss=-0.846472
epoch=4/12 iter=8900 loss=-0.728254
epoch=4/12 iter=9000 loss=-0.749225
epoch=4/12 iter=9100 loss=-0.699447
epoch=4/12 iter=9200 loss=-0.862415
epoch=4/12 iter=9300 loss=-0.666945
epoch=4/12 iter=9400 loss=-0.765442
epoch=4/12 iter=9500 loss=-0.763566
epoch=4/12 iter=9600 loss=-0.734248
epoch=4/12 iter=9700 loss=-0.799580
epoch=4/12 iter=9800 loss=-0.804634
epoch=4/12 iter=9900 loss=-0.812012
epoch=4/12 iter=10000 loss=-0.913492
epoch=4/12 iter=10100 loss=-0.797738
epoch=4/12 iter=10200 loss=-0.750052
epoch=4/12 iter=10300 loss=-0.790147
epoch=4/12 iter=10400 loss=-0.792542
epoch=4/12 iter=10500 loss=-0.784621
epoch=4/12 iter=10600 loss=-0.796819
epoch=4/12 iter=10700 loss=-0.735180
epoch=4/12 iter=10800 loss=-0.739892
epoch=4/12 iter=10900 loss=-0.753070
epoch=4/12 iter=11000 loss=-0.824950
epoch=4/12 iter=11100 loss=-0.762374
epoch=4/12 iter=11200 loss=-0.862503
epoch=4/12 train_loss=-0.786901 valid_loss=-0.927716
/home/likc/.conda/envs/capd/lib/python3.7/site-packages/torch/nn/modules/module.py:1433: UserWarning: Positional args are being deprecated, use kwargs instead. Refer to https://pytorch.org/docs/master/generated/torch.nn.Module.html#torch.nn.Module.state_dict for details.
  "Positional args are being deprecated, use kwargs instead. Refer to "
epoch=5/12 iter=11300 loss=-0.710868
epoch=5/12 iter=11400 loss=-0.851357
epoch=5/12 iter=11500 loss=-0.786592
epoch=5/12 iter=11600 loss=-0.784035
epoch=5/12 iter=11700 loss=-0.765518
epoch=5/12 iter=11800 loss=-0.793039
epoch=5/12 iter=11900 loss=-0.802277
epoch=5/12 iter=12000 loss=-0.782388
epoch=5/12 iter=12100 loss=-0.880759
epoch=5/12 iter=12200 loss=-0.764448
epoch=5/12 iter=12300 loss=-0.939713
epoch=5/12 iter=12400 loss=-0.760645
epoch=5/12 iter=12500 loss=-0.709592
epoch=5/12 iter=12600 loss=-0.687403
epoch=5/12 iter=12700 loss=-0.803738
epoch=5/12 iter=12800 loss=-0.798415
epoch=5/12 iter=12900 loss=-0.787488
epoch=5/12 iter=13000 loss=-0.664910
epoch=5/12 iter=13100 loss=-0.714374
epoch=5/12 iter=13200 loss=-0.722818
epoch=5/12 iter=13300 loss=-0.903789
epoch=5/12 iter=13400 loss=-0.707695
epoch=5/12 iter=13500 loss=-0.700823
epoch=5/12 iter=13600 loss=-0.600089
epoch=5/12 iter=13700 loss=-0.854468
epoch=5/12 iter=13800 loss=-0.850736
epoch=5/12 iter=13900 loss=-0.902673
epoch=5/12 iter=14000 loss=-0.829776
epoch=5/12 train_loss=-0.788247 valid_loss=-0.928450
/home/likc/.conda/envs/capd/lib/python3.7/site-packages/torch/nn/modules/module.py:1433: UserWarning: Positional args are being deprecated, use kwargs instead. Refer to https://pytorch.org/docs/master/generated/torch.nn.Module.html#torch.nn.Module.state_dict for details.
  "Positional args are being deprecated, use kwargs instead. Refer to "
epoch=6/12 iter=14100 loss=-0.706912
epoch=6/12 iter=14200 loss=-0.824161
epoch=6/12 iter=14300 loss=-0.739805
epoch=6/12 iter=14400 loss=-0.820870
epoch=6/12 iter=14500 loss=-0.800310
epoch=6/12 iter=14600 loss=-0.770169
epoch=6/12 iter=14700 loss=-0.809641
epoch=6/12 iter=14800 loss=-0.790107
epoch=6/12 iter=14900 loss=-0.852682
epoch=6/12 iter=15000 loss=-0.871601
epoch=6/12 iter=15100 loss=-0.886744
epoch=6/12 iter=15200 loss=-0.756196
epoch=6/12 iter=15300 loss=-0.734646
epoch=6/12 iter=15400 loss=-0.820104
epoch=6/12 iter=15500 loss=-0.855048
epoch=6/12 iter=15600 loss=-0.822833
epoch=6/12 iter=15700 loss=-0.830796
epoch=6/12 iter=15800 loss=-0.820679
epoch=6/12 iter=15900 loss=-0.688266
epoch=6/12 iter=16000 loss=-0.795005
epoch=6/12 iter=16100 loss=-0.574934
epoch=6/12 iter=16200 loss=-0.759268
epoch=6/12 iter=16300 loss=-0.808511
epoch=6/12 iter=16400 loss=-0.813162
epoch=6/12 iter=16500 loss=-0.886917
epoch=6/12 iter=16600 loss=-0.669420
epoch=6/12 iter=16700 loss=-0.847928
epoch=6/12 iter=16800 loss=-0.787701
epoch=6/12 train_loss=-0.789055 valid_loss=-0.928381
/home/likc/.conda/envs/capd/lib/python3.7/site-packages/torch/nn/modules/module.py:1433: UserWarning: Positional args are being deprecated, use kwargs instead. Refer to https://pytorch.org/docs/master/generated/torch.nn.Module.html#torch.nn.Module.state_dict for details.
  "Positional args are being deprecated, use kwargs instead. Refer to "
epoch=7/12 iter=16900 loss=-0.819623
epoch=7/12 iter=17000 loss=-0.831571
epoch=7/12 iter=17100 loss=-0.810920
epoch=7/12 iter=17200 loss=-0.877387
epoch=7/12 iter=17300 loss=-0.726000
epoch=7/12 iter=17400 loss=-0.651724
epoch=7/12 iter=17500 loss=-0.691244
epoch=7/12 iter=17600 loss=-0.757213
epoch=7/12 iter=17700 loss=-0.881400
epoch=7/12 iter=17800 loss=-0.705903
epoch=7/12 iter=17900 loss=-0.884595
epoch=7/12 iter=18000 loss=-0.794872
epoch=7/12 iter=18100 loss=-0.736102
epoch=7/12 iter=18200 loss=-0.809772
epoch=7/12 iter=18300 loss=-0.818522
epoch=7/12 iter=18400 loss=-0.727192
epoch=7/12 iter=18500 loss=-0.760976
epoch=7/12 iter=18600 loss=-0.793712
epoch=7/12 iter=18700 loss=-0.891836
epoch=7/12 iter=18800 loss=-0.734814
epoch=7/12 iter=18900 loss=-0.798360
epoch=7/12 iter=19000 loss=-0.853821
epoch=7/12 iter=19100 loss=-0.663933
epoch=7/12 iter=19200 loss=-0.821967
epoch=7/12 iter=19300 loss=-0.814949
epoch=7/12 iter=19400 loss=-0.788135
epoch=7/12 iter=19500 loss=-0.789631
epoch=7/12 iter=19600 loss=-0.761597
epoch=7/12 train_loss=-0.789840 valid_loss=-0.929517
/home/likc/.conda/envs/capd/lib/python3.7/site-packages/torch/nn/modules/module.py:1433: UserWarning: Positional args are being deprecated, use kwargs instead. Refer to https://pytorch.org/docs/master/generated/torch.nn.Module.html#torch.nn.Module.state_dict for details.
  "Positional args are being deprecated, use kwargs instead. Refer to "
epoch=8/12 iter=19700 loss=-0.785237
epoch=8/12 iter=19800 loss=-0.733911
epoch=8/12 iter=19900 loss=-0.816270
epoch=8/12 iter=20000 loss=-0.795189
epoch=8/12 iter=20100 loss=-0.787624
epoch=8/12 iter=20200 loss=-0.787522
epoch=8/12 iter=20300 loss=-0.881629
epoch=8/12 iter=20400 loss=-0.884980
epoch=8/12 iter=20500 loss=-0.734968
epoch=8/12 iter=20600 loss=-0.653641
epoch=8/12 iter=20700 loss=-0.724042
epoch=8/12 iter=20800 loss=-0.862434
epoch=8/12 iter=20900 loss=-0.795969
epoch=8/12 iter=21000 loss=-0.886705
epoch=8/12 iter=21100 loss=-0.729774
epoch=8/12 iter=21200 loss=-0.713216
epoch=8/12 iter=21300 loss=-0.847505
epoch=8/12 iter=21400 loss=-0.857717
epoch=8/12 iter=21500 loss=-0.740659
epoch=8/12 iter=21600 loss=-0.792850
epoch=8/12 iter=21700 loss=-0.720985
epoch=8/12 iter=21800 loss=-0.847407
epoch=8/12 iter=21900 loss=-0.936585
epoch=8/12 iter=22000 loss=-0.759102
epoch=8/12 iter=22100 loss=-0.862540
epoch=8/12 iter=22200 loss=-0.756709
epoch=8/12 iter=22300 loss=-0.763247
epoch=8/12 iter=22400 loss=-0.826614
epoch=8/12 train_loss=-0.790700 valid_loss=-0.928074
/home/likc/.conda/envs/capd/lib/python3.7/site-packages/torch/nn/modules/module.py:1433: UserWarning: Positional args are being deprecated, use kwargs instead. Refer to https://pytorch.org/docs/master/generated/torch.nn.Module.html#torch.nn.Module.state_dict for details.
  "Positional args are being deprecated, use kwargs instead. Refer to "
epoch=9/12 iter=22500 loss=-0.794172
epoch=9/12 iter=22600 loss=-0.658089
epoch=9/12 iter=22700 loss=-0.771596
epoch=9/12 iter=22800 loss=-0.822990
epoch=9/12 iter=22900 loss=-0.858392
epoch=9/12 iter=23000 loss=-0.852009
epoch=9/12 iter=23100 loss=-0.811258
epoch=9/12 iter=23200 loss=-0.765231
epoch=9/12 iter=23300 loss=-0.789145
epoch=9/12 iter=23400 loss=-0.865787
epoch=9/12 iter=23500 loss=-0.912704
epoch=9/12 iter=23600 loss=-0.924729
epoch=9/12 iter=23700 loss=-0.846901
epoch=9/12 iter=23800 loss=-0.756366
epoch=9/12 iter=23900 loss=-0.757193
epoch=9/12 iter=24000 loss=-0.922079
epoch=9/12 iter=24100 loss=-0.699676
epoch=9/12 iter=24200 loss=-0.861790
epoch=9/12 iter=24300 loss=-0.732905
epoch=9/12 iter=24400 loss=-0.762611
epoch=9/12 iter=24500 loss=-0.789294
epoch=9/12 iter=24600 loss=-0.823173
epoch=9/12 iter=24700 loss=-0.942384
epoch=9/12 iter=24800 loss=-0.865914
epoch=9/12 iter=24900 loss=-0.858782
epoch=9/12 iter=25000 loss=-0.848922
epoch=9/12 iter=25100 loss=-0.726046
epoch=9/12 iter=25200 loss=-0.886357
epoch=9/12 train_loss=-0.791405 valid_loss=-0.930125
/home/likc/.conda/envs/capd/lib/python3.7/site-packages/torch/nn/modules/module.py:1433: UserWarning: Positional args are being deprecated, use kwargs instead. Refer to https://pytorch.org/docs/master/generated/torch.nn.Module.html#torch.nn.Module.state_dict for details.
  "Positional args are being deprecated, use kwargs instead. Refer to "
epoch=10/12 iter=25300 loss=-0.915694
epoch=10/12 iter=25400 loss=-0.842776
epoch=10/12 iter=25500 loss=-0.906552
epoch=10/12 iter=25600 loss=-0.763346
epoch=10/12 iter=25700 loss=-0.732083
epoch=10/12 iter=25800 loss=-0.835960
epoch=10/12 iter=25900 loss=-0.855194
epoch=10/12 iter=26000 loss=-0.827471
epoch=10/12 iter=26100 loss=-0.925533
epoch=10/12 iter=26200 loss=-0.835635
epoch=10/12 iter=26300 loss=-0.650704
epoch=10/12 iter=26400 loss=-0.830129
epoch=10/12 iter=26500 loss=-0.736294
epoch=10/12 iter=26600 loss=-0.867866
epoch=10/12 iter=26700 loss=-0.777986
epoch=10/12 iter=26800 loss=-0.905635
epoch=10/12 iter=26900 loss=-0.862932
epoch=10/12 iter=27000 loss=-0.820643
epoch=10/12 iter=27100 loss=-0.977338
epoch=10/12 iter=27200 loss=-0.664921
epoch=10/12 iter=27300 loss=-0.726300
epoch=10/12 iter=27400 loss=-0.842282
epoch=10/12 iter=27500 loss=-0.708340
epoch=10/12 iter=27600 loss=-0.799503
epoch=10/12 iter=27700 loss=-0.775815
epoch=10/12 iter=27800 loss=-0.828986
epoch=10/12 iter=27900 loss=-0.795901
epoch=10/12 iter=28000 loss=-0.879411
epoch=10/12 train_loss=-0.791918 valid_loss=-0.929840
/home/likc/.conda/envs/capd/lib/python3.7/site-packages/torch/nn/modules/module.py:1433: UserWarning: Positional args are being deprecated, use kwargs instead. Refer to https://pytorch.org/docs/master/generated/torch.nn.Module.html#torch.nn.Module.state_dict for details.
  "Positional args are being deprecated, use kwargs instead. Refer to "
epoch=11/12 iter=28100 loss=-0.673642
epoch=11/12 iter=28200 loss=-0.795840
epoch=11/12 iter=28300 loss=-0.845546
epoch=11/12 iter=28400 loss=-0.883817
epoch=11/12 iter=28500 loss=-0.814469
epoch=11/12 iter=28600 loss=-0.690435
epoch=11/12 iter=28700 loss=-0.764855
epoch=11/12 iter=28800 loss=-0.701976
epoch=11/12 iter=28900 loss=-0.884093
epoch=11/12 iter=29000 loss=-0.829809
epoch=11/12 iter=29100 loss=-0.864753
epoch=11/12 iter=29200 loss=-0.822238
epoch=11/12 iter=29300 loss=-0.635642
epoch=11/12 iter=29400 loss=-0.892878
epoch=11/12 iter=29500 loss=-0.701297
epoch=11/12 iter=29600 loss=-0.738575
epoch=11/12 iter=29700 loss=-0.753618
epoch=11/12 iter=29800 loss=-0.788990
epoch=11/12 iter=29900 loss=-0.857844
epoch=11/12 iter=30000 loss=-0.702466
epoch=11/12 iter=30100 loss=-0.768584
epoch=11/12 iter=30200 loss=-0.792456
epoch=11/12 iter=30300 loss=-0.764519
epoch=11/12 iter=30400 loss=-0.736311
epoch=11/12 iter=30500 loss=-0.889886
epoch=11/12 iter=30600 loss=-0.839598
epoch=11/12 iter=30700 loss=-0.730151
epoch=11/12 iter=30800 loss=-0.752663
epoch=11/12 train_loss=-0.792424 valid_loss=-0.931166
/home/likc/.conda/envs/capd/lib/python3.7/site-packages/torch/nn/modules/module.py:1433: UserWarning: Positional args are being deprecated, use kwargs instead. Refer to https://pytorch.org/docs/master/generated/torch.nn.Module.html#torch.nn.Module.state_dict for details.
  "Positional args are being deprecated, use kwargs instead. Refer to "
epoch=12/12 iter=30900 loss=-0.833666
epoch=12/12 iter=31000 loss=-0.786050
epoch=12/12 iter=31100 loss=-0.731225
epoch=12/12 iter=31200 loss=-0.758525
epoch=12/12 iter=31300 loss=-0.704596
epoch=12/12 iter=31400 loss=-0.797771
epoch=12/12 iter=31500 loss=-0.771332
epoch=12/12 iter=31600 loss=-0.826458
epoch=12/12 iter=31700 loss=-0.764856
epoch=12/12 iter=31800 loss=-0.746269
epoch=12/12 iter=31900 loss=-0.797147
epoch=12/12 iter=32000 loss=-0.875410
epoch=12/12 iter=32100 loss=-0.937312
epoch=12/12 iter=32200 loss=-0.821343
epoch=12/12 iter=32300 loss=-0.740642
epoch=12/12 iter=32400 loss=-0.848517
epoch=12/12 iter=32500 loss=-0.819721
epoch=12/12 iter=32600 loss=-0.667637
epoch=12/12 iter=32700 loss=-0.879167
epoch=12/12 iter=32800 loss=-0.795071
epoch=12/12 iter=32900 loss=-0.816776
epoch=12/12 iter=33000 loss=-0.819047
epoch=12/12 iter=33100 loss=-0.832930
epoch=12/12 iter=33200 loss=-0.879563
epoch=12/12 iter=33300 loss=-0.863367
epoch=12/12 iter=33400 loss=-0.759701
epoch=12/12 iter=33500 loss=-0.825439
epoch=12/12 iter=33600 loss=-0.780294
epoch=12/12 train_loss=-0.792915 valid_loss=-0.931276
Training finished. best=/home/likc/Q-former-for-OS/outputs/capd_proactive_stage4_stage7/stage4-stage7-unified-r2/checkpoints/opt-steady/seed_2026/qmap_best.pth last=/home/likc/Q-former-for-OS/outputs/capd_proactive_stage4_stage7/stage4-stage7-unified-r2/checkpoints/opt-steady/seed_2026/qmap_last.pth
/home/likc/.conda/envs/capd/lib/python3.7/site-packages/torch/nn/modules/module.py:1433: UserWarning: Positional args are being deprecated, use kwargs instead. Refer to https://pytorch.org/docs/master/generated/torch.nn.Module.html#torch.nn.Module.state_dict for details.
  "Positional args are being deprecated, use kwargs instead. Refer to "
