QMAP training: train=/home/likc/Q-former-for-OS/outputs/capd_proactive_stage4_stage7/stage4-stage7-unified-r1/datasets/da0dab0afec1945a70ef/all_train.jsonl valid=/home/likc/Q-former-for-OS/outputs/capd_proactive_stage4_stage7/stage4-stage7-unified-r1/datasets/da0dab0afec1945a70ef/all_validation.jsonl samples=89651/14469 device=cuda
epoch=1/8 iter=1 loss=-0.544596
epoch=1/8 iter=100 loss=-0.726599
epoch=1/8 iter=200 loss=-0.754176
epoch=1/8 iter=300 loss=-0.841109
epoch=1/8 iter=400 loss=-0.662357
epoch=1/8 iter=500 loss=-0.714704
epoch=1/8 iter=600 loss=-0.759166
epoch=1/8 iter=700 loss=-0.781842
epoch=1/8 iter=800 loss=-0.661289
epoch=1/8 iter=900 loss=-0.846760
epoch=1/8 iter=1000 loss=-0.818872
epoch=1/8 iter=1100 loss=-0.705428
epoch=1/8 iter=1200 loss=-0.934582
epoch=1/8 iter=1300 loss=-0.757455
epoch=1/8 iter=1400 loss=-0.655309
epoch=1/8 iter=1500 loss=-0.686811
epoch=1/8 iter=1600 loss=-0.869126
epoch=1/8 iter=1700 loss=-0.884697
epoch=1/8 iter=1800 loss=-0.892633
epoch=1/8 iter=1900 loss=-0.808082
epoch=1/8 iter=2000 loss=-0.893984
epoch=1/8 iter=2100 loss=-0.881651
epoch=1/8 iter=2200 loss=-0.890733
epoch=1/8 iter=2300 loss=-0.847447
epoch=1/8 iter=2400 loss=-0.720882
epoch=1/8 iter=2500 loss=-0.783337
epoch=1/8 iter=2600 loss=-0.773097
epoch=1/8 iter=2700 loss=-0.824133
epoch=1/8 iter=2800 loss=-0.844491
epoch=1/8 train_loss=-0.759794 valid_loss=-0.920551
/home/likc/.conda/envs/capd/lib/python3.7/site-packages/torch/nn/modules/module.py:1433: UserWarning: Positional args are being deprecated, use kwargs instead. Refer to https://pytorch.org/docs/master/generated/torch.nn.Module.html#torch.nn.Module.state_dict for details.
  "Positional args are being deprecated, use kwargs instead. Refer to "
epoch=2/8 iter=2900 loss=-0.863680
epoch=2/8 iter=3000 loss=-0.820923
epoch=2/8 iter=3100 loss=-0.775800
epoch=2/8 iter=3200 loss=-0.827965
epoch=2/8 iter=3300 loss=-0.661482
epoch=2/8 iter=3400 loss=-0.879756
epoch=2/8 iter=3500 loss=-0.786120
epoch=2/8 iter=3600 loss=-0.814608
epoch=2/8 iter=3700 loss=-0.784731
epoch=2/8 iter=3800 loss=-0.674105
epoch=2/8 iter=3900 loss=-0.855057
epoch=2/8 iter=4000 loss=-0.763973
epoch=2/8 iter=4100 loss=-0.900362
epoch=2/8 iter=4200 loss=-0.700170
epoch=2/8 iter=4300 loss=-0.759442
epoch=2/8 iter=4400 loss=-0.688623
epoch=2/8 iter=4500 loss=-0.767858
epoch=2/8 iter=4600 loss=-0.862063
epoch=2/8 iter=4700 loss=-0.834560
epoch=2/8 iter=4800 loss=-0.837320
epoch=2/8 iter=4900 loss=-0.861599
epoch=2/8 iter=5000 loss=-0.787594
epoch=2/8 iter=5100 loss=-0.766147
epoch=2/8 iter=5200 loss=-0.704206
epoch=2/8 iter=5300 loss=-0.789064
epoch=2/8 iter=5400 loss=-0.795524
epoch=2/8 iter=5500 loss=-0.776782
epoch=2/8 iter=5600 loss=-0.853880
epoch=2/8 train_loss=-0.784292 valid_loss=-0.928784
/home/likc/.conda/envs/capd/lib/python3.7/site-packages/torch/nn/modules/module.py:1433: UserWarning: Positional args are being deprecated, use kwargs instead. Refer to https://pytorch.org/docs/master/generated/torch.nn.Module.html#torch.nn.Module.state_dict for details.
  "Positional args are being deprecated, use kwargs instead. Refer to "
epoch=3/8 iter=5700 loss=-0.629558
epoch=3/8 iter=5800 loss=-0.788351
epoch=3/8 iter=5900 loss=-0.727721
epoch=3/8 iter=6000 loss=-0.748522
epoch=3/8 iter=6100 loss=-0.777614
epoch=3/8 iter=6200 loss=-0.837657
epoch=3/8 iter=6300 loss=-0.919389
epoch=3/8 iter=6400 loss=-0.791441
epoch=3/8 iter=6500 loss=-0.700727
epoch=3/8 iter=6600 loss=-0.665658
epoch=3/8 iter=6700 loss=-0.763852
epoch=3/8 iter=6800 loss=-0.884779
epoch=3/8 iter=6900 loss=-0.789202
epoch=3/8 iter=7000 loss=-0.712950
epoch=3/8 iter=7100 loss=-0.756657
epoch=3/8 iter=7200 loss=-0.798765
epoch=3/8 iter=7300 loss=-0.770064
epoch=3/8 iter=7400 loss=-0.799748
epoch=3/8 iter=7500 loss=-0.841281
epoch=3/8 iter=7600 loss=-0.827551
epoch=3/8 iter=7700 loss=-0.847588
epoch=3/8 iter=7800 loss=-0.824793
epoch=3/8 iter=7900 loss=-0.701160
epoch=3/8 iter=8000 loss=-0.794358
epoch=3/8 iter=8100 loss=-0.791870
epoch=3/8 iter=8200 loss=-0.772910
epoch=3/8 iter=8300 loss=-0.759049
epoch=3/8 iter=8400 loss=-0.658482
epoch=3/8 train_loss=-0.788984 valid_loss=-0.930058
/home/likc/.conda/envs/capd/lib/python3.7/site-packages/torch/nn/modules/module.py:1433: UserWarning: Positional args are being deprecated, use kwargs instead. Refer to https://pytorch.org/docs/master/generated/torch.nn.Module.html#torch.nn.Module.state_dict for details.
  "Positional args are being deprecated, use kwargs instead. Refer to "
epoch=4/8 iter=8500 loss=-0.697201
epoch=4/8 iter=8600 loss=-0.857506
epoch=4/8 iter=8700 loss=-0.736875
epoch=4/8 iter=8800 loss=-0.849357
epoch=4/8 iter=8900 loss=-0.786471
epoch=4/8 iter=9000 loss=-0.859363
epoch=4/8 iter=9100 loss=-0.882779
epoch=4/8 iter=9200 loss=-0.786164
epoch=4/8 iter=9300 loss=-0.815384
epoch=4/8 iter=9400 loss=-0.718561
epoch=4/8 iter=9500 loss=-0.851937
epoch=4/8 iter=9600 loss=-0.818095
epoch=4/8 iter=9700 loss=-0.673454
epoch=4/8 iter=9800 loss=-0.772490
epoch=4/8 iter=9900 loss=-0.838185
epoch=4/8 iter=10000 loss=-0.841152
epoch=4/8 iter=10100 loss=-0.821001
epoch=4/8 iter=10200 loss=-0.822865
epoch=4/8 iter=10300 loss=-0.724746
epoch=4/8 iter=10400 loss=-0.798012
epoch=4/8 iter=10500 loss=-0.674487
epoch=4/8 iter=10600 loss=-0.845494
epoch=4/8 iter=10700 loss=-0.799818
epoch=4/8 iter=10800 loss=-0.822638
epoch=4/8 iter=10900 loss=-0.792019
epoch=4/8 iter=11000 loss=-0.794880
epoch=4/8 iter=11100 loss=-0.834130
epoch=4/8 iter=11200 loss=-0.760619
epoch=4/8 train_loss=-0.790856 valid_loss=-0.930034
/home/likc/.conda/envs/capd/lib/python3.7/site-packages/torch/nn/modules/module.py:1433: UserWarning: Positional args are being deprecated, use kwargs instead. Refer to https://pytorch.org/docs/master/generated/torch.nn.Module.html#torch.nn.Module.state_dict for details.
  "Positional args are being deprecated, use kwargs instead. Refer to "
epoch=5/8 iter=11300 loss=-0.796412
epoch=5/8 iter=11400 loss=-0.730660
epoch=5/8 iter=11500 loss=-0.619830
epoch=5/8 iter=11600 loss=-0.809964
epoch=5/8 iter=11700 loss=-0.769999
epoch=5/8 iter=11800 loss=-0.736521
epoch=5/8 iter=11900 loss=-0.875090
epoch=5/8 iter=12000 loss=-0.731910
epoch=5/8 iter=12100 loss=-0.844371
epoch=5/8 iter=12200 loss=-0.825692
epoch=5/8 iter=12300 loss=-0.819911
epoch=5/8 iter=12400 loss=-0.830210
epoch=5/8 iter=12500 loss=-0.701363
epoch=5/8 iter=12600 loss=-0.727163
epoch=5/8 iter=12700 loss=-0.902291
epoch=5/8 iter=12800 loss=-0.878806
epoch=5/8 iter=12900 loss=-0.798282
epoch=5/8 iter=13000 loss=-0.767681
epoch=5/8 iter=13100 loss=-0.688203
epoch=5/8 iter=13200 loss=-0.658638
epoch=5/8 iter=13300 loss=-0.860458
epoch=5/8 iter=13400 loss=-0.802328
epoch=5/8 iter=13500 loss=-0.818280
epoch=5/8 iter=13600 loss=-0.687902
epoch=5/8 iter=13700 loss=-0.824916
epoch=5/8 iter=13800 loss=-0.793175
epoch=5/8 iter=13900 loss=-0.841538
epoch=5/8 iter=14000 loss=-0.699091
epoch=5/8 train_loss=-0.791872 valid_loss=-0.929583
/home/likc/.conda/envs/capd/lib/python3.7/site-packages/torch/nn/modules/module.py:1433: UserWarning: Positional args are being deprecated, use kwargs instead. Refer to https://pytorch.org/docs/master/generated/torch.nn.Module.html#torch.nn.Module.state_dict for details.
  "Positional args are being deprecated, use kwargs instead. Refer to "
epoch=6/8 iter=14100 loss=-0.724356
epoch=6/8 iter=14200 loss=-0.854321
epoch=6/8 iter=14300 loss=-0.782732
epoch=6/8 iter=14400 loss=-0.804386
epoch=6/8 iter=14500 loss=-0.812182
epoch=6/8 iter=14600 loss=-0.790877
epoch=6/8 iter=14700 loss=-0.739881
epoch=6/8 iter=14800 loss=-0.786481
epoch=6/8 iter=14900 loss=-0.827575
epoch=6/8 iter=15000 loss=-0.796205
epoch=6/8 iter=15100 loss=-0.825070
epoch=6/8 iter=15200 loss=-0.761141
epoch=6/8 iter=15300 loss=-0.802273
epoch=6/8 iter=15400 loss=-0.827401
epoch=6/8 iter=15500 loss=-0.795858
epoch=6/8 iter=15600 loss=-0.875971
epoch=6/8 iter=15700 loss=-0.869454
epoch=6/8 iter=15800 loss=-0.888809
epoch=6/8 iter=15900 loss=-0.836528
epoch=6/8 iter=16000 loss=-0.737397
epoch=6/8 iter=16100 loss=-0.710494
epoch=6/8 iter=16200 loss=-0.722194
epoch=6/8 iter=16300 loss=-0.700774
epoch=6/8 iter=16400 loss=-0.865183
epoch=6/8 iter=16500 loss=-0.832356
epoch=6/8 iter=16600 loss=-0.773113
epoch=6/8 iter=16700 loss=-0.748960
epoch=6/8 iter=16800 loss=-0.849309
epoch=6/8 train_loss=-0.792595 valid_loss=-0.927929
/home/likc/.conda/envs/capd/lib/python3.7/site-packages/torch/nn/modules/module.py:1433: UserWarning: Positional args are being deprecated, use kwargs instead. Refer to https://pytorch.org/docs/master/generated/torch.nn.Module.html#torch.nn.Module.state_dict for details.
  "Positional args are being deprecated, use kwargs instead. Refer to "
epoch=7/8 iter=16900 loss=-0.855756
epoch=7/8 iter=17000 loss=-0.855307
epoch=7/8 iter=17100 loss=-0.860344
epoch=7/8 iter=17200 loss=-0.795262
epoch=7/8 iter=17300 loss=-0.820011
epoch=7/8 iter=17400 loss=-0.853172
epoch=7/8 iter=17500 loss=-0.814226
epoch=7/8 iter=17600 loss=-0.763202
epoch=7/8 iter=17700 loss=-0.794296
epoch=7/8 iter=17800 loss=-0.854003
epoch=7/8 iter=17900 loss=-0.858605
epoch=7/8 iter=18000 loss=-0.677089
epoch=7/8 iter=18100 loss=-0.760395
epoch=7/8 iter=18200 loss=-0.753359
epoch=7/8 iter=18300 loss=-0.782948
epoch=7/8 iter=18400 loss=-0.699945
epoch=7/8 iter=18500 loss=-0.817423
epoch=7/8 iter=18600 loss=-0.890603
epoch=7/8 iter=18700 loss=-0.762098
epoch=7/8 iter=18800 loss=-0.739904
epoch=7/8 iter=18900 loss=-0.731074
epoch=7/8 iter=19000 loss=-0.856038
epoch=7/8 iter=19100 loss=-0.752000
epoch=7/8 iter=19200 loss=-0.857100
epoch=7/8 iter=19300 loss=-0.770613
epoch=7/8 iter=19400 loss=-0.727626
epoch=7/8 iter=19500 loss=-0.695600
epoch=7/8 iter=19600 loss=-0.766246
epoch=7/8 train_loss=-0.793441 valid_loss=-0.930308
/home/likc/.conda/envs/capd/lib/python3.7/site-packages/torch/nn/modules/module.py:1433: UserWarning: Positional args are being deprecated, use kwargs instead. Refer to https://pytorch.org/docs/master/generated/torch.nn.Module.html#torch.nn.Module.state_dict for details.
  "Positional args are being deprecated, use kwargs instead. Refer to "
epoch=8/8 iter=19700 loss=-0.824096
epoch=8/8 iter=19800 loss=-0.853789
epoch=8/8 iter=19900 loss=-0.829839
epoch=8/8 iter=20000 loss=-0.793812
epoch=8/8 iter=20100 loss=-0.768378
epoch=8/8 iter=20200 loss=-0.763693
epoch=8/8 iter=20300 loss=-0.801856
epoch=8/8 iter=20400 loss=-0.773726
epoch=8/8 iter=20500 loss=-0.730702
epoch=8/8 iter=20600 loss=-0.801010
epoch=8/8 iter=20700 loss=-0.849565
epoch=8/8 iter=20800 loss=-0.839166
epoch=8/8 iter=20900 loss=-0.853750
epoch=8/8 iter=21000 loss=-0.788365
epoch=8/8 iter=21100 loss=-0.865302
epoch=8/8 iter=21200 loss=-0.892201
epoch=8/8 iter=21300 loss=-0.795653
epoch=8/8 iter=21400 loss=-0.823108
epoch=8/8 iter=21500 loss=-0.801037
epoch=8/8 iter=21600 loss=-0.733446
epoch=8/8 iter=21700 loss=-0.703717
epoch=8/8 iter=21800 loss=-0.742330
epoch=8/8 iter=21900 loss=-0.800003
epoch=8/8 iter=22000 loss=-0.831446
epoch=8/8 iter=22100 loss=-0.846341
epoch=8/8 iter=22200 loss=-0.832674
epoch=8/8 iter=22300 loss=-0.834741
epoch=8/8 iter=22400 loss=-0.866012
epoch=8/8 train_loss=-0.794197 valid_loss=-0.931902
Training finished. best=/home/likc/Q-former-for-OS/outputs/capd_proactive_stage4_stage7/stage4-stage7-unified-r2/checkpoints/arch-balanced/seed_42/qmap_best.pth last=/home/likc/Q-former-for-OS/outputs/capd_proactive_stage4_stage7/stage4-stage7-unified-r2/checkpoints/arch-balanced/seed_42/qmap_last.pth
/home/likc/.conda/envs/capd/lib/python3.7/site-packages/torch/nn/modules/module.py:1433: UserWarning: Positional args are being deprecated, use kwargs instead. Refer to https://pytorch.org/docs/master/generated/torch.nn.Module.html#torch.nn.Module.state_dict for details.
  "Positional args are being deprecated, use kwargs instead. Refer to "
