QMAP training: train=/home/likc/Q-former-for-OS/outputs/capd_proactive_stage4_stage7/stage4-stage7-unified-r1/datasets/da0dab0afec1945a70ef/all_train.jsonl valid=/home/likc/Q-former-for-OS/outputs/capd_proactive_stage4_stage7/stage4-stage7-unified-r1/datasets/da0dab0afec1945a70ef/all_validation.jsonl samples=89651/14469 device=cuda
epoch=1/12 iter=1 loss=-0.592773
epoch=1/12 iter=100 loss=-0.633481
epoch=1/12 iter=200 loss=-0.713354
epoch=1/12 iter=300 loss=-0.644059
epoch=1/12 iter=400 loss=-0.614805
epoch=1/12 iter=500 loss=-0.725872
epoch=1/12 iter=600 loss=-0.691391
epoch=1/12 iter=700 loss=-0.800712
epoch=1/12 iter=800 loss=-0.694053
epoch=1/12 iter=900 loss=-0.836959
epoch=1/12 iter=1000 loss=-0.856080
epoch=1/12 iter=1100 loss=-0.759418
epoch=1/12 iter=1200 loss=-0.830870
epoch=1/12 iter=1300 loss=-0.813592
epoch=1/12 iter=1400 loss=-0.759107
epoch=1/12 iter=1500 loss=-0.849217
epoch=1/12 iter=1600 loss=-0.700664
epoch=1/12 iter=1700 loss=-0.718066
epoch=1/12 iter=1800 loss=-0.808584
epoch=1/12 iter=1900 loss=-0.870647
epoch=1/12 iter=2000 loss=-0.786278
epoch=1/12 iter=2100 loss=-0.759695
epoch=1/12 iter=2200 loss=-0.797608
epoch=1/12 iter=2300 loss=-0.693830
epoch=1/12 iter=2400 loss=-0.784442
epoch=1/12 iter=2500 loss=-0.801864
epoch=1/12 iter=2600 loss=-0.714935
epoch=1/12 iter=2700 loss=-0.749557
epoch=1/12 iter=2800 loss=-0.687955
epoch=1/12 train_loss=-0.739518 valid_loss=-0.913874
/home/likc/.conda/envs/capd/lib/python3.7/site-packages/torch/nn/modules/module.py:1433: UserWarning: Positional args are being deprecated, use kwargs instead. Refer to https://pytorch.org/docs/master/generated/torch.nn.Module.html#torch.nn.Module.state_dict for details.
  "Positional args are being deprecated, use kwargs instead. Refer to "
epoch=2/12 iter=2900 loss=-0.671978
epoch=2/12 iter=3000 loss=-0.799646
epoch=2/12 iter=3100 loss=-0.791171
epoch=2/12 iter=3200 loss=-0.813842
epoch=2/12 iter=3300 loss=-0.796095
epoch=2/12 iter=3400 loss=-0.745648
epoch=2/12 iter=3500 loss=-0.728162
epoch=2/12 iter=3600 loss=-0.778289
epoch=2/12 iter=3700 loss=-0.773929
epoch=2/12 iter=3800 loss=-0.724310
epoch=2/12 iter=3900 loss=-0.816285
epoch=2/12 iter=4000 loss=-0.794903
epoch=2/12 iter=4100 loss=-0.833418
epoch=2/12 iter=4200 loss=-0.659114
epoch=2/12 iter=4300 loss=-0.823338
epoch=2/12 iter=4400 loss=-0.770869
epoch=2/12 iter=4500 loss=-0.759220
epoch=2/12 iter=4600 loss=-0.688792
epoch=2/12 iter=4700 loss=-0.751394
epoch=2/12 iter=4800 loss=-0.748861
epoch=2/12 iter=4900 loss=-0.581319
epoch=2/12 iter=5000 loss=-0.849966
epoch=2/12 iter=5100 loss=-0.839043
epoch=2/12 iter=5200 loss=-0.716010
epoch=2/12 iter=5300 loss=-0.767869
epoch=2/12 iter=5400 loss=-0.786995
epoch=2/12 iter=5500 loss=-0.871393
epoch=2/12 iter=5600 loss=-0.754727
epoch=2/12 train_loss=-0.776149 valid_loss=-0.920508
/home/likc/.conda/envs/capd/lib/python3.7/site-packages/torch/nn/modules/module.py:1433: UserWarning: Positional args are being deprecated, use kwargs instead. Refer to https://pytorch.org/docs/master/generated/torch.nn.Module.html#torch.nn.Module.state_dict for details.
  "Positional args are being deprecated, use kwargs instead. Refer to "
epoch=3/12 iter=5700 loss=-0.632363
epoch=3/12 iter=5800 loss=-0.847810
epoch=3/12 iter=5900 loss=-0.684547
epoch=3/12 iter=6000 loss=-0.725660
epoch=3/12 iter=6100 loss=-0.660271
epoch=3/12 iter=6200 loss=-0.824235
epoch=3/12 iter=6300 loss=-0.760944
epoch=3/12 iter=6400 loss=-0.864092
epoch=3/12 iter=6500 loss=-0.866486
epoch=3/12 iter=6600 loss=-0.759105
epoch=3/12 iter=6700 loss=-0.857149
epoch=3/12 iter=6800 loss=-0.877424
epoch=3/12 iter=6900 loss=-0.805809
epoch=3/12 iter=7000 loss=-0.679024
epoch=3/12 iter=7100 loss=-0.852785
epoch=3/12 iter=7200 loss=-0.719409
epoch=3/12 iter=7300 loss=-0.740784
epoch=3/12 iter=7400 loss=-0.727899
epoch=3/12 iter=7500 loss=-0.842961
epoch=3/12 iter=7600 loss=-0.823641
epoch=3/12 iter=7700 loss=-0.798633
epoch=3/12 iter=7800 loss=-0.775016
epoch=3/12 iter=7900 loss=-0.690201
epoch=3/12 iter=8000 loss=-0.677092
epoch=3/12 iter=8100 loss=-0.837193
epoch=3/12 iter=8200 loss=-0.849478
epoch=3/12 iter=8300 loss=-0.833197
epoch=3/12 iter=8400 loss=-0.966688
epoch=3/12 train_loss=-0.781008 valid_loss=-0.925256
/home/likc/.conda/envs/capd/lib/python3.7/site-packages/torch/nn/modules/module.py:1433: UserWarning: Positional args are being deprecated, use kwargs instead. Refer to https://pytorch.org/docs/master/generated/torch.nn.Module.html#torch.nn.Module.state_dict for details.
  "Positional args are being deprecated, use kwargs instead. Refer to "
epoch=4/12 iter=8500 loss=-0.828004
epoch=4/12 iter=8600 loss=-0.664169
epoch=4/12 iter=8700 loss=-0.605033
epoch=4/12 iter=8800 loss=-0.767615
epoch=4/12 iter=8900 loss=-0.756376
epoch=4/12 iter=9000 loss=-0.636769
epoch=4/12 iter=9100 loss=-0.855935
epoch=4/12 iter=9200 loss=-0.790882
epoch=4/12 iter=9300 loss=-0.755392
epoch=4/12 iter=9400 loss=-0.797261
epoch=4/12 iter=9500 loss=-0.819437
epoch=4/12 iter=9600 loss=-0.849265
epoch=4/12 iter=9700 loss=-0.773701
epoch=4/12 iter=9800 loss=-0.844547
epoch=4/12 iter=9900 loss=-0.800321
epoch=4/12 iter=10000 loss=-0.849198
epoch=4/12 iter=10100 loss=-0.859591
epoch=4/12 iter=10200 loss=-0.780579
epoch=4/12 iter=10300 loss=-0.747793
epoch=4/12 iter=10400 loss=-0.905493
epoch=4/12 iter=10500 loss=-0.791212
epoch=4/12 iter=10600 loss=-0.587050
epoch=4/12 iter=10700 loss=-0.789228
epoch=4/12 iter=10800 loss=-0.882156
epoch=4/12 iter=10900 loss=-0.738161
epoch=4/12 iter=11000 loss=-0.877724
epoch=4/12 iter=11100 loss=-0.789113
epoch=4/12 iter=11200 loss=-0.702941
epoch=4/12 train_loss=-0.784923 valid_loss=-0.925123
/home/likc/.conda/envs/capd/lib/python3.7/site-packages/torch/nn/modules/module.py:1433: UserWarning: Positional args are being deprecated, use kwargs instead. Refer to https://pytorch.org/docs/master/generated/torch.nn.Module.html#torch.nn.Module.state_dict for details.
  "Positional args are being deprecated, use kwargs instead. Refer to "
epoch=5/12 iter=11300 loss=-0.711136
epoch=5/12 iter=11400 loss=-0.877063
epoch=5/12 iter=11500 loss=-0.698617
epoch=5/12 iter=11600 loss=-0.852150
epoch=5/12 iter=11700 loss=-0.791858
epoch=5/12 iter=11800 loss=-0.859676
epoch=5/12 iter=11900 loss=-0.774843
epoch=5/12 iter=12000 loss=-0.833989
epoch=5/12 iter=12100 loss=-0.862921
epoch=5/12 iter=12200 loss=-0.803928
epoch=5/12 iter=12300 loss=-0.761132
epoch=5/12 iter=12400 loss=-0.758326
epoch=5/12 iter=12500 loss=-0.795138
epoch=5/12 iter=12600 loss=-0.732747
epoch=5/12 iter=12700 loss=-0.761480
epoch=5/12 iter=12800 loss=-0.746366
epoch=5/12 iter=12900 loss=-0.671690
epoch=5/12 iter=13000 loss=-0.883270
epoch=5/12 iter=13100 loss=-0.894494
epoch=5/12 iter=13200 loss=-0.782195
epoch=5/12 iter=13300 loss=-0.758326
epoch=5/12 iter=13400 loss=-0.795133
epoch=5/12 iter=13500 loss=-0.836815
epoch=5/12 iter=13600 loss=-0.764391
epoch=5/12 iter=13700 loss=-0.760153
epoch=5/12 iter=13800 loss=-0.854874
epoch=5/12 iter=13900 loss=-0.848489
epoch=5/12 iter=14000 loss=-0.789349
epoch=5/12 train_loss=-0.787306 valid_loss=-0.925750
/home/likc/.conda/envs/capd/lib/python3.7/site-packages/torch/nn/modules/module.py:1433: UserWarning: Positional args are being deprecated, use kwargs instead. Refer to https://pytorch.org/docs/master/generated/torch.nn.Module.html#torch.nn.Module.state_dict for details.
  "Positional args are being deprecated, use kwargs instead. Refer to "
epoch=6/12 iter=14100 loss=-0.830075
epoch=6/12 iter=14200 loss=-0.719775
epoch=6/12 iter=14300 loss=-0.797645
epoch=6/12 iter=14400 loss=-0.852630
epoch=6/12 iter=14500 loss=-0.607104
epoch=6/12 iter=14600 loss=-0.809914
epoch=6/12 iter=14700 loss=-0.841523
epoch=6/12 iter=14800 loss=-0.827918
epoch=6/12 iter=14900 loss=-0.763707
epoch=6/12 iter=15000 loss=-0.760960
epoch=6/12 iter=15100 loss=-0.767239
epoch=6/12 iter=15200 loss=-0.829616
epoch=6/12 iter=15300 loss=-0.887899
epoch=6/12 iter=15400 loss=-0.814388
epoch=6/12 iter=15500 loss=-0.915163
epoch=6/12 iter=15600 loss=-0.828637
epoch=6/12 iter=15700 loss=-0.701887
epoch=6/12 iter=15800 loss=-0.787480
epoch=6/12 iter=15900 loss=-0.609802
epoch=6/12 iter=16000 loss=-0.757996
epoch=6/12 iter=16100 loss=-0.856267
epoch=6/12 iter=16200 loss=-0.768543
epoch=6/12 iter=16300 loss=-0.819946
epoch=6/12 iter=16400 loss=-0.757850
epoch=6/12 iter=16500 loss=-0.796565
epoch=6/12 iter=16600 loss=-0.785059
epoch=6/12 iter=16700 loss=-0.760144
epoch=6/12 iter=16800 loss=-0.790729
epoch=6/12 train_loss=-0.788725 valid_loss=-0.924616
/home/likc/.conda/envs/capd/lib/python3.7/site-packages/torch/nn/modules/module.py:1433: UserWarning: Positional args are being deprecated, use kwargs instead. Refer to https://pytorch.org/docs/master/generated/torch.nn.Module.html#torch.nn.Module.state_dict for details.
  "Positional args are being deprecated, use kwargs instead. Refer to "
epoch=7/12 iter=16900 loss=-0.794010
epoch=7/12 iter=17000 loss=-0.907492
epoch=7/12 iter=17100 loss=-0.845219
epoch=7/12 iter=17200 loss=-0.856925
epoch=7/12 iter=17300 loss=-0.800496
epoch=7/12 iter=17400 loss=-0.858093
epoch=7/12 iter=17500 loss=-0.809940
epoch=7/12 iter=17600 loss=-0.833936
epoch=7/12 iter=17700 loss=-0.663769
epoch=7/12 iter=17800 loss=-0.749628
epoch=7/12 iter=17900 loss=-0.643803
epoch=7/12 iter=18000 loss=-0.837811
epoch=7/12 iter=18100 loss=-0.795894
epoch=7/12 iter=18200 loss=-0.687807
epoch=7/12 iter=18300 loss=-0.797438
epoch=7/12 iter=18400 loss=-0.777010
epoch=7/12 iter=18500 loss=-0.823862
epoch=7/12 iter=18600 loss=-0.735085
epoch=7/12 iter=18700 loss=-0.807013
epoch=7/12 iter=18800 loss=-0.763679
epoch=7/12 iter=18900 loss=-0.832945
epoch=7/12 iter=19000 loss=-0.763099
epoch=7/12 iter=19100 loss=-0.770180
epoch=7/12 iter=19200 loss=-0.823129
epoch=7/12 iter=19300 loss=-0.849782
epoch=7/12 iter=19400 loss=-0.810818
epoch=7/12 iter=19500 loss=-0.795772
epoch=7/12 iter=19600 loss=-0.765333
epoch=7/12 train_loss=-0.790245 valid_loss=-0.927386
/home/likc/.conda/envs/capd/lib/python3.7/site-packages/torch/nn/modules/module.py:1433: UserWarning: Positional args are being deprecated, use kwargs instead. Refer to https://pytorch.org/docs/master/generated/torch.nn.Module.html#torch.nn.Module.state_dict for details.
  "Positional args are being deprecated, use kwargs instead. Refer to "
epoch=8/12 iter=19700 loss=-0.677189
epoch=8/12 iter=19800 loss=-0.749101
epoch=8/12 iter=19900 loss=-0.794492
epoch=8/12 iter=20000 loss=-0.884473
epoch=8/12 iter=20100 loss=-0.668884
epoch=8/12 iter=20200 loss=-0.758219
epoch=8/12 iter=20300 loss=-0.790824
epoch=8/12 iter=20400 loss=-0.864594
epoch=8/12 iter=20500 loss=-0.758083
epoch=8/12 iter=20600 loss=-0.710970
epoch=8/12 iter=20700 loss=-0.789694
epoch=8/12 iter=20800 loss=-0.857815
epoch=8/12 iter=20900 loss=-0.813818
epoch=8/12 iter=21000 loss=-0.799117
epoch=8/12 iter=21100 loss=-0.765622
epoch=8/12 iter=21200 loss=-0.690241
epoch=8/12 iter=21300 loss=-0.760542
epoch=8/12 iter=21400 loss=-0.757131
epoch=8/12 iter=21500 loss=-0.787813
epoch=8/12 iter=21600 loss=-0.862585
epoch=8/12 iter=21700 loss=-0.727262
epoch=8/12 iter=21800 loss=-0.727225
epoch=8/12 iter=21900 loss=-0.753522
epoch=8/12 iter=22000 loss=-0.855186
epoch=8/12 iter=22100 loss=-0.792375
epoch=8/12 iter=22200 loss=-0.722300
epoch=8/12 iter=22300 loss=-0.861419
epoch=8/12 iter=22400 loss=-0.926849
epoch=8/12 train_loss=-0.791455 valid_loss=-0.927210
/home/likc/.conda/envs/capd/lib/python3.7/site-packages/torch/nn/modules/module.py:1433: UserWarning: Positional args are being deprecated, use kwargs instead. Refer to https://pytorch.org/docs/master/generated/torch.nn.Module.html#torch.nn.Module.state_dict for details.
  "Positional args are being deprecated, use kwargs instead. Refer to "
epoch=9/12 iter=22500 loss=-0.782058
epoch=9/12 iter=22600 loss=-0.814491
epoch=9/12 iter=22700 loss=-0.802288
epoch=9/12 iter=22800 loss=-0.703658
epoch=9/12 iter=22900 loss=-0.821239
epoch=9/12 iter=23000 loss=-0.725956
epoch=9/12 iter=23100 loss=-0.787612
epoch=9/12 iter=23200 loss=-0.698325
epoch=9/12 iter=23300 loss=-0.730443
epoch=9/12 iter=23400 loss=-0.798944
epoch=9/12 iter=23500 loss=-0.760554
epoch=9/12 iter=23600 loss=-0.731756
epoch=9/12 iter=23700 loss=-0.797294
epoch=9/12 iter=23800 loss=-0.813261
epoch=9/12 iter=23900 loss=-0.964722
epoch=9/12 iter=24000 loss=-0.779520
epoch=9/12 iter=24100 loss=-0.891036
epoch=9/12 iter=24200 loss=-0.732126
epoch=9/12 iter=24300 loss=-0.768849
epoch=9/12 iter=24400 loss=-0.755224
epoch=9/12 iter=24500 loss=-0.856611
epoch=9/12 iter=24600 loss=-0.707215
epoch=9/12 iter=24700 loss=-0.769994
epoch=9/12 iter=24800 loss=-0.786594
epoch=9/12 iter=24900 loss=-0.642887
epoch=9/12 iter=25000 loss=-0.833321
epoch=9/12 iter=25100 loss=-0.785931
epoch=9/12 iter=25200 loss=-0.924718
epoch=9/12 train_loss=-0.792399 valid_loss=-0.930804
/home/likc/.conda/envs/capd/lib/python3.7/site-packages/torch/nn/modules/module.py:1433: UserWarning: Positional args are being deprecated, use kwargs instead. Refer to https://pytorch.org/docs/master/generated/torch.nn.Module.html#torch.nn.Module.state_dict for details.
  "Positional args are being deprecated, use kwargs instead. Refer to "
epoch=10/12 iter=25300 loss=-0.891976
epoch=10/12 iter=25400 loss=-0.740083
epoch=10/12 iter=25500 loss=-0.825804
epoch=10/12 iter=25600 loss=-0.889659
epoch=10/12 iter=25700 loss=-0.772781
epoch=10/12 iter=25800 loss=-0.904382
epoch=10/12 iter=25900 loss=-0.825861
epoch=10/12 iter=26000 loss=-0.789770
epoch=10/12 iter=26100 loss=-0.834217
epoch=10/12 iter=26200 loss=-0.889768
epoch=10/12 iter=26300 loss=-0.727408
epoch=10/12 iter=26400 loss=-0.773538
epoch=10/12 iter=26500 loss=-0.755854
epoch=10/12 iter=26600 loss=-0.756051
epoch=10/12 iter=26700 loss=-0.835230
epoch=10/12 iter=26800 loss=-0.883882
epoch=10/12 iter=26900 loss=-0.783316
epoch=10/12 iter=27000 loss=-0.862442
epoch=10/12 iter=27100 loss=-0.920886
epoch=10/12 iter=27200 loss=-0.863404
epoch=10/12 iter=27300 loss=-0.819832
epoch=10/12 iter=27400 loss=-0.741530
epoch=10/12 iter=27500 loss=-0.788984
epoch=10/12 iter=27600 loss=-0.827657
epoch=10/12 iter=27700 loss=-0.864762
epoch=10/12 iter=27800 loss=-0.912331
epoch=10/12 iter=27900 loss=-0.881638
epoch=10/12 iter=28000 loss=-0.831486
epoch=10/12 train_loss=-0.793752 valid_loss=-0.930790
/home/likc/.conda/envs/capd/lib/python3.7/site-packages/torch/nn/modules/module.py:1433: UserWarning: Positional args are being deprecated, use kwargs instead. Refer to https://pytorch.org/docs/master/generated/torch.nn.Module.html#torch.nn.Module.state_dict for details.
  "Positional args are being deprecated, use kwargs instead. Refer to "
epoch=11/12 iter=28100 loss=-0.886388
epoch=11/12 iter=28200 loss=-0.810798
epoch=11/12 iter=28300 loss=-0.704693
epoch=11/12 iter=28400 loss=-0.670772
epoch=11/12 iter=28500 loss=-0.634366
epoch=11/12 iter=28600 loss=-0.720848
epoch=11/12 iter=28700 loss=-0.729624
epoch=11/12 iter=28800 loss=-0.869724
epoch=11/12 iter=28900 loss=-0.833764
epoch=11/12 iter=29000 loss=-0.667248
epoch=11/12 iter=29100 loss=-0.734204
epoch=11/12 iter=29200 loss=-0.704272
epoch=11/12 iter=29300 loss=-0.827894
epoch=11/12 iter=29400 loss=-0.682806
epoch=11/12 iter=29500 loss=-0.796050
epoch=11/12 iter=29600 loss=-0.795042
epoch=11/12 iter=29700 loss=-0.890512
epoch=11/12 iter=29800 loss=-0.830207
epoch=11/12 iter=29900 loss=-0.830148
epoch=11/12 iter=30000 loss=-0.851237
epoch=11/12 iter=30100 loss=-0.856771
epoch=11/12 iter=30200 loss=-0.808019
epoch=11/12 iter=30300 loss=-0.850213
epoch=11/12 iter=30400 loss=-0.803305
epoch=11/12 iter=30500 loss=-0.775710
epoch=11/12 iter=30600 loss=-0.740527
epoch=11/12 iter=30700 loss=-0.864788
epoch=11/12 iter=30800 loss=-0.922159
epoch=11/12 train_loss=-0.794213 valid_loss=-0.931355
/home/likc/.conda/envs/capd/lib/python3.7/site-packages/torch/nn/modules/module.py:1433: UserWarning: Positional args are being deprecated, use kwargs instead. Refer to https://pytorch.org/docs/master/generated/torch.nn.Module.html#torch.nn.Module.state_dict for details.
  "Positional args are being deprecated, use kwargs instead. Refer to "
epoch=12/12 iter=30900 loss=-0.869904
epoch=12/12 iter=31000 loss=-0.861906
epoch=12/12 iter=31100 loss=-0.832021
epoch=12/12 iter=31200 loss=-0.827967
epoch=12/12 iter=31300 loss=-0.826862
epoch=12/12 iter=31400 loss=-0.741350
epoch=12/12 iter=31500 loss=-0.789292
epoch=12/12 iter=31600 loss=-0.773393
epoch=12/12 iter=31700 loss=-0.797777
epoch=12/12 iter=31800 loss=-0.833603
epoch=12/12 iter=31900 loss=-0.798575
epoch=12/12 iter=32000 loss=-0.816959
epoch=12/12 iter=32100 loss=-0.896603
epoch=12/12 iter=32200 loss=-0.790289
epoch=12/12 iter=32300 loss=-0.852829
epoch=12/12 iter=32400 loss=-0.780384
epoch=12/12 iter=32500 loss=-0.868643
epoch=12/12 iter=32600 loss=-0.825017
epoch=12/12 iter=32700 loss=-0.765436
epoch=12/12 iter=32800 loss=-0.838163
epoch=12/12 iter=32900 loss=-0.798348
epoch=12/12 iter=33000 loss=-0.768353
epoch=12/12 iter=33100 loss=-0.762663
epoch=12/12 iter=33200 loss=-0.943277
epoch=12/12 iter=33300 loss=-0.939933
epoch=12/12 iter=33400 loss=-0.634615
epoch=12/12 iter=33500 loss=-0.884928
epoch=12/12 iter=33600 loss=-0.774499
epoch=12/12 train_loss=-0.794547 valid_loss=-0.931916
Training finished. best=/home/likc/Q-former-for-OS/outputs/capd_proactive_stage4_stage7/stage4-stage7-unified-r2/checkpoints/opt-steady/seed_42/qmap_best.pth last=/home/likc/Q-former-for-OS/outputs/capd_proactive_stage4_stage7/stage4-stage7-unified-r2/checkpoints/opt-steady/seed_42/qmap_last.pth
/home/likc/.conda/envs/capd/lib/python3.7/site-packages/torch/nn/modules/module.py:1433: UserWarning: Positional args are being deprecated, use kwargs instead. Refer to https://pytorch.org/docs/master/generated/torch.nn.Module.html#torch.nn.Module.state_dict for details.
  "Positional args are being deprecated, use kwargs instead. Refer to "
