QMAP training: train=/home/likc/Q-former-for-OS/outputs/capd_proactive_stage4_stage7/stage4-stage7-unified-r1/datasets/9de7e2db50b4783bc14c/all_train.jsonl valid=/home/likc/Q-former-for-OS/outputs/capd_proactive_stage4_stage7/stage4-stage7-unified-r1/datasets/9de7e2db50b4783bc14c/all_validation.jsonl samples=89651/14469 device=cuda
epoch=1/8 iter=1 loss=-0.556183
epoch=1/8 iter=100 loss=-0.574649
epoch=1/8 iter=200 loss=-0.660717
epoch=1/8 iter=300 loss=-0.677615
epoch=1/8 iter=400 loss=-0.742888
epoch=1/8 iter=500 loss=-0.770949
epoch=1/8 iter=600 loss=-0.909773
epoch=1/8 iter=700 loss=-0.807535
epoch=1/8 iter=800 loss=-0.732339
epoch=1/8 iter=900 loss=-0.658070
epoch=1/8 iter=1000 loss=-0.816622
epoch=1/8 iter=1100 loss=-0.869454
epoch=1/8 iter=1200 loss=-0.887980
epoch=1/8 iter=1300 loss=-0.815176
epoch=1/8 iter=1400 loss=-0.709311
epoch=1/8 iter=1500 loss=-0.847097
epoch=1/8 iter=1600 loss=-0.862735
epoch=1/8 iter=1700 loss=-0.783376
epoch=1/8 iter=1800 loss=-0.765722
epoch=1/8 iter=1900 loss=-0.768925
epoch=1/8 iter=2000 loss=-0.813113
epoch=1/8 iter=2100 loss=-0.712939
epoch=1/8 iter=2200 loss=-0.750336
epoch=1/8 iter=2300 loss=-0.923516
epoch=1/8 iter=2400 loss=-0.755570
epoch=1/8 iter=2500 loss=-0.798733
epoch=1/8 iter=2600 loss=-0.716697
epoch=1/8 iter=2700 loss=-0.851981
epoch=1/8 iter=2800 loss=-0.708721
epoch=1/8 train_loss=-0.762248 valid_loss=-0.924092
/home/likc/.conda/envs/capd/lib/python3.7/site-packages/torch/nn/modules/module.py:1433: UserWarning: Positional args are being deprecated, use kwargs instead. Refer to https://pytorch.org/docs/master/generated/torch.nn.Module.html#torch.nn.Module.state_dict for details.
  "Positional args are being deprecated, use kwargs instead. Refer to "
epoch=2/8 iter=2900 loss=-0.870282
epoch=2/8 iter=3000 loss=-0.692280
epoch=2/8 iter=3100 loss=-0.707049
epoch=2/8 iter=3200 loss=-0.817270
epoch=2/8 iter=3300 loss=-0.662223
epoch=2/8 iter=3400 loss=-0.795535
epoch=2/8 iter=3500 loss=-0.822773
epoch=2/8 iter=3600 loss=-0.784245
epoch=2/8 iter=3700 loss=-0.768328
epoch=2/8 iter=3800 loss=-0.604276
epoch=2/8 iter=3900 loss=-0.707980
epoch=2/8 iter=4000 loss=-0.899019
epoch=2/8 iter=4100 loss=-0.606137
epoch=2/8 iter=4200 loss=-0.798070
epoch=2/8 iter=4300 loss=-0.761274
epoch=2/8 iter=4400 loss=-0.668390
epoch=2/8 iter=4500 loss=-0.728712
epoch=2/8 iter=4600 loss=-0.709649
epoch=2/8 iter=4700 loss=-0.753750
epoch=2/8 iter=4800 loss=-0.822966
epoch=2/8 iter=4900 loss=-0.758463
epoch=2/8 iter=5000 loss=-0.828117
epoch=2/8 iter=5100 loss=-0.916711
epoch=2/8 iter=5200 loss=-0.793514
epoch=2/8 iter=5300 loss=-0.761057
epoch=2/8 iter=5400 loss=-0.872462
epoch=2/8 iter=5500 loss=-0.699384
epoch=2/8 iter=5600 loss=-0.728927
epoch=2/8 train_loss=-0.785990 valid_loss=-0.925419
/home/likc/.conda/envs/capd/lib/python3.7/site-packages/torch/nn/modules/module.py:1433: UserWarning: Positional args are being deprecated, use kwargs instead. Refer to https://pytorch.org/docs/master/generated/torch.nn.Module.html#torch.nn.Module.state_dict for details.
  "Positional args are being deprecated, use kwargs instead. Refer to "
epoch=3/8 iter=5700 loss=-0.798858
epoch=3/8 iter=5800 loss=-0.793681
epoch=3/8 iter=5900 loss=-0.859105
epoch=3/8 iter=6000 loss=-0.823159
epoch=3/8 iter=6100 loss=-0.887783
epoch=3/8 iter=6200 loss=-0.781271
epoch=3/8 iter=6300 loss=-0.787800
epoch=3/8 iter=6400 loss=-0.699169
epoch=3/8 iter=6500 loss=-0.844869
epoch=3/8 iter=6600 loss=-0.796975
epoch=3/8 iter=6700 loss=-0.846381
epoch=3/8 iter=6800 loss=-0.825914
epoch=3/8 iter=6900 loss=-0.828429
epoch=3/8 iter=7000 loss=-0.843743
epoch=3/8 iter=7100 loss=-0.897344
epoch=3/8 iter=7200 loss=-0.869459
epoch=3/8 iter=7300 loss=-0.928091
epoch=3/8 iter=7400 loss=-0.754595
epoch=3/8 iter=7500 loss=-0.877766
epoch=3/8 iter=7600 loss=-0.791697
epoch=3/8 iter=7700 loss=-0.794530
epoch=3/8 iter=7800 loss=-0.889580
epoch=3/8 iter=7900 loss=-0.856839
epoch=3/8 iter=8000 loss=-0.937344
epoch=3/8 iter=8100 loss=-0.740430
epoch=3/8 iter=8200 loss=-0.799359
epoch=3/8 iter=8300 loss=-0.768891
epoch=3/8 iter=8400 loss=-0.887588
epoch=3/8 train_loss=-0.790172 valid_loss=-0.930996
/home/likc/.conda/envs/capd/lib/python3.7/site-packages/torch/nn/modules/module.py:1433: UserWarning: Positional args are being deprecated, use kwargs instead. Refer to https://pytorch.org/docs/master/generated/torch.nn.Module.html#torch.nn.Module.state_dict for details.
  "Positional args are being deprecated, use kwargs instead. Refer to "
epoch=4/8 iter=8500 loss=-0.801468
epoch=4/8 iter=8600 loss=-0.739515
epoch=4/8 iter=8700 loss=-0.880086
epoch=4/8 iter=8800 loss=-0.882109
epoch=4/8 iter=8900 loss=-0.794312
epoch=4/8 iter=9000 loss=-0.931646
epoch=4/8 iter=9100 loss=-0.637844
epoch=4/8 iter=9200 loss=-0.737255
epoch=4/8 iter=9300 loss=-0.828742
epoch=4/8 iter=9400 loss=-0.925135
epoch=4/8 iter=9500 loss=-0.802679
epoch=4/8 iter=9600 loss=-0.843046
epoch=4/8 iter=9700 loss=-0.721366
epoch=4/8 iter=9800 loss=-0.693534
epoch=4/8 iter=9900 loss=-0.697187
epoch=4/8 iter=10000 loss=-0.859497
epoch=4/8 iter=10100 loss=-0.850574
epoch=4/8 iter=10200 loss=-0.797795
epoch=4/8 iter=10300 loss=-0.735082
epoch=4/8 iter=10400 loss=-0.728685
epoch=4/8 iter=10500 loss=-0.768324
epoch=4/8 iter=10600 loss=-0.707072
epoch=4/8 iter=10700 loss=-0.732776
epoch=4/8 iter=10800 loss=-0.820556
epoch=4/8 iter=10900 loss=-0.887334
epoch=4/8 iter=11000 loss=-0.857595
epoch=4/8 iter=11100 loss=-0.826015
epoch=4/8 iter=11200 loss=-0.824226
epoch=4/8 train_loss=-0.793236 valid_loss=-0.934043
/home/likc/.conda/envs/capd/lib/python3.7/site-packages/torch/nn/modules/module.py:1433: UserWarning: Positional args are being deprecated, use kwargs instead. Refer to https://pytorch.org/docs/master/generated/torch.nn.Module.html#torch.nn.Module.state_dict for details.
  "Positional args are being deprecated, use kwargs instead. Refer to "
epoch=5/8 iter=11300 loss=-0.827179
epoch=5/8 iter=11400 loss=-0.900836
epoch=5/8 iter=11500 loss=-0.707957
epoch=5/8 iter=11600 loss=-0.846610
epoch=5/8 iter=11700 loss=-0.862069
epoch=5/8 iter=11800 loss=-0.772692
epoch=5/8 iter=11900 loss=-0.826897
epoch=5/8 iter=12000 loss=-0.829820
epoch=5/8 iter=12100 loss=-0.771127
epoch=5/8 iter=12200 loss=-0.706555
epoch=5/8 iter=12300 loss=-0.799914
epoch=5/8 iter=12400 loss=-0.890220
epoch=5/8 iter=12500 loss=-0.801260
epoch=5/8 iter=12600 loss=-0.865959
epoch=5/8 iter=12700 loss=-0.736262
epoch=5/8 iter=12800 loss=-0.727959
epoch=5/8 iter=12900 loss=-0.822551
epoch=5/8 iter=13000 loss=-0.818661
epoch=5/8 iter=13100 loss=-0.728764
epoch=5/8 iter=13200 loss=-0.825151
epoch=5/8 iter=13300 loss=-0.828022
epoch=5/8 iter=13400 loss=-0.681405
epoch=5/8 iter=13500 loss=-0.836954
epoch=5/8 iter=13600 loss=-0.781933
epoch=5/8 iter=13700 loss=-0.758039
epoch=5/8 iter=13800 loss=-0.857835
epoch=5/8 iter=13900 loss=-0.609205
epoch=5/8 iter=14000 loss=-0.826622
epoch=5/8 train_loss=-0.794776 valid_loss=-0.934320
/home/likc/.conda/envs/capd/lib/python3.7/site-packages/torch/nn/modules/module.py:1433: UserWarning: Positional args are being deprecated, use kwargs instead. Refer to https://pytorch.org/docs/master/generated/torch.nn.Module.html#torch.nn.Module.state_dict for details.
  "Positional args are being deprecated, use kwargs instead. Refer to "
epoch=6/8 iter=14100 loss=-0.702691
epoch=6/8 iter=14200 loss=-0.787873
epoch=6/8 iter=14300 loss=-0.788571
epoch=6/8 iter=14400 loss=-0.742812
epoch=6/8 iter=14500 loss=-0.761853
epoch=6/8 iter=14600 loss=-0.837026
epoch=6/8 iter=14700 loss=-0.703288
epoch=6/8 iter=14800 loss=-0.647060
epoch=6/8 iter=14900 loss=-0.834773
epoch=6/8 iter=15000 loss=-0.771998
epoch=6/8 iter=15100 loss=-0.711364
epoch=6/8 iter=15200 loss=-0.834218
epoch=6/8 iter=15300 loss=-0.857717
epoch=6/8 iter=15400 loss=-0.791839
epoch=6/8 iter=15500 loss=-0.668464
epoch=6/8 iter=15600 loss=-0.715538
epoch=6/8 iter=15700 loss=-0.765330
epoch=6/8 iter=15800 loss=-0.772433
epoch=6/8 iter=15900 loss=-0.761874
epoch=6/8 iter=16000 loss=-0.832755
epoch=6/8 iter=16100 loss=-0.772236
epoch=6/8 iter=16200 loss=-0.891036
epoch=6/8 iter=16300 loss=-0.772644
epoch=6/8 iter=16400 loss=-0.882232
epoch=6/8 iter=16500 loss=-0.826227
epoch=6/8 iter=16600 loss=-0.826470
epoch=6/8 iter=16700 loss=-0.916616
epoch=6/8 iter=16800 loss=-0.793612
epoch=6/8 train_loss=-0.795795 valid_loss=-0.935433
/home/likc/.conda/envs/capd/lib/python3.7/site-packages/torch/nn/modules/module.py:1433: UserWarning: Positional args are being deprecated, use kwargs instead. Refer to https://pytorch.org/docs/master/generated/torch.nn.Module.html#torch.nn.Module.state_dict for details.
  "Positional args are being deprecated, use kwargs instead. Refer to "
epoch=7/8 iter=16900 loss=-0.825664
epoch=7/8 iter=17000 loss=-0.639656
epoch=7/8 iter=17100 loss=-0.835847
epoch=7/8 iter=17200 loss=-0.743155
epoch=7/8 iter=17300 loss=-0.792020
epoch=7/8 iter=17400 loss=-0.742523
epoch=7/8 iter=17500 loss=-0.802908
epoch=7/8 iter=17600 loss=-0.875828
epoch=7/8 iter=17700 loss=-0.773355
epoch=7/8 iter=17800 loss=-0.901443
epoch=7/8 iter=17900 loss=-0.863026
epoch=7/8 iter=18000 loss=-0.801468
epoch=7/8 iter=18100 loss=-0.896390
epoch=7/8 iter=18200 loss=-0.740474
epoch=7/8 iter=18300 loss=-0.619459
epoch=7/8 iter=18400 loss=-0.756705
epoch=7/8 iter=18500 loss=-0.828582
epoch=7/8 iter=18600 loss=-0.806519
epoch=7/8 iter=18700 loss=-0.832272
epoch=7/8 iter=18800 loss=-0.857009
epoch=7/8 iter=18900 loss=-0.791875
epoch=7/8 iter=19000 loss=-0.858775
epoch=7/8 iter=19100 loss=-0.680538
epoch=7/8 iter=19200 loss=-0.856877
epoch=7/8 iter=19300 loss=-0.675792
epoch=7/8 iter=19400 loss=-0.771811
epoch=7/8 iter=19500 loss=-0.745793
epoch=7/8 iter=19600 loss=-0.833675
epoch=7/8 train_loss=-0.796596 valid_loss=-0.935492
/home/likc/.conda/envs/capd/lib/python3.7/site-packages/torch/nn/modules/module.py:1433: UserWarning: Positional args are being deprecated, use kwargs instead. Refer to https://pytorch.org/docs/master/generated/torch.nn.Module.html#torch.nn.Module.state_dict for details.
  "Positional args are being deprecated, use kwargs instead. Refer to "
epoch=8/8 iter=19700 loss=-0.865630
epoch=8/8 iter=19800 loss=-0.648418
epoch=8/8 iter=19900 loss=-0.803152
epoch=8/8 iter=20000 loss=-0.794007
epoch=8/8 iter=20100 loss=-0.855239
epoch=8/8 iter=20200 loss=-0.777370
epoch=8/8 iter=20300 loss=-0.895458
epoch=8/8 iter=20400 loss=-0.770719
epoch=8/8 iter=20500 loss=-0.929593
epoch=8/8 iter=20600 loss=-0.803719
epoch=8/8 iter=20700 loss=-0.829026
epoch=8/8 iter=20800 loss=-0.791410
epoch=8/8 iter=20900 loss=-0.859069
epoch=8/8 iter=21000 loss=-0.893755
epoch=8/8 iter=21100 loss=-0.824687
epoch=8/8 iter=21200 loss=-0.869662
epoch=8/8 iter=21300 loss=-0.721495
epoch=8/8 iter=21400 loss=-0.732410
epoch=8/8 iter=21500 loss=-0.806376
epoch=8/8 iter=21600 loss=-0.807228
epoch=8/8 iter=21700 loss=-0.768167
epoch=8/8 iter=21800 loss=-0.735174
epoch=8/8 iter=21900 loss=-0.710740
epoch=8/8 iter=22000 loss=-0.784168
epoch=8/8 iter=22100 loss=-0.756157
epoch=8/8 iter=22200 loss=-0.704741
epoch=8/8 iter=22300 loss=-0.803094
epoch=8/8 iter=22400 loss=-0.732466
epoch=8/8 train_loss=-0.796802 valid_loss=-0.934734
Training finished. best=/home/likc/Q-former-for-OS/outputs/capd_proactive_stage4_stage7/stage4-stage7-unified-r2/checkpoints/sem-lam114/seed_3136859/qmap_best.pth last=/home/likc/Q-former-for-OS/outputs/capd_proactive_stage4_stage7/stage4-stage7-unified-r2/checkpoints/sem-lam114/seed_3136859/qmap_last.pth
/home/likc/.conda/envs/capd/lib/python3.7/site-packages/torch/nn/modules/module.py:1433: UserWarning: Positional args are being deprecated, use kwargs instead. Refer to https://pytorch.org/docs/master/generated/torch.nn.Module.html#torch.nn.Module.state_dict for details.
  "Positional args are being deprecated, use kwargs instead. Refer to "
