QMAP training: train=/home/likc/Q-former-for-OS/outputs/capd_proactive_stage4_stage7/stage4-stage7-unified-r1/datasets/da0dab0afec1945a70ef/all_train.jsonl valid=/home/likc/Q-former-for-OS/outputs/capd_proactive_stage4_stage7/stage4-stage7-unified-r1/datasets/da0dab0afec1945a70ef/all_validation.jsonl samples=89651/14469 device=cuda
epoch=1/8 iter=1 loss=-0.587547
epoch=1/8 iter=100 loss=-0.629226
epoch=1/8 iter=200 loss=-0.638561
epoch=1/8 iter=300 loss=-0.734863
epoch=1/8 iter=400 loss=-0.719824
epoch=1/8 iter=500 loss=-0.745744
epoch=1/8 iter=600 loss=-0.709288
epoch=1/8 iter=700 loss=-0.771029
epoch=1/8 iter=800 loss=-0.800874
epoch=1/8 iter=900 loss=-0.754329
epoch=1/8 iter=1000 loss=-0.769515
epoch=1/8 iter=1100 loss=-0.845991
epoch=1/8 iter=1200 loss=-0.664318
epoch=1/8 iter=1300 loss=-0.847726
epoch=1/8 iter=1400 loss=-0.725148
epoch=1/8 iter=1500 loss=-0.827025
epoch=1/8 iter=1600 loss=-0.731192
epoch=1/8 iter=1700 loss=-0.720887
epoch=1/8 iter=1800 loss=-0.849678
epoch=1/8 iter=1900 loss=-0.897467
epoch=1/8 iter=2000 loss=-0.701837
epoch=1/8 iter=2100 loss=-0.867542
epoch=1/8 iter=2200 loss=-0.827053
epoch=1/8 iter=2300 loss=-0.675338
epoch=1/8 iter=2400 loss=-0.779143
epoch=1/8 iter=2500 loss=-0.769303
epoch=1/8 iter=2600 loss=-0.742052
epoch=1/8 iter=2700 loss=-0.917384
epoch=1/8 iter=2800 loss=-0.819195
epoch=1/8 train_loss=-0.756196 valid_loss=-0.918380
/home/likc/.conda/envs/capd/lib/python3.7/site-packages/torch/nn/modules/module.py:1433: UserWarning: Positional args are being deprecated, use kwargs instead. Refer to https://pytorch.org/docs/master/generated/torch.nn.Module.html#torch.nn.Module.state_dict for details.
  "Positional args are being deprecated, use kwargs instead. Refer to "
epoch=2/8 iter=2900 loss=-0.840959
epoch=2/8 iter=3000 loss=-0.835877
epoch=2/8 iter=3100 loss=-0.788951
epoch=2/8 iter=3200 loss=-0.709539
epoch=2/8 iter=3300 loss=-0.758654
epoch=2/8 iter=3400 loss=-0.736013
epoch=2/8 iter=3500 loss=-0.878105
epoch=2/8 iter=3600 loss=-0.799961
epoch=2/8 iter=3700 loss=-0.746566
epoch=2/8 iter=3800 loss=-0.731849
epoch=2/8 iter=3900 loss=-0.830464
epoch=2/8 iter=4000 loss=-0.751773
epoch=2/8 iter=4100 loss=-0.816927
epoch=2/8 iter=4200 loss=-0.756613
epoch=2/8 iter=4300 loss=-0.821380
epoch=2/8 iter=4400 loss=-0.774792
epoch=2/8 iter=4500 loss=-0.749747
epoch=2/8 iter=4600 loss=-0.807305
epoch=2/8 iter=4700 loss=-0.764822
epoch=2/8 iter=4800 loss=-0.701454
epoch=2/8 iter=4900 loss=-0.823474
epoch=2/8 iter=5000 loss=-0.788532
epoch=2/8 iter=5100 loss=-0.819939
epoch=2/8 iter=5200 loss=-0.826527
epoch=2/8 iter=5300 loss=-0.715988
epoch=2/8 iter=5400 loss=-0.876274
epoch=2/8 iter=5500 loss=-0.779439
epoch=2/8 iter=5600 loss=-0.878686
epoch=2/8 train_loss=-0.783458 valid_loss=-0.924642
/home/likc/.conda/envs/capd/lib/python3.7/site-packages/torch/nn/modules/module.py:1433: UserWarning: Positional args are being deprecated, use kwargs instead. Refer to https://pytorch.org/docs/master/generated/torch.nn.Module.html#torch.nn.Module.state_dict for details.
  "Positional args are being deprecated, use kwargs instead. Refer to "
epoch=3/8 iter=5700 loss=-0.876593
epoch=3/8 iter=5800 loss=-0.732374
epoch=3/8 iter=5900 loss=-0.850272
epoch=3/8 iter=6000 loss=-0.688923
epoch=3/8 iter=6100 loss=-0.783512
epoch=3/8 iter=6200 loss=-0.874505
epoch=3/8 iter=6300 loss=-0.857225
epoch=3/8 iter=6400 loss=-0.891940
epoch=3/8 iter=6500 loss=-0.824498
epoch=3/8 iter=6600 loss=-0.814423
epoch=3/8 iter=6700 loss=-0.809629
epoch=3/8 iter=6800 loss=-0.766050
epoch=3/8 iter=6900 loss=-0.820754
epoch=3/8 iter=7000 loss=-0.742265
epoch=3/8 iter=7100 loss=-0.852046
epoch=3/8 iter=7200 loss=-0.925083
epoch=3/8 iter=7300 loss=-0.845044
epoch=3/8 iter=7400 loss=-0.845125
epoch=3/8 iter=7500 loss=-0.729491
epoch=3/8 iter=7600 loss=-0.825153
epoch=3/8 iter=7700 loss=-0.849060
epoch=3/8 iter=7800 loss=-0.794738
epoch=3/8 iter=7900 loss=-0.790591
epoch=3/8 iter=8000 loss=-0.858219
epoch=3/8 iter=8100 loss=-0.764320
epoch=3/8 iter=8200 loss=-0.796392
epoch=3/8 iter=8300 loss=-0.862246
epoch=3/8 iter=8400 loss=-0.667463
epoch=3/8 train_loss=-0.789312 valid_loss=-0.930689
/home/likc/.conda/envs/capd/lib/python3.7/site-packages/torch/nn/modules/module.py:1433: UserWarning: Positional args are being deprecated, use kwargs instead. Refer to https://pytorch.org/docs/master/generated/torch.nn.Module.html#torch.nn.Module.state_dict for details.
  "Positional args are being deprecated, use kwargs instead. Refer to "
epoch=4/8 iter=8500 loss=-0.853349
epoch=4/8 iter=8600 loss=-0.889305
epoch=4/8 iter=8700 loss=-0.827195
epoch=4/8 iter=8800 loss=-0.962124
epoch=4/8 iter=8900 loss=-0.584020
epoch=4/8 iter=9000 loss=-0.888141
epoch=4/8 iter=9100 loss=-0.825893
epoch=4/8 iter=9200 loss=-0.868511
epoch=4/8 iter=9300 loss=-0.862359
epoch=4/8 iter=9400 loss=-0.772771
epoch=4/8 iter=9500 loss=-0.743076
epoch=4/8 iter=9600 loss=-0.904119
epoch=4/8 iter=9700 loss=-0.863008
epoch=4/8 iter=9800 loss=-0.843224
epoch=4/8 iter=9900 loss=-0.740686
epoch=4/8 iter=10000 loss=-0.762259
epoch=4/8 iter=10100 loss=-0.627829
epoch=4/8 iter=10200 loss=-0.886390
epoch=4/8 iter=10300 loss=-0.808888
epoch=4/8 iter=10400 loss=-0.821929
epoch=4/8 iter=10500 loss=-0.765763
epoch=4/8 iter=10600 loss=-0.790776
epoch=4/8 iter=10700 loss=-0.730219
epoch=4/8 iter=10800 loss=-0.742175
epoch=4/8 iter=10900 loss=-0.733173
epoch=4/8 iter=11000 loss=-0.834090
epoch=4/8 iter=11100 loss=-0.760226
epoch=4/8 iter=11200 loss=-0.671125
epoch=4/8 train_loss=-0.793165 valid_loss=-0.932997
/home/likc/.conda/envs/capd/lib/python3.7/site-packages/torch/nn/modules/module.py:1433: UserWarning: Positional args are being deprecated, use kwargs instead. Refer to https://pytorch.org/docs/master/generated/torch.nn.Module.html#torch.nn.Module.state_dict for details.
  "Positional args are being deprecated, use kwargs instead. Refer to "
epoch=5/8 iter=11300 loss=-0.889386
epoch=5/8 iter=11400 loss=-0.783894
epoch=5/8 iter=11500 loss=-0.821770
epoch=5/8 iter=11600 loss=-0.794234
epoch=5/8 iter=11700 loss=-0.788718
epoch=5/8 iter=11800 loss=-0.762633
epoch=5/8 iter=11900 loss=-0.824133
epoch=5/8 iter=12000 loss=-0.769291
epoch=5/8 iter=12100 loss=-0.824163
epoch=5/8 iter=12200 loss=-0.679960
epoch=5/8 iter=12300 loss=-0.792916
epoch=5/8 iter=12400 loss=-0.781047
epoch=5/8 iter=12500 loss=-0.725319
epoch=5/8 iter=12600 loss=-0.764126
epoch=5/8 iter=12700 loss=-0.720994
epoch=5/8 iter=12800 loss=-0.764689
epoch=5/8 iter=12900 loss=-0.842821
epoch=5/8 iter=13000 loss=-0.766534
epoch=5/8 iter=13100 loss=-0.797625
epoch=5/8 iter=13200 loss=-0.772462
epoch=5/8 iter=13300 loss=-0.689078
epoch=5/8 iter=13400 loss=-0.831767
epoch=5/8 iter=13500 loss=-0.722841
epoch=5/8 iter=13600 loss=-0.804944
epoch=5/8 iter=13700 loss=-0.698455
epoch=5/8 iter=13800 loss=-0.886264
epoch=5/8 iter=13900 loss=-0.860340
epoch=5/8 iter=14000 loss=-0.740486
epoch=5/8 train_loss=-0.794668 valid_loss=-0.933933
/home/likc/.conda/envs/capd/lib/python3.7/site-packages/torch/nn/modules/module.py:1433: UserWarning: Positional args are being deprecated, use kwargs instead. Refer to https://pytorch.org/docs/master/generated/torch.nn.Module.html#torch.nn.Module.state_dict for details.
  "Positional args are being deprecated, use kwargs instead. Refer to "
epoch=6/8 iter=14100 loss=-0.769064
epoch=6/8 iter=14200 loss=-0.797498
epoch=6/8 iter=14300 loss=-0.820086
epoch=6/8 iter=14400 loss=-0.760388
epoch=6/8 iter=14500 loss=-0.817676
epoch=6/8 iter=14600 loss=-0.863839
epoch=6/8 iter=14700 loss=-0.822240
epoch=6/8 iter=14800 loss=-0.770154
epoch=6/8 iter=14900 loss=-0.831173
epoch=6/8 iter=15000 loss=-0.856043
epoch=6/8 iter=15100 loss=-0.676216
epoch=6/8 iter=15200 loss=-0.766143
epoch=6/8 iter=15300 loss=-0.782024
epoch=6/8 iter=15400 loss=-0.738387
epoch=6/8 iter=15500 loss=-0.767043
epoch=6/8 iter=15600 loss=-0.738613
epoch=6/8 iter=15700 loss=-0.883247
epoch=6/8 iter=15800 loss=-0.767177
epoch=6/8 iter=15900 loss=-0.726422
epoch=6/8 iter=16000 loss=-0.769597
epoch=6/8 iter=16100 loss=-0.836496
epoch=6/8 iter=16200 loss=-0.781486
epoch=6/8 iter=16300 loss=-0.859622
epoch=6/8 iter=16400 loss=-0.819952
epoch=6/8 iter=16500 loss=-0.798863
epoch=6/8 iter=16600 loss=-0.741933
epoch=6/8 iter=16700 loss=-0.762940
epoch=6/8 iter=16800 loss=-0.854581
epoch=6/8 train_loss=-0.795336 valid_loss=-0.932897
/home/likc/.conda/envs/capd/lib/python3.7/site-packages/torch/nn/modules/module.py:1433: UserWarning: Positional args are being deprecated, use kwargs instead. Refer to https://pytorch.org/docs/master/generated/torch.nn.Module.html#torch.nn.Module.state_dict for details.
  "Positional args are being deprecated, use kwargs instead. Refer to "
epoch=7/8 iter=16900 loss=-0.952878
epoch=7/8 iter=17000 loss=-0.893714
epoch=7/8 iter=17100 loss=-0.822435
epoch=7/8 iter=17200 loss=-0.861229
epoch=7/8 iter=17300 loss=-0.742957
epoch=7/8 iter=17400 loss=-0.884905
epoch=7/8 iter=17500 loss=-0.789763
epoch=7/8 iter=17600 loss=-0.865867
epoch=7/8 iter=17700 loss=-0.872377
epoch=7/8 iter=17800 loss=-0.760748
epoch=7/8 iter=17900 loss=-0.926534
epoch=7/8 iter=18000 loss=-0.824683
epoch=7/8 iter=18100 loss=-0.766019
epoch=7/8 iter=18200 loss=-0.953540
epoch=7/8 iter=18300 loss=-0.828624
epoch=7/8 iter=18400 loss=-0.799503
epoch=7/8 iter=18500 loss=-0.729067
epoch=7/8 iter=18600 loss=-0.757427
epoch=7/8 iter=18700 loss=-0.735654
epoch=7/8 iter=18800 loss=-0.800941
epoch=7/8 iter=18900 loss=-0.926660
epoch=7/8 iter=19000 loss=-0.760080
epoch=7/8 iter=19100 loss=-0.788836
epoch=7/8 iter=19200 loss=-0.668758
epoch=7/8 iter=19300 loss=-0.687358
epoch=7/8 iter=19400 loss=-0.825082
epoch=7/8 iter=19500 loss=-0.930526
epoch=7/8 iter=19600 loss=-0.918355
epoch=7/8 train_loss=-0.796037 valid_loss=-0.935214
/home/likc/.conda/envs/capd/lib/python3.7/site-packages/torch/nn/modules/module.py:1433: UserWarning: Positional args are being deprecated, use kwargs instead. Refer to https://pytorch.org/docs/master/generated/torch.nn.Module.html#torch.nn.Module.state_dict for details.
  "Positional args are being deprecated, use kwargs instead. Refer to "
epoch=8/8 iter=19700 loss=-0.704188
epoch=8/8 iter=19800 loss=-0.769979
epoch=8/8 iter=19900 loss=-0.704956
epoch=8/8 iter=20000 loss=-0.836214
epoch=8/8 iter=20100 loss=-0.882607
epoch=8/8 iter=20200 loss=-0.816098
epoch=8/8 iter=20300 loss=-0.679979
epoch=8/8 iter=20400 loss=-0.871391
epoch=8/8 iter=20500 loss=-0.848377
epoch=8/8 iter=20600 loss=-0.795565
epoch=8/8 iter=20700 loss=-0.890167
epoch=8/8 iter=20800 loss=-0.773204
epoch=8/8 iter=20900 loss=-0.797860
epoch=8/8 iter=21000 loss=-0.744799
epoch=8/8 iter=21100 loss=-0.883827
epoch=8/8 iter=21200 loss=-0.763393
epoch=8/8 iter=21300 loss=-0.764214
epoch=8/8 iter=21400 loss=-0.761115
epoch=8/8 iter=21500 loss=-0.773436
epoch=8/8 iter=21600 loss=-0.857818
epoch=8/8 iter=21700 loss=-0.700109
epoch=8/8 iter=21800 loss=-0.772560
epoch=8/8 iter=21900 loss=-0.729848
epoch=8/8 iter=22000 loss=-0.701202
epoch=8/8 iter=22100 loss=-0.796532
epoch=8/8 iter=22200 loss=-0.830274
epoch=8/8 iter=22300 loss=-0.762581
epoch=8/8 iter=22400 loss=-0.768059
epoch=8/8 train_loss=-0.796689 valid_loss=-0.934399
Training finished. best=/home/likc/Q-former-for-OS/outputs/capd_proactive_stage4_stage7/stage4-stage7-unified-r2/checkpoints/arch-compact/seed_2026/qmap_best.pth last=/home/likc/Q-former-for-OS/outputs/capd_proactive_stage4_stage7/stage4-stage7-unified-r2/checkpoints/arch-compact/seed_2026/qmap_last.pth
/home/likc/.conda/envs/capd/lib/python3.7/site-packages/torch/nn/modules/module.py:1433: UserWarning: Positional args are being deprecated, use kwargs instead. Refer to https://pytorch.org/docs/master/generated/torch.nn.Module.html#torch.nn.Module.state_dict for details.
  "Positional args are being deprecated, use kwargs instead. Refer to "
