QMAP training: train=/home/likc/Q-former-for-OS/outputs/capd_proactive_stage4_stage7/stage4-stage7-unified-r1/datasets/a1d1833d041127173b9a/all_train.jsonl valid=/home/likc/Q-former-for-OS/outputs/capd_proactive_stage4_stage7/stage4-stage7-unified-r1/datasets/a1d1833d041127173b9a/all_validation.jsonl samples=89619/14455 device=cuda
epoch=1/8 iter=1 loss=-0.549314
epoch=1/8 iter=100 loss=-0.562719
epoch=1/8 iter=200 loss=-0.743949
epoch=1/8 iter=300 loss=-0.688741
epoch=1/8 iter=400 loss=-0.853701
epoch=1/8 iter=500 loss=-0.702293
epoch=1/8 iter=600 loss=-0.718925
epoch=1/8 iter=700 loss=-0.819870
epoch=1/8 iter=800 loss=-0.765266
epoch=1/8 iter=900 loss=-0.733151
epoch=1/8 iter=1000 loss=-0.789671
epoch=1/8 iter=1100 loss=-0.803661
epoch=1/8 iter=1200 loss=-0.873062
epoch=1/8 iter=1300 loss=-0.775849
epoch=1/8 iter=1400 loss=-0.773610
epoch=1/8 iter=1500 loss=-0.723194
epoch=1/8 iter=1600 loss=-0.758876
epoch=1/8 iter=1700 loss=-0.720168
epoch=1/8 iter=1800 loss=-0.640510
epoch=1/8 iter=1900 loss=-0.779332
epoch=1/8 iter=2000 loss=-0.719256
epoch=1/8 iter=2100 loss=-0.784553
epoch=1/8 iter=2200 loss=-0.850473
epoch=1/8 iter=2300 loss=-0.797468
epoch=1/8 iter=2400 loss=-0.714107
epoch=1/8 iter=2500 loss=-0.753175
epoch=1/8 iter=2600 loss=-0.817714
epoch=1/8 iter=2700 loss=-0.720231
epoch=1/8 iter=2800 loss=-0.792408
epoch=1/8 train_loss=-0.760417 valid_loss=-0.923930
/home/likc/.conda/envs/capd/lib/python3.7/site-packages/torch/nn/modules/module.py:1433: UserWarning: Positional args are being deprecated, use kwargs instead. Refer to https://pytorch.org/docs/master/generated/torch.nn.Module.html#torch.nn.Module.state_dict for details.
  "Positional args are being deprecated, use kwargs instead. Refer to "
epoch=2/8 iter=2900 loss=-0.772864
epoch=2/8 iter=3000 loss=-0.724379
epoch=2/8 iter=3100 loss=-0.728915
epoch=2/8 iter=3200 loss=-0.825169
epoch=2/8 iter=3300 loss=-0.614070
epoch=2/8 iter=3400 loss=-0.734840
epoch=2/8 iter=3500 loss=-0.816635
epoch=2/8 iter=3600 loss=-0.744044
epoch=2/8 iter=3700 loss=-0.753607
epoch=2/8 iter=3800 loss=-0.773456
epoch=2/8 iter=3900 loss=-0.822630
epoch=2/8 iter=4000 loss=-0.702225
epoch=2/8 iter=4100 loss=-0.751886
epoch=2/8 iter=4200 loss=-0.842034
epoch=2/8 iter=4300 loss=-0.854851
epoch=2/8 iter=4400 loss=-0.928095
epoch=2/8 iter=4500 loss=-0.841090
epoch=2/8 iter=4600 loss=-0.801989
epoch=2/8 iter=4700 loss=-0.875886
epoch=2/8 iter=4800 loss=-0.805536
epoch=2/8 iter=4900 loss=-0.795188
epoch=2/8 iter=5000 loss=-0.734096
epoch=2/8 iter=5100 loss=-0.876564
epoch=2/8 iter=5200 loss=-0.815168
epoch=2/8 iter=5300 loss=-0.752308
epoch=2/8 iter=5400 loss=-0.820985
epoch=2/8 iter=5500 loss=-0.809522
epoch=2/8 iter=5600 loss=-0.782428
epoch=2/8 train_loss=-0.784986 valid_loss=-0.925303
/home/likc/.conda/envs/capd/lib/python3.7/site-packages/torch/nn/modules/module.py:1433: UserWarning: Positional args are being deprecated, use kwargs instead. Refer to https://pytorch.org/docs/master/generated/torch.nn.Module.html#torch.nn.Module.state_dict for details.
  "Positional args are being deprecated, use kwargs instead. Refer to "
epoch=3/8 iter=5700 loss=-0.691792
epoch=3/8 iter=5800 loss=-0.916793
epoch=3/8 iter=5900 loss=-0.834750
epoch=3/8 iter=6000 loss=-0.881696
epoch=3/8 iter=6100 loss=-0.792182
epoch=3/8 iter=6200 loss=-0.847594
epoch=3/8 iter=6300 loss=-0.885389
epoch=3/8 iter=6400 loss=-0.911465
epoch=3/8 iter=6500 loss=-0.734690
epoch=3/8 iter=6600 loss=-0.792966
epoch=3/8 iter=6700 loss=-0.874189
epoch=3/8 iter=6800 loss=-0.797327
epoch=3/8 iter=6900 loss=-0.794473
epoch=3/8 iter=7000 loss=-0.817624
epoch=3/8 iter=7100 loss=-0.818515
epoch=3/8 iter=7200 loss=-0.853100
epoch=3/8 iter=7300 loss=-0.664752
epoch=3/8 iter=7400 loss=-0.758965
epoch=3/8 iter=7500 loss=-0.852308
epoch=3/8 iter=7600 loss=-0.677733
epoch=3/8 iter=7700 loss=-0.728669
epoch=3/8 iter=7800 loss=-0.732318
epoch=3/8 iter=7900 loss=-0.916360
epoch=3/8 iter=8000 loss=-0.730669
epoch=3/8 iter=8100 loss=-0.798508
epoch=3/8 iter=8200 loss=-0.879725
epoch=3/8 iter=8300 loss=-0.634287
epoch=3/8 iter=8400 loss=-0.669823
epoch=3/8 train_loss=-0.787997 valid_loss=-0.926827
/home/likc/.conda/envs/capd/lib/python3.7/site-packages/torch/nn/modules/module.py:1433: UserWarning: Positional args are being deprecated, use kwargs instead. Refer to https://pytorch.org/docs/master/generated/torch.nn.Module.html#torch.nn.Module.state_dict for details.
  "Positional args are being deprecated, use kwargs instead. Refer to "
epoch=4/8 iter=8500 loss=-0.841141
epoch=4/8 iter=8600 loss=-0.910001
epoch=4/8 iter=8700 loss=-0.759455
epoch=4/8 iter=8800 loss=-0.853517
epoch=4/8 iter=8900 loss=-0.880608
epoch=4/8 iter=9000 loss=-0.863545
epoch=4/8 iter=9100 loss=-0.747311
epoch=4/8 iter=9200 loss=-0.796733
epoch=4/8 iter=9300 loss=-0.886843
epoch=4/8 iter=9400 loss=-0.881578
epoch=4/8 iter=9500 loss=-0.871883
epoch=4/8 iter=9600 loss=-0.703752
epoch=4/8 iter=9700 loss=-0.716745
epoch=4/8 iter=9800 loss=-0.822402
epoch=4/8 iter=9900 loss=-0.766218
epoch=4/8 iter=10000 loss=-0.804848
epoch=4/8 iter=10100 loss=-0.646728
epoch=4/8 iter=10200 loss=-0.836255
epoch=4/8 iter=10300 loss=-0.706607
epoch=4/8 iter=10400 loss=-0.824505
epoch=4/8 iter=10500 loss=-0.823709
epoch=4/8 iter=10600 loss=-0.737592
epoch=4/8 iter=10700 loss=-0.728159
epoch=4/8 iter=10800 loss=-0.823111
epoch=4/8 iter=10900 loss=-0.860418
epoch=4/8 iter=11000 loss=-0.678423
epoch=4/8 iter=11100 loss=-0.635622
epoch=4/8 iter=11200 loss=-0.813710
epoch=4/8 train_loss=-0.789518 valid_loss=-0.927551
/home/likc/.conda/envs/capd/lib/python3.7/site-packages/torch/nn/modules/module.py:1433: UserWarning: Positional args are being deprecated, use kwargs instead. Refer to https://pytorch.org/docs/master/generated/torch.nn.Module.html#torch.nn.Module.state_dict for details.
  "Positional args are being deprecated, use kwargs instead. Refer to "
epoch=5/8 iter=11300 loss=-0.859817
epoch=5/8 iter=11400 loss=-0.813785
epoch=5/8 iter=11500 loss=-0.881966
epoch=5/8 iter=11600 loss=-0.784088
epoch=5/8 iter=11700 loss=-0.793279
epoch=5/8 iter=11800 loss=-0.805893
epoch=5/8 iter=11900 loss=-0.805186
epoch=5/8 iter=12000 loss=-0.785556
epoch=5/8 iter=12100 loss=-0.721090
epoch=5/8 iter=12200 loss=-0.843885
epoch=5/8 iter=12300 loss=-0.771240
epoch=5/8 iter=12400 loss=-0.854369
epoch=5/8 iter=12500 loss=-0.823595
epoch=5/8 iter=12600 loss=-0.767805
epoch=5/8 iter=12700 loss=-0.863539
epoch=5/8 iter=12800 loss=-0.692508
epoch=5/8 iter=12900 loss=-0.848139
epoch=5/8 iter=13000 loss=-0.873916
epoch=5/8 iter=13100 loss=-0.805791
epoch=5/8 iter=13200 loss=-0.619099
epoch=5/8 iter=13300 loss=-0.835265
epoch=5/8 iter=13400 loss=-0.718283
epoch=5/8 iter=13500 loss=-0.844205
epoch=5/8 iter=13600 loss=-0.655868
epoch=5/8 iter=13700 loss=-0.676418
epoch=5/8 iter=13800 loss=-0.759931
epoch=5/8 iter=13900 loss=-0.768705
epoch=5/8 iter=14000 loss=-0.726884
epoch=5/8 train_loss=-0.790417 valid_loss=-0.928731
/home/likc/.conda/envs/capd/lib/python3.7/site-packages/torch/nn/modules/module.py:1433: UserWarning: Positional args are being deprecated, use kwargs instead. Refer to https://pytorch.org/docs/master/generated/torch.nn.Module.html#torch.nn.Module.state_dict for details.
  "Positional args are being deprecated, use kwargs instead. Refer to "
epoch=6/8 iter=14100 loss=-0.805736
epoch=6/8 iter=14200 loss=-0.793650
epoch=6/8 iter=14300 loss=-0.738282
epoch=6/8 iter=14400 loss=-0.886826
epoch=6/8 iter=14500 loss=-0.782435
epoch=6/8 iter=14600 loss=-0.825904
epoch=6/8 iter=14700 loss=-0.772350
epoch=6/8 iter=14800 loss=-0.816438
epoch=6/8 iter=14900 loss=-0.621792
epoch=6/8 iter=15000 loss=-0.850260
epoch=6/8 iter=15100 loss=-0.693110
epoch=6/8 iter=15200 loss=-0.889314
epoch=6/8 iter=15300 loss=-0.776370
epoch=6/8 iter=15400 loss=-0.836614
epoch=6/8 iter=15500 loss=-0.845358
epoch=6/8 iter=15600 loss=-0.797208
epoch=6/8 iter=15700 loss=-0.862883
epoch=6/8 iter=15800 loss=-0.770466
epoch=6/8 iter=15900 loss=-0.820340
epoch=6/8 iter=16000 loss=-0.705027
epoch=6/8 iter=16100 loss=-0.712584
epoch=6/8 iter=16200 loss=-0.729470
epoch=6/8 iter=16300 loss=-0.817305
epoch=6/8 iter=16400 loss=-0.922120
epoch=6/8 iter=16500 loss=-0.824842
epoch=6/8 iter=16600 loss=-0.773255
epoch=6/8 iter=16700 loss=-0.846620
epoch=6/8 iter=16800 loss=-0.766651
epoch=6/8 train_loss=-0.791301 valid_loss=-0.931684
/home/likc/.conda/envs/capd/lib/python3.7/site-packages/torch/nn/modules/module.py:1433: UserWarning: Positional args are being deprecated, use kwargs instead. Refer to https://pytorch.org/docs/master/generated/torch.nn.Module.html#torch.nn.Module.state_dict for details.
  "Positional args are being deprecated, use kwargs instead. Refer to "
epoch=7/8 iter=16900 loss=-0.863343
epoch=7/8 iter=17000 loss=-0.728806
epoch=7/8 iter=17100 loss=-0.888069
epoch=7/8 iter=17200 loss=-0.740368
epoch=7/8 iter=17300 loss=-0.906725
epoch=7/8 iter=17400 loss=-0.698314
epoch=7/8 iter=17500 loss=-0.744986
epoch=7/8 iter=17600 loss=-0.792069
epoch=7/8 iter=17700 loss=-0.702729
epoch=7/8 iter=17800 loss=-0.796063
epoch=7/8 iter=17900 loss=-0.735583
epoch=7/8 iter=18000 loss=-0.697545
epoch=7/8 iter=18100 loss=-0.630837
epoch=7/8 iter=18200 loss=-0.719039
epoch=7/8 iter=18300 loss=-0.754103
epoch=7/8 iter=18400 loss=-0.646652
epoch=7/8 iter=18500 loss=-0.886600
epoch=7/8 iter=18600 loss=-0.758250
epoch=7/8 iter=18700 loss=-0.880860
epoch=7/8 iter=18800 loss=-0.806809
epoch=7/8 iter=18900 loss=-0.914062
epoch=7/8 iter=19000 loss=-0.891167
epoch=7/8 iter=19100 loss=-0.801482
epoch=7/8 iter=19200 loss=-0.822334
epoch=7/8 iter=19300 loss=-0.877353
epoch=7/8 iter=19400 loss=-0.898276
epoch=7/8 iter=19500 loss=-0.882481
epoch=7/8 iter=19600 loss=-0.845181
epoch=7/8 train_loss=-0.791915 valid_loss=-0.931215
/home/likc/.conda/envs/capd/lib/python3.7/site-packages/torch/nn/modules/module.py:1433: UserWarning: Positional args are being deprecated, use kwargs instead. Refer to https://pytorch.org/docs/master/generated/torch.nn.Module.html#torch.nn.Module.state_dict for details.
  "Positional args are being deprecated, use kwargs instead. Refer to "
epoch=8/8 iter=19700 loss=-0.701714
epoch=8/8 iter=19800 loss=-0.731757
epoch=8/8 iter=19900 loss=-0.825542
epoch=8/8 iter=20000 loss=-0.794152
epoch=8/8 iter=20100 loss=-0.893626
epoch=8/8 iter=20200 loss=-0.851763
epoch=8/8 iter=20300 loss=-0.848806
epoch=8/8 iter=20400 loss=-0.853251
epoch=8/8 iter=20500 loss=-0.542049
epoch=8/8 iter=20600 loss=-0.826973
epoch=8/8 iter=20700 loss=-0.891481
epoch=8/8 iter=20800 loss=-0.805017
epoch=8/8 iter=20900 loss=-0.793753
epoch=8/8 iter=21000 loss=-0.734896
epoch=8/8 iter=21100 loss=-0.804583
epoch=8/8 iter=21200 loss=-0.889758
epoch=8/8 iter=21300 loss=-0.826952
epoch=8/8 iter=21400 loss=-0.861941
epoch=8/8 iter=21500 loss=-0.835164
epoch=8/8 iter=21600 loss=-0.885026
epoch=8/8 iter=21700 loss=-0.814636
epoch=8/8 iter=21800 loss=-0.857278
epoch=8/8 iter=21900 loss=-0.843670
epoch=8/8 iter=22000 loss=-0.776383
epoch=8/8 iter=22100 loss=-0.733358
epoch=8/8 iter=22200 loss=-0.762374
epoch=8/8 iter=22300 loss=-0.880264
epoch=8/8 iter=22400 loss=-0.847047
epoch=8/8 train_loss=-0.792283 valid_loss=-0.930980
Training finished. best=/home/likc/Q-former-for-OS/outputs/capd_proactive_stage4_stage7/stage4-stage7-unified-r2/checkpoints/sem-L512/seed_3136859/qmap_best.pth last=/home/likc/Q-former-for-OS/outputs/capd_proactive_stage4_stage7/stage4-stage7-unified-r2/checkpoints/sem-L512/seed_3136859/qmap_last.pth
/home/likc/.conda/envs/capd/lib/python3.7/site-packages/torch/nn/modules/module.py:1433: UserWarning: Positional args are being deprecated, use kwargs instead. Refer to https://pytorch.org/docs/master/generated/torch.nn.Module.html#torch.nn.Module.state_dict for details.
  "Positional args are being deprecated, use kwargs instead. Refer to "
