QMAP training: train=/home/likc/Q-former-for-OS/outputs/capd_proactive_stage4_stage7/stage4-stage7-unified-r1/datasets/da0dab0afec1945a70ef/all_train.jsonl valid=/home/likc/Q-former-for-OS/outputs/capd_proactive_stage4_stage7/stage4-stage7-unified-r1/datasets/da0dab0afec1945a70ef/all_validation.jsonl samples=89651/14469 device=cuda
epoch=1/8 iter=1 loss=-0.578092
epoch=1/8 iter=100 loss=-0.729800
epoch=1/8 iter=200 loss=-0.736193
epoch=1/8 iter=300 loss=-0.741212
epoch=1/8 iter=400 loss=-0.708072
epoch=1/8 iter=500 loss=-0.742350
epoch=1/8 iter=600 loss=-0.784195
epoch=1/8 iter=700 loss=-0.669633
epoch=1/8 iter=800 loss=-0.653748
epoch=1/8 iter=900 loss=-0.774836
epoch=1/8 iter=1000 loss=-0.892749
epoch=1/8 iter=1100 loss=-0.863145
epoch=1/8 iter=1200 loss=-0.689276
epoch=1/8 iter=1300 loss=-0.767997
epoch=1/8 iter=1400 loss=-0.788432
epoch=1/8 iter=1500 loss=-0.843489
epoch=1/8 iter=1600 loss=-0.782193
epoch=1/8 iter=1700 loss=-0.692453
epoch=1/8 iter=1800 loss=-0.921830
epoch=1/8 iter=1900 loss=-0.837995
epoch=1/8 iter=2000 loss=-0.625896
epoch=1/8 iter=2100 loss=-0.849777
epoch=1/8 iter=2200 loss=-0.725178
epoch=1/8 iter=2300 loss=-0.702189
epoch=1/8 iter=2400 loss=-0.816586
epoch=1/8 iter=2500 loss=-0.859250
epoch=1/8 iter=2600 loss=-0.770397
epoch=1/8 iter=2700 loss=-0.638105
epoch=1/8 iter=2800 loss=-0.965474
epoch=1/8 train_loss=-0.761956 valid_loss=-0.921354
/home/likc/.conda/envs/capd/lib/python3.7/site-packages/torch/nn/modules/module.py:1433: UserWarning: Positional args are being deprecated, use kwargs instead. Refer to https://pytorch.org/docs/master/generated/torch.nn.Module.html#torch.nn.Module.state_dict for details.
  "Positional args are being deprecated, use kwargs instead. Refer to "
epoch=2/8 iter=2900 loss=-0.871617
epoch=2/8 iter=3000 loss=-0.710682
epoch=2/8 iter=3100 loss=-0.694147
epoch=2/8 iter=3200 loss=-0.685930
epoch=2/8 iter=3300 loss=-0.834201
epoch=2/8 iter=3400 loss=-0.862169
epoch=2/8 iter=3500 loss=-0.717584
epoch=2/8 iter=3600 loss=-0.746248
epoch=2/8 iter=3700 loss=-0.832113
epoch=2/8 iter=3800 loss=-0.755553
epoch=2/8 iter=3900 loss=-0.695399
epoch=2/8 iter=4000 loss=-0.842705
epoch=2/8 iter=4100 loss=-0.811958
epoch=2/8 iter=4200 loss=-0.827675
epoch=2/8 iter=4300 loss=-0.704889
epoch=2/8 iter=4400 loss=-0.721411
epoch=2/8 iter=4500 loss=-0.822010
epoch=2/8 iter=4600 loss=-0.747570
epoch=2/8 iter=4700 loss=-0.838588
epoch=2/8 iter=4800 loss=-0.845530
epoch=2/8 iter=4900 loss=-0.789244
epoch=2/8 iter=5000 loss=-0.762748
epoch=2/8 iter=5100 loss=-0.903827
epoch=2/8 iter=5200 loss=-0.702768
epoch=2/8 iter=5300 loss=-0.854057
epoch=2/8 iter=5400 loss=-0.875761
epoch=2/8 iter=5500 loss=-0.870636
epoch=2/8 iter=5600 loss=-0.798004
epoch=2/8 train_loss=-0.784332 valid_loss=-0.922988
/home/likc/.conda/envs/capd/lib/python3.7/site-packages/torch/nn/modules/module.py:1433: UserWarning: Positional args are being deprecated, use kwargs instead. Refer to https://pytorch.org/docs/master/generated/torch.nn.Module.html#torch.nn.Module.state_dict for details.
  "Positional args are being deprecated, use kwargs instead. Refer to "
epoch=3/8 iter=5700 loss=-0.755781
epoch=3/8 iter=5800 loss=-0.853519
epoch=3/8 iter=5900 loss=-0.792123
epoch=3/8 iter=6000 loss=-0.812538
epoch=3/8 iter=6100 loss=-0.788951
epoch=3/8 iter=6200 loss=-0.712305
epoch=3/8 iter=6300 loss=-0.829723
epoch=3/8 iter=6400 loss=-0.866041
epoch=3/8 iter=6500 loss=-0.935698
epoch=3/8 iter=6600 loss=-0.709121
epoch=3/8 iter=6700 loss=-0.689092
epoch=3/8 iter=6800 loss=-0.798552
epoch=3/8 iter=6900 loss=-0.692193
epoch=3/8 iter=7000 loss=-0.783759
epoch=3/8 iter=7100 loss=-0.727148
epoch=3/8 iter=7200 loss=-0.913964
epoch=3/8 iter=7300 loss=-0.799865
epoch=3/8 iter=7400 loss=-0.630617
epoch=3/8 iter=7500 loss=-0.777145
epoch=3/8 iter=7600 loss=-0.841461
epoch=3/8 iter=7700 loss=-0.854751
epoch=3/8 iter=7800 loss=-0.781295
epoch=3/8 iter=7900 loss=-0.854324
epoch=3/8 iter=8000 loss=-0.871639
epoch=3/8 iter=8100 loss=-0.843698
epoch=3/8 iter=8200 loss=-0.854488
epoch=3/8 iter=8300 loss=-0.883097
epoch=3/8 iter=8400 loss=-0.833488
epoch=3/8 train_loss=-0.786987 valid_loss=-0.925803
/home/likc/.conda/envs/capd/lib/python3.7/site-packages/torch/nn/modules/module.py:1433: UserWarning: Positional args are being deprecated, use kwargs instead. Refer to https://pytorch.org/docs/master/generated/torch.nn.Module.html#torch.nn.Module.state_dict for details.
  "Positional args are being deprecated, use kwargs instead. Refer to "
epoch=4/8 iter=8500 loss=-0.946630
epoch=4/8 iter=8600 loss=-0.807296
epoch=4/8 iter=8700 loss=-0.853484
epoch=4/8 iter=8800 loss=-0.672896
epoch=4/8 iter=8900 loss=-0.651434
epoch=4/8 iter=9000 loss=-0.821534
epoch=4/8 iter=9100 loss=-0.811649
epoch=4/8 iter=9200 loss=-0.814939
epoch=4/8 iter=9300 loss=-0.807480
epoch=4/8 iter=9400 loss=-0.790743
epoch=4/8 iter=9500 loss=-0.752557
epoch=4/8 iter=9600 loss=-0.714292
epoch=4/8 iter=9700 loss=-0.733446
epoch=4/8 iter=9800 loss=-0.796815
epoch=4/8 iter=9900 loss=-0.875532
epoch=4/8 iter=10000 loss=-0.830125
epoch=4/8 iter=10100 loss=-0.853682
epoch=4/8 iter=10200 loss=-0.789121
epoch=4/8 iter=10300 loss=-0.916903
epoch=4/8 iter=10400 loss=-0.903830
epoch=4/8 iter=10500 loss=-0.742462
epoch=4/8 iter=10600 loss=-0.714309
epoch=4/8 iter=10700 loss=-0.792753
epoch=4/8 iter=10800 loss=-0.824270
epoch=4/8 iter=10900 loss=-0.765717
epoch=4/8 iter=11000 loss=-0.883493
epoch=4/8 iter=11100 loss=-0.905473
epoch=4/8 iter=11200 loss=-0.769267
epoch=4/8 train_loss=-0.788627 valid_loss=-0.926913
/home/likc/.conda/envs/capd/lib/python3.7/site-packages/torch/nn/modules/module.py:1433: UserWarning: Positional args are being deprecated, use kwargs instead. Refer to https://pytorch.org/docs/master/generated/torch.nn.Module.html#torch.nn.Module.state_dict for details.
  "Positional args are being deprecated, use kwargs instead. Refer to "
epoch=5/8 iter=11300 loss=-0.823094
epoch=5/8 iter=11400 loss=-0.789711
epoch=5/8 iter=11500 loss=-0.760417
epoch=5/8 iter=11600 loss=-0.790275
epoch=5/8 iter=11700 loss=-0.806006
epoch=5/8 iter=11800 loss=-0.688304
epoch=5/8 iter=11900 loss=-0.734445
epoch=5/8 iter=12000 loss=-0.732773
epoch=5/8 iter=12100 loss=-0.846789
epoch=5/8 iter=12200 loss=-0.815632
epoch=5/8 iter=12300 loss=-0.856900
epoch=5/8 iter=12400 loss=-0.785296
epoch=5/8 iter=12500 loss=-0.762157
epoch=5/8 iter=12600 loss=-0.925637
epoch=5/8 iter=12700 loss=-0.861745
epoch=5/8 iter=12800 loss=-0.814266
epoch=5/8 iter=12900 loss=-0.608316
epoch=5/8 iter=13000 loss=-0.692999
epoch=5/8 iter=13100 loss=-0.828603
epoch=5/8 iter=13200 loss=-0.904112
epoch=5/8 iter=13300 loss=-0.766429
epoch=5/8 iter=13400 loss=-0.789084
epoch=5/8 iter=13500 loss=-0.753396
epoch=5/8 iter=13600 loss=-0.855842
epoch=5/8 iter=13700 loss=-0.855734
epoch=5/8 iter=13800 loss=-0.733485
epoch=5/8 iter=13900 loss=-0.788601
epoch=5/8 iter=14000 loss=-0.800679
epoch=5/8 train_loss=-0.789825 valid_loss=-0.928556
/home/likc/.conda/envs/capd/lib/python3.7/site-packages/torch/nn/modules/module.py:1433: UserWarning: Positional args are being deprecated, use kwargs instead. Refer to https://pytorch.org/docs/master/generated/torch.nn.Module.html#torch.nn.Module.state_dict for details.
  "Positional args are being deprecated, use kwargs instead. Refer to "
epoch=6/8 iter=14100 loss=-0.806189
epoch=6/8 iter=14200 loss=-0.835626
epoch=6/8 iter=14300 loss=-0.852065
epoch=6/8 iter=14400 loss=-0.830362
epoch=6/8 iter=14500 loss=-0.853512
epoch=6/8 iter=14600 loss=-0.825017
epoch=6/8 iter=14700 loss=-0.807794
epoch=6/8 iter=14800 loss=-0.833918
epoch=6/8 iter=14900 loss=-0.714748
epoch=6/8 iter=15000 loss=-0.885600
epoch=6/8 iter=15100 loss=-0.762189
epoch=6/8 iter=15200 loss=-0.724450
epoch=6/8 iter=15300 loss=-0.797386
epoch=6/8 iter=15400 loss=-0.787854
epoch=6/8 iter=15500 loss=-0.844691
epoch=6/8 iter=15600 loss=-0.838391
epoch=6/8 iter=15700 loss=-0.827455
epoch=6/8 iter=15800 loss=-0.800814
epoch=6/8 iter=15900 loss=-0.756034
epoch=6/8 iter=16000 loss=-0.760598
epoch=6/8 iter=16100 loss=-0.885554
epoch=6/8 iter=16200 loss=-0.643477
epoch=6/8 iter=16300 loss=-0.758339
epoch=6/8 iter=16400 loss=-0.701439
epoch=6/8 iter=16500 loss=-0.789134
epoch=6/8 iter=16600 loss=-0.729173
epoch=6/8 iter=16700 loss=-0.828587
epoch=6/8 iter=16800 loss=-0.821973
epoch=6/8 train_loss=-0.791114 valid_loss=-0.930546
/home/likc/.conda/envs/capd/lib/python3.7/site-packages/torch/nn/modules/module.py:1433: UserWarning: Positional args are being deprecated, use kwargs instead. Refer to https://pytorch.org/docs/master/generated/torch.nn.Module.html#torch.nn.Module.state_dict for details.
  "Positional args are being deprecated, use kwargs instead. Refer to "
epoch=7/8 iter=16900 loss=-0.768621
epoch=7/8 iter=17000 loss=-0.763340
epoch=7/8 iter=17100 loss=-0.706885
epoch=7/8 iter=17200 loss=-0.854917
epoch=7/8 iter=17300 loss=-0.804749
epoch=7/8 iter=17400 loss=-0.798691
epoch=7/8 iter=17500 loss=-0.862192
epoch=7/8 iter=17600 loss=-0.861639
epoch=7/8 iter=17700 loss=-0.867790
epoch=7/8 iter=17800 loss=-0.680471
epoch=7/8 iter=17900 loss=-0.920266
epoch=7/8 iter=18000 loss=-0.764207
epoch=7/8 iter=18100 loss=-0.731181
epoch=7/8 iter=18200 loss=-0.810461
epoch=7/8 iter=18300 loss=-0.763858
epoch=7/8 iter=18400 loss=-0.838989
epoch=7/8 iter=18500 loss=-0.851333
epoch=7/8 iter=18600 loss=-0.828124
epoch=7/8 iter=18700 loss=-0.879016
epoch=7/8 iter=18800 loss=-0.817290
epoch=7/8 iter=18900 loss=-0.797804
epoch=7/8 iter=19000 loss=-0.821305
epoch=7/8 iter=19100 loss=-0.690674
epoch=7/8 iter=19200 loss=-0.867292
epoch=7/8 iter=19300 loss=-0.795014
epoch=7/8 iter=19400 loss=-0.670640
epoch=7/8 iter=19500 loss=-0.818390
epoch=7/8 iter=19600 loss=-0.805946
epoch=7/8 train_loss=-0.792526 valid_loss=-0.930934
/home/likc/.conda/envs/capd/lib/python3.7/site-packages/torch/nn/modules/module.py:1433: UserWarning: Positional args are being deprecated, use kwargs instead. Refer to https://pytorch.org/docs/master/generated/torch.nn.Module.html#torch.nn.Module.state_dict for details.
  "Positional args are being deprecated, use kwargs instead. Refer to "
epoch=8/8 iter=19700 loss=-0.738384
epoch=8/8 iter=19800 loss=-0.715538
epoch=8/8 iter=19900 loss=-0.815302
epoch=8/8 iter=20000 loss=-0.894404
epoch=8/8 iter=20100 loss=-0.706028
epoch=8/8 iter=20200 loss=-0.830648
epoch=8/8 iter=20300 loss=-0.784481
epoch=8/8 iter=20400 loss=-0.820419
epoch=8/8 iter=20500 loss=-0.890844
epoch=8/8 iter=20600 loss=-0.759826
epoch=8/8 iter=20700 loss=-0.888347
epoch=8/8 iter=20800 loss=-0.795821
epoch=8/8 iter=20900 loss=-0.832513
epoch=8/8 iter=21000 loss=-0.830337
epoch=8/8 iter=21100 loss=-0.759486
epoch=8/8 iter=21200 loss=-0.806274
epoch=8/8 iter=21300 loss=-0.731008
epoch=8/8 iter=21400 loss=-0.822876
epoch=8/8 iter=21500 loss=-0.772550
epoch=8/8 iter=21600 loss=-0.797809
epoch=8/8 iter=21700 loss=-0.738781
epoch=8/8 iter=21800 loss=-0.830199
epoch=8/8 iter=21900 loss=-0.890141
epoch=8/8 iter=22000 loss=-0.797196
epoch=8/8 iter=22100 loss=-0.680174
epoch=8/8 iter=22200 loss=-0.820721
epoch=8/8 iter=22300 loss=-0.644982
epoch=8/8 iter=22400 loss=-0.754293
epoch=8/8 train_loss=-0.793518 valid_loss=-0.933228
Training finished. best=/home/likc/Q-former-for-OS/outputs/capd_proactive_stage4_stage7/stage4-stage7-unified-r2/checkpoints/arch-deep/seed_3136859/qmap_best.pth last=/home/likc/Q-former-for-OS/outputs/capd_proactive_stage4_stage7/stage4-stage7-unified-r2/checkpoints/arch-deep/seed_3136859/qmap_last.pth
/home/likc/.conda/envs/capd/lib/python3.7/site-packages/torch/nn/modules/module.py:1433: UserWarning: Positional args are being deprecated, use kwargs instead. Refer to https://pytorch.org/docs/master/generated/torch.nn.Module.html#torch.nn.Module.state_dict for details.
  "Positional args are being deprecated, use kwargs instead. Refer to "
