QMAP training: train=/home/likc/Q-former-for-OS/outputs/capd_proactive_stage4_stage7/stage4-stage7-unified-r1/datasets/4c085004fc9b77a5c87e/all_train.jsonl valid=/home/likc/Q-former-for-OS/outputs/capd_proactive_stage4_stage7/stage4-stage7-unified-r1/datasets/4c085004fc9b77a5c87e/all_validation.jsonl samples=89651/14469 device=cuda
epoch=1/8 iter=1 loss=-0.550000
epoch=1/8 iter=100 loss=-0.567114
epoch=1/8 iter=200 loss=-0.658356
epoch=1/8 iter=300 loss=-0.670610
epoch=1/8 iter=400 loss=-0.732986
epoch=1/8 iter=500 loss=-0.771514
epoch=1/8 iter=600 loss=-0.903923
epoch=1/8 iter=700 loss=-0.802549
epoch=1/8 iter=800 loss=-0.729681
epoch=1/8 iter=900 loss=-0.652264
epoch=1/8 iter=1000 loss=-0.804144
epoch=1/8 iter=1100 loss=-0.864510
epoch=1/8 iter=1200 loss=-0.893549
epoch=1/8 iter=1300 loss=-0.811064
epoch=1/8 iter=1400 loss=-0.711321
epoch=1/8 iter=1500 loss=-0.845167
epoch=1/8 iter=1600 loss=-0.866082
epoch=1/8 iter=1700 loss=-0.784509
epoch=1/8 iter=1800 loss=-0.763805
epoch=1/8 iter=1900 loss=-0.767241
epoch=1/8 iter=2000 loss=-0.810318
epoch=1/8 iter=2100 loss=-0.727198
epoch=1/8 iter=2200 loss=-0.759294
epoch=1/8 iter=2300 loss=-0.928512
epoch=1/8 iter=2400 loss=-0.752652
epoch=1/8 iter=2500 loss=-0.788030
epoch=1/8 iter=2600 loss=-0.726089
epoch=1/8 iter=2700 loss=-0.853067
epoch=1/8 iter=2800 loss=-0.702396
epoch=1/8 train_loss=-0.759495 valid_loss=-0.923206
/home/likc/.conda/envs/capd/lib/python3.7/site-packages/torch/nn/modules/module.py:1433: UserWarning: Positional args are being deprecated, use kwargs instead. Refer to https://pytorch.org/docs/master/generated/torch.nn.Module.html#torch.nn.Module.state_dict for details.
  "Positional args are being deprecated, use kwargs instead. Refer to "
epoch=2/8 iter=2900 loss=-0.864222
epoch=2/8 iter=3000 loss=-0.700549
epoch=2/8 iter=3100 loss=-0.707583
epoch=2/8 iter=3200 loss=-0.814137
epoch=2/8 iter=3300 loss=-0.668005
epoch=2/8 iter=3400 loss=-0.795028
epoch=2/8 iter=3500 loss=-0.823610
epoch=2/8 iter=3600 loss=-0.782946
epoch=2/8 iter=3700 loss=-0.769670
epoch=2/8 iter=3800 loss=-0.598141
epoch=2/8 iter=3900 loss=-0.704883
epoch=2/8 iter=4000 loss=-0.901854
epoch=2/8 iter=4100 loss=-0.600549
epoch=2/8 iter=4200 loss=-0.792767
epoch=2/8 iter=4300 loss=-0.761164
epoch=2/8 iter=4400 loss=-0.667190
epoch=2/8 iter=4500 loss=-0.727065
epoch=2/8 iter=4600 loss=-0.709291
epoch=2/8 iter=4700 loss=-0.753379
epoch=2/8 iter=4800 loss=-0.831262
epoch=2/8 iter=4900 loss=-0.753196
epoch=2/8 iter=5000 loss=-0.824262
epoch=2/8 iter=5100 loss=-0.911210
epoch=2/8 iter=5200 loss=-0.792302
epoch=2/8 iter=5300 loss=-0.758572
epoch=2/8 iter=5400 loss=-0.863736
epoch=2/8 iter=5500 loss=-0.697054
epoch=2/8 iter=5600 loss=-0.726560
epoch=2/8 train_loss=-0.784109 valid_loss=-0.924403
/home/likc/.conda/envs/capd/lib/python3.7/site-packages/torch/nn/modules/module.py:1433: UserWarning: Positional args are being deprecated, use kwargs instead. Refer to https://pytorch.org/docs/master/generated/torch.nn.Module.html#torch.nn.Module.state_dict for details.
  "Positional args are being deprecated, use kwargs instead. Refer to "
epoch=3/8 iter=5700 loss=-0.794662
epoch=3/8 iter=5800 loss=-0.793029
epoch=3/8 iter=5900 loss=-0.852111
epoch=3/8 iter=6000 loss=-0.818782
epoch=3/8 iter=6100 loss=-0.886049
epoch=3/8 iter=6200 loss=-0.777380
epoch=3/8 iter=6300 loss=-0.797211
epoch=3/8 iter=6400 loss=-0.699887
epoch=3/8 iter=6500 loss=-0.844888
epoch=3/8 iter=6600 loss=-0.789088
epoch=3/8 iter=6700 loss=-0.848093
epoch=3/8 iter=6800 loss=-0.827557
epoch=3/8 iter=6900 loss=-0.823666
epoch=3/8 iter=7000 loss=-0.834105
epoch=3/8 iter=7100 loss=-0.894414
epoch=3/8 iter=7200 loss=-0.873734
epoch=3/8 iter=7300 loss=-0.909847
epoch=3/8 iter=7400 loss=-0.751606
epoch=3/8 iter=7500 loss=-0.872515
epoch=3/8 iter=7600 loss=-0.790171
epoch=3/8 iter=7700 loss=-0.799360
epoch=3/8 iter=7800 loss=-0.894612
epoch=3/8 iter=7900 loss=-0.857831
epoch=3/8 iter=8000 loss=-0.934349
epoch=3/8 iter=8100 loss=-0.732065
epoch=3/8 iter=8200 loss=-0.795516
epoch=3/8 iter=8300 loss=-0.769520
epoch=3/8 iter=8400 loss=-0.885647
epoch=3/8 train_loss=-0.787779 valid_loss=-0.926326
/home/likc/.conda/envs/capd/lib/python3.7/site-packages/torch/nn/modules/module.py:1433: UserWarning: Positional args are being deprecated, use kwargs instead. Refer to https://pytorch.org/docs/master/generated/torch.nn.Module.html#torch.nn.Module.state_dict for details.
  "Positional args are being deprecated, use kwargs instead. Refer to "
epoch=4/8 iter=8500 loss=-0.795015
epoch=4/8 iter=8600 loss=-0.738653
epoch=4/8 iter=8700 loss=-0.871407
epoch=4/8 iter=8800 loss=-0.875460
epoch=4/8 iter=8900 loss=-0.793260
epoch=4/8 iter=9000 loss=-0.928203
epoch=4/8 iter=9100 loss=-0.631005
epoch=4/8 iter=9200 loss=-0.735358
epoch=4/8 iter=9300 loss=-0.826293
epoch=4/8 iter=9400 loss=-0.915283
epoch=4/8 iter=9500 loss=-0.800572
epoch=4/8 iter=9600 loss=-0.843938
epoch=4/8 iter=9700 loss=-0.719764
epoch=4/8 iter=9800 loss=-0.694698
epoch=4/8 iter=9900 loss=-0.697261
epoch=4/8 iter=10000 loss=-0.854957
epoch=4/8 iter=10100 loss=-0.836940
epoch=4/8 iter=10200 loss=-0.793396
epoch=4/8 iter=10300 loss=-0.736354
epoch=4/8 iter=10400 loss=-0.722870
epoch=4/8 iter=10500 loss=-0.758859
epoch=4/8 iter=10600 loss=-0.703365
epoch=4/8 iter=10700 loss=-0.734036
epoch=4/8 iter=10800 loss=-0.807921
epoch=4/8 iter=10900 loss=-0.890009
epoch=4/8 iter=11000 loss=-0.845414
epoch=4/8 iter=11100 loss=-0.822056
epoch=4/8 iter=11200 loss=-0.817737
epoch=4/8 train_loss=-0.790318 valid_loss=-0.927059
/home/likc/.conda/envs/capd/lib/python3.7/site-packages/torch/nn/modules/module.py:1433: UserWarning: Positional args are being deprecated, use kwargs instead. Refer to https://pytorch.org/docs/master/generated/torch.nn.Module.html#torch.nn.Module.state_dict for details.
  "Positional args are being deprecated, use kwargs instead. Refer to "
epoch=5/8 iter=11300 loss=-0.823316
epoch=5/8 iter=11400 loss=-0.894470
epoch=5/8 iter=11500 loss=-0.707851
epoch=5/8 iter=11600 loss=-0.847691
epoch=5/8 iter=11700 loss=-0.860278
epoch=5/8 iter=11800 loss=-0.765541
epoch=5/8 iter=11900 loss=-0.818964
epoch=5/8 iter=12000 loss=-0.825788
epoch=5/8 iter=12100 loss=-0.767078
epoch=5/8 iter=12200 loss=-0.703751
epoch=5/8 iter=12300 loss=-0.797931
epoch=5/8 iter=12400 loss=-0.886321
epoch=5/8 iter=12500 loss=-0.797216
epoch=5/8 iter=12600 loss=-0.861127
epoch=5/8 iter=12700 loss=-0.738610
epoch=5/8 iter=12800 loss=-0.723070
epoch=5/8 iter=12900 loss=-0.820676
epoch=5/8 iter=13000 loss=-0.807144
epoch=5/8 iter=13100 loss=-0.726280
epoch=5/8 iter=13200 loss=-0.830418
epoch=5/8 iter=13300 loss=-0.822096
epoch=5/8 iter=13400 loss=-0.680938
epoch=5/8 iter=13500 loss=-0.830724
epoch=5/8 iter=13600 loss=-0.784198
epoch=5/8 iter=13700 loss=-0.755957
epoch=5/8 iter=13800 loss=-0.853429
epoch=5/8 iter=13900 loss=-0.609280
epoch=5/8 iter=14000 loss=-0.820360
epoch=5/8 train_loss=-0.791681 valid_loss=-0.929099
/home/likc/.conda/envs/capd/lib/python3.7/site-packages/torch/nn/modules/module.py:1433: UserWarning: Positional args are being deprecated, use kwargs instead. Refer to https://pytorch.org/docs/master/generated/torch.nn.Module.html#torch.nn.Module.state_dict for details.
  "Positional args are being deprecated, use kwargs instead. Refer to "
epoch=6/8 iter=14100 loss=-0.701283
epoch=6/8 iter=14200 loss=-0.777869
epoch=6/8 iter=14300 loss=-0.792317
epoch=6/8 iter=14400 loss=-0.738863
epoch=6/8 iter=14500 loss=-0.759676
epoch=6/8 iter=14600 loss=-0.832370
epoch=6/8 iter=14700 loss=-0.700583
epoch=6/8 iter=14800 loss=-0.646458
epoch=6/8 iter=14900 loss=-0.831210
epoch=6/8 iter=15000 loss=-0.767276
epoch=6/8 iter=15100 loss=-0.709869
epoch=6/8 iter=15200 loss=-0.832436
epoch=6/8 iter=15300 loss=-0.852782
epoch=6/8 iter=15400 loss=-0.785945
epoch=6/8 iter=15500 loss=-0.662830
epoch=6/8 iter=15600 loss=-0.712825
epoch=6/8 iter=15700 loss=-0.767326
epoch=6/8 iter=15800 loss=-0.765203
epoch=6/8 iter=15900 loss=-0.763121
epoch=6/8 iter=16000 loss=-0.832217
epoch=6/8 iter=16100 loss=-0.773863
epoch=6/8 iter=16200 loss=-0.889368
epoch=6/8 iter=16300 loss=-0.769019
epoch=6/8 iter=16400 loss=-0.880476
epoch=6/8 iter=16500 loss=-0.831813
epoch=6/8 iter=16600 loss=-0.830755
epoch=6/8 iter=16700 loss=-0.910027
epoch=6/8 iter=16800 loss=-0.795194
epoch=6/8 train_loss=-0.792736 valid_loss=-0.930028
/home/likc/.conda/envs/capd/lib/python3.7/site-packages/torch/nn/modules/module.py:1433: UserWarning: Positional args are being deprecated, use kwargs instead. Refer to https://pytorch.org/docs/master/generated/torch.nn.Module.html#torch.nn.Module.state_dict for details.
  "Positional args are being deprecated, use kwargs instead. Refer to "
epoch=7/8 iter=16900 loss=-0.822497
epoch=7/8 iter=17000 loss=-0.639630
epoch=7/8 iter=17100 loss=-0.834717
epoch=7/8 iter=17200 loss=-0.741835
epoch=7/8 iter=17300 loss=-0.793605
epoch=7/8 iter=17400 loss=-0.745222
epoch=7/8 iter=17500 loss=-0.802353
epoch=7/8 iter=17600 loss=-0.880893
epoch=7/8 iter=17700 loss=-0.776150
epoch=7/8 iter=17800 loss=-0.897418
epoch=7/8 iter=17900 loss=-0.860179
epoch=7/8 iter=18000 loss=-0.796629
epoch=7/8 iter=18100 loss=-0.895001
epoch=7/8 iter=18200 loss=-0.738507
epoch=7/8 iter=18300 loss=-0.620060
epoch=7/8 iter=18400 loss=-0.754510
epoch=7/8 iter=18500 loss=-0.825313
epoch=7/8 iter=18600 loss=-0.797475
epoch=7/8 iter=18700 loss=-0.831187
epoch=7/8 iter=18800 loss=-0.857415
epoch=7/8 iter=18900 loss=-0.796308
epoch=7/8 iter=19000 loss=-0.853157
epoch=7/8 iter=19100 loss=-0.675267
epoch=7/8 iter=19200 loss=-0.857304
epoch=7/8 iter=19300 loss=-0.674632
epoch=7/8 iter=19400 loss=-0.770913
epoch=7/8 iter=19500 loss=-0.749231
epoch=7/8 iter=19600 loss=-0.832557
epoch=7/8 train_loss=-0.793657 valid_loss=-0.929946
/home/likc/.conda/envs/capd/lib/python3.7/site-packages/torch/nn/modules/module.py:1433: UserWarning: Positional args are being deprecated, use kwargs instead. Refer to https://pytorch.org/docs/master/generated/torch.nn.Module.html#torch.nn.Module.state_dict for details.
  "Positional args are being deprecated, use kwargs instead. Refer to "
epoch=8/8 iter=19700 loss=-0.859734
epoch=8/8 iter=19800 loss=-0.648720
epoch=8/8 iter=19900 loss=-0.795171
epoch=8/8 iter=20000 loss=-0.791674
epoch=8/8 iter=20100 loss=-0.852280
epoch=8/8 iter=20200 loss=-0.776190
epoch=8/8 iter=20300 loss=-0.892965
epoch=8/8 iter=20400 loss=-0.761977
epoch=8/8 iter=20500 loss=-0.926502
epoch=8/8 iter=20600 loss=-0.799334
epoch=8/8 iter=20700 loss=-0.823618
epoch=8/8 iter=20800 loss=-0.791826
epoch=8/8 iter=20900 loss=-0.862242
epoch=8/8 iter=21000 loss=-0.885364
epoch=8/8 iter=21100 loss=-0.832707
epoch=8/8 iter=21200 loss=-0.867202
epoch=8/8 iter=21300 loss=-0.719164
epoch=8/8 iter=21400 loss=-0.730605
epoch=8/8 iter=21500 loss=-0.803277
epoch=8/8 iter=21600 loss=-0.805533
epoch=8/8 iter=21700 loss=-0.755705
epoch=8/8 iter=21800 loss=-0.740404
epoch=8/8 iter=21900 loss=-0.710517
epoch=8/8 iter=22000 loss=-0.782399
epoch=8/8 iter=22100 loss=-0.751832
epoch=8/8 iter=22200 loss=-0.698773
epoch=8/8 iter=22300 loss=-0.801310
epoch=8/8 iter=22400 loss=-0.732520
epoch=8/8 train_loss=-0.794146 valid_loss=-0.931328
Training finished. best=/home/likc/Q-former-for-OS/outputs/capd_proactive_stage4_stage7/stage4-stage7-unified-r2/checkpoints/sem-H10/seed_3136859/qmap_best.pth last=/home/likc/Q-former-for-OS/outputs/capd_proactive_stage4_stage7/stage4-stage7-unified-r2/checkpoints/sem-H10/seed_3136859/qmap_last.pth
/home/likc/.conda/envs/capd/lib/python3.7/site-packages/torch/nn/modules/module.py:1433: UserWarning: Positional args are being deprecated, use kwargs instead. Refer to https://pytorch.org/docs/master/generated/torch.nn.Module.html#torch.nn.Module.state_dict for details.
  "Positional args are being deprecated, use kwargs instead. Refer to "
