QMAP training: train=/home/likc/Q-former-for-OS/outputs/capd_proactive_stage4_stage7/stage4-stage7-unified-r1/datasets/4c085004fc9b77a5c87e/all_train.jsonl valid=/home/likc/Q-former-for-OS/outputs/capd_proactive_stage4_stage7/stage4-stage7-unified-r1/datasets/4c085004fc9b77a5c87e/all_validation.jsonl samples=89651/14469 device=cuda
epoch=1/8 iter=1 loss=-0.531776
epoch=1/8 iter=100 loss=-0.681663
epoch=1/8 iter=200 loss=-0.658961
epoch=1/8 iter=300 loss=-0.683544
epoch=1/8 iter=400 loss=-0.799065
epoch=1/8 iter=500 loss=-0.804659
epoch=1/8 iter=600 loss=-0.679412
epoch=1/8 iter=700 loss=-0.850680
epoch=1/8 iter=800 loss=-0.683778
epoch=1/8 iter=900 loss=-0.666254
epoch=1/8 iter=1000 loss=-0.762791
epoch=1/8 iter=1100 loss=-0.820169
epoch=1/8 iter=1200 loss=-0.663653
epoch=1/8 iter=1300 loss=-0.832622
epoch=1/8 iter=1400 loss=-0.747458
epoch=1/8 iter=1500 loss=-0.772090
epoch=1/8 iter=1600 loss=-0.781373
epoch=1/8 iter=1700 loss=-0.816896
epoch=1/8 iter=1800 loss=-0.764327
epoch=1/8 iter=1900 loss=-0.806758
epoch=1/8 iter=2000 loss=-0.759455
epoch=1/8 iter=2100 loss=-0.727445
epoch=1/8 iter=2200 loss=-0.700312
epoch=1/8 iter=2300 loss=-0.808759
epoch=1/8 iter=2400 loss=-0.879788
epoch=1/8 iter=2500 loss=-0.660061
epoch=1/8 iter=2600 loss=-0.773043
epoch=1/8 iter=2700 loss=-0.835557
epoch=1/8 iter=2800 loss=-0.756514
epoch=1/8 train_loss=-0.761503 valid_loss=-0.922305
/home/likc/.conda/envs/capd/lib/python3.7/site-packages/torch/nn/modules/module.py:1433: UserWarning: Positional args are being deprecated, use kwargs instead. Refer to https://pytorch.org/docs/master/generated/torch.nn.Module.html#torch.nn.Module.state_dict for details.
  "Positional args are being deprecated, use kwargs instead. Refer to "
epoch=2/8 iter=2900 loss=-0.814990
epoch=2/8 iter=3000 loss=-0.859160
epoch=2/8 iter=3100 loss=-0.763316
epoch=2/8 iter=3200 loss=-0.746827
epoch=2/8 iter=3300 loss=-0.688064
epoch=2/8 iter=3400 loss=-0.763943
epoch=2/8 iter=3500 loss=-0.694556
epoch=2/8 iter=3600 loss=-0.736487
epoch=2/8 iter=3700 loss=-0.869875
epoch=2/8 iter=3800 loss=-0.761809
epoch=2/8 iter=3900 loss=-0.810365
epoch=2/8 iter=4000 loss=-0.724483
epoch=2/8 iter=4100 loss=-0.885178
epoch=2/8 iter=4200 loss=-0.812054
epoch=2/8 iter=4300 loss=-0.854190
epoch=2/8 iter=4400 loss=-0.733830
epoch=2/8 iter=4500 loss=-0.760765
epoch=2/8 iter=4600 loss=-0.710516
epoch=2/8 iter=4700 loss=-0.816673
epoch=2/8 iter=4800 loss=-0.827098
epoch=2/8 iter=4900 loss=-0.696226
epoch=2/8 iter=5000 loss=-0.755049
epoch=2/8 iter=5100 loss=-0.775670
epoch=2/8 iter=5200 loss=-0.721139
epoch=2/8 iter=5300 loss=-0.817339
epoch=2/8 iter=5400 loss=-0.791246
epoch=2/8 iter=5500 loss=-0.733837
epoch=2/8 iter=5600 loss=-0.803437
epoch=2/8 train_loss=-0.782105 valid_loss=-0.926104
/home/likc/.conda/envs/capd/lib/python3.7/site-packages/torch/nn/modules/module.py:1433: UserWarning: Positional args are being deprecated, use kwargs instead. Refer to https://pytorch.org/docs/master/generated/torch.nn.Module.html#torch.nn.Module.state_dict for details.
  "Positional args are being deprecated, use kwargs instead. Refer to "
epoch=3/8 iter=5700 loss=-0.809733
epoch=3/8 iter=5800 loss=-0.791483
epoch=3/8 iter=5900 loss=-0.694950
epoch=3/8 iter=6000 loss=-0.819694
epoch=3/8 iter=6100 loss=-0.908388
epoch=3/8 iter=6200 loss=-0.895743
epoch=3/8 iter=6300 loss=-0.751363
epoch=3/8 iter=6400 loss=-0.875243
epoch=3/8 iter=6500 loss=-0.844194
epoch=3/8 iter=6600 loss=-0.931344
epoch=3/8 iter=6700 loss=-0.848673
epoch=3/8 iter=6800 loss=-0.668956
epoch=3/8 iter=6900 loss=-0.882781
epoch=3/8 iter=7000 loss=-0.809678
epoch=3/8 iter=7100 loss=-0.862560
epoch=3/8 iter=7200 loss=-0.826645
epoch=3/8 iter=7300 loss=-0.751242
epoch=3/8 iter=7400 loss=-0.799119
epoch=3/8 iter=7500 loss=-0.728255
epoch=3/8 iter=7600 loss=-0.688746
epoch=3/8 iter=7700 loss=-0.794929
epoch=3/8 iter=7800 loss=-0.784758
epoch=3/8 iter=7900 loss=-0.816264
epoch=3/8 iter=8000 loss=-0.733597
epoch=3/8 iter=8100 loss=-0.744859
epoch=3/8 iter=8200 loss=-0.794117
epoch=3/8 iter=8300 loss=-0.842674
epoch=3/8 iter=8400 loss=-0.842646
epoch=3/8 train_loss=-0.786245 valid_loss=-0.927320
/home/likc/.conda/envs/capd/lib/python3.7/site-packages/torch/nn/modules/module.py:1433: UserWarning: Positional args are being deprecated, use kwargs instead. Refer to https://pytorch.org/docs/master/generated/torch.nn.Module.html#torch.nn.Module.state_dict for details.
  "Positional args are being deprecated, use kwargs instead. Refer to "
epoch=4/8 iter=8500 loss=-0.794915
epoch=4/8 iter=8600 loss=-0.759892
epoch=4/8 iter=8700 loss=-0.765372
epoch=4/8 iter=8800 loss=-0.703610
epoch=4/8 iter=8900 loss=-0.708112
epoch=4/8 iter=9000 loss=-0.822732
epoch=4/8 iter=9100 loss=-0.733195
epoch=4/8 iter=9200 loss=-0.771542
epoch=4/8 iter=9300 loss=-0.721010
epoch=4/8 iter=9400 loss=-0.806210
epoch=4/8 iter=9500 loss=-0.765349
epoch=4/8 iter=9600 loss=-0.513673
epoch=4/8 iter=9700 loss=-0.886171
epoch=4/8 iter=9800 loss=-0.739326
epoch=4/8 iter=9900 loss=-0.855092
epoch=4/8 iter=10000 loss=-0.700091
epoch=4/8 iter=10100 loss=-0.790340
epoch=4/8 iter=10200 loss=-0.741831
epoch=4/8 iter=10300 loss=-0.790196
epoch=4/8 iter=10400 loss=-0.879039
epoch=4/8 iter=10500 loss=-0.703008
epoch=4/8 iter=10600 loss=-0.883555
epoch=4/8 iter=10700 loss=-0.626915
epoch=4/8 iter=10800 loss=-0.800214
epoch=4/8 iter=10900 loss=-0.855080
epoch=4/8 iter=11000 loss=-0.795856
epoch=4/8 iter=11100 loss=-0.739169
epoch=4/8 iter=11200 loss=-0.769594
epoch=4/8 train_loss=-0.788952 valid_loss=-0.927535
/home/likc/.conda/envs/capd/lib/python3.7/site-packages/torch/nn/modules/module.py:1433: UserWarning: Positional args are being deprecated, use kwargs instead. Refer to https://pytorch.org/docs/master/generated/torch.nn.Module.html#torch.nn.Module.state_dict for details.
  "Positional args are being deprecated, use kwargs instead. Refer to "
epoch=5/8 iter=11300 loss=-0.728917
epoch=5/8 iter=11400 loss=-0.791710
epoch=5/8 iter=11500 loss=-0.729555
epoch=5/8 iter=11600 loss=-0.831466
epoch=5/8 iter=11700 loss=-0.880584
epoch=5/8 iter=11800 loss=-0.801073
epoch=5/8 iter=11900 loss=-0.831768
epoch=5/8 iter=12000 loss=-0.765522
epoch=5/8 iter=12100 loss=-0.836729
epoch=5/8 iter=12200 loss=-0.766502
epoch=5/8 iter=12300 loss=-0.581374
epoch=5/8 iter=12400 loss=-0.783271
epoch=5/8 iter=12500 loss=-0.845158
epoch=5/8 iter=12600 loss=-0.836234
epoch=5/8 iter=12700 loss=-0.898928
epoch=5/8 iter=12800 loss=-0.868065
epoch=5/8 iter=12900 loss=-0.873665
epoch=5/8 iter=13000 loss=-0.770065
epoch=5/8 iter=13100 loss=-0.851279
epoch=5/8 iter=13200 loss=-0.708462
epoch=5/8 iter=13300 loss=-0.700435
epoch=5/8 iter=13400 loss=-0.853835
epoch=5/8 iter=13500 loss=-0.950001
epoch=5/8 iter=13600 loss=-0.659174
epoch=5/8 iter=13700 loss=-0.820992
epoch=5/8 iter=13800 loss=-0.752115
epoch=5/8 iter=13900 loss=-0.817790
epoch=5/8 iter=14000 loss=-0.796472
epoch=5/8 train_loss=-0.790701 valid_loss=-0.930539
/home/likc/.conda/envs/capd/lib/python3.7/site-packages/torch/nn/modules/module.py:1433: UserWarning: Positional args are being deprecated, use kwargs instead. Refer to https://pytorch.org/docs/master/generated/torch.nn.Module.html#torch.nn.Module.state_dict for details.
  "Positional args are being deprecated, use kwargs instead. Refer to "
epoch=6/8 iter=14100 loss=-0.794871
epoch=6/8 iter=14200 loss=-0.824836
epoch=6/8 iter=14300 loss=-0.817898
epoch=6/8 iter=14400 loss=-0.742496
epoch=6/8 iter=14500 loss=-0.798964
epoch=6/8 iter=14600 loss=-0.821069
epoch=6/8 iter=14700 loss=-0.636568
epoch=6/8 iter=14800 loss=-0.672465
epoch=6/8 iter=14900 loss=-0.681616
epoch=6/8 iter=15000 loss=-0.730735
epoch=6/8 iter=15100 loss=-0.816996
epoch=6/8 iter=15200 loss=-0.816963
epoch=6/8 iter=15300 loss=-0.826777
epoch=6/8 iter=15400 loss=-0.705585
epoch=6/8 iter=15500 loss=-0.846036
epoch=6/8 iter=15600 loss=-0.837402
epoch=6/8 iter=15700 loss=-0.820540
epoch=6/8 iter=15800 loss=-0.791254
epoch=6/8 iter=15900 loss=-0.885593
epoch=6/8 iter=16000 loss=-0.791020
epoch=6/8 iter=16100 loss=-0.853248
epoch=6/8 iter=16200 loss=-0.733206
epoch=6/8 iter=16300 loss=-0.831320
epoch=6/8 iter=16400 loss=-0.792432
epoch=6/8 iter=16500 loss=-0.752038
epoch=6/8 iter=16600 loss=-0.831053
epoch=6/8 iter=16700 loss=-0.761934
epoch=6/8 iter=16800 loss=-0.770312
epoch=6/8 train_loss=-0.791293 valid_loss=-0.930120
/home/likc/.conda/envs/capd/lib/python3.7/site-packages/torch/nn/modules/module.py:1433: UserWarning: Positional args are being deprecated, use kwargs instead. Refer to https://pytorch.org/docs/master/generated/torch.nn.Module.html#torch.nn.Module.state_dict for details.
  "Positional args are being deprecated, use kwargs instead. Refer to "
epoch=7/8 iter=16900 loss=-0.794151
epoch=7/8 iter=17000 loss=-0.704030
epoch=7/8 iter=17100 loss=-0.691891
epoch=7/8 iter=17200 loss=-0.866226
epoch=7/8 iter=17300 loss=-0.614658
epoch=7/8 iter=17400 loss=-0.749970
epoch=7/8 iter=17500 loss=-0.800254
epoch=7/8 iter=17600 loss=-0.825066
epoch=7/8 iter=17700 loss=-0.768070
epoch=7/8 iter=17800 loss=-0.737573
epoch=7/8 iter=17900 loss=-0.887135
epoch=7/8 iter=18000 loss=-0.770450
epoch=7/8 iter=18100 loss=-0.915968
epoch=7/8 iter=18200 loss=-0.776179
epoch=7/8 iter=18300 loss=-0.721961
epoch=7/8 iter=18400 loss=-0.830745
epoch=7/8 iter=18500 loss=-0.783036
epoch=7/8 iter=18600 loss=-0.854634
epoch=7/8 iter=18700 loss=-0.850116
epoch=7/8 iter=18800 loss=-0.761849
epoch=7/8 iter=18900 loss=-0.676381
epoch=7/8 iter=19000 loss=-0.836310
epoch=7/8 iter=19100 loss=-0.861131
epoch=7/8 iter=19200 loss=-0.835949
epoch=7/8 iter=19300 loss=-0.766737
epoch=7/8 iter=19400 loss=-0.700127
epoch=7/8 iter=19500 loss=-0.923412
epoch=7/8 iter=19600 loss=-0.682216
epoch=7/8 train_loss=-0.792181 valid_loss=-0.932074
/home/likc/.conda/envs/capd/lib/python3.7/site-packages/torch/nn/modules/module.py:1433: UserWarning: Positional args are being deprecated, use kwargs instead. Refer to https://pytorch.org/docs/master/generated/torch.nn.Module.html#torch.nn.Module.state_dict for details.
  "Positional args are being deprecated, use kwargs instead. Refer to "
epoch=8/8 iter=19700 loss=-0.800694
epoch=8/8 iter=19800 loss=-0.718217
epoch=8/8 iter=19900 loss=-0.812400
epoch=8/8 iter=20000 loss=-0.807252
epoch=8/8 iter=20100 loss=-0.827009
epoch=8/8 iter=20200 loss=-0.767880
epoch=8/8 iter=20300 loss=-0.762322
epoch=8/8 iter=20400 loss=-0.826002
epoch=8/8 iter=20500 loss=-0.870106
epoch=8/8 iter=20600 loss=-0.877084
epoch=8/8 iter=20700 loss=-0.741718
epoch=8/8 iter=20800 loss=-0.802656
epoch=8/8 iter=20900 loss=-0.833290
epoch=8/8 iter=21000 loss=-0.835949
epoch=8/8 iter=21100 loss=-0.824390
epoch=8/8 iter=21200 loss=-0.891704
epoch=8/8 iter=21300 loss=-0.921313
epoch=8/8 iter=21400 loss=-0.807713
epoch=8/8 iter=21500 loss=-0.787304
epoch=8/8 iter=21600 loss=-0.911149
epoch=8/8 iter=21700 loss=-0.698414
epoch=8/8 iter=21800 loss=-0.698512
epoch=8/8 iter=21900 loss=-0.763107
epoch=8/8 iter=22000 loss=-0.701804
epoch=8/8 iter=22100 loss=-0.850900
epoch=8/8 iter=22200 loss=-0.708891
epoch=8/8 iter=22300 loss=-0.754481
epoch=8/8 iter=22400 loss=-0.632494
epoch=8/8 train_loss=-0.792642 valid_loss=-0.931877
Training finished. best=/home/likc/Q-former-for-OS/outputs/capd_proactive_stage4_stage7/stage4-stage7-unified-r2/checkpoints/sem-H10/seed_2026/qmap_best.pth last=/home/likc/Q-former-for-OS/outputs/capd_proactive_stage4_stage7/stage4-stage7-unified-r2/checkpoints/sem-H10/seed_2026/qmap_last.pth
/home/likc/.conda/envs/capd/lib/python3.7/site-packages/torch/nn/modules/module.py:1433: UserWarning: Positional args are being deprecated, use kwargs instead. Refer to https://pytorch.org/docs/master/generated/torch.nn.Module.html#torch.nn.Module.state_dict for details.
  "Positional args are being deprecated, use kwargs instead. Refer to "
