QMAP training: train=/home/likc/Q-former-for-OS/outputs/capd_proactive_stage4_stage7/stage4-stage7-unified-r1/datasets/00a4f3c66a508576c92b/all_train.jsonl valid=/home/likc/Q-former-for-OS/outputs/capd_proactive_stage4_stage7/stage4-stage7-unified-r1/datasets/00a4f3c66a508576c92b/all_validation.jsonl samples=89651/14469 device=cuda
epoch=1/8 iter=1 loss=-0.548605
epoch=1/8 iter=100 loss=-0.574120
epoch=1/8 iter=200 loss=-0.658906
epoch=1/8 iter=300 loss=-0.674241
epoch=1/8 iter=400 loss=-0.732240
epoch=1/8 iter=500 loss=-0.777865
epoch=1/8 iter=600 loss=-0.902329
epoch=1/8 iter=700 loss=-0.802970
epoch=1/8 iter=800 loss=-0.728664
epoch=1/8 iter=900 loss=-0.654101
epoch=1/8 iter=1000 loss=-0.804881
epoch=1/8 iter=1100 loss=-0.863697
epoch=1/8 iter=1200 loss=-0.888308
epoch=1/8 iter=1300 loss=-0.810983
epoch=1/8 iter=1400 loss=-0.708209
epoch=1/8 iter=1500 loss=-0.845658
epoch=1/8 iter=1600 loss=-0.863174
epoch=1/8 iter=1700 loss=-0.779927
epoch=1/8 iter=1800 loss=-0.767403
epoch=1/8 iter=1900 loss=-0.766699
epoch=1/8 iter=2000 loss=-0.807529
epoch=1/8 iter=2100 loss=-0.714867
epoch=1/8 iter=2200 loss=-0.755959
epoch=1/8 iter=2300 loss=-0.922227
epoch=1/8 iter=2400 loss=-0.750233
epoch=1/8 iter=2500 loss=-0.789276
epoch=1/8 iter=2600 loss=-0.709284
epoch=1/8 iter=2700 loss=-0.849693
epoch=1/8 iter=2800 loss=-0.705463
epoch=1/8 train_loss=-0.759483 valid_loss=-0.921649
/home/likc/.conda/envs/capd/lib/python3.7/site-packages/torch/nn/modules/module.py:1433: UserWarning: Positional args are being deprecated, use kwargs instead. Refer to https://pytorch.org/docs/master/generated/torch.nn.Module.html#torch.nn.Module.state_dict for details.
  "Positional args are being deprecated, use kwargs instead. Refer to "
epoch=2/8 iter=2900 loss=-0.867365
epoch=2/8 iter=3000 loss=-0.693868
epoch=2/8 iter=3100 loss=-0.706114
epoch=2/8 iter=3200 loss=-0.818761
epoch=2/8 iter=3300 loss=-0.657963
epoch=2/8 iter=3400 loss=-0.794720
epoch=2/8 iter=3500 loss=-0.818426
epoch=2/8 iter=3600 loss=-0.785474
epoch=2/8 iter=3700 loss=-0.770789
epoch=2/8 iter=3800 loss=-0.598342
epoch=2/8 iter=3900 loss=-0.708622
epoch=2/8 iter=4000 loss=-0.901119
epoch=2/8 iter=4100 loss=-0.603204
epoch=2/8 iter=4200 loss=-0.795578
epoch=2/8 iter=4300 loss=-0.752675
epoch=2/8 iter=4400 loss=-0.674025
epoch=2/8 iter=4500 loss=-0.734021
epoch=2/8 iter=4600 loss=-0.710607
epoch=2/8 iter=4700 loss=-0.747286
epoch=2/8 iter=4800 loss=-0.816822
epoch=2/8 iter=4900 loss=-0.753826
epoch=2/8 iter=5000 loss=-0.828923
epoch=2/8 iter=5100 loss=-0.914934
epoch=2/8 iter=5200 loss=-0.785788
epoch=2/8 iter=5300 loss=-0.757362
epoch=2/8 iter=5400 loss=-0.876293
epoch=2/8 iter=5500 loss=-0.699800
epoch=2/8 iter=5600 loss=-0.724839
epoch=2/8 train_loss=-0.783683 valid_loss=-0.925205
/home/likc/.conda/envs/capd/lib/python3.7/site-packages/torch/nn/modules/module.py:1433: UserWarning: Positional args are being deprecated, use kwargs instead. Refer to https://pytorch.org/docs/master/generated/torch.nn.Module.html#torch.nn.Module.state_dict for details.
  "Positional args are being deprecated, use kwargs instead. Refer to "
epoch=3/8 iter=5700 loss=-0.793107
epoch=3/8 iter=5800 loss=-0.788856
epoch=3/8 iter=5900 loss=-0.851981
epoch=3/8 iter=6000 loss=-0.821226
epoch=3/8 iter=6100 loss=-0.878459
epoch=3/8 iter=6200 loss=-0.779201
epoch=3/8 iter=6300 loss=-0.787329
epoch=3/8 iter=6400 loss=-0.698795
epoch=3/8 iter=6500 loss=-0.838674
epoch=3/8 iter=6600 loss=-0.788613
epoch=3/8 iter=6700 loss=-0.845627
epoch=3/8 iter=6800 loss=-0.818878
epoch=3/8 iter=6900 loss=-0.826780
epoch=3/8 iter=7000 loss=-0.839258
epoch=3/8 iter=7100 loss=-0.894457
epoch=3/8 iter=7200 loss=-0.869197
epoch=3/8 iter=7300 loss=-0.924423
epoch=3/8 iter=7400 loss=-0.757769
epoch=3/8 iter=7500 loss=-0.865844
epoch=3/8 iter=7600 loss=-0.784173
epoch=3/8 iter=7700 loss=-0.785298
epoch=3/8 iter=7800 loss=-0.887077
epoch=3/8 iter=7900 loss=-0.855572
epoch=3/8 iter=8000 loss=-0.939632
epoch=3/8 iter=8100 loss=-0.735365
epoch=3/8 iter=8200 loss=-0.790078
epoch=3/8 iter=8300 loss=-0.765017
epoch=3/8 iter=8400 loss=-0.885791
epoch=3/8 train_loss=-0.787710 valid_loss=-0.926888
/home/likc/.conda/envs/capd/lib/python3.7/site-packages/torch/nn/modules/module.py:1433: UserWarning: Positional args are being deprecated, use kwargs instead. Refer to https://pytorch.org/docs/master/generated/torch.nn.Module.html#torch.nn.Module.state_dict for details.
  "Positional args are being deprecated, use kwargs instead. Refer to "
epoch=4/8 iter=8500 loss=-0.800017
epoch=4/8 iter=8600 loss=-0.726874
epoch=4/8 iter=8700 loss=-0.882162
epoch=4/8 iter=8800 loss=-0.876134
epoch=4/8 iter=8900 loss=-0.793817
epoch=4/8 iter=9000 loss=-0.934944
epoch=4/8 iter=9100 loss=-0.633362
epoch=4/8 iter=9200 loss=-0.733669
epoch=4/8 iter=9300 loss=-0.823995
epoch=4/8 iter=9400 loss=-0.923334
epoch=4/8 iter=9500 loss=-0.800611
epoch=4/8 iter=9600 loss=-0.844545
epoch=4/8 iter=9700 loss=-0.720410
epoch=4/8 iter=9800 loss=-0.690657
epoch=4/8 iter=9900 loss=-0.694771
epoch=4/8 iter=10000 loss=-0.854764
epoch=4/8 iter=10100 loss=-0.843597
epoch=4/8 iter=10200 loss=-0.795604
epoch=4/8 iter=10300 loss=-0.731420
epoch=4/8 iter=10400 loss=-0.728329
epoch=4/8 iter=10500 loss=-0.764612
epoch=4/8 iter=10600 loss=-0.698897
epoch=4/8 iter=10700 loss=-0.726123
epoch=4/8 iter=10800 loss=-0.821802
epoch=4/8 iter=10900 loss=-0.887697
epoch=4/8 iter=11000 loss=-0.856777
epoch=4/8 iter=11100 loss=-0.828553
epoch=4/8 iter=11200 loss=-0.818587
epoch=4/8 train_loss=-0.789930 valid_loss=-0.929056
/home/likc/.conda/envs/capd/lib/python3.7/site-packages/torch/nn/modules/module.py:1433: UserWarning: Positional args are being deprecated, use kwargs instead. Refer to https://pytorch.org/docs/master/generated/torch.nn.Module.html#torch.nn.Module.state_dict for details.
  "Positional args are being deprecated, use kwargs instead. Refer to "
epoch=5/8 iter=11300 loss=-0.827624
epoch=5/8 iter=11400 loss=-0.891510
epoch=5/8 iter=11500 loss=-0.710150
epoch=5/8 iter=11600 loss=-0.843475
epoch=5/8 iter=11700 loss=-0.860143
epoch=5/8 iter=11800 loss=-0.760228
epoch=5/8 iter=11900 loss=-0.822360
epoch=5/8 iter=12000 loss=-0.827956
epoch=5/8 iter=12100 loss=-0.760431
epoch=5/8 iter=12200 loss=-0.696521
epoch=5/8 iter=12300 loss=-0.790776
epoch=5/8 iter=12400 loss=-0.888378
epoch=5/8 iter=12500 loss=-0.795823
epoch=5/8 iter=12600 loss=-0.861012
epoch=5/8 iter=12700 loss=-0.728895
epoch=5/8 iter=12800 loss=-0.736703
epoch=5/8 iter=12900 loss=-0.822390
epoch=5/8 iter=13000 loss=-0.816612
epoch=5/8 iter=13100 loss=-0.729361
epoch=5/8 iter=13200 loss=-0.819188
epoch=5/8 iter=13300 loss=-0.827941
epoch=5/8 iter=13400 loss=-0.680584
epoch=5/8 iter=13500 loss=-0.829266
epoch=5/8 iter=13600 loss=-0.787162
epoch=5/8 iter=13700 loss=-0.757836
epoch=5/8 iter=13800 loss=-0.849027
epoch=5/8 iter=13900 loss=-0.607216
epoch=5/8 iter=14000 loss=-0.824910
epoch=5/8 train_loss=-0.792030 valid_loss=-0.930477
/home/likc/.conda/envs/capd/lib/python3.7/site-packages/torch/nn/modules/module.py:1433: UserWarning: Positional args are being deprecated, use kwargs instead. Refer to https://pytorch.org/docs/master/generated/torch.nn.Module.html#torch.nn.Module.state_dict for details.
  "Positional args are being deprecated, use kwargs instead. Refer to "
epoch=6/8 iter=14100 loss=-0.700492
epoch=6/8 iter=14200 loss=-0.788678
epoch=6/8 iter=14300 loss=-0.792948
epoch=6/8 iter=14400 loss=-0.730254
epoch=6/8 iter=14500 loss=-0.758809
epoch=6/8 iter=14600 loss=-0.834252
epoch=6/8 iter=14700 loss=-0.706061
epoch=6/8 iter=14800 loss=-0.643636
epoch=6/8 iter=14900 loss=-0.832546
epoch=6/8 iter=15000 loss=-0.767554
epoch=6/8 iter=15100 loss=-0.711417
epoch=6/8 iter=15200 loss=-0.831011
epoch=6/8 iter=15300 loss=-0.856610
epoch=6/8 iter=15400 loss=-0.786870
epoch=6/8 iter=15500 loss=-0.668981
epoch=6/8 iter=15600 loss=-0.713070
epoch=6/8 iter=15700 loss=-0.754296
epoch=6/8 iter=15800 loss=-0.759625
epoch=6/8 iter=15900 loss=-0.763691
epoch=6/8 iter=16000 loss=-0.830389
epoch=6/8 iter=16100 loss=-0.774615
epoch=6/8 iter=16200 loss=-0.889775
epoch=6/8 iter=16300 loss=-0.771286
epoch=6/8 iter=16400 loss=-0.875922
epoch=6/8 iter=16500 loss=-0.834210
epoch=6/8 iter=16600 loss=-0.827001
epoch=6/8 iter=16700 loss=-0.916907
epoch=6/8 iter=16800 loss=-0.792756
epoch=6/8 train_loss=-0.793520 valid_loss=-0.930372
/home/likc/.conda/envs/capd/lib/python3.7/site-packages/torch/nn/modules/module.py:1433: UserWarning: Positional args are being deprecated, use kwargs instead. Refer to https://pytorch.org/docs/master/generated/torch.nn.Module.html#torch.nn.Module.state_dict for details.
  "Positional args are being deprecated, use kwargs instead. Refer to "
epoch=7/8 iter=16900 loss=-0.820535
epoch=7/8 iter=17000 loss=-0.637249
epoch=7/8 iter=17100 loss=-0.832796
epoch=7/8 iter=17200 loss=-0.743588
epoch=7/8 iter=17300 loss=-0.789172
epoch=7/8 iter=17400 loss=-0.738316
epoch=7/8 iter=17500 loss=-0.805064
epoch=7/8 iter=17600 loss=-0.880753
epoch=7/8 iter=17700 loss=-0.774334
epoch=7/8 iter=17800 loss=-0.900185
epoch=7/8 iter=17900 loss=-0.859474
epoch=7/8 iter=18000 loss=-0.797429
epoch=7/8 iter=18100 loss=-0.895920
epoch=7/8 iter=18200 loss=-0.739162
epoch=7/8 iter=18300 loss=-0.612769
epoch=7/8 iter=18400 loss=-0.753356
epoch=7/8 iter=18500 loss=-0.827378
epoch=7/8 iter=18600 loss=-0.800397
epoch=7/8 iter=18700 loss=-0.828371
epoch=7/8 iter=18800 loss=-0.853806
epoch=7/8 iter=18900 loss=-0.792496
epoch=7/8 iter=19000 loss=-0.858701
epoch=7/8 iter=19100 loss=-0.673139
epoch=7/8 iter=19200 loss=-0.853935
epoch=7/8 iter=19300 loss=-0.673422
epoch=7/8 iter=19400 loss=-0.772095
epoch=7/8 iter=19500 loss=-0.746714
epoch=7/8 iter=19600 loss=-0.829228
epoch=7/8 train_loss=-0.794537 valid_loss=-0.931125
/home/likc/.conda/envs/capd/lib/python3.7/site-packages/torch/nn/modules/module.py:1433: UserWarning: Positional args are being deprecated, use kwargs instead. Refer to https://pytorch.org/docs/master/generated/torch.nn.Module.html#torch.nn.Module.state_dict for details.
  "Positional args are being deprecated, use kwargs instead. Refer to "
epoch=8/8 iter=19700 loss=-0.859215
epoch=8/8 iter=19800 loss=-0.645401
epoch=8/8 iter=19900 loss=-0.800605
epoch=8/8 iter=20000 loss=-0.792219
epoch=8/8 iter=20100 loss=-0.847842
epoch=8/8 iter=20200 loss=-0.777666
epoch=8/8 iter=20300 loss=-0.894836
epoch=8/8 iter=20400 loss=-0.769426
epoch=8/8 iter=20500 loss=-0.926475
epoch=8/8 iter=20600 loss=-0.798545
epoch=8/8 iter=20700 loss=-0.826906
epoch=8/8 iter=20800 loss=-0.786911
epoch=8/8 iter=20900 loss=-0.848589
epoch=8/8 iter=21000 loss=-0.889463
epoch=8/8 iter=21100 loss=-0.830022
epoch=8/8 iter=21200 loss=-0.865490
epoch=8/8 iter=21300 loss=-0.734399
epoch=8/8 iter=21400 loss=-0.730497
epoch=8/8 iter=21500 loss=-0.804111
epoch=8/8 iter=21600 loss=-0.806659
epoch=8/8 iter=21700 loss=-0.760815
epoch=8/8 iter=21800 loss=-0.740239
epoch=8/8 iter=21900 loss=-0.712738
epoch=8/8 iter=22000 loss=-0.789464
epoch=8/8 iter=22100 loss=-0.754139
epoch=8/8 iter=22200 loss=-0.703612
epoch=8/8 iter=22300 loss=-0.803046
epoch=8/8 iter=22400 loss=-0.735554
epoch=8/8 train_loss=-0.795036 valid_loss=-0.930394
Training finished. best=/home/likc/Q-former-for-OS/outputs/capd_proactive_stage4_stage7/stage4-stage7-unified-r2/checkpoints/sem-H40/seed_3136859/qmap_best.pth last=/home/likc/Q-former-for-OS/outputs/capd_proactive_stage4_stage7/stage4-stage7-unified-r2/checkpoints/sem-H40/seed_3136859/qmap_last.pth
/home/likc/.conda/envs/capd/lib/python3.7/site-packages/torch/nn/modules/module.py:1433: UserWarning: Positional args are being deprecated, use kwargs instead. Refer to https://pytorch.org/docs/master/generated/torch.nn.Module.html#torch.nn.Module.state_dict for details.
  "Positional args are being deprecated, use kwargs instead. Refer to "
