QMAP training: train=/home/likc/Q-former-for-OS/outputs/capd_proactive_stage4_stage7/stage4-stage7-unified-r1/datasets/da0dab0afec1945a70ef/all_train.jsonl valid=/home/likc/Q-former-for-OS/outputs/capd_proactive_stage4_stage7/stage4-stage7-unified-r1/datasets/da0dab0afec1945a70ef/all_validation.jsonl samples=89651/14469 device=cuda
epoch=1/8 iter=1 loss=-0.592773
epoch=1/8 iter=100 loss=-0.736862
epoch=1/8 iter=200 loss=-0.797635
epoch=1/8 iter=300 loss=-0.686247
epoch=1/8 iter=400 loss=-0.660566
epoch=1/8 iter=500 loss=-0.793478
epoch=1/8 iter=600 loss=-0.730194
epoch=1/8 iter=700 loss=-0.853635
epoch=1/8 iter=800 loss=-0.728610
epoch=1/8 iter=900 loss=-0.868227
epoch=1/8 iter=1000 loss=-0.877670
epoch=1/8 iter=1100 loss=-0.776651
epoch=1/8 iter=1200 loss=-0.846972
epoch=1/8 iter=1300 loss=-0.824572
epoch=1/8 iter=1400 loss=-0.780330
epoch=1/8 iter=1500 loss=-0.858550
epoch=1/8 iter=1600 loss=-0.718853
epoch=1/8 iter=1700 loss=-0.734492
epoch=1/8 iter=1800 loss=-0.818570
epoch=1/8 iter=1900 loss=-0.885613
epoch=1/8 iter=2000 loss=-0.793837
epoch=1/8 iter=2100 loss=-0.770251
epoch=1/8 iter=2200 loss=-0.813208
epoch=1/8 iter=2300 loss=-0.706964
epoch=1/8 iter=2400 loss=-0.792308
epoch=1/8 iter=2500 loss=-0.813060
epoch=1/8 iter=2600 loss=-0.726774
epoch=1/8 iter=2700 loss=-0.760237
epoch=1/8 iter=2800 loss=-0.702091
epoch=1/8 train_loss=-0.765821 valid_loss=-0.922621
/home/likc/.conda/envs/capd/lib/python3.7/site-packages/torch/nn/modules/module.py:1433: UserWarning: Positional args are being deprecated, use kwargs instead. Refer to https://pytorch.org/docs/master/generated/torch.nn.Module.html#torch.nn.Module.state_dict for details.
  "Positional args are being deprecated, use kwargs instead. Refer to "
epoch=2/8 iter=2900 loss=-0.693024
epoch=2/8 iter=3000 loss=-0.811204
epoch=2/8 iter=3100 loss=-0.796944
epoch=2/8 iter=3200 loss=-0.834656
epoch=2/8 iter=3300 loss=-0.814411
epoch=2/8 iter=3400 loss=-0.755505
epoch=2/8 iter=3500 loss=-0.731532
epoch=2/8 iter=3600 loss=-0.791433
epoch=2/8 iter=3700 loss=-0.785996
epoch=2/8 iter=3800 loss=-0.735081
epoch=2/8 iter=3900 loss=-0.832286
epoch=2/8 iter=4000 loss=-0.814139
epoch=2/8 iter=4100 loss=-0.841022
epoch=2/8 iter=4200 loss=-0.667559
epoch=2/8 iter=4300 loss=-0.831637
epoch=2/8 iter=4400 loss=-0.792881
epoch=2/8 iter=4500 loss=-0.770653
epoch=2/8 iter=4600 loss=-0.687151
epoch=2/8 iter=4700 loss=-0.764659
epoch=2/8 iter=4800 loss=-0.765053
epoch=2/8 iter=4900 loss=-0.608374
epoch=2/8 iter=5000 loss=-0.854189
epoch=2/8 iter=5100 loss=-0.848254
epoch=2/8 iter=5200 loss=-0.729427
epoch=2/8 iter=5300 loss=-0.777092
epoch=2/8 iter=5400 loss=-0.791658
epoch=2/8 iter=5500 loss=-0.877912
epoch=2/8 iter=5600 loss=-0.763520
epoch=2/8 train_loss=-0.787095 valid_loss=-0.924087
/home/likc/.conda/envs/capd/lib/python3.7/site-packages/torch/nn/modules/module.py:1433: UserWarning: Positional args are being deprecated, use kwargs instead. Refer to https://pytorch.org/docs/master/generated/torch.nn.Module.html#torch.nn.Module.state_dict for details.
  "Positional args are being deprecated, use kwargs instead. Refer to "
epoch=3/8 iter=5700 loss=-0.639180
epoch=3/8 iter=5800 loss=-0.849990
epoch=3/8 iter=5900 loss=-0.701301
epoch=3/8 iter=6000 loss=-0.741333
epoch=3/8 iter=6100 loss=-0.666451
epoch=3/8 iter=6200 loss=-0.838391
epoch=3/8 iter=6300 loss=-0.755249
epoch=3/8 iter=6400 loss=-0.875965
epoch=3/8 iter=6500 loss=-0.884894
epoch=3/8 iter=6600 loss=-0.767802
epoch=3/8 iter=6700 loss=-0.859129
epoch=3/8 iter=6800 loss=-0.884246
epoch=3/8 iter=6900 loss=-0.808837
epoch=3/8 iter=7000 loss=-0.703351
epoch=3/8 iter=7100 loss=-0.856026
epoch=3/8 iter=7200 loss=-0.728990
epoch=3/8 iter=7300 loss=-0.747429
epoch=3/8 iter=7400 loss=-0.737997
epoch=3/8 iter=7500 loss=-0.853141
epoch=3/8 iter=7600 loss=-0.846153
epoch=3/8 iter=7700 loss=-0.811222
epoch=3/8 iter=7800 loss=-0.781441
epoch=3/8 iter=7900 loss=-0.691076
epoch=3/8 iter=8000 loss=-0.696042
epoch=3/8 iter=8100 loss=-0.852035
epoch=3/8 iter=8200 loss=-0.855376
epoch=3/8 iter=8300 loss=-0.853190
epoch=3/8 iter=8400 loss=-0.972541
epoch=3/8 train_loss=-0.789833 valid_loss=-0.926693
/home/likc/.conda/envs/capd/lib/python3.7/site-packages/torch/nn/modules/module.py:1433: UserWarning: Positional args are being deprecated, use kwargs instead. Refer to https://pytorch.org/docs/master/generated/torch.nn.Module.html#torch.nn.Module.state_dict for details.
  "Positional args are being deprecated, use kwargs instead. Refer to "
epoch=4/8 iter=8500 loss=-0.827934
epoch=4/8 iter=8600 loss=-0.668500
epoch=4/8 iter=8700 loss=-0.607740
epoch=4/8 iter=8800 loss=-0.772599
epoch=4/8 iter=8900 loss=-0.759807
epoch=4/8 iter=9000 loss=-0.641428
epoch=4/8 iter=9100 loss=-0.860058
epoch=4/8 iter=9200 loss=-0.791959
epoch=4/8 iter=9300 loss=-0.759668
epoch=4/8 iter=9400 loss=-0.817166
epoch=4/8 iter=9500 loss=-0.824818
epoch=4/8 iter=9600 loss=-0.858487
epoch=4/8 iter=9700 loss=-0.786167
epoch=4/8 iter=9800 loss=-0.853798
epoch=4/8 iter=9900 loss=-0.804662
epoch=4/8 iter=10000 loss=-0.857301
epoch=4/8 iter=10100 loss=-0.865451
epoch=4/8 iter=10200 loss=-0.792587
epoch=4/8 iter=10300 loss=-0.762074
epoch=4/8 iter=10400 loss=-0.918936
epoch=4/8 iter=10500 loss=-0.794398
epoch=4/8 iter=10600 loss=-0.595310
epoch=4/8 iter=10700 loss=-0.788250
epoch=4/8 iter=10800 loss=-0.887479
epoch=4/8 iter=10900 loss=-0.737462
epoch=4/8 iter=11000 loss=-0.875046
epoch=4/8 iter=11100 loss=-0.795892
epoch=4/8 iter=11200 loss=-0.706254
epoch=4/8 train_loss=-0.791397 valid_loss=-0.928192
/home/likc/.conda/envs/capd/lib/python3.7/site-packages/torch/nn/modules/module.py:1433: UserWarning: Positional args are being deprecated, use kwargs instead. Refer to https://pytorch.org/docs/master/generated/torch.nn.Module.html#torch.nn.Module.state_dict for details.
  "Positional args are being deprecated, use kwargs instead. Refer to "
epoch=5/8 iter=11300 loss=-0.713451
epoch=5/8 iter=11400 loss=-0.889870
epoch=5/8 iter=11500 loss=-0.704182
epoch=5/8 iter=11600 loss=-0.860737
epoch=5/8 iter=11700 loss=-0.803192
epoch=5/8 iter=11800 loss=-0.855615
epoch=5/8 iter=11900 loss=-0.779197
epoch=5/8 iter=12000 loss=-0.845185
epoch=5/8 iter=12100 loss=-0.866154
epoch=5/8 iter=12200 loss=-0.805869
epoch=5/8 iter=12300 loss=-0.766313
epoch=5/8 iter=12400 loss=-0.762825
epoch=5/8 iter=12500 loss=-0.802418
epoch=5/8 iter=12600 loss=-0.736418
epoch=5/8 iter=12700 loss=-0.766058
epoch=5/8 iter=12800 loss=-0.760765
epoch=5/8 iter=12900 loss=-0.671457
epoch=5/8 iter=13000 loss=-0.891713
epoch=5/8 iter=13100 loss=-0.880454
epoch=5/8 iter=13200 loss=-0.783864
epoch=5/8 iter=13300 loss=-0.771138
epoch=5/8 iter=13400 loss=-0.802562
epoch=5/8 iter=13500 loss=-0.833896
epoch=5/8 iter=13600 loss=-0.777268
epoch=5/8 iter=13700 loss=-0.764111
epoch=5/8 iter=13800 loss=-0.865804
epoch=5/8 iter=13900 loss=-0.855995
epoch=5/8 iter=14000 loss=-0.800506
epoch=5/8 train_loss=-0.793417 valid_loss=-0.932565
/home/likc/.conda/envs/capd/lib/python3.7/site-packages/torch/nn/modules/module.py:1433: UserWarning: Positional args are being deprecated, use kwargs instead. Refer to https://pytorch.org/docs/master/generated/torch.nn.Module.html#torch.nn.Module.state_dict for details.
  "Positional args are being deprecated, use kwargs instead. Refer to "
epoch=6/8 iter=14100 loss=-0.833981
epoch=6/8 iter=14200 loss=-0.730271
epoch=6/8 iter=14300 loss=-0.802241
epoch=6/8 iter=14400 loss=-0.855949
epoch=6/8 iter=14500 loss=-0.616824
epoch=6/8 iter=14600 loss=-0.818577
epoch=6/8 iter=14700 loss=-0.842518
epoch=6/8 iter=14800 loss=-0.830153
epoch=6/8 iter=14900 loss=-0.771177
epoch=6/8 iter=15000 loss=-0.759048
epoch=6/8 iter=15100 loss=-0.771615
epoch=6/8 iter=15200 loss=-0.831343
epoch=6/8 iter=15300 loss=-0.890548
epoch=6/8 iter=15400 loss=-0.822544
epoch=6/8 iter=15500 loss=-0.920638
epoch=6/8 iter=15600 loss=-0.826248
epoch=6/8 iter=15700 loss=-0.718409
epoch=6/8 iter=15800 loss=-0.791640
epoch=6/8 iter=15900 loss=-0.607646
epoch=6/8 iter=16000 loss=-0.759918
epoch=6/8 iter=16100 loss=-0.861641
epoch=6/8 iter=16200 loss=-0.766916
epoch=6/8 iter=16300 loss=-0.832502
epoch=6/8 iter=16400 loss=-0.759237
epoch=6/8 iter=16500 loss=-0.798335
epoch=6/8 iter=16600 loss=-0.793069
epoch=6/8 iter=16700 loss=-0.761763
epoch=6/8 iter=16800 loss=-0.799984
epoch=6/8 train_loss=-0.794422 valid_loss=-0.933185
/home/likc/.conda/envs/capd/lib/python3.7/site-packages/torch/nn/modules/module.py:1433: UserWarning: Positional args are being deprecated, use kwargs instead. Refer to https://pytorch.org/docs/master/generated/torch.nn.Module.html#torch.nn.Module.state_dict for details.
  "Positional args are being deprecated, use kwargs instead. Refer to "
epoch=7/8 iter=16900 loss=-0.805649
epoch=7/8 iter=17000 loss=-0.911967
epoch=7/8 iter=17100 loss=-0.855701
epoch=7/8 iter=17200 loss=-0.869971
epoch=7/8 iter=17300 loss=-0.805752
epoch=7/8 iter=17400 loss=-0.858111
epoch=7/8 iter=17500 loss=-0.830942
epoch=7/8 iter=17600 loss=-0.840199
epoch=7/8 iter=17700 loss=-0.671872
epoch=7/8 iter=17800 loss=-0.749017
epoch=7/8 iter=17900 loss=-0.649752
epoch=7/8 iter=18000 loss=-0.842931
epoch=7/8 iter=18100 loss=-0.800882
epoch=7/8 iter=18200 loss=-0.705937
epoch=7/8 iter=18300 loss=-0.802984
epoch=7/8 iter=18400 loss=-0.784936
epoch=7/8 iter=18500 loss=-0.837144
epoch=7/8 iter=18600 loss=-0.730860
epoch=7/8 iter=18700 loss=-0.807472
epoch=7/8 iter=18800 loss=-0.770186
epoch=7/8 iter=18900 loss=-0.837296
epoch=7/8 iter=19000 loss=-0.765970
epoch=7/8 iter=19100 loss=-0.782227
epoch=7/8 iter=19200 loss=-0.829621
epoch=7/8 iter=19300 loss=-0.859907
epoch=7/8 iter=19400 loss=-0.822875
epoch=7/8 iter=19500 loss=-0.799022
epoch=7/8 iter=19600 loss=-0.770110
epoch=7/8 train_loss=-0.795662 valid_loss=-0.936153
/home/likc/.conda/envs/capd/lib/python3.7/site-packages/torch/nn/modules/module.py:1433: UserWarning: Positional args are being deprecated, use kwargs instead. Refer to https://pytorch.org/docs/master/generated/torch.nn.Module.html#torch.nn.Module.state_dict for details.
  "Positional args are being deprecated, use kwargs instead. Refer to "
epoch=8/8 iter=19700 loss=-0.688330
epoch=8/8 iter=19800 loss=-0.753408
epoch=8/8 iter=19900 loss=-0.797937
epoch=8/8 iter=20000 loss=-0.885406
epoch=8/8 iter=20100 loss=-0.672643
epoch=8/8 iter=20200 loss=-0.761593
epoch=8/8 iter=20300 loss=-0.801409
epoch=8/8 iter=20400 loss=-0.869284
epoch=8/8 iter=20500 loss=-0.757158
epoch=8/8 iter=20600 loss=-0.709712
epoch=8/8 iter=20700 loss=-0.797408
epoch=8/8 iter=20800 loss=-0.858698
epoch=8/8 iter=20900 loss=-0.819013
epoch=8/8 iter=21000 loss=-0.801662
epoch=8/8 iter=21100 loss=-0.770373
epoch=8/8 iter=21200 loss=-0.701460
epoch=8/8 iter=21300 loss=-0.765772
epoch=8/8 iter=21400 loss=-0.767273
epoch=8/8 iter=21500 loss=-0.797671
epoch=8/8 iter=21600 loss=-0.867547
epoch=8/8 iter=21700 loss=-0.737009
epoch=8/8 iter=21800 loss=-0.744383
epoch=8/8 iter=21900 loss=-0.766533
epoch=8/8 iter=22000 loss=-0.858241
epoch=8/8 iter=22100 loss=-0.796241
epoch=8/8 iter=22200 loss=-0.728299
epoch=8/8 iter=22300 loss=-0.868300
epoch=8/8 iter=22400 loss=-0.930745
epoch=8/8 train_loss=-0.796426 valid_loss=-0.935345
Training finished. best=/home/likc/Q-former-for-OS/outputs/capd_proactive_stage4_stage7/stage4-stage7-unified-r2/checkpoints/arch-wide/seed_42/qmap_best.pth last=/home/likc/Q-former-for-OS/outputs/capd_proactive_stage4_stage7/stage4-stage7-unified-r2/checkpoints/arch-wide/seed_42/qmap_last.pth
/home/likc/.conda/envs/capd/lib/python3.7/site-packages/torch/nn/modules/module.py:1433: UserWarning: Positional args are being deprecated, use kwargs instead. Refer to https://pytorch.org/docs/master/generated/torch.nn.Module.html#torch.nn.Module.state_dict for details.
  "Positional args are being deprecated, use kwargs instead. Refer to "
