QMAP training: train=/home/likc/Q-former-for-OS/outputs/capd_proactive_stage4_stage7/stage4-stage7-unified-r1/datasets/c37dfff7fbbcc70b4c88/all_train.jsonl valid=/home/likc/Q-former-for-OS/outputs/capd_proactive_stage4_stage7/stage4-stage7-unified-r1/datasets/c37dfff7fbbcc70b4c88/all_validation.jsonl samples=89651/14469 device=cuda
epoch=1/8 iter=1 loss=-0.537474
epoch=1/8 iter=100 loss=-0.717666
epoch=1/8 iter=200 loss=-0.747631
epoch=1/8 iter=300 loss=-0.834616
epoch=1/8 iter=400 loss=-0.660940
epoch=1/8 iter=500 loss=-0.714550
epoch=1/8 iter=600 loss=-0.755708
epoch=1/8 iter=700 loss=-0.782273
epoch=1/8 iter=800 loss=-0.659894
epoch=1/8 iter=900 loss=-0.844041
epoch=1/8 iter=1000 loss=-0.823010
epoch=1/8 iter=1100 loss=-0.705305
epoch=1/8 iter=1200 loss=-0.936075
epoch=1/8 iter=1300 loss=-0.755490
epoch=1/8 iter=1400 loss=-0.651213
epoch=1/8 iter=1500 loss=-0.683640
epoch=1/8 iter=1600 loss=-0.866094
epoch=1/8 iter=1700 loss=-0.885290
epoch=1/8 iter=1800 loss=-0.887995
epoch=1/8 iter=1900 loss=-0.814014
epoch=1/8 iter=2000 loss=-0.889611
epoch=1/8 iter=2100 loss=-0.881341
epoch=1/8 iter=2200 loss=-0.890416
epoch=1/8 iter=2300 loss=-0.849666
epoch=1/8 iter=2400 loss=-0.719440
epoch=1/8 iter=2500 loss=-0.781484
epoch=1/8 iter=2600 loss=-0.771251
epoch=1/8 iter=2700 loss=-0.819221
epoch=1/8 iter=2800 loss=-0.842900
epoch=1/8 train_loss=-0.757500 valid_loss=-0.918606
/home/likc/.conda/envs/capd/lib/python3.7/site-packages/torch/nn/modules/module.py:1433: UserWarning: Positional args are being deprecated, use kwargs instead. Refer to https://pytorch.org/docs/master/generated/torch.nn.Module.html#torch.nn.Module.state_dict for details.
  "Positional args are being deprecated, use kwargs instead. Refer to "
epoch=2/8 iter=2900 loss=-0.862765
epoch=2/8 iter=3000 loss=-0.823143
epoch=2/8 iter=3100 loss=-0.775118
epoch=2/8 iter=3200 loss=-0.821996
epoch=2/8 iter=3300 loss=-0.663051
epoch=2/8 iter=3400 loss=-0.880548
epoch=2/8 iter=3500 loss=-0.786412
epoch=2/8 iter=3600 loss=-0.813555
epoch=2/8 iter=3700 loss=-0.776650
epoch=2/8 iter=3800 loss=-0.667268
epoch=2/8 iter=3900 loss=-0.850064
epoch=2/8 iter=4000 loss=-0.763336
epoch=2/8 iter=4100 loss=-0.893739
epoch=2/8 iter=4200 loss=-0.696054
epoch=2/8 iter=4300 loss=-0.758145
epoch=2/8 iter=4400 loss=-0.675923
epoch=2/8 iter=4500 loss=-0.774770
epoch=2/8 iter=4600 loss=-0.858610
epoch=2/8 iter=4700 loss=-0.829850
epoch=2/8 iter=4800 loss=-0.835802
epoch=2/8 iter=4900 loss=-0.859313
epoch=2/8 iter=5000 loss=-0.785861
epoch=2/8 iter=5100 loss=-0.763768
epoch=2/8 iter=5200 loss=-0.698940
epoch=2/8 iter=5300 loss=-0.786531
epoch=2/8 iter=5400 loss=-0.792715
epoch=2/8 iter=5500 loss=-0.773137
epoch=2/8 iter=5600 loss=-0.846893
epoch=2/8 train_loss=-0.780574 valid_loss=-0.921825
/home/likc/.conda/envs/capd/lib/python3.7/site-packages/torch/nn/modules/module.py:1433: UserWarning: Positional args are being deprecated, use kwargs instead. Refer to https://pytorch.org/docs/master/generated/torch.nn.Module.html#torch.nn.Module.state_dict for details.
  "Positional args are being deprecated, use kwargs instead. Refer to "
epoch=3/8 iter=5700 loss=-0.621455
epoch=3/8 iter=5800 loss=-0.778437
epoch=3/8 iter=5900 loss=-0.718637
epoch=3/8 iter=6000 loss=-0.738752
epoch=3/8 iter=6100 loss=-0.765374
epoch=3/8 iter=6200 loss=-0.824769
epoch=3/8 iter=6300 loss=-0.917328
epoch=3/8 iter=6400 loss=-0.793757
epoch=3/8 iter=6500 loss=-0.708138
epoch=3/8 iter=6600 loss=-0.659142
epoch=3/8 iter=6700 loss=-0.758167
epoch=3/8 iter=6800 loss=-0.887038
epoch=3/8 iter=6900 loss=-0.787188
epoch=3/8 iter=7000 loss=-0.707356
epoch=3/8 iter=7100 loss=-0.758231
epoch=3/8 iter=7200 loss=-0.796299
epoch=3/8 iter=7300 loss=-0.768441
epoch=3/8 iter=7400 loss=-0.797525
epoch=3/8 iter=7500 loss=-0.844600
epoch=3/8 iter=7600 loss=-0.825957
epoch=3/8 iter=7700 loss=-0.847546
epoch=3/8 iter=7800 loss=-0.828421
epoch=3/8 iter=7900 loss=-0.699273
epoch=3/8 iter=8000 loss=-0.786189
epoch=3/8 iter=8100 loss=-0.789622
epoch=3/8 iter=8200 loss=-0.768696
epoch=3/8 iter=8300 loss=-0.759404
epoch=3/8 iter=8400 loss=-0.660701
epoch=3/8 train_loss=-0.785949 valid_loss=-0.928223
/home/likc/.conda/envs/capd/lib/python3.7/site-packages/torch/nn/modules/module.py:1433: UserWarning: Positional args are being deprecated, use kwargs instead. Refer to https://pytorch.org/docs/master/generated/torch.nn.Module.html#torch.nn.Module.state_dict for details.
  "Positional args are being deprecated, use kwargs instead. Refer to "
epoch=4/8 iter=8500 loss=-0.698293
epoch=4/8 iter=8600 loss=-0.855028
epoch=4/8 iter=8700 loss=-0.733707
epoch=4/8 iter=8800 loss=-0.852126
epoch=4/8 iter=8900 loss=-0.785107
epoch=4/8 iter=9000 loss=-0.858600
epoch=4/8 iter=9100 loss=-0.880632
epoch=4/8 iter=9200 loss=-0.787664
epoch=4/8 iter=9300 loss=-0.822471
epoch=4/8 iter=9400 loss=-0.699896
epoch=4/8 iter=9500 loss=-0.852471
epoch=4/8 iter=9600 loss=-0.817983
epoch=4/8 iter=9700 loss=-0.673012
epoch=4/8 iter=9800 loss=-0.769807
epoch=4/8 iter=9900 loss=-0.837049
epoch=4/8 iter=10000 loss=-0.852045
epoch=4/8 iter=10100 loss=-0.826672
epoch=4/8 iter=10200 loss=-0.821526
epoch=4/8 iter=10300 loss=-0.727240
epoch=4/8 iter=10400 loss=-0.802709
epoch=4/8 iter=10500 loss=-0.667533
epoch=4/8 iter=10600 loss=-0.845095
epoch=4/8 iter=10700 loss=-0.801007
epoch=4/8 iter=10800 loss=-0.821831
epoch=4/8 iter=10900 loss=-0.795674
epoch=4/8 iter=11000 loss=-0.792980
epoch=4/8 iter=11100 loss=-0.819083
epoch=4/8 iter=11200 loss=-0.758857
epoch=4/8 train_loss=-0.789259 valid_loss=-0.928675
/home/likc/.conda/envs/capd/lib/python3.7/site-packages/torch/nn/modules/module.py:1433: UserWarning: Positional args are being deprecated, use kwargs instead. Refer to https://pytorch.org/docs/master/generated/torch.nn.Module.html#torch.nn.Module.state_dict for details.
  "Positional args are being deprecated, use kwargs instead. Refer to "
epoch=5/8 iter=11300 loss=-0.795986
epoch=5/8 iter=11400 loss=-0.728727
epoch=5/8 iter=11500 loss=-0.620002
epoch=5/8 iter=11600 loss=-0.806978
epoch=5/8 iter=11700 loss=-0.769060
epoch=5/8 iter=11800 loss=-0.734146
epoch=5/8 iter=11900 loss=-0.864939
epoch=5/8 iter=12000 loss=-0.732485
epoch=5/8 iter=12100 loss=-0.847258
epoch=5/8 iter=12200 loss=-0.826797
epoch=5/8 iter=12300 loss=-0.821046
epoch=5/8 iter=12400 loss=-0.829936
epoch=5/8 iter=12500 loss=-0.691852
epoch=5/8 iter=12600 loss=-0.720488
epoch=5/8 iter=12700 loss=-0.900530
epoch=5/8 iter=12800 loss=-0.880865
epoch=5/8 iter=12900 loss=-0.799645
epoch=5/8 iter=13000 loss=-0.768877
epoch=5/8 iter=13100 loss=-0.691081
epoch=5/8 iter=13200 loss=-0.656921
epoch=5/8 iter=13300 loss=-0.859041
epoch=5/8 iter=13400 loss=-0.800818
epoch=5/8 iter=13500 loss=-0.818869
epoch=5/8 iter=13600 loss=-0.690662
epoch=5/8 iter=13700 loss=-0.827119
epoch=5/8 iter=13800 loss=-0.797704
epoch=5/8 iter=13900 loss=-0.837892
epoch=5/8 iter=14000 loss=-0.702777
epoch=5/8 train_loss=-0.790888 valid_loss=-0.927212
/home/likc/.conda/envs/capd/lib/python3.7/site-packages/torch/nn/modules/module.py:1433: UserWarning: Positional args are being deprecated, use kwargs instead. Refer to https://pytorch.org/docs/master/generated/torch.nn.Module.html#torch.nn.Module.state_dict for details.
  "Positional args are being deprecated, use kwargs instead. Refer to "
epoch=6/8 iter=14100 loss=-0.725053
epoch=6/8 iter=14200 loss=-0.853170
epoch=6/8 iter=14300 loss=-0.789710
epoch=6/8 iter=14400 loss=-0.797335
epoch=6/8 iter=14500 loss=-0.807053
epoch=6/8 iter=14600 loss=-0.789093
epoch=6/8 iter=14700 loss=-0.743127
epoch=6/8 iter=14800 loss=-0.779685
epoch=6/8 iter=14900 loss=-0.818304
epoch=6/8 iter=15000 loss=-0.802341
epoch=6/8 iter=15100 loss=-0.820220
epoch=6/8 iter=15200 loss=-0.764921
epoch=6/8 iter=15300 loss=-0.802311
epoch=6/8 iter=15400 loss=-0.829452
epoch=6/8 iter=15500 loss=-0.791872
epoch=6/8 iter=15600 loss=-0.883007
epoch=6/8 iter=15700 loss=-0.867220
epoch=6/8 iter=15800 loss=-0.883401
epoch=6/8 iter=15900 loss=-0.835501
epoch=6/8 iter=16000 loss=-0.737936
epoch=6/8 iter=16100 loss=-0.713835
epoch=6/8 iter=16200 loss=-0.718810
epoch=6/8 iter=16300 loss=-0.704343
epoch=6/8 iter=16400 loss=-0.857292
epoch=6/8 iter=16500 loss=-0.831316
epoch=6/8 iter=16600 loss=-0.770456
epoch=6/8 iter=16700 loss=-0.753070
epoch=6/8 iter=16800 loss=-0.847701
epoch=6/8 train_loss=-0.791799 valid_loss=-0.929113
/home/likc/.conda/envs/capd/lib/python3.7/site-packages/torch/nn/modules/module.py:1433: UserWarning: Positional args are being deprecated, use kwargs instead. Refer to https://pytorch.org/docs/master/generated/torch.nn.Module.html#torch.nn.Module.state_dict for details.
  "Positional args are being deprecated, use kwargs instead. Refer to "
epoch=7/8 iter=16900 loss=-0.857966
epoch=7/8 iter=17000 loss=-0.856522
epoch=7/8 iter=17100 loss=-0.860360
epoch=7/8 iter=17200 loss=-0.799035
epoch=7/8 iter=17300 loss=-0.819102
epoch=7/8 iter=17400 loss=-0.850392
epoch=7/8 iter=17500 loss=-0.812750
epoch=7/8 iter=17600 loss=-0.757867
epoch=7/8 iter=17700 loss=-0.793337
epoch=7/8 iter=17800 loss=-0.854715
epoch=7/8 iter=17900 loss=-0.850493
epoch=7/8 iter=18000 loss=-0.677097
epoch=7/8 iter=18100 loss=-0.762906
epoch=7/8 iter=18200 loss=-0.752655
epoch=7/8 iter=18300 loss=-0.788301
epoch=7/8 iter=18400 loss=-0.705080
epoch=7/8 iter=18500 loss=-0.818543
epoch=7/8 iter=18600 loss=-0.889041
epoch=7/8 iter=18700 loss=-0.766800
epoch=7/8 iter=18800 loss=-0.737853
epoch=7/8 iter=18900 loss=-0.724446
epoch=7/8 iter=19000 loss=-0.857082
epoch=7/8 iter=19100 loss=-0.756835
epoch=7/8 iter=19200 loss=-0.856130
epoch=7/8 iter=19300 loss=-0.772431
epoch=7/8 iter=19400 loss=-0.731215
epoch=7/8 iter=19500 loss=-0.692132
epoch=7/8 iter=19600 loss=-0.764772
epoch=7/8 train_loss=-0.792524 valid_loss=-0.929068
/home/likc/.conda/envs/capd/lib/python3.7/site-packages/torch/nn/modules/module.py:1433: UserWarning: Positional args are being deprecated, use kwargs instead. Refer to https://pytorch.org/docs/master/generated/torch.nn.Module.html#torch.nn.Module.state_dict for details.
  "Positional args are being deprecated, use kwargs instead. Refer to "
epoch=8/8 iter=19700 loss=-0.828572
epoch=8/8 iter=19800 loss=-0.853377
epoch=8/8 iter=19900 loss=-0.830444
epoch=8/8 iter=20000 loss=-0.792304
epoch=8/8 iter=20100 loss=-0.766592
epoch=8/8 iter=20200 loss=-0.763436
epoch=8/8 iter=20300 loss=-0.806504
epoch=8/8 iter=20400 loss=-0.771571
epoch=8/8 iter=20500 loss=-0.730381
epoch=8/8 iter=20600 loss=-0.795295
epoch=8/8 iter=20700 loss=-0.842157
epoch=8/8 iter=20800 loss=-0.836807
epoch=8/8 iter=20900 loss=-0.859288
epoch=8/8 iter=21000 loss=-0.794054
epoch=8/8 iter=21100 loss=-0.864548
epoch=8/8 iter=21200 loss=-0.887031
epoch=8/8 iter=21300 loss=-0.802323
epoch=8/8 iter=21400 loss=-0.826790
epoch=8/8 iter=21500 loss=-0.796811
epoch=8/8 iter=21600 loss=-0.733293
epoch=8/8 iter=21700 loss=-0.696167
epoch=8/8 iter=21800 loss=-0.738564
epoch=8/8 iter=21900 loss=-0.794870
epoch=8/8 iter=22000 loss=-0.832031
epoch=8/8 iter=22100 loss=-0.844307
epoch=8/8 iter=22200 loss=-0.832590
epoch=8/8 iter=22300 loss=-0.838622
epoch=8/8 iter=22400 loss=-0.866841
epoch=8/8 train_loss=-0.793409 valid_loss=-0.932218
Training finished. best=/home/likc/Q-former-for-OS/outputs/capd_proactive_stage4_stage7/stage4-stage7-unified-r2/checkpoints/sem-lam111/seed_42/qmap_best.pth last=/home/likc/Q-former-for-OS/outputs/capd_proactive_stage4_stage7/stage4-stage7-unified-r2/checkpoints/sem-lam111/seed_42/qmap_last.pth
/home/likc/.conda/envs/capd/lib/python3.7/site-packages/torch/nn/modules/module.py:1433: UserWarning: Positional args are being deprecated, use kwargs instead. Refer to https://pytorch.org/docs/master/generated/torch.nn.Module.html#torch.nn.Module.state_dict for details.
  "Positional args are being deprecated, use kwargs instead. Refer to "
