QMAP training: train=/home/likc/Q-former-for-OS/outputs/capd_proactive_stage4_stage7/stage4-stage7-unified-r1/datasets/da0dab0afec1945a70ef/all_train.jsonl valid=/home/likc/Q-former-for-OS/outputs/capd_proactive_stage4_stage7/stage4-stage7-unified-r1/datasets/da0dab0afec1945a70ef/all_validation.jsonl samples=89651/14469 device=cuda
epoch=1/12 iter=1 loss=-0.542393
epoch=1/12 iter=100 loss=-0.657528
epoch=1/12 iter=200 loss=-0.761243
epoch=1/12 iter=300 loss=-0.586087
epoch=1/12 iter=400 loss=-0.651527
epoch=1/12 iter=500 loss=-0.761918
epoch=1/12 iter=600 loss=-0.752029
epoch=1/12 iter=700 loss=-0.789193
epoch=1/12 iter=800 loss=-0.759770
epoch=1/12 iter=900 loss=-0.908592
epoch=1/12 iter=1000 loss=-0.946740
epoch=1/12 iter=1100 loss=-0.634239
epoch=1/12 iter=1200 loss=-0.789316
epoch=1/12 iter=1300 loss=-0.864876
epoch=1/12 iter=1400 loss=-0.892374
epoch=1/12 iter=1500 loss=-0.855900
epoch=1/12 iter=1600 loss=-0.835566
epoch=1/12 iter=1700 loss=-0.851851
epoch=1/12 iter=1800 loss=-0.794154
epoch=1/12 iter=1900 loss=-0.905868
epoch=1/12 iter=2000 loss=-0.883013
epoch=1/12 iter=2100 loss=-0.945818
epoch=1/12 iter=2200 loss=-0.780199
epoch=1/12 iter=2300 loss=-0.700596
epoch=1/12 iter=2400 loss=-0.801842
epoch=1/12 iter=2500 loss=-0.934204
epoch=1/12 iter=2600 loss=-0.836892
epoch=1/12 iter=2700 loss=-0.712666
epoch=1/12 iter=2800 loss=-0.905129
epoch=1/12 iter=2900 loss=-0.678789
epoch=1/12 iter=3000 loss=-0.776221
epoch=1/12 iter=3100 loss=-0.699862
epoch=1/12 iter=3200 loss=-0.887404
epoch=1/12 iter=3300 loss=-0.816636
epoch=1/12 iter=3400 loss=-0.547476
epoch=1/12 iter=3500 loss=-0.667840
epoch=1/12 iter=3600 loss=-0.613111
epoch=1/12 iter=3700 loss=-0.987967
epoch=1/12 iter=3800 loss=-0.673351
epoch=1/12 iter=3900 loss=-0.712321
epoch=1/12 iter=4000 loss=-0.717914
epoch=1/12 iter=4100 loss=-0.644527
epoch=1/12 iter=4200 loss=-0.825875
epoch=1/12 iter=4300 loss=-0.769296
epoch=1/12 iter=4400 loss=-0.909571
epoch=1/12 iter=4500 loss=-0.895027
epoch=1/12 iter=4600 loss=-0.843032
epoch=1/12 iter=4700 loss=-0.725939
epoch=1/12 iter=4800 loss=-0.849883
epoch=1/12 iter=4900 loss=-0.673741
epoch=1/12 iter=5000 loss=-0.865493
epoch=1/12 iter=5100 loss=-0.786424
epoch=1/12 iter=5200 loss=-0.801263
epoch=1/12 iter=5300 loss=-0.782757
epoch=1/12 iter=5400 loss=-0.827427
epoch=1/12 iter=5500 loss=-0.611721
epoch=1/12 iter=5600 loss=-0.740429
epoch=1/12 train_loss=-0.771712 valid_loss=-0.924072
/home/likc/.conda/envs/capd/lib/python3.7/site-packages/torch/nn/modules/module.py:1433: UserWarning: Positional args are being deprecated, use kwargs instead. Refer to https://pytorch.org/docs/master/generated/torch.nn.Module.html#torch.nn.Module.state_dict for details.
  "Positional args are being deprecated, use kwargs instead. Refer to "
epoch=2/12 iter=5700 loss=-0.734692
epoch=2/12 iter=5800 loss=-0.721309
epoch=2/12 iter=5900 loss=-0.778252
epoch=2/12 iter=6000 loss=-0.915496
epoch=2/12 iter=6100 loss=-0.977250
epoch=2/12 iter=6200 loss=-0.788961
epoch=2/12 iter=6300 loss=-0.852162
epoch=2/12 iter=6400 loss=-0.772039
epoch=2/12 iter=6500 loss=-0.733701
epoch=2/12 iter=6600 loss=-0.704825
epoch=2/12 iter=6700 loss=-0.734311
epoch=2/12 iter=6800 loss=-0.729592
epoch=2/12 iter=6900 loss=-0.914706
epoch=2/12 iter=7000 loss=-0.723755
epoch=2/12 iter=7100 loss=-0.760986
epoch=2/12 iter=7200 loss=-0.742472
epoch=2/12 iter=7300 loss=-0.832881
epoch=2/12 iter=7400 loss=-0.794220
epoch=2/12 iter=7500 loss=-0.788346
epoch=2/12 iter=7600 loss=-0.760552
epoch=2/12 iter=7700 loss=-0.921412
epoch=2/12 iter=7800 loss=-0.732954
epoch=2/12 iter=7900 loss=-0.658355
epoch=2/12 iter=8000 loss=-0.858439
epoch=2/12 iter=8100 loss=-0.783287
epoch=2/12 iter=8200 loss=-0.710945
epoch=2/12 iter=8300 loss=-0.779676
epoch=2/12 iter=8400 loss=-0.795076
epoch=2/12 iter=8500 loss=-0.852569
epoch=2/12 iter=8600 loss=-0.763367
epoch=2/12 iter=8700 loss=-0.785704
epoch=2/12 iter=8800 loss=-0.790669
epoch=2/12 iter=8900 loss=-0.859415
epoch=2/12 iter=9000 loss=-0.710338
epoch=2/12 iter=9100 loss=-0.717230
epoch=2/12 iter=9200 loss=-0.778244
epoch=2/12 iter=9300 loss=-0.828562
epoch=2/12 iter=9400 loss=-0.715536
epoch=2/12 iter=9500 loss=-0.840316
epoch=2/12 iter=9600 loss=-0.853551
epoch=2/12 iter=9700 loss=-0.791818
epoch=2/12 iter=9800 loss=-0.855861
epoch=2/12 iter=9900 loss=-0.768715
epoch=2/12 iter=10000 loss=-0.740782
epoch=2/12 iter=10100 loss=-0.806435
epoch=2/12 iter=10200 loss=-0.859623
epoch=2/12 iter=10300 loss=-0.853200
epoch=2/12 iter=10400 loss=-0.986794
epoch=2/12 iter=10500 loss=-0.726665
epoch=2/12 iter=10600 loss=-0.649543
epoch=2/12 iter=10700 loss=-0.739593
epoch=2/12 iter=10800 loss=-0.721582
epoch=2/12 iter=10900 loss=-0.804921
epoch=2/12 iter=11000 loss=-0.799555
epoch=2/12 iter=11100 loss=-0.905368
epoch=2/12 iter=11200 loss=-0.629003
epoch=2/12 train_loss=-0.785955 valid_loss=-0.927462
/home/likc/.conda/envs/capd/lib/python3.7/site-packages/torch/nn/modules/module.py:1433: UserWarning: Positional args are being deprecated, use kwargs instead. Refer to https://pytorch.org/docs/master/generated/torch.nn.Module.html#torch.nn.Module.state_dict for details.
  "Positional args are being deprecated, use kwargs instead. Refer to "
epoch=3/12 iter=11300 loss=-0.835501
epoch=3/12 iter=11400 loss=-0.734043
epoch=3/12 iter=11500 loss=-0.701121
epoch=3/12 iter=11600 loss=-0.906489
epoch=3/12 iter=11700 loss=-0.735551
epoch=3/12 iter=11800 loss=-0.660823
epoch=3/12 iter=11900 loss=-0.739782
epoch=3/12 iter=12000 loss=-0.739326
epoch=3/12 iter=12100 loss=-0.862333
epoch=3/12 iter=12200 loss=-0.803387
epoch=3/12 iter=12300 loss=-0.912218
epoch=3/12 iter=12400 loss=-0.733020
epoch=3/12 iter=12500 loss=-0.857921
epoch=3/12 iter=12600 loss=-0.782363
epoch=3/12 iter=12700 loss=-0.906732
epoch=3/12 iter=12800 loss=-0.839270
epoch=3/12 iter=12900 loss=-0.791397
epoch=3/12 iter=13000 loss=-0.848120
epoch=3/12 iter=13100 loss=-0.798068
epoch=3/12 iter=13200 loss=-0.799482
epoch=3/12 iter=13300 loss=-0.880535
epoch=3/12 iter=13400 loss=-0.850078
epoch=3/12 iter=13500 loss=-0.657094
epoch=3/12 iter=13600 loss=-0.924897
epoch=3/12 iter=13700 loss=-0.711292
epoch=3/12 iter=13800 loss=-0.776400
epoch=3/12 iter=13900 loss=-0.804910
epoch=3/12 iter=14000 loss=-0.863670
epoch=3/12 iter=14100 loss=-0.674611
epoch=3/12 iter=14200 loss=-0.709286
epoch=3/12 iter=14300 loss=-0.789392
epoch=3/12 iter=14400 loss=-0.791441
epoch=3/12 iter=14500 loss=-0.742126
epoch=3/12 iter=14600 loss=-0.790974
epoch=3/12 iter=14700 loss=-0.618657
epoch=3/12 iter=14800 loss=-0.681337
epoch=3/12 iter=14900 loss=-0.843769
epoch=3/12 iter=15000 loss=-0.738816
epoch=3/12 iter=15100 loss=-0.837129
epoch=3/12 iter=15200 loss=-0.988358
epoch=3/12 iter=15300 loss=-0.671462
epoch=3/12 iter=15400 loss=-0.802649
epoch=3/12 iter=15500 loss=-0.670609
epoch=3/12 iter=15600 loss=-0.716274
epoch=3/12 iter=15700 loss=-0.724962
epoch=3/12 iter=15800 loss=-0.735725
epoch=3/12 iter=15900 loss=-0.619630
epoch=3/12 iter=16000 loss=-0.840338
epoch=3/12 iter=16100 loss=-0.913059
epoch=3/12 iter=16200 loss=-0.717489
epoch=3/12 iter=16300 loss=-0.858765
epoch=3/12 iter=16400 loss=-0.519923
epoch=3/12 iter=16500 loss=-0.780559
epoch=3/12 iter=16600 loss=-0.537615
epoch=3/12 iter=16700 loss=-0.585893
epoch=3/12 iter=16800 loss=-0.744028
epoch=3/12 train_loss=-0.788166 valid_loss=-0.928201
/home/likc/.conda/envs/capd/lib/python3.7/site-packages/torch/nn/modules/module.py:1433: UserWarning: Positional args are being deprecated, use kwargs instead. Refer to https://pytorch.org/docs/master/generated/torch.nn.Module.html#torch.nn.Module.state_dict for details.
  "Positional args are being deprecated, use kwargs instead. Refer to "
epoch=4/12 iter=16900 loss=-0.552315
epoch=4/12 iter=17000 loss=-0.786275
epoch=4/12 iter=17100 loss=-0.854375
epoch=4/12 iter=17200 loss=-0.862487
epoch=4/12 iter=17300 loss=-0.735859
epoch=4/12 iter=17400 loss=-0.903183
epoch=4/12 iter=17500 loss=-0.896163
epoch=4/12 iter=17600 loss=-0.987014
epoch=4/12 iter=17700 loss=-0.729414
epoch=4/12 iter=17800 loss=-0.863492
epoch=4/12 iter=17900 loss=-0.912362
epoch=4/12 iter=18000 loss=-0.842130
epoch=4/12 iter=18100 loss=-0.960045
epoch=4/12 iter=18200 loss=-0.868744
epoch=4/12 iter=18300 loss=-0.741541
epoch=4/12 iter=18400 loss=-0.865548
epoch=4/12 iter=18500 loss=-0.838535
epoch=4/12 iter=18600 loss=-0.863631
epoch=4/12 iter=18700 loss=-0.905446
epoch=4/12 iter=18800 loss=-0.788042
epoch=4/12 iter=18900 loss=-0.804642
epoch=4/12 iter=19000 loss=-0.820571
epoch=4/12 iter=19100 loss=-0.733954
epoch=4/12 iter=19200 loss=-0.795186
epoch=4/12 iter=19300 loss=-0.553840
epoch=4/12 iter=19400 loss=-0.831123
epoch=4/12 iter=19500 loss=-0.797623
epoch=4/12 iter=19600 loss=-0.863180
epoch=4/12 iter=19700 loss=-0.720740
epoch=4/12 iter=19800 loss=-0.725879
epoch=4/12 iter=19900 loss=-0.797928
epoch=4/12 iter=20000 loss=-0.849813
epoch=4/12 iter=20100 loss=-0.858725
epoch=4/12 iter=20200 loss=-0.863668
epoch=4/12 iter=20300 loss=-0.891331
epoch=4/12 iter=20400 loss=-0.762283
epoch=4/12 iter=20500 loss=-0.980814
epoch=4/12 iter=20600 loss=-0.791487
epoch=4/12 iter=20700 loss=-0.594223
epoch=4/12 iter=20800 loss=-0.736605
epoch=4/12 iter=20900 loss=-0.707644
epoch=4/12 iter=21000 loss=-0.911909
epoch=4/12 iter=21100 loss=-0.722406
epoch=4/12 iter=21200 loss=-0.678406
epoch=4/12 iter=21300 loss=-0.716865
epoch=4/12 iter=21400 loss=-0.716437
epoch=4/12 iter=21500 loss=-0.732142
epoch=4/12 iter=21600 loss=-0.735649
epoch=4/12 iter=21700 loss=-0.793578
epoch=4/12 iter=21800 loss=-0.907016
epoch=4/12 iter=21900 loss=-0.650109
epoch=4/12 iter=22000 loss=-0.858188
epoch=4/12 iter=22100 loss=-0.859468
epoch=4/12 iter=22200 loss=-0.919682
epoch=4/12 iter=22300 loss=-0.673406
epoch=4/12 iter=22400 loss=-0.672493
epoch=4/12 train_loss=-0.789046 valid_loss=-0.928489
/home/likc/.conda/envs/capd/lib/python3.7/site-packages/torch/nn/modules/module.py:1433: UserWarning: Positional args are being deprecated, use kwargs instead. Refer to https://pytorch.org/docs/master/generated/torch.nn.Module.html#torch.nn.Module.state_dict for details.
  "Positional args are being deprecated, use kwargs instead. Refer to "
epoch=5/12 iter=22500 loss=-0.920981
epoch=5/12 iter=22600 loss=-0.797329
epoch=5/12 iter=22700 loss=-0.744184
epoch=5/12 iter=22800 loss=-0.783211
epoch=5/12 iter=22900 loss=-0.800732
epoch=5/12 iter=23000 loss=-0.793687
epoch=5/12 iter=23100 loss=-0.909415
epoch=5/12 iter=23200 loss=-0.862620
epoch=5/12 iter=23300 loss=-0.803105
epoch=5/12 iter=23400 loss=-0.865407
epoch=5/12 iter=23500 loss=-0.859150
epoch=5/12 iter=23600 loss=-0.617071
epoch=5/12 iter=23700 loss=-0.931685
epoch=5/12 iter=23800 loss=-0.827701
epoch=5/12 iter=23900 loss=-0.915219
epoch=5/12 iter=24000 loss=-0.726548
epoch=5/12 iter=24100 loss=-0.804952
epoch=5/12 iter=24200 loss=-0.708560
epoch=5/12 iter=24300 loss=-0.860900
epoch=5/12 iter=24400 loss=-0.786472
epoch=5/12 iter=24500 loss=-0.801488
epoch=5/12 iter=24600 loss=-0.735239
epoch=5/12 iter=24700 loss=-0.802759
epoch=5/12 iter=24800 loss=-0.607616
epoch=5/12 iter=24900 loss=-0.607804
epoch=5/12 iter=25000 loss=-0.850128
epoch=5/12 iter=25100 loss=-0.922143
epoch=5/12 iter=25200 loss=-0.911985
epoch=5/12 iter=25300 loss=-0.664582
epoch=5/12 iter=25400 loss=-0.929584
epoch=5/12 iter=25500 loss=-0.683075
epoch=5/12 iter=25600 loss=-0.736458
epoch=5/12 iter=25700 loss=-0.861836
epoch=5/12 iter=25800 loss=-0.792588
epoch=5/12 iter=25900 loss=-0.922701
epoch=5/12 iter=26000 loss=-0.796059
epoch=5/12 iter=26100 loss=-0.915514
epoch=5/12 iter=26200 loss=-0.744526
epoch=5/12 iter=26300 loss=-0.908460
epoch=5/12 iter=26400 loss=-0.817214
epoch=5/12 iter=26500 loss=-0.618324
epoch=5/12 iter=26600 loss=-0.801129
epoch=5/12 iter=26700 loss=-0.732776
epoch=5/12 iter=26800 loss=-0.840002
epoch=5/12 iter=26900 loss=-0.862201
epoch=5/12 iter=27000 loss=-0.617764
epoch=5/12 iter=27100 loss=-0.718103
epoch=5/12 iter=27200 loss=-0.795615
epoch=5/12 iter=27300 loss=-0.833552
epoch=5/12 iter=27400 loss=-0.951794
epoch=5/12 iter=27500 loss=-0.669322
epoch=5/12 iter=27600 loss=-0.777999
epoch=5/12 iter=27700 loss=-0.729529
epoch=5/12 iter=27800 loss=-0.804141
epoch=5/12 iter=27900 loss=-0.735419
epoch=5/12 iter=28000 loss=-0.802977
epoch=5/12 train_loss=-0.790346 valid_loss=-0.924474
/home/likc/.conda/envs/capd/lib/python3.7/site-packages/torch/nn/modules/module.py:1433: UserWarning: Positional args are being deprecated, use kwargs instead. Refer to https://pytorch.org/docs/master/generated/torch.nn.Module.html#torch.nn.Module.state_dict for details.
  "Positional args are being deprecated, use kwargs instead. Refer to "
epoch=6/12 iter=28100 loss=-0.672124
epoch=6/12 iter=28200 loss=-0.783983
epoch=6/12 iter=28300 loss=-0.798253
epoch=6/12 iter=28400 loss=-0.744968
epoch=6/12 iter=28500 loss=-0.734539
epoch=6/12 iter=28600 loss=-0.921210
epoch=6/12 iter=28700 loss=-0.730455
epoch=6/12 iter=28800 loss=-0.795960
epoch=6/12 iter=28900 loss=-0.548352
epoch=6/12 iter=29000 loss=-0.730820
epoch=6/12 iter=29100 loss=-0.723317
epoch=6/12 iter=29200 loss=-0.861019
epoch=6/12 iter=29300 loss=-0.986509
epoch=6/12 iter=29400 loss=-0.790848
epoch=6/12 iter=29500 loss=-0.799992
epoch=6/12 iter=29600 loss=-0.550265
epoch=6/12 iter=29700 loss=-0.786121
epoch=6/12 iter=29800 loss=-0.720755
epoch=6/12 iter=29900 loss=-0.797263
epoch=6/12 iter=30000 loss=-0.808296
epoch=6/12 iter=30100 loss=-0.802569
epoch=6/12 iter=30200 loss=-0.742475
epoch=6/12 iter=30300 loss=-0.778181
epoch=6/12 iter=30400 loss=-0.793815
epoch=6/12 iter=30500 loss=-0.794417
epoch=6/12 iter=30600 loss=-0.859054
epoch=6/12 iter=30700 loss=-0.857331
epoch=6/12 iter=30800 loss=-0.648554
epoch=6/12 iter=30900 loss=-0.988198
epoch=6/12 iter=31000 loss=-0.744152
epoch=6/12 iter=31100 loss=-0.788443
epoch=6/12 iter=31200 loss=-0.728068
epoch=6/12 iter=31300 loss=-0.743760
epoch=6/12 iter=31400 loss=-0.727403
epoch=6/12 iter=31500 loss=-0.740425
epoch=6/12 iter=31600 loss=-0.553198
epoch=6/12 iter=31700 loss=-0.914370
epoch=6/12 iter=31800 loss=-0.716206
epoch=6/12 iter=31900 loss=-0.986599
epoch=6/12 iter=32000 loss=-0.782064
epoch=6/12 iter=32100 loss=-0.615055
epoch=6/12 iter=32200 loss=-0.919281
epoch=6/12 iter=32300 loss=-0.679623
epoch=6/12 iter=32400 loss=-0.856722
epoch=6/12 iter=32500 loss=-0.924310
epoch=6/12 iter=32600 loss=-0.786864
epoch=6/12 iter=32700 loss=-0.674437
epoch=6/12 iter=32800 loss=-0.802454
epoch=6/12 iter=32900 loss=-0.733167
epoch=6/12 iter=33000 loss=-0.862204
epoch=6/12 iter=33100 loss=-0.801804
epoch=6/12 iter=33200 loss=-0.913279
epoch=6/12 iter=33300 loss=-0.846918
epoch=6/12 iter=33400 loss=-0.762748
epoch=6/12 iter=33500 loss=-0.801469
epoch=6/12 iter=33600 loss=-0.958520
epoch=6/12 train_loss=-0.790869 valid_loss=-0.924635
/home/likc/.conda/envs/capd/lib/python3.7/site-packages/torch/nn/modules/module.py:1433: UserWarning: Positional args are being deprecated, use kwargs instead. Refer to https://pytorch.org/docs/master/generated/torch.nn.Module.html#torch.nn.Module.state_dict for details.
  "Positional args are being deprecated, use kwargs instead. Refer to "
epoch=7/12 iter=33700 loss=-0.610670
epoch=7/12 iter=33800 loss=-0.958716
epoch=7/12 iter=33900 loss=-0.859042
epoch=7/12 iter=34000 loss=-0.801500
epoch=7/12 iter=34100 loss=-0.855029
epoch=7/12 iter=34200 loss=-0.836039
epoch=7/12 iter=34300 loss=-0.842591
epoch=7/12 iter=34400 loss=-0.844877
epoch=7/12 iter=34500 loss=-0.794754
epoch=7/12 iter=34600 loss=-0.865050
epoch=7/12 iter=34700 loss=-0.682118
epoch=7/12 iter=34800 loss=-0.927043
epoch=7/12 iter=34900 loss=-0.845740
epoch=7/12 iter=35000 loss=-0.724969
epoch=7/12 iter=35100 loss=-0.797362
epoch=7/12 iter=35200 loss=-0.798000
epoch=7/12 iter=35300 loss=-0.981476
epoch=7/12 iter=35400 loss=-0.599115
epoch=7/12 iter=35500 loss=-0.928294
epoch=7/12 iter=35600 loss=-0.740706
epoch=7/12 iter=35700 loss=-0.805446
epoch=7/12 iter=35800 loss=-0.735638
epoch=7/12 iter=35900 loss=-0.790332
epoch=7/12 iter=36000 loss=-0.662617
epoch=7/12 iter=36100 loss=-0.722077
epoch=7/12 iter=36200 loss=-0.734034
epoch=7/12 iter=36300 loss=-0.920895
epoch=7/12 iter=36400 loss=-0.963506
epoch=7/12 iter=36500 loss=-0.912440
epoch=7/12 iter=36600 loss=-0.792610
epoch=7/12 iter=36700 loss=-0.847759
epoch=7/12 iter=36800 loss=-0.859641
epoch=7/12 iter=36900 loss=-0.613369
epoch=7/12 iter=37000 loss=-0.918222
epoch=7/12 iter=37100 loss=-0.800862
epoch=7/12 iter=37200 loss=-0.801548
epoch=7/12 iter=37300 loss=-0.782590
epoch=7/12 iter=37400 loss=-0.917230
epoch=7/12 iter=37500 loss=-0.676918
epoch=7/12 iter=37600 loss=-0.618584
epoch=7/12 iter=37700 loss=-0.739883
epoch=7/12 iter=37800 loss=-0.620363
epoch=7/12 iter=37900 loss=-0.716453
epoch=7/12 iter=38000 loss=-0.672785
epoch=7/12 iter=38100 loss=-0.735732
epoch=7/12 iter=38200 loss=-0.675230
epoch=7/12 iter=38300 loss=-0.804949
epoch=7/12 iter=38400 loss=-0.661156
epoch=7/12 iter=38500 loss=-0.782941
epoch=7/12 iter=38600 loss=-0.847381
epoch=7/12 iter=38700 loss=-0.862876
epoch=7/12 iter=38800 loss=-0.798478
epoch=7/12 iter=38900 loss=-0.730096
epoch=7/12 iter=39000 loss=-0.606589
epoch=7/12 iter=39100 loss=-0.853879
epoch=7/12 iter=39200 loss=-0.732125
epoch=7/12 train_loss=-0.792215 valid_loss=-0.931059
/home/likc/.conda/envs/capd/lib/python3.7/site-packages/torch/nn/modules/module.py:1433: UserWarning: Positional args are being deprecated, use kwargs instead. Refer to https://pytorch.org/docs/master/generated/torch.nn.Module.html#torch.nn.Module.state_dict for details.
  "Positional args are being deprecated, use kwargs instead. Refer to "
epoch=8/12 iter=39300 loss=-0.729324
epoch=8/12 iter=39400 loss=-0.794840
epoch=8/12 iter=39500 loss=-0.771066
epoch=8/12 iter=39600 loss=-0.804848
epoch=8/12 iter=39700 loss=-0.793527
epoch=8/12 iter=39800 loss=-0.800219
epoch=8/12 iter=39900 loss=-0.720393
epoch=8/12 iter=40000 loss=-0.738935
epoch=8/12 iter=40100 loss=-0.666361
epoch=8/12 iter=40200 loss=-0.861711
epoch=8/12 iter=40300 loss=-0.864339
epoch=8/12 iter=40400 loss=-0.923529
epoch=8/12 iter=40500 loss=-0.681545
epoch=8/12 iter=40600 loss=-0.666018
epoch=8/12 iter=40700 loss=-0.725257
epoch=8/12 iter=40800 loss=-0.806823
epoch=8/12 iter=40900 loss=-0.858385
epoch=8/12 iter=41000 loss=-0.588184
epoch=8/12 iter=41100 loss=-0.738951
epoch=8/12 iter=41200 loss=-0.773968
epoch=8/12 iter=41300 loss=-0.925183
epoch=8/12 iter=41400 loss=-0.803685
epoch=8/12 iter=41500 loss=-0.742708
epoch=8/12 iter=41600 loss=-0.911852
epoch=8/12 iter=41700 loss=-0.673578
epoch=8/12 iter=41800 loss=-0.801261
epoch=8/12 iter=41900 loss=-0.672524
epoch=8/12 iter=42000 loss=-0.870985
epoch=8/12 iter=42100 loss=-0.798019
epoch=8/12 iter=42200 loss=-0.907334
epoch=8/12 iter=42300 loss=-0.835419
epoch=8/12 iter=42400 loss=-0.660607
epoch=8/12 iter=42500 loss=-0.925606
epoch=8/12 iter=42600 loss=-0.905884
epoch=8/12 iter=42700 loss=-0.740463
epoch=8/12 iter=42800 loss=-0.766188
epoch=8/12 iter=42900 loss=-0.852096
epoch=8/12 iter=43000 loss=-0.856625
epoch=8/12 iter=43100 loss=-0.743808
epoch=8/12 iter=43200 loss=-0.775365
epoch=8/12 iter=43300 loss=-0.792930
epoch=8/12 iter=43400 loss=-0.502944
epoch=8/12 iter=43500 loss=-0.884012
epoch=8/12 iter=43600 loss=-0.733902
epoch=8/12 iter=43700 loss=-0.679380
epoch=8/12 iter=43800 loss=-0.678991
epoch=8/12 iter=43900 loss=-0.870391
epoch=8/12 iter=44000 loss=-0.845228
epoch=8/12 iter=44100 loss=-0.729954
epoch=8/12 iter=44200 loss=-0.914202
epoch=8/12 iter=44300 loss=-0.929357
epoch=8/12 iter=44400 loss=-0.709891
epoch=8/12 iter=44500 loss=-0.735418
epoch=8/12 iter=44600 loss=-0.556081
epoch=8/12 iter=44700 loss=-0.861585
epoch=8/12 iter=44800 loss=-0.839942
epoch=8/12 train_loss=-0.793004 valid_loss=-0.933123
/home/likc/.conda/envs/capd/lib/python3.7/site-packages/torch/nn/modules/module.py:1433: UserWarning: Positional args are being deprecated, use kwargs instead. Refer to https://pytorch.org/docs/master/generated/torch.nn.Module.html#torch.nn.Module.state_dict for details.
  "Positional args are being deprecated, use kwargs instead. Refer to "
epoch=9/12 iter=44900 loss=-0.922792
epoch=9/12 iter=45000 loss=-0.613388
epoch=9/12 iter=45100 loss=-0.740468
epoch=9/12 iter=45200 loss=-0.842148
epoch=9/12 iter=45300 loss=-0.859477
epoch=9/12 iter=45400 loss=-0.737207
epoch=9/12 iter=45500 loss=-0.673023
epoch=9/12 iter=45600 loss=-0.829516
epoch=9/12 iter=45700 loss=-0.928487
epoch=9/12 iter=45800 loss=-0.977484
epoch=9/12 iter=45900 loss=-0.664842
epoch=9/12 iter=46000 loss=-0.771398
epoch=9/12 iter=46100 loss=-0.788639
epoch=9/12 iter=46200 loss=-0.787967
epoch=9/12 iter=46300 loss=-0.728145
epoch=9/12 iter=46400 loss=-0.669961
epoch=9/12 iter=46500 loss=-0.796269
epoch=9/12 iter=46600 loss=-0.865459
epoch=9/12 iter=46700 loss=-0.865287
epoch=9/12 iter=46800 loss=-0.856547
epoch=9/12 iter=46900 loss=-0.681153
epoch=9/12 iter=47000 loss=-0.730844
epoch=9/12 iter=47100 loss=-0.559944
epoch=9/12 iter=47200 loss=-0.676347
epoch=9/12 iter=47300 loss=-0.676103
epoch=9/12 iter=47400 loss=-0.926968
epoch=9/12 iter=47500 loss=-0.746429
epoch=9/12 iter=47600 loss=-0.776130
epoch=9/12 iter=47700 loss=-0.854046
epoch=9/12 iter=47800 loss=-0.666490
epoch=9/12 iter=47900 loss=-0.785979
epoch=9/12 iter=48000 loss=-0.925711
epoch=9/12 iter=48100 loss=-0.789528
epoch=9/12 iter=48200 loss=-0.865533
epoch=9/12 iter=48300 loss=-0.799046
epoch=9/12 iter=48400 loss=-0.654582
epoch=9/12 iter=48500 loss=-0.862618
epoch=9/12 iter=48600 loss=-0.992806
epoch=9/12 iter=48700 loss=-0.666357
epoch=9/12 iter=48800 loss=-0.737388
epoch=9/12 iter=48900 loss=-0.794726
epoch=9/12 iter=49000 loss=-0.846710
epoch=9/12 iter=49100 loss=-0.931528
epoch=9/12 iter=49200 loss=-0.983704
epoch=9/12 iter=49300 loss=-0.790126
epoch=9/12 iter=49400 loss=-0.655457
epoch=9/12 iter=49500 loss=-0.866574
epoch=9/12 iter=49600 loss=-0.865713
epoch=9/12 iter=49700 loss=-0.579055
epoch=9/12 iter=49800 loss=-0.828534
epoch=9/12 iter=49900 loss=-0.621745
epoch=9/12 iter=50000 loss=-0.725445
epoch=9/12 iter=50100 loss=-0.849746
epoch=9/12 iter=50200 loss=-0.781126
epoch=9/12 iter=50300 loss=-0.801001
epoch=9/12 iter=50400 loss=-0.858358
epoch=9/12 train_loss=-0.793513 valid_loss=-0.928919
/home/likc/.conda/envs/capd/lib/python3.7/site-packages/torch/nn/modules/module.py:1433: UserWarning: Positional args are being deprecated, use kwargs instead. Refer to https://pytorch.org/docs/master/generated/torch.nn.Module.html#torch.nn.Module.state_dict for details.
  "Positional args are being deprecated, use kwargs instead. Refer to "
epoch=10/12 iter=50500 loss=-0.747482
epoch=10/12 iter=50600 loss=-0.786332
epoch=10/12 iter=50700 loss=-0.747710
epoch=10/12 iter=50800 loss=-0.856242
epoch=10/12 iter=50900 loss=-0.867054
epoch=10/12 iter=51000 loss=-0.923517
epoch=10/12 iter=51100 loss=-0.790283
epoch=10/12 iter=51200 loss=-0.850661
epoch=10/12 iter=51300 loss=-0.731528
epoch=10/12 iter=51400 loss=-0.804680
epoch=10/12 iter=51500 loss=-0.783325
epoch=10/12 iter=51600 loss=-0.790000
epoch=10/12 iter=51700 loss=-0.675092
epoch=10/12 iter=51800 loss=-0.829431
epoch=10/12 iter=51900 loss=-0.684817
epoch=10/12 iter=52000 loss=-0.796964
epoch=10/12 iter=52100 loss=-0.859733
epoch=10/12 iter=52200 loss=-0.734579
epoch=10/12 iter=52300 loss=-0.740107
epoch=10/12 iter=52400 loss=-0.864143
epoch=10/12 iter=52500 loss=-0.681972
epoch=10/12 iter=52600 loss=-0.863965
epoch=10/12 iter=52700 loss=-0.731898
epoch=10/12 iter=52800 loss=-0.871346
epoch=10/12 iter=52900 loss=-0.804694
epoch=10/12 iter=53000 loss=-0.723272
epoch=10/12 iter=53100 loss=-0.869235
epoch=10/12 iter=53200 loss=-0.932035
epoch=10/12 iter=53300 loss=-0.983373
epoch=10/12 iter=53400 loss=-0.844460
epoch=10/12 iter=53500 loss=-0.787792
epoch=10/12 iter=53600 loss=-0.796834
epoch=10/12 iter=53700 loss=-0.613772
epoch=10/12 iter=53800 loss=-0.860858
epoch=10/12 iter=53900 loss=-0.785923
epoch=10/12 iter=54000 loss=-0.914600
epoch=10/12 iter=54100 loss=-0.680994
epoch=10/12 iter=54200 loss=-0.861692
epoch=10/12 iter=54300 loss=-0.861932
epoch=10/12 iter=54400 loss=-0.556570
epoch=10/12 iter=54500 loss=-0.652017
epoch=10/12 iter=54600 loss=-0.852383
epoch=10/12 iter=54700 loss=-0.670016
epoch=10/12 iter=54800 loss=-0.851268
epoch=10/12 iter=54900 loss=-0.735964
epoch=10/12 iter=55000 loss=-0.792643
epoch=10/12 iter=55100 loss=-0.805337
epoch=10/12 iter=55200 loss=-0.731929
epoch=10/12 iter=55300 loss=-0.669813
epoch=10/12 iter=55400 loss=-0.835087
epoch=10/12 iter=55500 loss=-0.671383
epoch=10/12 iter=55600 loss=-0.676459
epoch=10/12 iter=55700 loss=-0.743328
epoch=10/12 iter=55800 loss=-0.748426
epoch=10/12 iter=55900 loss=-0.792596
epoch=10/12 iter=56000 loss=-0.728790
epoch=10/12 train_loss=-0.794042 valid_loss=-0.932498
/home/likc/.conda/envs/capd/lib/python3.7/site-packages/torch/nn/modules/module.py:1433: UserWarning: Positional args are being deprecated, use kwargs instead. Refer to https://pytorch.org/docs/master/generated/torch.nn.Module.html#torch.nn.Module.state_dict for details.
  "Positional args are being deprecated, use kwargs instead. Refer to "
epoch=11/12 iter=56100 loss=-0.768157
epoch=11/12 iter=56200 loss=-0.849666
epoch=11/12 iter=56300 loss=-0.862401
epoch=11/12 iter=56400 loss=-0.782569
epoch=11/12 iter=56500 loss=-0.735280
epoch=11/12 iter=56600 loss=-0.791928
epoch=11/12 iter=56700 loss=-0.772875
epoch=11/12 iter=56800 loss=-0.847069
epoch=11/12 iter=56900 loss=-0.800760
epoch=11/12 iter=57000 loss=-0.866571
epoch=11/12 iter=57100 loss=-0.734436
epoch=11/12 iter=57200 loss=-0.748269
epoch=11/12 iter=57300 loss=-0.598203
epoch=11/12 iter=57400 loss=-0.867911
epoch=11/12 iter=57500 loss=-0.719214
epoch=11/12 iter=57600 loss=-0.859205
epoch=11/12 iter=57700 loss=-0.713487
epoch=11/12 iter=57800 loss=-0.859663
epoch=11/12 iter=57900 loss=-0.611955
epoch=11/12 iter=58000 loss=-0.833975
epoch=11/12 iter=58100 loss=-0.928824
epoch=11/12 iter=58200 loss=-0.736392
epoch=11/12 iter=58300 loss=-0.607061
epoch=11/12 iter=58400 loss=-0.733053
epoch=11/12 iter=58500 loss=-0.779306
epoch=11/12 iter=58600 loss=-0.973829
epoch=11/12 iter=58700 loss=-0.771848
epoch=11/12 iter=58800 loss=-0.801844
epoch=11/12 iter=58900 loss=-0.607504
epoch=11/12 iter=59000 loss=-0.671771
epoch=11/12 iter=59100 loss=-0.742063
epoch=11/12 iter=59200 loss=-0.800307
epoch=11/12 iter=59300 loss=-0.746026
epoch=11/12 iter=59400 loss=-0.870730
epoch=11/12 iter=59500 loss=-0.783996
epoch=11/12 iter=59600 loss=-0.802543
epoch=11/12 iter=59700 loss=-0.868440
epoch=11/12 iter=59800 loss=-0.779026
epoch=11/12 iter=59900 loss=-0.921767
epoch=11/12 iter=60000 loss=-0.744544
epoch=11/12 iter=60100 loss=-0.681326
epoch=11/12 iter=60200 loss=-0.737437
epoch=11/12 iter=60300 loss=-0.623319
epoch=11/12 iter=60400 loss=-0.928934
epoch=11/12 iter=60500 loss=-0.681921
epoch=11/12 iter=60600 loss=-0.870346
epoch=11/12 iter=60700 loss=-0.654723
epoch=11/12 iter=60800 loss=-0.829485
epoch=11/12 iter=60900 loss=-0.854687
epoch=11/12 iter=61000 loss=-0.796264
epoch=11/12 iter=61100 loss=-0.780537
epoch=11/12 iter=61200 loss=-0.647271
epoch=11/12 iter=61300 loss=-0.778797
epoch=11/12 iter=61400 loss=-0.913079
epoch=11/12 iter=61500 loss=-0.677984
epoch=11/12 iter=61600 loss=-0.675211
epoch=11/12 train_loss=-0.794227 valid_loss=-0.930186
/home/likc/.conda/envs/capd/lib/python3.7/site-packages/torch/nn/modules/module.py:1433: UserWarning: Positional args are being deprecated, use kwargs instead. Refer to https://pytorch.org/docs/master/generated/torch.nn.Module.html#torch.nn.Module.state_dict for details.
  "Positional args are being deprecated, use kwargs instead. Refer to "
epoch=12/12 iter=61700 loss=-0.806030
epoch=12/12 iter=61800 loss=-0.667985
epoch=12/12 iter=61900 loss=-0.787519
epoch=12/12 iter=62000 loss=-0.807067
epoch=12/12 iter=62100 loss=-0.931898
epoch=12/12 iter=62200 loss=-0.777275
epoch=12/12 iter=62300 loss=-0.930360
epoch=12/12 iter=62400 loss=-0.555815
epoch=12/12 iter=62500 loss=-0.861029
epoch=12/12 iter=62600 loss=-0.920840
epoch=12/12 iter=62700 loss=-0.675743
epoch=12/12 iter=62800 loss=-0.857221
epoch=12/12 iter=62900 loss=-0.870281
epoch=12/12 iter=63000 loss=-0.860115
epoch=12/12 iter=63100 loss=-0.791876
epoch=12/12 iter=63200 loss=-0.667486
epoch=12/12 iter=63300 loss=-0.790839
epoch=12/12 iter=63400 loss=-0.856622
epoch=12/12 iter=63500 loss=-0.807521
epoch=12/12 iter=63600 loss=-0.869258
epoch=12/12 iter=63700 loss=-0.636675
epoch=12/12 iter=63800 loss=-0.684375
epoch=12/12 iter=63900 loss=-0.673084
epoch=12/12 iter=64000 loss=-0.923527
epoch=12/12 iter=64100 loss=-0.739732
epoch=12/12 iter=64200 loss=-0.863694
epoch=12/12 iter=64300 loss=-0.925953
epoch=12/12 iter=64400 loss=-0.692979
epoch=12/12 iter=64500 loss=-0.727861
epoch=12/12 iter=64600 loss=-0.804122
epoch=12/12 iter=64700 loss=-0.683049
epoch=12/12 iter=64800 loss=-0.863614
epoch=12/12 iter=64900 loss=-0.741982
epoch=12/12 iter=65000 loss=-0.600378
epoch=12/12 iter=65100 loss=-0.858792
epoch=12/12 iter=65200 loss=-0.870925
epoch=12/12 iter=65300 loss=-0.620761
epoch=12/12 iter=65400 loss=-0.739903
epoch=12/12 iter=65500 loss=-0.928047
epoch=12/12 iter=65600 loss=-0.411443
epoch=12/12 iter=65700 loss=-0.905072
epoch=12/12 iter=65800 loss=-0.742379
epoch=12/12 iter=65900 loss=-0.927281
epoch=12/12 iter=66000 loss=-0.788258
epoch=12/12 iter=66100 loss=-0.866638
epoch=12/12 iter=66200 loss=-0.915124
epoch=12/12 iter=66300 loss=-0.855416
epoch=12/12 iter=66400 loss=-0.740664
epoch=12/12 iter=66500 loss=-0.664426
epoch=12/12 iter=66600 loss=-0.895029
epoch=12/12 iter=66700 loss=-0.850333
epoch=12/12 iter=66800 loss=-0.597328
epoch=12/12 iter=66900 loss=-0.805693
epoch=12/12 iter=67000 loss=-0.864860
epoch=12/12 iter=67100 loss=-0.608716
epoch=12/12 iter=67200 loss=-0.784422
epoch=12/12 train_loss=-0.794648 valid_loss=-0.932878
Training finished. best=/home/likc/Q-former-for-OS/outputs/capd_proactive_stage4_stage7/stage4-stage7-unified-r2/checkpoints/opt-regularized/seed_3136859/qmap_best.pth last=/home/likc/Q-former-for-OS/outputs/capd_proactive_stage4_stage7/stage4-stage7-unified-r2/checkpoints/opt-regularized/seed_3136859/qmap_last.pth
/home/likc/.conda/envs/capd/lib/python3.7/site-packages/torch/nn/modules/module.py:1433: UserWarning: Positional args are being deprecated, use kwargs instead. Refer to https://pytorch.org/docs/master/generated/torch.nn.Module.html#torch.nn.Module.state_dict for details.
  "Positional args are being deprecated, use kwargs instead. Refer to "
