QMAP training: train=/home/likc/Q-former-for-OS/outputs/capd_proactive_stage4_stage7/stage4-stage7-unified-r1/datasets/da0dab0afec1945a70ef/all_train.jsonl valid=/home/likc/Q-former-for-OS/outputs/capd_proactive_stage4_stage7/stage4-stage7-unified-r1/datasets/da0dab0afec1945a70ef/all_validation.jsonl samples=89651/14469 device=cuda
epoch=1/8 iter=1 loss=-0.580105
epoch=1/8 iter=100 loss=-0.562731
epoch=1/8 iter=200 loss=-0.778003
epoch=1/8 iter=300 loss=-0.740681
epoch=1/8 iter=400 loss=-0.690538
epoch=1/8 iter=500 loss=-0.802778
epoch=1/8 iter=600 loss=-0.721279
epoch=1/8 iter=700 loss=-0.782571
epoch=1/8 iter=800 loss=-0.675758
epoch=1/8 iter=900 loss=-0.809976
epoch=1/8 iter=1000 loss=-0.856188
epoch=1/8 iter=1100 loss=-0.760486
epoch=1/8 iter=1200 loss=-0.764803
epoch=1/8 iter=1300 loss=-0.806578
epoch=1/8 iter=1400 loss=-0.755794
epoch=1/8 iter=1500 loss=-0.806711
epoch=1/8 iter=1600 loss=-0.824074
epoch=1/8 iter=1700 loss=-0.836218
epoch=1/8 iter=1800 loss=-0.836354
epoch=1/8 iter=1900 loss=-0.790889
epoch=1/8 iter=2000 loss=-0.701697
epoch=1/8 iter=2100 loss=-0.781580
epoch=1/8 iter=2200 loss=-0.781413
epoch=1/8 iter=2300 loss=-0.660887
epoch=1/8 iter=2400 loss=-0.848453
epoch=1/8 iter=2500 loss=-0.590349
epoch=1/8 iter=2600 loss=-0.810031
epoch=1/8 iter=2700 loss=-0.755060
epoch=1/8 iter=2800 loss=-0.760590
epoch=1/8 train_loss=-0.761275 valid_loss=-0.920664
/home/likc/.conda/envs/capd/lib/python3.7/site-packages/torch/nn/modules/module.py:1433: UserWarning: Positional args are being deprecated, use kwargs instead. Refer to https://pytorch.org/docs/master/generated/torch.nn.Module.html#torch.nn.Module.state_dict for details.
  "Positional args are being deprecated, use kwargs instead. Refer to "
epoch=2/8 iter=2900 loss=-0.877562
epoch=2/8 iter=3000 loss=-0.792977
epoch=2/8 iter=3100 loss=-0.763664
epoch=2/8 iter=3200 loss=-0.752362
epoch=2/8 iter=3300 loss=-0.678295
epoch=2/8 iter=3400 loss=-0.775010
epoch=2/8 iter=3500 loss=-0.792150
epoch=2/8 iter=3600 loss=-0.910142
epoch=2/8 iter=3700 loss=-0.709910
epoch=2/8 iter=3800 loss=-0.911726
epoch=2/8 iter=3900 loss=-0.825924
epoch=2/8 iter=4000 loss=-0.794003
epoch=2/8 iter=4100 loss=-0.883777
epoch=2/8 iter=4200 loss=-0.789811
epoch=2/8 iter=4300 loss=-0.795071
epoch=2/8 iter=4400 loss=-0.738546
epoch=2/8 iter=4500 loss=-0.762676
epoch=2/8 iter=4600 loss=-0.785746
epoch=2/8 iter=4700 loss=-0.852184
epoch=2/8 iter=4800 loss=-0.888330
epoch=2/8 iter=4900 loss=-0.734231
epoch=2/8 iter=5000 loss=-0.775439
epoch=2/8 iter=5100 loss=-0.735437
epoch=2/8 iter=5200 loss=-0.719748
epoch=2/8 iter=5300 loss=-0.735267
epoch=2/8 iter=5400 loss=-0.751033
epoch=2/8 iter=5500 loss=-0.824530
epoch=2/8 iter=5600 loss=-0.775699
epoch=2/8 train_loss=-0.783285 valid_loss=-0.921663
/home/likc/.conda/envs/capd/lib/python3.7/site-packages/torch/nn/modules/module.py:1433: UserWarning: Positional args are being deprecated, use kwargs instead. Refer to https://pytorch.org/docs/master/generated/torch.nn.Module.html#torch.nn.Module.state_dict for details.
  "Positional args are being deprecated, use kwargs instead. Refer to "
epoch=3/8 iter=5700 loss=-0.837609
epoch=3/8 iter=5800 loss=-0.686299
epoch=3/8 iter=5900 loss=-0.916088
epoch=3/8 iter=6000 loss=-0.870157
epoch=3/8 iter=6100 loss=-0.853527
epoch=3/8 iter=6200 loss=-0.683290
epoch=3/8 iter=6300 loss=-0.785551
epoch=3/8 iter=6400 loss=-0.667432
epoch=3/8 iter=6500 loss=-0.810830
epoch=3/8 iter=6600 loss=-0.797314
epoch=3/8 iter=6700 loss=-0.780693
epoch=3/8 iter=6800 loss=-0.871813
epoch=3/8 iter=6900 loss=-0.733635
epoch=3/8 iter=7000 loss=-0.751239
epoch=3/8 iter=7100 loss=-0.717053
epoch=3/8 iter=7200 loss=-0.708775
epoch=3/8 iter=7300 loss=-0.855011
epoch=3/8 iter=7400 loss=-0.798076
epoch=3/8 iter=7500 loss=-0.821680
epoch=3/8 iter=7600 loss=-0.784972
epoch=3/8 iter=7700 loss=-0.881994
epoch=3/8 iter=7800 loss=-0.787512
epoch=3/8 iter=7900 loss=-0.796553
epoch=3/8 iter=8000 loss=-0.811340
epoch=3/8 iter=8100 loss=-0.727449
epoch=3/8 iter=8200 loss=-0.855039
epoch=3/8 iter=8300 loss=-0.855544
epoch=3/8 iter=8400 loss=-0.716283
epoch=3/8 train_loss=-0.785896 valid_loss=-0.925692
/home/likc/.conda/envs/capd/lib/python3.7/site-packages/torch/nn/modules/module.py:1433: UserWarning: Positional args are being deprecated, use kwargs instead. Refer to https://pytorch.org/docs/master/generated/torch.nn.Module.html#torch.nn.Module.state_dict for details.
  "Positional args are being deprecated, use kwargs instead. Refer to "
epoch=4/8 iter=8500 loss=-0.629036
epoch=4/8 iter=8600 loss=-0.883467
epoch=4/8 iter=8700 loss=-0.809452
epoch=4/8 iter=8800 loss=-0.880752
epoch=4/8 iter=8900 loss=-0.785398
epoch=4/8 iter=9000 loss=-0.854641
epoch=4/8 iter=9100 loss=-0.890915
epoch=4/8 iter=9200 loss=-0.763046
epoch=4/8 iter=9300 loss=-0.892682
epoch=4/8 iter=9400 loss=-0.812445
epoch=4/8 iter=9500 loss=-0.804879
epoch=4/8 iter=9600 loss=-0.784046
epoch=4/8 iter=9700 loss=-0.786648
epoch=4/8 iter=9800 loss=-0.753960
epoch=4/8 iter=9900 loss=-0.815987
epoch=4/8 iter=10000 loss=-0.611842
epoch=4/8 iter=10100 loss=-0.739900
epoch=4/8 iter=10200 loss=-0.728803
epoch=4/8 iter=10300 loss=-0.760200
epoch=4/8 iter=10400 loss=-0.754889
epoch=4/8 iter=10500 loss=-0.690466
epoch=4/8 iter=10600 loss=-0.697715
epoch=4/8 iter=10700 loss=-0.847436
epoch=4/8 iter=10800 loss=-0.943241
epoch=4/8 iter=10900 loss=-0.636062
epoch=4/8 iter=11000 loss=-0.854333
epoch=4/8 iter=11100 loss=-0.798240
epoch=4/8 iter=11200 loss=-0.757703
epoch=4/8 train_loss=-0.787968 valid_loss=-0.926000
/home/likc/.conda/envs/capd/lib/python3.7/site-packages/torch/nn/modules/module.py:1433: UserWarning: Positional args are being deprecated, use kwargs instead. Refer to https://pytorch.org/docs/master/generated/torch.nn.Module.html#torch.nn.Module.state_dict for details.
  "Positional args are being deprecated, use kwargs instead. Refer to "
epoch=5/8 iter=11300 loss=-0.719887
epoch=5/8 iter=11400 loss=-0.602144
epoch=5/8 iter=11500 loss=-0.853060
epoch=5/8 iter=11600 loss=-0.744904
epoch=5/8 iter=11700 loss=-0.817932
epoch=5/8 iter=11800 loss=-0.697049
epoch=5/8 iter=11900 loss=-0.736625
epoch=5/8 iter=12000 loss=-0.857407
epoch=5/8 iter=12100 loss=-0.819490
epoch=5/8 iter=12200 loss=-0.741264
epoch=5/8 iter=12300 loss=-0.754468
epoch=5/8 iter=12400 loss=-0.795706
epoch=5/8 iter=12500 loss=-0.803847
epoch=5/8 iter=12600 loss=-0.771134
epoch=5/8 iter=12700 loss=-0.858905
epoch=5/8 iter=12800 loss=-0.789880
epoch=5/8 iter=12900 loss=-0.718914
epoch=5/8 iter=13000 loss=-0.847035
epoch=5/8 iter=13100 loss=-0.797407
epoch=5/8 iter=13200 loss=-0.865306
epoch=5/8 iter=13300 loss=-0.769971
epoch=5/8 iter=13400 loss=-0.702344
epoch=5/8 iter=13500 loss=-0.859530
epoch=5/8 iter=13600 loss=-0.818058
epoch=5/8 iter=13700 loss=-0.904662
epoch=5/8 iter=13800 loss=-0.645791
epoch=5/8 iter=13900 loss=-0.781231
epoch=5/8 iter=14000 loss=-0.882406
epoch=5/8 train_loss=-0.788691 valid_loss=-0.927761
/home/likc/.conda/envs/capd/lib/python3.7/site-packages/torch/nn/modules/module.py:1433: UserWarning: Positional args are being deprecated, use kwargs instead. Refer to https://pytorch.org/docs/master/generated/torch.nn.Module.html#torch.nn.Module.state_dict for details.
  "Positional args are being deprecated, use kwargs instead. Refer to "
epoch=6/8 iter=14100 loss=-0.816801
epoch=6/8 iter=14200 loss=-0.907025
epoch=6/8 iter=14300 loss=-0.818831
epoch=6/8 iter=14400 loss=-0.858600
epoch=6/8 iter=14500 loss=-0.838424
epoch=6/8 iter=14600 loss=-0.808480
epoch=6/8 iter=14700 loss=-0.792001
epoch=6/8 iter=14800 loss=-0.797399
epoch=6/8 iter=14900 loss=-0.727662
epoch=6/8 iter=15000 loss=-0.728410
epoch=6/8 iter=15100 loss=-0.756118
epoch=6/8 iter=15200 loss=-0.768047
epoch=6/8 iter=15300 loss=-0.815395
epoch=6/8 iter=15400 loss=-0.847862
epoch=6/8 iter=15500 loss=-0.671233
epoch=6/8 iter=15600 loss=-0.857962
epoch=6/8 iter=15700 loss=-0.734945
epoch=6/8 iter=15800 loss=-0.857394
epoch=6/8 iter=15900 loss=-0.699311
epoch=6/8 iter=16000 loss=-0.775335
epoch=6/8 iter=16100 loss=-0.794263
epoch=6/8 iter=16200 loss=-0.863592
epoch=6/8 iter=16300 loss=-0.717771
epoch=6/8 iter=16400 loss=-0.796939
epoch=6/8 iter=16500 loss=-0.720263
epoch=6/8 iter=16600 loss=-0.791632
epoch=6/8 iter=16700 loss=-0.825652
epoch=6/8 iter=16800 loss=-0.824603
epoch=6/8 train_loss=-0.789484 valid_loss=-0.929246
/home/likc/.conda/envs/capd/lib/python3.7/site-packages/torch/nn/modules/module.py:1433: UserWarning: Positional args are being deprecated, use kwargs instead. Refer to https://pytorch.org/docs/master/generated/torch.nn.Module.html#torch.nn.Module.state_dict for details.
  "Positional args are being deprecated, use kwargs instead. Refer to "
epoch=7/8 iter=16900 loss=-0.658093
epoch=7/8 iter=17000 loss=-0.882472
epoch=7/8 iter=17100 loss=-0.735021
epoch=7/8 iter=17200 loss=-0.764539
epoch=7/8 iter=17300 loss=-0.884423
epoch=7/8 iter=17400 loss=-0.767499
epoch=7/8 iter=17500 loss=-0.726995
epoch=7/8 iter=17600 loss=-0.752948
epoch=7/8 iter=17700 loss=-0.825871
epoch=7/8 iter=17800 loss=-0.809847
epoch=7/8 iter=17900 loss=-0.783733
epoch=7/8 iter=18000 loss=-0.821589
epoch=7/8 iter=18100 loss=-0.872755
epoch=7/8 iter=18200 loss=-0.741159
epoch=7/8 iter=18300 loss=-0.879851
epoch=7/8 iter=18400 loss=-0.786881
epoch=7/8 iter=18500 loss=-0.850086
epoch=7/8 iter=18600 loss=-0.827019
epoch=7/8 iter=18700 loss=-0.814201
epoch=7/8 iter=18800 loss=-0.904646
epoch=7/8 iter=18900 loss=-0.785415
epoch=7/8 iter=19000 loss=-0.864565
epoch=7/8 iter=19100 loss=-0.799033
epoch=7/8 iter=19200 loss=-0.881186
epoch=7/8 iter=19300 loss=-0.787115
epoch=7/8 iter=19400 loss=-0.759080
epoch=7/8 iter=19500 loss=-0.862785
epoch=7/8 iter=19600 loss=-0.760226
epoch=7/8 train_loss=-0.790438 valid_loss=-0.928719
/home/likc/.conda/envs/capd/lib/python3.7/site-packages/torch/nn/modules/module.py:1433: UserWarning: Positional args are being deprecated, use kwargs instead. Refer to https://pytorch.org/docs/master/generated/torch.nn.Module.html#torch.nn.Module.state_dict for details.
  "Positional args are being deprecated, use kwargs instead. Refer to "
epoch=8/8 iter=19700 loss=-0.857831
epoch=8/8 iter=19800 loss=-0.918399
epoch=8/8 iter=19900 loss=-0.802395
epoch=8/8 iter=20000 loss=-0.768947
epoch=8/8 iter=20100 loss=-0.825073
epoch=8/8 iter=20200 loss=-0.709394
epoch=8/8 iter=20300 loss=-0.730852
epoch=8/8 iter=20400 loss=-0.795354
epoch=8/8 iter=20500 loss=-0.716767
epoch=8/8 iter=20600 loss=-0.819274
epoch=8/8 iter=20700 loss=-0.736211
epoch=8/8 iter=20800 loss=-0.669913
epoch=8/8 iter=20900 loss=-0.724077
epoch=8/8 iter=21000 loss=-0.670502
epoch=8/8 iter=21100 loss=-0.733335
epoch=8/8 iter=21200 loss=-0.755719
epoch=8/8 iter=21300 loss=-0.860381
epoch=8/8 iter=21400 loss=-0.823242
epoch=8/8 iter=21500 loss=-0.753264
epoch=8/8 iter=21600 loss=-0.811741
epoch=8/8 iter=21700 loss=-0.855613
epoch=8/8 iter=21800 loss=-0.886161
epoch=8/8 iter=21900 loss=-0.790678
epoch=8/8 iter=22000 loss=-0.849851
epoch=8/8 iter=22100 loss=-0.764922
epoch=8/8 iter=22200 loss=-0.830701
epoch=8/8 iter=22300 loss=-0.730915
epoch=8/8 iter=22400 loss=-0.757664
epoch=8/8 train_loss=-0.790883 valid_loss=-0.931741
Training finished. best=/home/likc/Q-former-for-OS/outputs/capd_proactive_stage4_stage7/stage4-stage7-unified-r2/checkpoints/arch-deep/seed_2026/qmap_best.pth last=/home/likc/Q-former-for-OS/outputs/capd_proactive_stage4_stage7/stage4-stage7-unified-r2/checkpoints/arch-deep/seed_2026/qmap_last.pth
/home/likc/.conda/envs/capd/lib/python3.7/site-packages/torch/nn/modules/module.py:1433: UserWarning: Positional args are being deprecated, use kwargs instead. Refer to https://pytorch.org/docs/master/generated/torch.nn.Module.html#torch.nn.Module.state_dict for details.
  "Positional args are being deprecated, use kwargs instead. Refer to "
