QMAP training: train=/home/likc/Q-former-for-OS/outputs/capd_proactive_stage4_stage7/stage4-stage7-unified-r1/datasets/00a4f3c66a508576c92b/all_train.jsonl valid=/home/likc/Q-former-for-OS/outputs/capd_proactive_stage4_stage7/stage4-stage7-unified-r1/datasets/00a4f3c66a508576c92b/all_validation.jsonl samples=89651/14469 device=cuda
epoch=1/8 iter=1 loss=-0.546245
epoch=1/8 iter=100 loss=-0.734270
epoch=1/8 iter=200 loss=-0.758555
epoch=1/8 iter=300 loss=-0.850024
epoch=1/8 iter=400 loss=-0.664935
epoch=1/8 iter=500 loss=-0.715963
epoch=1/8 iter=600 loss=-0.767721
epoch=1/8 iter=700 loss=-0.780896
epoch=1/8 iter=800 loss=-0.663611
epoch=1/8 iter=900 loss=-0.852069
epoch=1/8 iter=1000 loss=-0.822285
epoch=1/8 iter=1100 loss=-0.707908
epoch=1/8 iter=1200 loss=-0.933614
epoch=1/8 iter=1300 loss=-0.759335
epoch=1/8 iter=1400 loss=-0.659750
epoch=1/8 iter=1500 loss=-0.685646
epoch=1/8 iter=1600 loss=-0.872108
epoch=1/8 iter=1700 loss=-0.881706
epoch=1/8 iter=1800 loss=-0.888980
epoch=1/8 iter=1900 loss=-0.810740
epoch=1/8 iter=2000 loss=-0.906204
epoch=1/8 iter=2100 loss=-0.887553
epoch=1/8 iter=2200 loss=-0.892258
epoch=1/8 iter=2300 loss=-0.840784
epoch=1/8 iter=2400 loss=-0.723549
epoch=1/8 iter=2500 loss=-0.788711
epoch=1/8 iter=2600 loss=-0.778874
epoch=1/8 iter=2700 loss=-0.825596
epoch=1/8 iter=2800 loss=-0.846021
epoch=1/8 train_loss=-0.761852 valid_loss=-0.921002
/home/likc/.conda/envs/capd/lib/python3.7/site-packages/torch/nn/modules/module.py:1433: UserWarning: Positional args are being deprecated, use kwargs instead. Refer to https://pytorch.org/docs/master/generated/torch.nn.Module.html#torch.nn.Module.state_dict for details.
  "Positional args are being deprecated, use kwargs instead. Refer to "
epoch=2/8 iter=2900 loss=-0.864051
epoch=2/8 iter=3000 loss=-0.827626
epoch=2/8 iter=3100 loss=-0.787838
epoch=2/8 iter=3200 loss=-0.830553
epoch=2/8 iter=3300 loss=-0.660447
epoch=2/8 iter=3400 loss=-0.882582
epoch=2/8 iter=3500 loss=-0.795692
epoch=2/8 iter=3600 loss=-0.819613
epoch=2/8 iter=3700 loss=-0.792141
epoch=2/8 iter=3800 loss=-0.668686
epoch=2/8 iter=3900 loss=-0.851756
epoch=2/8 iter=4000 loss=-0.766495
epoch=2/8 iter=4100 loss=-0.899878
epoch=2/8 iter=4200 loss=-0.698994
epoch=2/8 iter=4300 loss=-0.749170
epoch=2/8 iter=4400 loss=-0.681151
epoch=2/8 iter=4500 loss=-0.768912
epoch=2/8 iter=4600 loss=-0.850580
epoch=2/8 iter=4700 loss=-0.840585
epoch=2/8 iter=4800 loss=-0.837906
epoch=2/8 iter=4900 loss=-0.858062
epoch=2/8 iter=5000 loss=-0.792898
epoch=2/8 iter=5100 loss=-0.764635
epoch=2/8 iter=5200 loss=-0.702039
epoch=2/8 iter=5300 loss=-0.791167
epoch=2/8 iter=5400 loss=-0.791931
epoch=2/8 iter=5500 loss=-0.768512
epoch=2/8 iter=5600 loss=-0.854703
epoch=2/8 train_loss=-0.784460 valid_loss=-0.923499
/home/likc/.conda/envs/capd/lib/python3.7/site-packages/torch/nn/modules/module.py:1433: UserWarning: Positional args are being deprecated, use kwargs instead. Refer to https://pytorch.org/docs/master/generated/torch.nn.Module.html#torch.nn.Module.state_dict for details.
  "Positional args are being deprecated, use kwargs instead. Refer to "
epoch=3/8 iter=5700 loss=-0.626732
epoch=3/8 iter=5800 loss=-0.783028
epoch=3/8 iter=5900 loss=-0.722446
epoch=3/8 iter=6000 loss=-0.745598
epoch=3/8 iter=6100 loss=-0.779112
epoch=3/8 iter=6200 loss=-0.832980
epoch=3/8 iter=6300 loss=-0.917087
epoch=3/8 iter=6400 loss=-0.793652
epoch=3/8 iter=6500 loss=-0.702863
epoch=3/8 iter=6600 loss=-0.671404
epoch=3/8 iter=6700 loss=-0.762284
epoch=3/8 iter=6800 loss=-0.889558
epoch=3/8 iter=6900 loss=-0.781258
epoch=3/8 iter=7000 loss=-0.710931
epoch=3/8 iter=7100 loss=-0.755929
epoch=3/8 iter=7200 loss=-0.795689
epoch=3/8 iter=7300 loss=-0.765783
epoch=3/8 iter=7400 loss=-0.798992
epoch=3/8 iter=7500 loss=-0.849771
epoch=3/8 iter=7600 loss=-0.824588
epoch=3/8 iter=7700 loss=-0.842353
epoch=3/8 iter=7800 loss=-0.821729
epoch=3/8 iter=7900 loss=-0.701711
epoch=3/8 iter=8000 loss=-0.786619
epoch=3/8 iter=8100 loss=-0.791102
epoch=3/8 iter=8200 loss=-0.766685
epoch=3/8 iter=8300 loss=-0.758049
epoch=3/8 iter=8400 loss=-0.657159
epoch=3/8 train_loss=-0.787627 valid_loss=-0.924807
/home/likc/.conda/envs/capd/lib/python3.7/site-packages/torch/nn/modules/module.py:1433: UserWarning: Positional args are being deprecated, use kwargs instead. Refer to https://pytorch.org/docs/master/generated/torch.nn.Module.html#torch.nn.Module.state_dict for details.
  "Positional args are being deprecated, use kwargs instead. Refer to "
epoch=4/8 iter=8500 loss=-0.696848
epoch=4/8 iter=8600 loss=-0.853571
epoch=4/8 iter=8700 loss=-0.734305
epoch=4/8 iter=8800 loss=-0.852319
epoch=4/8 iter=8900 loss=-0.785516
epoch=4/8 iter=9000 loss=-0.849660
epoch=4/8 iter=9100 loss=-0.880307
epoch=4/8 iter=9200 loss=-0.779789
epoch=4/8 iter=9300 loss=-0.821626
epoch=4/8 iter=9400 loss=-0.718328
epoch=4/8 iter=9500 loss=-0.862090
epoch=4/8 iter=9600 loss=-0.812998
epoch=4/8 iter=9700 loss=-0.670576
epoch=4/8 iter=9800 loss=-0.774900
epoch=4/8 iter=9900 loss=-0.834536
epoch=4/8 iter=10000 loss=-0.846802
epoch=4/8 iter=10100 loss=-0.822363
epoch=4/8 iter=10200 loss=-0.823135
epoch=4/8 iter=10300 loss=-0.729767
epoch=4/8 iter=10400 loss=-0.801302
epoch=4/8 iter=10500 loss=-0.672458
epoch=4/8 iter=10600 loss=-0.848167
epoch=4/8 iter=10700 loss=-0.798004
epoch=4/8 iter=10800 loss=-0.824034
epoch=4/8 iter=10900 loss=-0.794167
epoch=4/8 iter=11000 loss=-0.798274
epoch=4/8 iter=11100 loss=-0.825201
epoch=4/8 iter=11200 loss=-0.765901
epoch=4/8 train_loss=-0.790142 valid_loss=-0.928358
/home/likc/.conda/envs/capd/lib/python3.7/site-packages/torch/nn/modules/module.py:1433: UserWarning: Positional args are being deprecated, use kwargs instead. Refer to https://pytorch.org/docs/master/generated/torch.nn.Module.html#torch.nn.Module.state_dict for details.
  "Positional args are being deprecated, use kwargs instead. Refer to "
epoch=5/8 iter=11300 loss=-0.799433
epoch=5/8 iter=11400 loss=-0.730330
epoch=5/8 iter=11500 loss=-0.618839
epoch=5/8 iter=11600 loss=-0.810458
epoch=5/8 iter=11700 loss=-0.765823
epoch=5/8 iter=11800 loss=-0.736546
epoch=5/8 iter=11900 loss=-0.869278
epoch=5/8 iter=12000 loss=-0.733188
epoch=5/8 iter=12100 loss=-0.846210
epoch=5/8 iter=12200 loss=-0.822760
epoch=5/8 iter=12300 loss=-0.819891
epoch=5/8 iter=12400 loss=-0.831830
epoch=5/8 iter=12500 loss=-0.696202
epoch=5/8 iter=12600 loss=-0.719853
epoch=5/8 iter=12700 loss=-0.897337
epoch=5/8 iter=12800 loss=-0.878802
epoch=5/8 iter=12900 loss=-0.796566
epoch=5/8 iter=13000 loss=-0.771427
epoch=5/8 iter=13100 loss=-0.690576
epoch=5/8 iter=13200 loss=-0.658871
epoch=5/8 iter=13300 loss=-0.862568
epoch=5/8 iter=13400 loss=-0.798091
epoch=5/8 iter=13500 loss=-0.819655
epoch=5/8 iter=13600 loss=-0.696180
epoch=5/8 iter=13700 loss=-0.822739
epoch=5/8 iter=13800 loss=-0.797693
epoch=5/8 iter=13900 loss=-0.843091
epoch=5/8 iter=14000 loss=-0.702566
epoch=5/8 train_loss=-0.792061 valid_loss=-0.927479
/home/likc/.conda/envs/capd/lib/python3.7/site-packages/torch/nn/modules/module.py:1433: UserWarning: Positional args are being deprecated, use kwargs instead. Refer to https://pytorch.org/docs/master/generated/torch.nn.Module.html#torch.nn.Module.state_dict for details.
  "Positional args are being deprecated, use kwargs instead. Refer to "
epoch=6/8 iter=14100 loss=-0.729860
epoch=6/8 iter=14200 loss=-0.857334
epoch=6/8 iter=14300 loss=-0.790850
epoch=6/8 iter=14400 loss=-0.802967
epoch=6/8 iter=14500 loss=-0.811445
epoch=6/8 iter=14600 loss=-0.786832
epoch=6/8 iter=14700 loss=-0.733402
epoch=6/8 iter=14800 loss=-0.777883
epoch=6/8 iter=14900 loss=-0.815781
epoch=6/8 iter=15000 loss=-0.798611
epoch=6/8 iter=15100 loss=-0.825984
epoch=6/8 iter=15200 loss=-0.766865
epoch=6/8 iter=15300 loss=-0.802814
epoch=6/8 iter=15400 loss=-0.827340
epoch=6/8 iter=15500 loss=-0.799459
epoch=6/8 iter=15600 loss=-0.876742
epoch=6/8 iter=15700 loss=-0.867113
epoch=6/8 iter=15800 loss=-0.888557
epoch=6/8 iter=15900 loss=-0.836841
epoch=6/8 iter=16000 loss=-0.739136
epoch=6/8 iter=16100 loss=-0.708952
epoch=6/8 iter=16200 loss=-0.727640
epoch=6/8 iter=16300 loss=-0.709358
epoch=6/8 iter=16400 loss=-0.856885
epoch=6/8 iter=16500 loss=-0.835112
epoch=6/8 iter=16600 loss=-0.769245
epoch=6/8 iter=16700 loss=-0.752585
epoch=6/8 iter=16800 loss=-0.849955
epoch=6/8 train_loss=-0.792956 valid_loss=-0.929360
/home/likc/.conda/envs/capd/lib/python3.7/site-packages/torch/nn/modules/module.py:1433: UserWarning: Positional args are being deprecated, use kwargs instead. Refer to https://pytorch.org/docs/master/generated/torch.nn.Module.html#torch.nn.Module.state_dict for details.
  "Positional args are being deprecated, use kwargs instead. Refer to "
epoch=7/8 iter=16900 loss=-0.854045
epoch=7/8 iter=17000 loss=-0.860501
epoch=7/8 iter=17100 loss=-0.860445
epoch=7/8 iter=17200 loss=-0.801043
epoch=7/8 iter=17300 loss=-0.826661
epoch=7/8 iter=17400 loss=-0.848256
epoch=7/8 iter=17500 loss=-0.816293
epoch=7/8 iter=17600 loss=-0.760963
epoch=7/8 iter=17700 loss=-0.796564
epoch=7/8 iter=17800 loss=-0.849657
epoch=7/8 iter=17900 loss=-0.855104
epoch=7/8 iter=18000 loss=-0.677996
epoch=7/8 iter=18100 loss=-0.764520
epoch=7/8 iter=18200 loss=-0.754805
epoch=7/8 iter=18300 loss=-0.796145
epoch=7/8 iter=18400 loss=-0.703775
epoch=7/8 iter=18500 loss=-0.816962
epoch=7/8 iter=18600 loss=-0.890428
epoch=7/8 iter=18700 loss=-0.762504
epoch=7/8 iter=18800 loss=-0.737460
epoch=7/8 iter=18900 loss=-0.734657
epoch=7/8 iter=19000 loss=-0.854339
epoch=7/8 iter=19100 loss=-0.753609
epoch=7/8 iter=19200 loss=-0.857152
epoch=7/8 iter=19300 loss=-0.760215
epoch=7/8 iter=19400 loss=-0.733830
epoch=7/8 iter=19500 loss=-0.698754
epoch=7/8 iter=19600 loss=-0.766780
epoch=7/8 train_loss=-0.794043 valid_loss=-0.930203
/home/likc/.conda/envs/capd/lib/python3.7/site-packages/torch/nn/modules/module.py:1433: UserWarning: Positional args are being deprecated, use kwargs instead. Refer to https://pytorch.org/docs/master/generated/torch.nn.Module.html#torch.nn.Module.state_dict for details.
  "Positional args are being deprecated, use kwargs instead. Refer to "
epoch=8/8 iter=19700 loss=-0.825820
epoch=8/8 iter=19800 loss=-0.850185
epoch=8/8 iter=19900 loss=-0.830848
epoch=8/8 iter=20000 loss=-0.788817
epoch=8/8 iter=20100 loss=-0.766384
epoch=8/8 iter=20200 loss=-0.762372
epoch=8/8 iter=20300 loss=-0.804821
epoch=8/8 iter=20400 loss=-0.770436
epoch=8/8 iter=20500 loss=-0.730779
epoch=8/8 iter=20600 loss=-0.801142
epoch=8/8 iter=20700 loss=-0.845493
epoch=8/8 iter=20800 loss=-0.837446
epoch=8/8 iter=20900 loss=-0.849910
epoch=8/8 iter=21000 loss=-0.793700
epoch=8/8 iter=21100 loss=-0.862942
epoch=8/8 iter=21200 loss=-0.889048
epoch=8/8 iter=21300 loss=-0.792764
epoch=8/8 iter=21400 loss=-0.831180
epoch=8/8 iter=21500 loss=-0.801593
epoch=8/8 iter=21600 loss=-0.733597
epoch=8/8 iter=21700 loss=-0.695643
epoch=8/8 iter=21800 loss=-0.736892
epoch=8/8 iter=21900 loss=-0.797210
epoch=8/8 iter=22000 loss=-0.835964
epoch=8/8 iter=22100 loss=-0.851693
epoch=8/8 iter=22200 loss=-0.831831
epoch=8/8 iter=22300 loss=-0.834703
epoch=8/8 iter=22400 loss=-0.860627
epoch=8/8 train_loss=-0.794924 valid_loss=-0.931795
Training finished. best=/home/likc/Q-former-for-OS/outputs/capd_proactive_stage4_stage7/stage4-stage7-unified-r2/checkpoints/sem-H40/seed_42/qmap_best.pth last=/home/likc/Q-former-for-OS/outputs/capd_proactive_stage4_stage7/stage4-stage7-unified-r2/checkpoints/sem-H40/seed_42/qmap_last.pth
/home/likc/.conda/envs/capd/lib/python3.7/site-packages/torch/nn/modules/module.py:1433: UserWarning: Positional args are being deprecated, use kwargs instead. Refer to https://pytorch.org/docs/master/generated/torch.nn.Module.html#torch.nn.Module.state_dict for details.
  "Positional args are being deprecated, use kwargs instead. Refer to "
