QMAP training: train=/home/likc/Q-former-for-OS/outputs/capd_proactive_stage4_stage7/stage4-stage7-unified-r1/datasets/da0dab0afec1945a70ef/all_train.jsonl valid=/home/likc/Q-former-for-OS/outputs/capd_proactive_stage4_stage7/stage4-stage7-unified-r1/datasets/da0dab0afec1945a70ef/all_validation.jsonl samples=89651/14469 device=cuda
epoch=1/8 iter=1 loss=-0.546323
epoch=1/8 iter=100 loss=-0.567256
epoch=1/8 iter=200 loss=-0.655099
epoch=1/8 iter=300 loss=-0.670731
epoch=1/8 iter=400 loss=-0.733179
epoch=1/8 iter=500 loss=-0.773777
epoch=1/8 iter=600 loss=-0.904673
epoch=1/8 iter=700 loss=-0.802337
epoch=1/8 iter=800 loss=-0.729289
epoch=1/8 iter=900 loss=-0.653981
epoch=1/8 iter=1000 loss=-0.807796
epoch=1/8 iter=1100 loss=-0.865393
epoch=1/8 iter=1200 loss=-0.884904
epoch=1/8 iter=1300 loss=-0.809961
epoch=1/8 iter=1400 loss=-0.708664
epoch=1/8 iter=1500 loss=-0.850292
epoch=1/8 iter=1600 loss=-0.859552
epoch=1/8 iter=1700 loss=-0.780919
epoch=1/8 iter=1800 loss=-0.762303
epoch=1/8 iter=1900 loss=-0.766984
epoch=1/8 iter=2000 loss=-0.802578
epoch=1/8 iter=2100 loss=-0.713591
epoch=1/8 iter=2200 loss=-0.750726
epoch=1/8 iter=2300 loss=-0.922852
epoch=1/8 iter=2400 loss=-0.750196
epoch=1/8 iter=2500 loss=-0.793311
epoch=1/8 iter=2600 loss=-0.712955
epoch=1/8 iter=2700 loss=-0.858107
epoch=1/8 iter=2800 loss=-0.704648
epoch=1/8 train_loss=-0.758585 valid_loss=-0.922184
/home/likc/.conda/envs/capd/lib/python3.7/site-packages/torch/nn/modules/module.py:1433: UserWarning: Positional args are being deprecated, use kwargs instead. Refer to https://pytorch.org/docs/master/generated/torch.nn.Module.html#torch.nn.Module.state_dict for details.
  "Positional args are being deprecated, use kwargs instead. Refer to "
epoch=2/8 iter=2900 loss=-0.865945
epoch=2/8 iter=3000 loss=-0.698987
epoch=2/8 iter=3100 loss=-0.701352
epoch=2/8 iter=3200 loss=-0.811736
epoch=2/8 iter=3300 loss=-0.660438
epoch=2/8 iter=3400 loss=-0.793428
epoch=2/8 iter=3500 loss=-0.822990
epoch=2/8 iter=3600 loss=-0.785223
epoch=2/8 iter=3700 loss=-0.762781
epoch=2/8 iter=3800 loss=-0.601649
epoch=2/8 iter=3900 loss=-0.704846
epoch=2/8 iter=4000 loss=-0.896661
epoch=2/8 iter=4100 loss=-0.602983
epoch=2/8 iter=4200 loss=-0.793949
epoch=2/8 iter=4300 loss=-0.753870
epoch=2/8 iter=4400 loss=-0.666884
epoch=2/8 iter=4500 loss=-0.723072
epoch=2/8 iter=4600 loss=-0.708194
epoch=2/8 iter=4700 loss=-0.750765
epoch=2/8 iter=4800 loss=-0.827515
epoch=2/8 iter=4900 loss=-0.753527
epoch=2/8 iter=5000 loss=-0.824515
epoch=2/8 iter=5100 loss=-0.910605
epoch=2/8 iter=5200 loss=-0.788197
epoch=2/8 iter=5300 loss=-0.759430
epoch=2/8 iter=5400 loss=-0.865639
epoch=2/8 iter=5500 loss=-0.698731
epoch=2/8 iter=5600 loss=-0.726519
epoch=2/8 train_loss=-0.783375 valid_loss=-0.926473
/home/likc/.conda/envs/capd/lib/python3.7/site-packages/torch/nn/modules/module.py:1433: UserWarning: Positional args are being deprecated, use kwargs instead. Refer to https://pytorch.org/docs/master/generated/torch.nn.Module.html#torch.nn.Module.state_dict for details.
  "Positional args are being deprecated, use kwargs instead. Refer to "
epoch=3/8 iter=5700 loss=-0.799495
epoch=3/8 iter=5800 loss=-0.788247
epoch=3/8 iter=5900 loss=-0.857256
epoch=3/8 iter=6000 loss=-0.818947
epoch=3/8 iter=6100 loss=-0.880650
epoch=3/8 iter=6200 loss=-0.775977
epoch=3/8 iter=6300 loss=-0.788332
epoch=3/8 iter=6400 loss=-0.696071
epoch=3/8 iter=6500 loss=-0.841494
epoch=3/8 iter=6600 loss=-0.780651
epoch=3/8 iter=6700 loss=-0.844536
epoch=3/8 iter=6800 loss=-0.822861
epoch=3/8 iter=6900 loss=-0.824172
epoch=3/8 iter=7000 loss=-0.838628
epoch=3/8 iter=7100 loss=-0.896330
epoch=3/8 iter=7200 loss=-0.870481
epoch=3/8 iter=7300 loss=-0.919528
epoch=3/8 iter=7400 loss=-0.748168
epoch=3/8 iter=7500 loss=-0.869869
epoch=3/8 iter=7600 loss=-0.785585
epoch=3/8 iter=7700 loss=-0.788829
epoch=3/8 iter=7800 loss=-0.889953
epoch=3/8 iter=7900 loss=-0.855462
epoch=3/8 iter=8000 loss=-0.940321
epoch=3/8 iter=8100 loss=-0.728238
epoch=3/8 iter=8200 loss=-0.792409
epoch=3/8 iter=8300 loss=-0.766755
epoch=3/8 iter=8400 loss=-0.887598
epoch=3/8 train_loss=-0.787132 valid_loss=-0.928010
/home/likc/.conda/envs/capd/lib/python3.7/site-packages/torch/nn/modules/module.py:1433: UserWarning: Positional args are being deprecated, use kwargs instead. Refer to https://pytorch.org/docs/master/generated/torch.nn.Module.html#torch.nn.Module.state_dict for details.
  "Positional args are being deprecated, use kwargs instead. Refer to "
epoch=4/8 iter=8500 loss=-0.798955
epoch=4/8 iter=8600 loss=-0.736663
epoch=4/8 iter=8700 loss=-0.869627
epoch=4/8 iter=8800 loss=-0.878536
epoch=4/8 iter=8900 loss=-0.789667
epoch=4/8 iter=9000 loss=-0.930772
epoch=4/8 iter=9100 loss=-0.634115
epoch=4/8 iter=9200 loss=-0.734987
epoch=4/8 iter=9300 loss=-0.826136
epoch=4/8 iter=9400 loss=-0.923346
epoch=4/8 iter=9500 loss=-0.800072
epoch=4/8 iter=9600 loss=-0.842470
epoch=4/8 iter=9700 loss=-0.721053
epoch=4/8 iter=9800 loss=-0.691008
epoch=4/8 iter=9900 loss=-0.694966
epoch=4/8 iter=10000 loss=-0.856164
epoch=4/8 iter=10100 loss=-0.834700
epoch=4/8 iter=10200 loss=-0.796293
epoch=4/8 iter=10300 loss=-0.733946
epoch=4/8 iter=10400 loss=-0.728896
epoch=4/8 iter=10500 loss=-0.762022
epoch=4/8 iter=10600 loss=-0.700530
epoch=4/8 iter=10700 loss=-0.730293
epoch=4/8 iter=10800 loss=-0.804951
epoch=4/8 iter=10900 loss=-0.895718
epoch=4/8 iter=11000 loss=-0.853477
epoch=4/8 iter=11100 loss=-0.824178
epoch=4/8 iter=11200 loss=-0.817009
epoch=4/8 train_loss=-0.790270 valid_loss=-0.929062
/home/likc/.conda/envs/capd/lib/python3.7/site-packages/torch/nn/modules/module.py:1433: UserWarning: Positional args are being deprecated, use kwargs instead. Refer to https://pytorch.org/docs/master/generated/torch.nn.Module.html#torch.nn.Module.state_dict for details.
  "Positional args are being deprecated, use kwargs instead. Refer to "
epoch=5/8 iter=11300 loss=-0.823609
epoch=5/8 iter=11400 loss=-0.898569
epoch=5/8 iter=11500 loss=-0.710948
epoch=5/8 iter=11600 loss=-0.842783
epoch=5/8 iter=11700 loss=-0.863008
epoch=5/8 iter=11800 loss=-0.752415
epoch=5/8 iter=11900 loss=-0.828205
epoch=5/8 iter=12000 loss=-0.824200
epoch=5/8 iter=12100 loss=-0.769560
epoch=5/8 iter=12200 loss=-0.708051
epoch=5/8 iter=12300 loss=-0.795609
epoch=5/8 iter=12400 loss=-0.885679
epoch=5/8 iter=12500 loss=-0.798872
epoch=5/8 iter=12600 loss=-0.860621
epoch=5/8 iter=12700 loss=-0.735853
epoch=5/8 iter=12800 loss=-0.729463
epoch=5/8 iter=12900 loss=-0.815599
epoch=5/8 iter=13000 loss=-0.808607
epoch=5/8 iter=13100 loss=-0.728762
epoch=5/8 iter=13200 loss=-0.830663
epoch=5/8 iter=13300 loss=-0.820380
epoch=5/8 iter=13400 loss=-0.681964
epoch=5/8 iter=13500 loss=-0.836280
epoch=5/8 iter=13600 loss=-0.785571
epoch=5/8 iter=13700 loss=-0.757421
epoch=5/8 iter=13800 loss=-0.861885
epoch=5/8 iter=13900 loss=-0.600090
epoch=5/8 iter=14000 loss=-0.826376
epoch=5/8 train_loss=-0.792994 valid_loss=-0.933113
/home/likc/.conda/envs/capd/lib/python3.7/site-packages/torch/nn/modules/module.py:1433: UserWarning: Positional args are being deprecated, use kwargs instead. Refer to https://pytorch.org/docs/master/generated/torch.nn.Module.html#torch.nn.Module.state_dict for details.
  "Positional args are being deprecated, use kwargs instead. Refer to "
epoch=6/8 iter=14100 loss=-0.701980
epoch=6/8 iter=14200 loss=-0.780249
epoch=6/8 iter=14300 loss=-0.783346
epoch=6/8 iter=14400 loss=-0.734667
epoch=6/8 iter=14500 loss=-0.761177
epoch=6/8 iter=14600 loss=-0.835865
epoch=6/8 iter=14700 loss=-0.710485
epoch=6/8 iter=14800 loss=-0.644666
epoch=6/8 iter=14900 loss=-0.830725
epoch=6/8 iter=15000 loss=-0.768824
epoch=6/8 iter=15100 loss=-0.703326
epoch=6/8 iter=15200 loss=-0.833075
epoch=6/8 iter=15300 loss=-0.860845
epoch=6/8 iter=15400 loss=-0.789360
epoch=6/8 iter=15500 loss=-0.668558
epoch=6/8 iter=15600 loss=-0.713935
epoch=6/8 iter=15700 loss=-0.766023
epoch=6/8 iter=15800 loss=-0.772111
epoch=6/8 iter=15900 loss=-0.762341
epoch=6/8 iter=16000 loss=-0.836446
epoch=6/8 iter=16100 loss=-0.775585
epoch=6/8 iter=16200 loss=-0.890649
epoch=6/8 iter=16300 loss=-0.769625
epoch=6/8 iter=16400 loss=-0.880039
epoch=6/8 iter=16500 loss=-0.832830
epoch=6/8 iter=16600 loss=-0.821827
epoch=6/8 iter=16700 loss=-0.914789
epoch=6/8 iter=16800 loss=-0.791089
epoch=6/8 train_loss=-0.793900 valid_loss=-0.933080
/home/likc/.conda/envs/capd/lib/python3.7/site-packages/torch/nn/modules/module.py:1433: UserWarning: Positional args are being deprecated, use kwargs instead. Refer to https://pytorch.org/docs/master/generated/torch.nn.Module.html#torch.nn.Module.state_dict for details.
  "Positional args are being deprecated, use kwargs instead. Refer to "
epoch=7/8 iter=16900 loss=-0.816557
epoch=7/8 iter=17000 loss=-0.639530
epoch=7/8 iter=17100 loss=-0.835615
epoch=7/8 iter=17200 loss=-0.742644
epoch=7/8 iter=17300 loss=-0.783281
epoch=7/8 iter=17400 loss=-0.744611
epoch=7/8 iter=17500 loss=-0.803644
epoch=7/8 iter=17600 loss=-0.881106
epoch=7/8 iter=17700 loss=-0.775239
epoch=7/8 iter=17800 loss=-0.899204
epoch=7/8 iter=17900 loss=-0.863952
epoch=7/8 iter=18000 loss=-0.796958
epoch=7/8 iter=18100 loss=-0.898443
epoch=7/8 iter=18200 loss=-0.735846
epoch=7/8 iter=18300 loss=-0.610630
epoch=7/8 iter=18400 loss=-0.757079
epoch=7/8 iter=18500 loss=-0.823811
epoch=7/8 iter=18600 loss=-0.803016
epoch=7/8 iter=18700 loss=-0.830402
epoch=7/8 iter=18800 loss=-0.859202
epoch=7/8 iter=18900 loss=-0.792688
epoch=7/8 iter=19000 loss=-0.851759
epoch=7/8 iter=19100 loss=-0.679381
epoch=7/8 iter=19200 loss=-0.854812
epoch=7/8 iter=19300 loss=-0.668207
epoch=7/8 iter=19400 loss=-0.763236
epoch=7/8 iter=19500 loss=-0.747974
epoch=7/8 iter=19600 loss=-0.834350
epoch=7/8 train_loss=-0.794474 valid_loss=-0.933588
/home/likc/.conda/envs/capd/lib/python3.7/site-packages/torch/nn/modules/module.py:1433: UserWarning: Positional args are being deprecated, use kwargs instead. Refer to https://pytorch.org/docs/master/generated/torch.nn.Module.html#torch.nn.Module.state_dict for details.
  "Positional args are being deprecated, use kwargs instead. Refer to "
epoch=8/8 iter=19700 loss=-0.859572
epoch=8/8 iter=19800 loss=-0.647103
epoch=8/8 iter=19900 loss=-0.798652
epoch=8/8 iter=20000 loss=-0.789683
epoch=8/8 iter=20100 loss=-0.847857
epoch=8/8 iter=20200 loss=-0.778090
epoch=8/8 iter=20300 loss=-0.885131
epoch=8/8 iter=20400 loss=-0.763560
epoch=8/8 iter=20500 loss=-0.924558
epoch=8/8 iter=20600 loss=-0.806602
epoch=8/8 iter=20700 loss=-0.827921
epoch=8/8 iter=20800 loss=-0.786715
epoch=8/8 iter=20900 loss=-0.850460
epoch=8/8 iter=21000 loss=-0.889914
epoch=8/8 iter=21100 loss=-0.830028
epoch=8/8 iter=21200 loss=-0.863109
epoch=8/8 iter=21300 loss=-0.724366
epoch=8/8 iter=21400 loss=-0.727181
epoch=8/8 iter=21500 loss=-0.804851
epoch=8/8 iter=21600 loss=-0.805276
epoch=8/8 iter=21700 loss=-0.754789
epoch=8/8 iter=21800 loss=-0.741542
epoch=8/8 iter=21900 loss=-0.712285
epoch=8/8 iter=22000 loss=-0.776682
epoch=8/8 iter=22100 loss=-0.752386
epoch=8/8 iter=22200 loss=-0.700183
epoch=8/8 iter=22300 loss=-0.794630
epoch=8/8 iter=22400 loss=-0.733558
epoch=8/8 train_loss=-0.795281 valid_loss=-0.934827
Training finished. best=/home/likc/Q-former-for-OS/outputs/capd_proactive_stage4_stage7/stage4-stage7-unified-r2/checkpoints/arch-balanced/seed_3136859/qmap_best.pth last=/home/likc/Q-former-for-OS/outputs/capd_proactive_stage4_stage7/stage4-stage7-unified-r2/checkpoints/arch-balanced/seed_3136859/qmap_last.pth
/home/likc/.conda/envs/capd/lib/python3.7/site-packages/torch/nn/modules/module.py:1433: UserWarning: Positional args are being deprecated, use kwargs instead. Refer to https://pytorch.org/docs/master/generated/torch.nn.Module.html#torch.nn.Module.state_dict for details.
  "Positional args are being deprecated, use kwargs instead. Refer to "
