QMAP training: train=/home/likc/Q-former-for-OS/outputs/capd_proactive_stage4_stage7/stage4-stage7-unified-r1/datasets/f9d2e67f7e48ec7763f0/all_train.jsonl valid=/home/likc/Q-former-for-OS/outputs/capd_proactive_stage4_stage7/stage4-stage7-unified-r1/datasets/f9d2e67f7e48ec7763f0/all_validation.jsonl samples=89668/14475 device=cuda
epoch=1/8 iter=1 loss=-0.537775
epoch=1/8 iter=100 loss=-0.639668
epoch=1/8 iter=200 loss=-0.758228
epoch=1/8 iter=300 loss=-0.634172
epoch=1/8 iter=400 loss=-0.702207
epoch=1/8 iter=500 loss=-0.750529
epoch=1/8 iter=600 loss=-0.722832
epoch=1/8 iter=700 loss=-0.706033
epoch=1/8 iter=800 loss=-0.869585
epoch=1/8 iter=900 loss=-0.675146
epoch=1/8 iter=1000 loss=-0.752175
epoch=1/8 iter=1100 loss=-0.680791
epoch=1/8 iter=1200 loss=-0.848961
epoch=1/8 iter=1300 loss=-0.792574
epoch=1/8 iter=1400 loss=-0.839768
epoch=1/8 iter=1500 loss=-0.788001
epoch=1/8 iter=1600 loss=-0.808854
epoch=1/8 iter=1700 loss=-0.845109
epoch=1/8 iter=1800 loss=-0.786656
epoch=1/8 iter=1900 loss=-0.867957
epoch=1/8 iter=2000 loss=-0.805267
epoch=1/8 iter=2100 loss=-0.737551
epoch=1/8 iter=2200 loss=-0.714693
epoch=1/8 iter=2300 loss=-0.820833
epoch=1/8 iter=2400 loss=-0.761686
epoch=1/8 iter=2500 loss=-0.757793
epoch=1/8 iter=2600 loss=-0.793927
epoch=1/8 iter=2700 loss=-0.759296
epoch=1/8 iter=2800 loss=-0.753613
epoch=1/8 train_loss=-0.761085 valid_loss=-0.919309
/home/likc/.conda/envs/capd/lib/python3.7/site-packages/torch/nn/modules/module.py:1433: UserWarning: Positional args are being deprecated, use kwargs instead. Refer to https://pytorch.org/docs/master/generated/torch.nn.Module.html#torch.nn.Module.state_dict for details.
  "Positional args are being deprecated, use kwargs instead. Refer to "
epoch=2/8 iter=2900 loss=-0.641164
epoch=2/8 iter=3000 loss=-0.911500
epoch=2/8 iter=3100 loss=-0.731173
epoch=2/8 iter=3200 loss=-0.758752
epoch=2/8 iter=3300 loss=-0.760242
epoch=2/8 iter=3400 loss=-0.761107
epoch=2/8 iter=3500 loss=-0.788439
epoch=2/8 iter=3600 loss=-0.855351
epoch=2/8 iter=3700 loss=-0.784918
epoch=2/8 iter=3800 loss=-0.921790
epoch=2/8 iter=3900 loss=-0.789047
epoch=2/8 iter=4000 loss=-0.783530
epoch=2/8 iter=4100 loss=-0.691040
epoch=2/8 iter=4200 loss=-0.853518
epoch=2/8 iter=4300 loss=-0.705479
epoch=2/8 iter=4400 loss=-0.762746
epoch=2/8 iter=4500 loss=-0.845816
epoch=2/8 iter=4600 loss=-0.751171
epoch=2/8 iter=4700 loss=-0.695453
epoch=2/8 iter=4800 loss=-0.798882
epoch=2/8 iter=4900 loss=-0.701334
epoch=2/8 iter=5000 loss=-0.728797
epoch=2/8 iter=5100 loss=-0.885286
epoch=2/8 iter=5200 loss=-0.759154
epoch=2/8 iter=5300 loss=-0.800892
epoch=2/8 iter=5400 loss=-0.737446
epoch=2/8 iter=5500 loss=-0.695558
epoch=2/8 iter=5600 loss=-0.857311
epoch=2/8 train_loss=-0.782872 valid_loss=-0.922200
/home/likc/.conda/envs/capd/lib/python3.7/site-packages/torch/nn/modules/module.py:1433: UserWarning: Positional args are being deprecated, use kwargs instead. Refer to https://pytorch.org/docs/master/generated/torch.nn.Module.html#torch.nn.Module.state_dict for details.
  "Positional args are being deprecated, use kwargs instead. Refer to "
epoch=3/8 iter=5700 loss=-0.659901
epoch=3/8 iter=5800 loss=-0.764120
epoch=3/8 iter=5900 loss=-0.767964
epoch=3/8 iter=6000 loss=-0.763956
epoch=3/8 iter=6100 loss=-0.796912
epoch=3/8 iter=6200 loss=-0.794877
epoch=3/8 iter=6300 loss=-0.755951
epoch=3/8 iter=6400 loss=-0.760790
epoch=3/8 iter=6500 loss=-0.822510
epoch=3/8 iter=6600 loss=-0.823985
epoch=3/8 iter=6700 loss=-0.753406
epoch=3/8 iter=6800 loss=-0.770829
epoch=3/8 iter=6900 loss=-0.762638
epoch=3/8 iter=7000 loss=-0.717845
epoch=3/8 iter=7100 loss=-0.813310
epoch=3/8 iter=7200 loss=-0.802237
epoch=3/8 iter=7300 loss=-0.787503
epoch=3/8 iter=7400 loss=-0.820170
epoch=3/8 iter=7500 loss=-0.828947
epoch=3/8 iter=7600 loss=-0.824720
epoch=3/8 iter=7700 loss=-0.741732
epoch=3/8 iter=7800 loss=-0.826829
epoch=3/8 iter=7900 loss=-0.754245
epoch=3/8 iter=8000 loss=-0.861432
epoch=3/8 iter=8100 loss=-0.755639
epoch=3/8 iter=8200 loss=-0.881479
epoch=3/8 iter=8300 loss=-0.751783
epoch=3/8 iter=8400 loss=-0.659090
epoch=3/8 train_loss=-0.785688 valid_loss=-0.924063
/home/likc/.conda/envs/capd/lib/python3.7/site-packages/torch/nn/modules/module.py:1433: UserWarning: Positional args are being deprecated, use kwargs instead. Refer to https://pytorch.org/docs/master/generated/torch.nn.Module.html#torch.nn.Module.state_dict for details.
  "Positional args are being deprecated, use kwargs instead. Refer to "
epoch=4/8 iter=8500 loss=-0.736084
epoch=4/8 iter=8600 loss=-0.799365
epoch=4/8 iter=8700 loss=-0.826024
epoch=4/8 iter=8800 loss=-0.825418
epoch=4/8 iter=8900 loss=-0.724392
epoch=4/8 iter=9000 loss=-0.721904
epoch=4/8 iter=9100 loss=-0.889659
epoch=4/8 iter=9200 loss=-0.823394
epoch=4/8 iter=9300 loss=-0.828777
epoch=4/8 iter=9400 loss=-0.848673
epoch=4/8 iter=9500 loss=-0.875970
epoch=4/8 iter=9600 loss=-0.710937
epoch=4/8 iter=9700 loss=-0.827800
epoch=4/8 iter=9800 loss=-0.767712
epoch=4/8 iter=9900 loss=-0.790116
epoch=4/8 iter=10000 loss=-0.911992
epoch=4/8 iter=10100 loss=-0.854017
epoch=4/8 iter=10200 loss=-0.855473
epoch=4/8 iter=10300 loss=-0.795915
epoch=4/8 iter=10400 loss=-0.696956
epoch=4/8 iter=10500 loss=-0.792725
epoch=4/8 iter=10600 loss=-0.709951
epoch=4/8 iter=10700 loss=-0.769983
epoch=4/8 iter=10800 loss=-0.779488
epoch=4/8 iter=10900 loss=-0.827476
epoch=4/8 iter=11000 loss=-0.818858
epoch=4/8 iter=11100 loss=-0.745735
epoch=4/8 iter=11200 loss=-0.833127
epoch=4/8 train_loss=-0.788066 valid_loss=-0.927451
/home/likc/.conda/envs/capd/lib/python3.7/site-packages/torch/nn/modules/module.py:1433: UserWarning: Positional args are being deprecated, use kwargs instead. Refer to https://pytorch.org/docs/master/generated/torch.nn.Module.html#torch.nn.Module.state_dict for details.
  "Positional args are being deprecated, use kwargs instead. Refer to "
epoch=5/8 iter=11300 loss=-0.769654
epoch=5/8 iter=11400 loss=-0.715521
epoch=5/8 iter=11500 loss=-0.765809
epoch=5/8 iter=11600 loss=-0.872808
epoch=5/8 iter=11700 loss=-0.769224
epoch=5/8 iter=11800 loss=-0.823882
epoch=5/8 iter=11900 loss=-0.674884
epoch=5/8 iter=12000 loss=-0.738397
epoch=5/8 iter=12100 loss=-0.892821
epoch=5/8 iter=12200 loss=-0.781130
epoch=5/8 iter=12300 loss=-0.860143
epoch=5/8 iter=12400 loss=-0.802083
epoch=5/8 iter=12500 loss=-0.794601
epoch=5/8 iter=12600 loss=-0.783017
epoch=5/8 iter=12700 loss=-0.822806
epoch=5/8 iter=12800 loss=-0.768480
epoch=5/8 iter=12900 loss=-0.693463
epoch=5/8 iter=13000 loss=-0.712105
epoch=5/8 iter=13100 loss=-0.765380
epoch=5/8 iter=13200 loss=-0.790301
epoch=5/8 iter=13300 loss=-0.739069
epoch=5/8 iter=13400 loss=-0.788506
epoch=5/8 iter=13500 loss=-0.828354
epoch=5/8 iter=13600 loss=-0.739154
epoch=5/8 iter=13700 loss=-0.772516
epoch=5/8 iter=13800 loss=-0.737494
epoch=5/8 iter=13900 loss=-0.804046
epoch=5/8 iter=14000 loss=-0.858509
epoch=5/8 train_loss=-0.789472 valid_loss=-0.928516
/home/likc/.conda/envs/capd/lib/python3.7/site-packages/torch/nn/modules/module.py:1433: UserWarning: Positional args are being deprecated, use kwargs instead. Refer to https://pytorch.org/docs/master/generated/torch.nn.Module.html#torch.nn.Module.state_dict for details.
  "Positional args are being deprecated, use kwargs instead. Refer to "
epoch=6/8 iter=14100 loss=-0.770970
epoch=6/8 iter=14200 loss=-0.757228
epoch=6/8 iter=14300 loss=-0.862806
epoch=6/8 iter=14400 loss=-0.772045
epoch=6/8 iter=14500 loss=-0.773715
epoch=6/8 iter=14600 loss=-0.706085
epoch=6/8 iter=14700 loss=-0.790075
epoch=6/8 iter=14800 loss=-0.731783
epoch=6/8 iter=14900 loss=-0.741469
epoch=6/8 iter=15000 loss=-0.801105
epoch=6/8 iter=15100 loss=-0.796064
epoch=6/8 iter=15200 loss=-0.705584
epoch=6/8 iter=15300 loss=-0.861271
epoch=6/8 iter=15400 loss=-0.858800
epoch=6/8 iter=15500 loss=-0.799336
epoch=6/8 iter=15600 loss=-0.701913
epoch=6/8 iter=15700 loss=-0.773062
epoch=6/8 iter=15800 loss=-0.825120
epoch=6/8 iter=15900 loss=-0.763415
epoch=6/8 iter=16000 loss=-0.765481
epoch=6/8 iter=16100 loss=-0.768940
epoch=6/8 iter=16200 loss=-0.787045
epoch=6/8 iter=16300 loss=-0.867497
epoch=6/8 iter=16400 loss=-0.807588
epoch=6/8 iter=16500 loss=-0.829871
epoch=6/8 iter=16600 loss=-0.921825
epoch=6/8 iter=16700 loss=-0.761602
epoch=6/8 iter=16800 loss=-0.834423
epoch=6/8 train_loss=-0.790510 valid_loss=-0.929010
/home/likc/.conda/envs/capd/lib/python3.7/site-packages/torch/nn/modules/module.py:1433: UserWarning: Positional args are being deprecated, use kwargs instead. Refer to https://pytorch.org/docs/master/generated/torch.nn.Module.html#torch.nn.Module.state_dict for details.
  "Positional args are being deprecated, use kwargs instead. Refer to "
epoch=7/8 iter=16900 loss=-0.867976
epoch=7/8 iter=17000 loss=-0.710308
epoch=7/8 iter=17100 loss=-0.864834
epoch=7/8 iter=17200 loss=-0.835631
epoch=7/8 iter=17300 loss=-0.837183
epoch=7/8 iter=17400 loss=-0.886165
epoch=7/8 iter=17500 loss=-0.768878
epoch=7/8 iter=17600 loss=-0.727238
epoch=7/8 iter=17700 loss=-0.735657
epoch=7/8 iter=17800 loss=-0.773796
epoch=7/8 iter=17900 loss=-0.744953
epoch=7/8 iter=18000 loss=-0.754224
epoch=7/8 iter=18100 loss=-0.764177
epoch=7/8 iter=18200 loss=-0.863618
epoch=7/8 iter=18300 loss=-0.793096
epoch=7/8 iter=18400 loss=-0.862488
epoch=7/8 iter=18500 loss=-0.954794
epoch=7/8 iter=18600 loss=-0.828437
epoch=7/8 iter=18700 loss=-0.741025
epoch=7/8 iter=18800 loss=-0.585551
epoch=7/8 iter=18900 loss=-0.821036
epoch=7/8 iter=19000 loss=-0.891814
epoch=7/8 iter=19100 loss=-0.802553
epoch=7/8 iter=19200 loss=-0.883547
epoch=7/8 iter=19300 loss=-0.648860
epoch=7/8 iter=19400 loss=-0.798842
epoch=7/8 iter=19500 loss=-0.770892
epoch=7/8 iter=19600 loss=-0.829604
epoch=7/8 train_loss=-0.791127 valid_loss=-0.929464
/home/likc/.conda/envs/capd/lib/python3.7/site-packages/torch/nn/modules/module.py:1433: UserWarning: Positional args are being deprecated, use kwargs instead. Refer to https://pytorch.org/docs/master/generated/torch.nn.Module.html#torch.nn.Module.state_dict for details.
  "Positional args are being deprecated, use kwargs instead. Refer to "
epoch=8/8 iter=19700 loss=-0.757769
epoch=8/8 iter=19800 loss=-0.832243
epoch=8/8 iter=19900 loss=-0.706071
epoch=8/8 iter=20000 loss=-0.825657
epoch=8/8 iter=20100 loss=-0.895264
epoch=8/8 iter=20200 loss=-0.763096
epoch=8/8 iter=20300 loss=-0.735180
epoch=8/8 iter=20400 loss=-0.763581
epoch=8/8 iter=20500 loss=-0.802395
epoch=8/8 iter=20600 loss=-0.804096
epoch=8/8 iter=20700 loss=-0.837401
epoch=8/8 iter=20800 loss=-0.737320
epoch=8/8 iter=20900 loss=-0.741609
epoch=8/8 iter=21000 loss=-0.796172
epoch=8/8 iter=21100 loss=-0.734099
epoch=8/8 iter=21200 loss=-0.805717
epoch=8/8 iter=21300 loss=-0.805333
epoch=8/8 iter=21400 loss=-0.800203
epoch=8/8 iter=21500 loss=-0.823305
epoch=8/8 iter=21600 loss=-0.769288
epoch=8/8 iter=21700 loss=-0.704674
epoch=8/8 iter=21800 loss=-0.819611
epoch=8/8 iter=21900 loss=-0.857635
epoch=8/8 iter=22000 loss=-0.695037
epoch=8/8 iter=22100 loss=-0.825339
epoch=8/8 iter=22200 loss=-0.833817
epoch=8/8 iter=22300 loss=-0.762837
epoch=8/8 iter=22400 loss=-0.855182
epoch=8/8 train_loss=-0.791864 valid_loss=-0.933435
Training finished. best=/home/likc/Q-former-for-OS/outputs/capd_proactive_stage4_stage7/stage4-stage7-unified-r2/checkpoints/sem-L128/seed_3136859/qmap_best.pth last=/home/likc/Q-former-for-OS/outputs/capd_proactive_stage4_stage7/stage4-stage7-unified-r2/checkpoints/sem-L128/seed_3136859/qmap_last.pth
/home/likc/.conda/envs/capd/lib/python3.7/site-packages/torch/nn/modules/module.py:1433: UserWarning: Positional args are being deprecated, use kwargs instead. Refer to https://pytorch.org/docs/master/generated/torch.nn.Module.html#torch.nn.Module.state_dict for details.
  "Positional args are being deprecated, use kwargs instead. Refer to "
