QMAP training: train=/home/likc/Q-former-for-OS/outputs/capd_proactive_stage4_stage7/stage4-stage7-unified-r1/datasets/c37dfff7fbbcc70b4c88/all_train.jsonl valid=/home/likc/Q-former-for-OS/outputs/capd_proactive_stage4_stage7/stage4-stage7-unified-r1/datasets/c37dfff7fbbcc70b4c88/all_validation.jsonl samples=89651/14469 device=cuda
epoch=1/8 iter=1 loss=-0.538983
epoch=1/8 iter=100 loss=-0.563805
epoch=1/8 iter=200 loss=-0.651964
epoch=1/8 iter=300 loss=-0.665439
epoch=1/8 iter=400 loss=-0.731872
epoch=1/8 iter=500 loss=-0.772720
epoch=1/8 iter=600 loss=-0.900720
epoch=1/8 iter=700 loss=-0.799237
epoch=1/8 iter=800 loss=-0.728844
epoch=1/8 iter=900 loss=-0.653220
epoch=1/8 iter=1000 loss=-0.803464
epoch=1/8 iter=1100 loss=-0.864832
epoch=1/8 iter=1200 loss=-0.882089
epoch=1/8 iter=1300 loss=-0.806841
epoch=1/8 iter=1400 loss=-0.706095
epoch=1/8 iter=1500 loss=-0.848960
epoch=1/8 iter=1600 loss=-0.854056
epoch=1/8 iter=1700 loss=-0.779497
epoch=1/8 iter=1800 loss=-0.758970
epoch=1/8 iter=1900 loss=-0.764543
epoch=1/8 iter=2000 loss=-0.804023
epoch=1/8 iter=2100 loss=-0.711437
epoch=1/8 iter=2200 loss=-0.746536
epoch=1/8 iter=2300 loss=-0.917710
epoch=1/8 iter=2400 loss=-0.746656
epoch=1/8 iter=2500 loss=-0.791188
epoch=1/8 iter=2600 loss=-0.710915
epoch=1/8 iter=2700 loss=-0.854983
epoch=1/8 iter=2800 loss=-0.703022
epoch=1/8 train_loss=-0.756122 valid_loss=-0.919652
/home/likc/.conda/envs/capd/lib/python3.7/site-packages/torch/nn/modules/module.py:1433: UserWarning: Positional args are being deprecated, use kwargs instead. Refer to https://pytorch.org/docs/master/generated/torch.nn.Module.html#torch.nn.Module.state_dict for details.
  "Positional args are being deprecated, use kwargs instead. Refer to "
epoch=2/8 iter=2900 loss=-0.862723
epoch=2/8 iter=3000 loss=-0.696652
epoch=2/8 iter=3100 loss=-0.698396
epoch=2/8 iter=3200 loss=-0.807819
epoch=2/8 iter=3300 loss=-0.661553
epoch=2/8 iter=3400 loss=-0.793622
epoch=2/8 iter=3500 loss=-0.824122
epoch=2/8 iter=3600 loss=-0.781413
epoch=2/8 iter=3700 loss=-0.765898
epoch=2/8 iter=3800 loss=-0.599526
epoch=2/8 iter=3900 loss=-0.706631
epoch=2/8 iter=4000 loss=-0.893414
epoch=2/8 iter=4100 loss=-0.601241
epoch=2/8 iter=4200 loss=-0.793067
epoch=2/8 iter=4300 loss=-0.752906
epoch=2/8 iter=4400 loss=-0.670507
epoch=2/8 iter=4500 loss=-0.725768
epoch=2/8 iter=4600 loss=-0.708589
epoch=2/8 iter=4700 loss=-0.752145
epoch=2/8 iter=4800 loss=-0.819902
epoch=2/8 iter=4900 loss=-0.754894
epoch=2/8 iter=5000 loss=-0.824045
epoch=2/8 iter=5100 loss=-0.908460
epoch=2/8 iter=5200 loss=-0.783604
epoch=2/8 iter=5300 loss=-0.760590
epoch=2/8 iter=5400 loss=-0.869974
epoch=2/8 iter=5500 loss=-0.702954
epoch=2/8 iter=5600 loss=-0.724184
epoch=2/8 train_loss=-0.781868 valid_loss=-0.923244
/home/likc/.conda/envs/capd/lib/python3.7/site-packages/torch/nn/modules/module.py:1433: UserWarning: Positional args are being deprecated, use kwargs instead. Refer to https://pytorch.org/docs/master/generated/torch.nn.Module.html#torch.nn.Module.state_dict for details.
  "Positional args are being deprecated, use kwargs instead. Refer to "
epoch=3/8 iter=5700 loss=-0.795616
epoch=3/8 iter=5800 loss=-0.784089
epoch=3/8 iter=5900 loss=-0.853708
epoch=3/8 iter=6000 loss=-0.819512
epoch=3/8 iter=6100 loss=-0.876592
epoch=3/8 iter=6200 loss=-0.776548
epoch=3/8 iter=6300 loss=-0.788159
epoch=3/8 iter=6400 loss=-0.691752
epoch=3/8 iter=6500 loss=-0.841536
epoch=3/8 iter=6600 loss=-0.793355
epoch=3/8 iter=6700 loss=-0.837338
epoch=3/8 iter=6800 loss=-0.824529
epoch=3/8 iter=6900 loss=-0.822394
epoch=3/8 iter=7000 loss=-0.831752
epoch=3/8 iter=7100 loss=-0.896833
epoch=3/8 iter=7200 loss=-0.864489
epoch=3/8 iter=7300 loss=-0.931905
epoch=3/8 iter=7400 loss=-0.741111
epoch=3/8 iter=7500 loss=-0.871468
epoch=3/8 iter=7600 loss=-0.785968
epoch=3/8 iter=7700 loss=-0.794553
epoch=3/8 iter=7800 loss=-0.890250
epoch=3/8 iter=7900 loss=-0.855676
epoch=3/8 iter=8000 loss=-0.933138
epoch=3/8 iter=8100 loss=-0.734703
epoch=3/8 iter=8200 loss=-0.796571
epoch=3/8 iter=8300 loss=-0.764817
epoch=3/8 iter=8400 loss=-0.884599
epoch=3/8 train_loss=-0.786759 valid_loss=-0.927053
/home/likc/.conda/envs/capd/lib/python3.7/site-packages/torch/nn/modules/module.py:1433: UserWarning: Positional args are being deprecated, use kwargs instead. Refer to https://pytorch.org/docs/master/generated/torch.nn.Module.html#torch.nn.Module.state_dict for details.
  "Positional args are being deprecated, use kwargs instead. Refer to "
epoch=4/8 iter=8500 loss=-0.794093
epoch=4/8 iter=8600 loss=-0.737515
epoch=4/8 iter=8700 loss=-0.869285
epoch=4/8 iter=8800 loss=-0.877782
epoch=4/8 iter=8900 loss=-0.790391
epoch=4/8 iter=9000 loss=-0.928126
epoch=4/8 iter=9100 loss=-0.633755
epoch=4/8 iter=9200 loss=-0.728708
epoch=4/8 iter=9300 loss=-0.824564
epoch=4/8 iter=9400 loss=-0.920750
epoch=4/8 iter=9500 loss=-0.800454
epoch=4/8 iter=9600 loss=-0.832700
epoch=4/8 iter=9700 loss=-0.716924
epoch=4/8 iter=9800 loss=-0.689374
epoch=4/8 iter=9900 loss=-0.702194
epoch=4/8 iter=10000 loss=-0.857349
epoch=4/8 iter=10100 loss=-0.851651
epoch=4/8 iter=10200 loss=-0.794859
epoch=4/8 iter=10300 loss=-0.732826
epoch=4/8 iter=10400 loss=-0.723611
epoch=4/8 iter=10500 loss=-0.764365
epoch=4/8 iter=10600 loss=-0.697940
epoch=4/8 iter=10700 loss=-0.730530
epoch=4/8 iter=10800 loss=-0.815287
epoch=4/8 iter=10900 loss=-0.887368
epoch=4/8 iter=11000 loss=-0.856051
epoch=4/8 iter=11100 loss=-0.823686
epoch=4/8 iter=11200 loss=-0.820102
epoch=4/8 train_loss=-0.789376 valid_loss=-0.928184
/home/likc/.conda/envs/capd/lib/python3.7/site-packages/torch/nn/modules/module.py:1433: UserWarning: Positional args are being deprecated, use kwargs instead. Refer to https://pytorch.org/docs/master/generated/torch.nn.Module.html#torch.nn.Module.state_dict for details.
  "Positional args are being deprecated, use kwargs instead. Refer to "
epoch=5/8 iter=11300 loss=-0.822008
epoch=5/8 iter=11400 loss=-0.892624
epoch=5/8 iter=11500 loss=-0.709095
epoch=5/8 iter=11600 loss=-0.845685
epoch=5/8 iter=11700 loss=-0.853586
epoch=5/8 iter=11800 loss=-0.769485
epoch=5/8 iter=11900 loss=-0.826411
epoch=5/8 iter=12000 loss=-0.827174
epoch=5/8 iter=12100 loss=-0.770282
epoch=5/8 iter=12200 loss=-0.702968
epoch=5/8 iter=12300 loss=-0.799553
epoch=5/8 iter=12400 loss=-0.888249
epoch=5/8 iter=12500 loss=-0.797451
epoch=5/8 iter=12600 loss=-0.862524
epoch=5/8 iter=12700 loss=-0.737586
epoch=5/8 iter=12800 loss=-0.722922
epoch=5/8 iter=12900 loss=-0.820185
epoch=5/8 iter=13000 loss=-0.807678
epoch=5/8 iter=13100 loss=-0.722338
epoch=5/8 iter=13200 loss=-0.830275
epoch=5/8 iter=13300 loss=-0.830016
epoch=5/8 iter=13400 loss=-0.680143
epoch=5/8 iter=13500 loss=-0.833553
epoch=5/8 iter=13600 loss=-0.787205
epoch=5/8 iter=13700 loss=-0.759193
epoch=5/8 iter=13800 loss=-0.863725
epoch=5/8 iter=13900 loss=-0.611583
epoch=5/8 iter=14000 loss=-0.817059
epoch=5/8 train_loss=-0.791571 valid_loss=-0.929679
/home/likc/.conda/envs/capd/lib/python3.7/site-packages/torch/nn/modules/module.py:1433: UserWarning: Positional args are being deprecated, use kwargs instead. Refer to https://pytorch.org/docs/master/generated/torch.nn.Module.html#torch.nn.Module.state_dict for details.
  "Positional args are being deprecated, use kwargs instead. Refer to "
epoch=6/8 iter=14100 loss=-0.699321
epoch=6/8 iter=14200 loss=-0.783755
epoch=6/8 iter=14300 loss=-0.782522
epoch=6/8 iter=14400 loss=-0.728029
epoch=6/8 iter=14500 loss=-0.754540
epoch=6/8 iter=14600 loss=-0.834267
epoch=6/8 iter=14700 loss=-0.705787
epoch=6/8 iter=14800 loss=-0.647774
epoch=6/8 iter=14900 loss=-0.830856
epoch=6/8 iter=15000 loss=-0.767200
epoch=6/8 iter=15100 loss=-0.707590
epoch=6/8 iter=15200 loss=-0.828860
epoch=6/8 iter=15300 loss=-0.856591
epoch=6/8 iter=15400 loss=-0.787769
epoch=6/8 iter=15500 loss=-0.666818
epoch=6/8 iter=15600 loss=-0.710598
epoch=6/8 iter=15700 loss=-0.770128
epoch=6/8 iter=15800 loss=-0.765120
epoch=6/8 iter=15900 loss=-0.767564
epoch=6/8 iter=16000 loss=-0.832713
epoch=6/8 iter=16100 loss=-0.772433
epoch=6/8 iter=16200 loss=-0.889385
epoch=6/8 iter=16300 loss=-0.768792
epoch=6/8 iter=16400 loss=-0.873838
epoch=6/8 iter=16500 loss=-0.833586
epoch=6/8 iter=16600 loss=-0.824632
epoch=6/8 iter=16700 loss=-0.907226
epoch=6/8 iter=16800 loss=-0.789068
epoch=6/8 train_loss=-0.792518 valid_loss=-0.929110
/home/likc/.conda/envs/capd/lib/python3.7/site-packages/torch/nn/modules/module.py:1433: UserWarning: Positional args are being deprecated, use kwargs instead. Refer to https://pytorch.org/docs/master/generated/torch.nn.Module.html#torch.nn.Module.state_dict for details.
  "Positional args are being deprecated, use kwargs instead. Refer to "
epoch=7/8 iter=16900 loss=-0.824951
epoch=7/8 iter=17000 loss=-0.637216
epoch=7/8 iter=17100 loss=-0.832164
epoch=7/8 iter=17200 loss=-0.741485
epoch=7/8 iter=17300 loss=-0.795361
epoch=7/8 iter=17400 loss=-0.740088
epoch=7/8 iter=17500 loss=-0.805233
epoch=7/8 iter=17600 loss=-0.875286
epoch=7/8 iter=17700 loss=-0.773525
epoch=7/8 iter=17800 loss=-0.898580
epoch=7/8 iter=17900 loss=-0.859516
epoch=7/8 iter=18000 loss=-0.796091
epoch=7/8 iter=18100 loss=-0.893065
epoch=7/8 iter=18200 loss=-0.736252
epoch=7/8 iter=18300 loss=-0.620684
epoch=7/8 iter=18400 loss=-0.747451
epoch=7/8 iter=18500 loss=-0.826012
epoch=7/8 iter=18600 loss=-0.800189
epoch=7/8 iter=18700 loss=-0.828045
epoch=7/8 iter=18800 loss=-0.859508
epoch=7/8 iter=18900 loss=-0.791721
epoch=7/8 iter=19000 loss=-0.851405
epoch=7/8 iter=19100 loss=-0.664779
epoch=7/8 iter=19200 loss=-0.856785
epoch=7/8 iter=19300 loss=-0.671227
epoch=7/8 iter=19400 loss=-0.769711
epoch=7/8 iter=19500 loss=-0.753523
epoch=7/8 iter=19600 loss=-0.828574
epoch=7/8 train_loss=-0.793063 valid_loss=-0.929568
/home/likc/.conda/envs/capd/lib/python3.7/site-packages/torch/nn/modules/module.py:1433: UserWarning: Positional args are being deprecated, use kwargs instead. Refer to https://pytorch.org/docs/master/generated/torch.nn.Module.html#torch.nn.Module.state_dict for details.
  "Positional args are being deprecated, use kwargs instead. Refer to "
epoch=8/8 iter=19700 loss=-0.860901
epoch=8/8 iter=19800 loss=-0.641001
epoch=8/8 iter=19900 loss=-0.795892
epoch=8/8 iter=20000 loss=-0.787084
epoch=8/8 iter=20100 loss=-0.849157
epoch=8/8 iter=20200 loss=-0.777773
epoch=8/8 iter=20300 loss=-0.892774
epoch=8/8 iter=20400 loss=-0.761734
epoch=8/8 iter=20500 loss=-0.925144
epoch=8/8 iter=20600 loss=-0.801403
epoch=8/8 iter=20700 loss=-0.820769
epoch=8/8 iter=20800 loss=-0.784961
epoch=8/8 iter=20900 loss=-0.857565
epoch=8/8 iter=21000 loss=-0.884242
epoch=8/8 iter=21100 loss=-0.828502
epoch=8/8 iter=21200 loss=-0.867560
epoch=8/8 iter=21300 loss=-0.730563
epoch=8/8 iter=21400 loss=-0.734332
epoch=8/8 iter=21500 loss=-0.803781
epoch=8/8 iter=21600 loss=-0.805896
epoch=8/8 iter=21700 loss=-0.757892
epoch=8/8 iter=21800 loss=-0.727244
epoch=8/8 iter=21900 loss=-0.706571
epoch=8/8 iter=22000 loss=-0.785221
epoch=8/8 iter=22100 loss=-0.747552
epoch=8/8 iter=22200 loss=-0.697752
epoch=8/8 iter=22300 loss=-0.799757
epoch=8/8 iter=22400 loss=-0.729534
epoch=8/8 train_loss=-0.793605 valid_loss=-0.928592
Training finished. best=/home/likc/Q-former-for-OS/outputs/capd_proactive_stage4_stage7/stage4-stage7-unified-r2/checkpoints/sem-lam111/seed_3136859/qmap_best.pth last=/home/likc/Q-former-for-OS/outputs/capd_proactive_stage4_stage7/stage4-stage7-unified-r2/checkpoints/sem-lam111/seed_3136859/qmap_last.pth
/home/likc/.conda/envs/capd/lib/python3.7/site-packages/torch/nn/modules/module.py:1433: UserWarning: Positional args are being deprecated, use kwargs instead. Refer to https://pytorch.org/docs/master/generated/torch.nn.Module.html#torch.nn.Module.state_dict for details.
  "Positional args are being deprecated, use kwargs instead. Refer to "
