QMAP training: train=/home/likc/Q-former-for-OS/outputs/capd_proactive_stage4_stage7/stage4-stage7-unified-r1/datasets/da0dab0afec1945a70ef/all_train.jsonl valid=/home/likc/Q-former-for-OS/outputs/capd_proactive_stage4_stage7/stage4-stage7-unified-r1/datasets/da0dab0afec1945a70ef/all_validation.jsonl samples=89651/14469 device=cuda
epoch=1/8 iter=1 loss=-0.468943
epoch=1/8 iter=100 loss=-0.443931
epoch=1/8 iter=200 loss=-0.753009
epoch=1/8 iter=300 loss=-0.742000
epoch=1/8 iter=400 loss=-0.836435
epoch=1/8 iter=500 loss=-0.779779
epoch=1/8 iter=600 loss=-0.738005
epoch=1/8 iter=700 loss=-0.756746
epoch=1/8 iter=800 loss=-0.668604
epoch=1/8 iter=900 loss=-0.643071
epoch=1/8 iter=1000 loss=-0.822931
epoch=1/8 iter=1100 loss=-0.744009
epoch=1/8 iter=1200 loss=-0.748827
epoch=1/8 iter=1300 loss=-0.851032
epoch=1/8 iter=1400 loss=-0.813324
epoch=1/8 iter=1500 loss=-0.661798
epoch=1/8 iter=1600 loss=-0.865236
epoch=1/8 iter=1700 loss=-0.864161
epoch=1/8 iter=1800 loss=-0.648082
epoch=1/8 iter=1900 loss=-0.703604
epoch=1/8 iter=2000 loss=-0.785328
epoch=1/8 iter=2100 loss=-0.844931
epoch=1/8 iter=2200 loss=-0.823409
epoch=1/8 iter=2300 loss=-0.826211
epoch=1/8 iter=2400 loss=-0.814840
epoch=1/8 iter=2500 loss=-0.803916
epoch=1/8 iter=2600 loss=-0.671281
epoch=1/8 iter=2700 loss=-0.804976
epoch=1/8 iter=2800 loss=-0.844987
epoch=1/8 train_loss=-0.757682 valid_loss=-0.923544
/home/likc/.conda/envs/capd/lib/python3.7/site-packages/torch/nn/modules/module.py:1433: UserWarning: Positional args are being deprecated, use kwargs instead. Refer to https://pytorch.org/docs/master/generated/torch.nn.Module.html#torch.nn.Module.state_dict for details.
  "Positional args are being deprecated, use kwargs instead. Refer to "
epoch=2/8 iter=2900 loss=-0.838595
epoch=2/8 iter=3000 loss=-0.638579
epoch=2/8 iter=3100 loss=-0.605473
epoch=2/8 iter=3200 loss=-0.785002
epoch=2/8 iter=3300 loss=-0.582924
epoch=2/8 iter=3400 loss=-0.816459
epoch=2/8 iter=3500 loss=-0.834774
epoch=2/8 iter=3600 loss=-0.871023
epoch=2/8 iter=3700 loss=-0.746620
epoch=2/8 iter=3800 loss=-0.839849
epoch=2/8 iter=3900 loss=-0.703291
epoch=2/8 iter=4000 loss=-0.830285
epoch=2/8 iter=4100 loss=-0.847107
epoch=2/8 iter=4200 loss=-0.927938
epoch=2/8 iter=4300 loss=-0.820750
epoch=2/8 iter=4400 loss=-0.683776
epoch=2/8 iter=4500 loss=-0.882495
epoch=2/8 iter=4600 loss=-0.664244
epoch=2/8 iter=4700 loss=-0.843469
epoch=2/8 iter=4800 loss=-0.846752
epoch=2/8 iter=4900 loss=-0.692777
epoch=2/8 iter=5000 loss=-0.749558
epoch=2/8 iter=5100 loss=-0.821248
epoch=2/8 iter=5200 loss=-0.916074
epoch=2/8 iter=5300 loss=-0.841139
epoch=2/8 iter=5400 loss=-0.789724
epoch=2/8 iter=5500 loss=-0.879269
epoch=2/8 iter=5600 loss=-0.742357
epoch=2/8 train_loss=-0.784990 valid_loss=-0.926216
/home/likc/.conda/envs/capd/lib/python3.7/site-packages/torch/nn/modules/module.py:1433: UserWarning: Positional args are being deprecated, use kwargs instead. Refer to https://pytorch.org/docs/master/generated/torch.nn.Module.html#torch.nn.Module.state_dict for details.
  "Positional args are being deprecated, use kwargs instead. Refer to "
epoch=3/8 iter=5700 loss=-0.560609
epoch=3/8 iter=5800 loss=-0.721819
epoch=3/8 iter=5900 loss=-0.826676
epoch=3/8 iter=6000 loss=-0.806474
epoch=3/8 iter=6100 loss=-0.749045
epoch=3/8 iter=6200 loss=-0.752930
epoch=3/8 iter=6300 loss=-0.846578
epoch=3/8 iter=6400 loss=-0.827236
epoch=3/8 iter=6500 loss=-0.873554
epoch=3/8 iter=6600 loss=-0.837406
epoch=3/8 iter=6700 loss=-0.676212
epoch=3/8 iter=6800 loss=-0.829216
epoch=3/8 iter=6900 loss=-0.736374
epoch=3/8 iter=7000 loss=-0.766876
epoch=3/8 iter=7100 loss=-0.791125
epoch=3/8 iter=7200 loss=-0.717987
epoch=3/8 iter=7300 loss=-0.830362
epoch=3/8 iter=7400 loss=-0.733262
epoch=3/8 iter=7500 loss=-0.788562
epoch=3/8 iter=7600 loss=-0.664465
epoch=3/8 iter=7700 loss=-0.896254
epoch=3/8 iter=7800 loss=-0.908536
epoch=3/8 iter=7900 loss=-0.863497
epoch=3/8 iter=8000 loss=-0.709177
epoch=3/8 iter=8100 loss=-0.824866
epoch=3/8 iter=8200 loss=-0.751821
epoch=3/8 iter=8300 loss=-0.846634
epoch=3/8 iter=8400 loss=-0.861554
epoch=3/8 train_loss=-0.787506 valid_loss=-0.925766
/home/likc/.conda/envs/capd/lib/python3.7/site-packages/torch/nn/modules/module.py:1433: UserWarning: Positional args are being deprecated, use kwargs instead. Refer to https://pytorch.org/docs/master/generated/torch.nn.Module.html#torch.nn.Module.state_dict for details.
  "Positional args are being deprecated, use kwargs instead. Refer to "
epoch=4/8 iter=8500 loss=-0.869610
epoch=4/8 iter=8600 loss=-0.730765
epoch=4/8 iter=8700 loss=-0.815035
epoch=4/8 iter=8800 loss=-0.786224
epoch=4/8 iter=8900 loss=-0.822675
epoch=4/8 iter=9000 loss=-0.825904
epoch=4/8 iter=9100 loss=-0.661382
epoch=4/8 iter=9200 loss=-0.823818
epoch=4/8 iter=9300 loss=-0.875338
epoch=4/8 iter=9400 loss=-0.724961
epoch=4/8 iter=9500 loss=-0.755909
epoch=4/8 iter=9600 loss=-0.700967
epoch=4/8 iter=9700 loss=-0.838778
epoch=4/8 iter=9800 loss=-0.724717
epoch=4/8 iter=9900 loss=-0.859014
epoch=4/8 iter=10000 loss=-0.916765
epoch=4/8 iter=10100 loss=-0.728132
epoch=4/8 iter=10200 loss=-0.796234
epoch=4/8 iter=10300 loss=-0.914143
epoch=4/8 iter=10400 loss=-0.903933
epoch=4/8 iter=10500 loss=-0.800743
epoch=4/8 iter=10600 loss=-0.830912
epoch=4/8 iter=10700 loss=-0.803968
epoch=4/8 iter=10800 loss=-0.916052
epoch=4/8 iter=10900 loss=-0.676826
epoch=4/8 iter=11000 loss=-0.858031
epoch=4/8 iter=11100 loss=-0.788016
epoch=4/8 iter=11200 loss=-0.816788
epoch=4/8 train_loss=-0.788851 valid_loss=-0.926108
/home/likc/.conda/envs/capd/lib/python3.7/site-packages/torch/nn/modules/module.py:1433: UserWarning: Positional args are being deprecated, use kwargs instead. Refer to https://pytorch.org/docs/master/generated/torch.nn.Module.html#torch.nn.Module.state_dict for details.
  "Positional args are being deprecated, use kwargs instead. Refer to "
epoch=5/8 iter=11300 loss=-0.790726
epoch=5/8 iter=11400 loss=-0.781305
epoch=5/8 iter=11500 loss=-0.817495
epoch=5/8 iter=11600 loss=-0.975361
epoch=5/8 iter=11700 loss=-0.931460
epoch=5/8 iter=11800 loss=-0.913337
epoch=5/8 iter=11900 loss=-0.765727
epoch=5/8 iter=12000 loss=-0.803287
epoch=5/8 iter=12100 loss=-0.791375
epoch=5/8 iter=12200 loss=-0.696647
epoch=5/8 iter=12300 loss=-0.823723
epoch=5/8 iter=12400 loss=-0.722256
epoch=5/8 iter=12500 loss=-0.643011
epoch=5/8 iter=12600 loss=-0.761214
epoch=5/8 iter=12700 loss=-0.734295
epoch=5/8 iter=12800 loss=-0.757495
epoch=5/8 iter=12900 loss=-0.870242
epoch=5/8 iter=13000 loss=-0.851879
epoch=5/8 iter=13100 loss=-0.708112
epoch=5/8 iter=13200 loss=-0.848675
epoch=5/8 iter=13300 loss=-0.857583
epoch=5/8 iter=13400 loss=-0.856032
epoch=5/8 iter=13500 loss=-0.762357
epoch=5/8 iter=13600 loss=-0.709817
epoch=5/8 iter=13700 loss=-0.746859
epoch=5/8 iter=13800 loss=-0.757339
epoch=5/8 iter=13900 loss=-0.710219
epoch=5/8 iter=14000 loss=-0.800512
epoch=5/8 train_loss=-0.789384 valid_loss=-0.928352
/home/likc/.conda/envs/capd/lib/python3.7/site-packages/torch/nn/modules/module.py:1433: UserWarning: Positional args are being deprecated, use kwargs instead. Refer to https://pytorch.org/docs/master/generated/torch.nn.Module.html#torch.nn.Module.state_dict for details.
  "Positional args are being deprecated, use kwargs instead. Refer to "
epoch=6/8 iter=14100 loss=-0.822332
epoch=6/8 iter=14200 loss=-0.735129
epoch=6/8 iter=14300 loss=-0.671850
epoch=6/8 iter=14400 loss=-0.843284
epoch=6/8 iter=14500 loss=-0.782997
epoch=6/8 iter=14600 loss=-0.734746
epoch=6/8 iter=14700 loss=-0.847998
epoch=6/8 iter=14800 loss=-0.829840
epoch=6/8 iter=14900 loss=-0.833667
epoch=6/8 iter=15000 loss=-0.895029
epoch=6/8 iter=15100 loss=-0.769854
epoch=6/8 iter=15200 loss=-0.815367
epoch=6/8 iter=15300 loss=-0.937712
epoch=6/8 iter=15400 loss=-0.749399
epoch=6/8 iter=15500 loss=-0.796548
epoch=6/8 iter=15600 loss=-0.839524
epoch=6/8 iter=15700 loss=-0.725948
epoch=6/8 iter=15800 loss=-0.768021
epoch=6/8 iter=15900 loss=-0.670703
epoch=6/8 iter=16000 loss=-0.755816
epoch=6/8 iter=16100 loss=-0.790875
epoch=6/8 iter=16200 loss=-0.788076
epoch=6/8 iter=16300 loss=-0.785289
epoch=6/8 iter=16400 loss=-0.761759
epoch=6/8 iter=16500 loss=-0.815293
epoch=6/8 iter=16600 loss=-0.653212
epoch=6/8 iter=16700 loss=-0.727777
epoch=6/8 iter=16800 loss=-0.640759
epoch=6/8 train_loss=-0.790102 valid_loss=-0.928496
/home/likc/.conda/envs/capd/lib/python3.7/site-packages/torch/nn/modules/module.py:1433: UserWarning: Positional args are being deprecated, use kwargs instead. Refer to https://pytorch.org/docs/master/generated/torch.nn.Module.html#torch.nn.Module.state_dict for details.
  "Positional args are being deprecated, use kwargs instead. Refer to "
epoch=7/8 iter=16900 loss=-0.822585
epoch=7/8 iter=17000 loss=-0.851690
epoch=7/8 iter=17100 loss=-0.806195
epoch=7/8 iter=17200 loss=-0.763597
epoch=7/8 iter=17300 loss=-0.612805
epoch=7/8 iter=17400 loss=-0.884609
epoch=7/8 iter=17500 loss=-0.790713
epoch=7/8 iter=17600 loss=-0.751986
epoch=7/8 iter=17700 loss=-0.703706
epoch=7/8 iter=17800 loss=-0.756814
epoch=7/8 iter=17900 loss=-0.717475
epoch=7/8 iter=18000 loss=-0.795619
epoch=7/8 iter=18100 loss=-0.859531
epoch=7/8 iter=18200 loss=-0.727642
epoch=7/8 iter=18300 loss=-0.888032
epoch=7/8 iter=18400 loss=-0.808739
epoch=7/8 iter=18500 loss=-0.945944
epoch=7/8 iter=18600 loss=-0.957895
epoch=7/8 iter=18700 loss=-0.766368
epoch=7/8 iter=18800 loss=-0.828310
epoch=7/8 iter=18900 loss=-0.702081
epoch=7/8 iter=19000 loss=-0.859339
epoch=7/8 iter=19100 loss=-0.845787
epoch=7/8 iter=19200 loss=-0.888316
epoch=7/8 iter=19300 loss=-0.779444
epoch=7/8 iter=19400 loss=-0.722777
epoch=7/8 iter=19500 loss=-0.837300
epoch=7/8 iter=19600 loss=-0.738549
epoch=7/8 train_loss=-0.790247 valid_loss=-0.928311
/home/likc/.conda/envs/capd/lib/python3.7/site-packages/torch/nn/modules/module.py:1433: UserWarning: Positional args are being deprecated, use kwargs instead. Refer to https://pytorch.org/docs/master/generated/torch.nn.Module.html#torch.nn.Module.state_dict for details.
  "Positional args are being deprecated, use kwargs instead. Refer to "
epoch=8/8 iter=19700 loss=-0.852126
epoch=8/8 iter=19800 loss=-0.737501
epoch=8/8 iter=19900 loss=-0.810830
epoch=8/8 iter=20000 loss=-0.829635
epoch=8/8 iter=20100 loss=-0.874767
epoch=8/8 iter=20200 loss=-0.851303
epoch=8/8 iter=20300 loss=-0.757282
epoch=8/8 iter=20400 loss=-0.730777
epoch=8/8 iter=20500 loss=-0.826933
epoch=8/8 iter=20600 loss=-0.846852
epoch=8/8 iter=20700 loss=-0.763223
epoch=8/8 iter=20800 loss=-0.749722
epoch=8/8 iter=20900 loss=-0.793679
epoch=8/8 iter=21000 loss=-0.793509
epoch=8/8 iter=21100 loss=-0.787737
epoch=8/8 iter=21200 loss=-0.808399
epoch=8/8 iter=21300 loss=-0.726735
epoch=8/8 iter=21400 loss=-0.761812
epoch=8/8 iter=21500 loss=-0.816882
epoch=8/8 iter=21600 loss=-0.703227
epoch=8/8 iter=21700 loss=-0.688475
epoch=8/8 iter=21800 loss=-0.697794
epoch=8/8 iter=21900 loss=-0.760143
epoch=8/8 iter=22000 loss=-0.726510
epoch=8/8 iter=22100 loss=-0.758542
epoch=8/8 iter=22200 loss=-0.880852
epoch=8/8 iter=22300 loss=-0.783115
epoch=8/8 iter=22400 loss=-0.850711
epoch=8/8 train_loss=-0.791009 valid_loss=-0.928818
Training finished. best=/home/likc/Q-former-for-OS/outputs/capd_proactive_stage4_stage7/stage4-stage7-unified-r2/checkpoints/arch-deep/seed_42/qmap_best.pth last=/home/likc/Q-former-for-OS/outputs/capd_proactive_stage4_stage7/stage4-stage7-unified-r2/checkpoints/arch-deep/seed_42/qmap_last.pth
/home/likc/.conda/envs/capd/lib/python3.7/site-packages/torch/nn/modules/module.py:1433: UserWarning: Positional args are being deprecated, use kwargs instead. Refer to https://pytorch.org/docs/master/generated/torch.nn.Module.html#torch.nn.Module.state_dict for details.
  "Positional args are being deprecated, use kwargs instead. Refer to "
