QMAP training: train=/home/likc/Q-former-for-OS/outputs/capd_proactive_stage4_stage7/stage4-stage7-unified-r1/datasets/9de7e2db50b4783bc14c/all_train.jsonl valid=/home/likc/Q-former-for-OS/outputs/capd_proactive_stage4_stage7/stage4-stage7-unified-r1/datasets/9de7e2db50b4783bc14c/all_validation.jsonl samples=89651/14469 device=cuda
epoch=1/8 iter=1 loss=-0.537583
epoch=1/8 iter=100 loss=-0.696301
epoch=1/8 iter=200 loss=-0.665954
epoch=1/8 iter=300 loss=-0.687353
epoch=1/8 iter=400 loss=-0.800633
epoch=1/8 iter=500 loss=-0.809901
epoch=1/8 iter=600 loss=-0.674321
epoch=1/8 iter=700 loss=-0.855792
epoch=1/8 iter=800 loss=-0.685803
epoch=1/8 iter=900 loss=-0.669121
epoch=1/8 iter=1000 loss=-0.764151
epoch=1/8 iter=1100 loss=-0.822202
epoch=1/8 iter=1200 loss=-0.665038
epoch=1/8 iter=1300 loss=-0.837890
epoch=1/8 iter=1400 loss=-0.747856
epoch=1/8 iter=1500 loss=-0.781098
epoch=1/8 iter=1600 loss=-0.787602
epoch=1/8 iter=1700 loss=-0.816824
epoch=1/8 iter=1800 loss=-0.766272
epoch=1/8 iter=1900 loss=-0.811764
epoch=1/8 iter=2000 loss=-0.762528
epoch=1/8 iter=2100 loss=-0.731009
epoch=1/8 iter=2200 loss=-0.702323
epoch=1/8 iter=2300 loss=-0.807319
epoch=1/8 iter=2400 loss=-0.886397
epoch=1/8 iter=2500 loss=-0.666723
epoch=1/8 iter=2600 loss=-0.774971
epoch=1/8 iter=2700 loss=-0.845101
epoch=1/8 iter=2800 loss=-0.758267
epoch=1/8 train_loss=-0.764963 valid_loss=-0.922966
/home/likc/.conda/envs/capd/lib/python3.7/site-packages/torch/nn/modules/module.py:1433: UserWarning: Positional args are being deprecated, use kwargs instead. Refer to https://pytorch.org/docs/master/generated/torch.nn.Module.html#torch.nn.Module.state_dict for details.
  "Positional args are being deprecated, use kwargs instead. Refer to "
epoch=2/8 iter=2900 loss=-0.814284
epoch=2/8 iter=3000 loss=-0.856587
epoch=2/8 iter=3100 loss=-0.767407
epoch=2/8 iter=3200 loss=-0.749207
epoch=2/8 iter=3300 loss=-0.693364
epoch=2/8 iter=3400 loss=-0.767825
epoch=2/8 iter=3500 loss=-0.696142
epoch=2/8 iter=3600 loss=-0.740987
epoch=2/8 iter=3700 loss=-0.874872
epoch=2/8 iter=3800 loss=-0.758563
epoch=2/8 iter=3900 loss=-0.809208
epoch=2/8 iter=4000 loss=-0.726113
epoch=2/8 iter=4100 loss=-0.886584
epoch=2/8 iter=4200 loss=-0.818603
epoch=2/8 iter=4300 loss=-0.854790
epoch=2/8 iter=4400 loss=-0.734851
epoch=2/8 iter=4500 loss=-0.758647
epoch=2/8 iter=4600 loss=-0.714961
epoch=2/8 iter=4700 loss=-0.822483
epoch=2/8 iter=4800 loss=-0.828714
epoch=2/8 iter=4900 loss=-0.698811
epoch=2/8 iter=5000 loss=-0.753197
epoch=2/8 iter=5100 loss=-0.783826
epoch=2/8 iter=5200 loss=-0.724003
epoch=2/8 iter=5300 loss=-0.810641
epoch=2/8 iter=5400 loss=-0.793902
epoch=2/8 iter=5500 loss=-0.734394
epoch=2/8 iter=5600 loss=-0.802104
epoch=2/8 train_loss=-0.784367 valid_loss=-0.927016
/home/likc/.conda/envs/capd/lib/python3.7/site-packages/torch/nn/modules/module.py:1433: UserWarning: Positional args are being deprecated, use kwargs instead. Refer to https://pytorch.org/docs/master/generated/torch.nn.Module.html#torch.nn.Module.state_dict for details.
  "Positional args are being deprecated, use kwargs instead. Refer to "
epoch=3/8 iter=5700 loss=-0.809937
epoch=3/8 iter=5800 loss=-0.791172
epoch=3/8 iter=5900 loss=-0.699129
epoch=3/8 iter=6000 loss=-0.821573
epoch=3/8 iter=6100 loss=-0.909235
epoch=3/8 iter=6200 loss=-0.890286
epoch=3/8 iter=6300 loss=-0.755881
epoch=3/8 iter=6400 loss=-0.883990
epoch=3/8 iter=6500 loss=-0.843780
epoch=3/8 iter=6600 loss=-0.936038
epoch=3/8 iter=6700 loss=-0.851989
epoch=3/8 iter=6800 loss=-0.668995
epoch=3/8 iter=6900 loss=-0.884075
epoch=3/8 iter=7000 loss=-0.806177
epoch=3/8 iter=7100 loss=-0.859264
epoch=3/8 iter=7200 loss=-0.827734
epoch=3/8 iter=7300 loss=-0.755643
epoch=3/8 iter=7400 loss=-0.796955
epoch=3/8 iter=7500 loss=-0.731452
epoch=3/8 iter=7600 loss=-0.685681
epoch=3/8 iter=7700 loss=-0.792719
epoch=3/8 iter=7800 loss=-0.794942
epoch=3/8 iter=7900 loss=-0.820473
epoch=3/8 iter=8000 loss=-0.734517
epoch=3/8 iter=8100 loss=-0.755434
epoch=3/8 iter=8200 loss=-0.801084
epoch=3/8 iter=8300 loss=-0.840480
epoch=3/8 iter=8400 loss=-0.846294
epoch=3/8 train_loss=-0.788369 valid_loss=-0.928538
/home/likc/.conda/envs/capd/lib/python3.7/site-packages/torch/nn/modules/module.py:1433: UserWarning: Positional args are being deprecated, use kwargs instead. Refer to https://pytorch.org/docs/master/generated/torch.nn.Module.html#torch.nn.Module.state_dict for details.
  "Positional args are being deprecated, use kwargs instead. Refer to "
epoch=4/8 iter=8500 loss=-0.796979
epoch=4/8 iter=8600 loss=-0.764415
epoch=4/8 iter=8700 loss=-0.772714
epoch=4/8 iter=8800 loss=-0.701408
epoch=4/8 iter=8900 loss=-0.710905
epoch=4/8 iter=9000 loss=-0.822225
epoch=4/8 iter=9100 loss=-0.735294
epoch=4/8 iter=9200 loss=-0.772377
epoch=4/8 iter=9300 loss=-0.728272
epoch=4/8 iter=9400 loss=-0.813236
epoch=4/8 iter=9500 loss=-0.769450
epoch=4/8 iter=9600 loss=-0.514795
epoch=4/8 iter=9700 loss=-0.894034
epoch=4/8 iter=9800 loss=-0.743858
epoch=4/8 iter=9900 loss=-0.855331
epoch=4/8 iter=10000 loss=-0.704340
epoch=4/8 iter=10100 loss=-0.791208
epoch=4/8 iter=10200 loss=-0.749313
epoch=4/8 iter=10300 loss=-0.791629
epoch=4/8 iter=10400 loss=-0.880211
epoch=4/8 iter=10500 loss=-0.698319
epoch=4/8 iter=10600 loss=-0.885381
epoch=4/8 iter=10700 loss=-0.628187
epoch=4/8 iter=10800 loss=-0.789578
epoch=4/8 iter=10900 loss=-0.854963
epoch=4/8 iter=11000 loss=-0.797167
epoch=4/8 iter=11100 loss=-0.739753
epoch=4/8 iter=11200 loss=-0.769181
epoch=4/8 train_loss=-0.790546 valid_loss=-0.927870
/home/likc/.conda/envs/capd/lib/python3.7/site-packages/torch/nn/modules/module.py:1433: UserWarning: Positional args are being deprecated, use kwargs instead. Refer to https://pytorch.org/docs/master/generated/torch.nn.Module.html#torch.nn.Module.state_dict for details.
  "Positional args are being deprecated, use kwargs instead. Refer to "
epoch=5/8 iter=11300 loss=-0.733018
epoch=5/8 iter=11400 loss=-0.787614
epoch=5/8 iter=11500 loss=-0.736454
epoch=5/8 iter=11600 loss=-0.828576
epoch=5/8 iter=11700 loss=-0.878703
epoch=5/8 iter=11800 loss=-0.792979
epoch=5/8 iter=11900 loss=-0.831002
epoch=5/8 iter=12000 loss=-0.765934
epoch=5/8 iter=12100 loss=-0.834740
epoch=5/8 iter=12200 loss=-0.766888
epoch=5/8 iter=12300 loss=-0.578171
epoch=5/8 iter=12400 loss=-0.774786
epoch=5/8 iter=12500 loss=-0.858865
epoch=5/8 iter=12600 loss=-0.835866
epoch=5/8 iter=12700 loss=-0.899405
epoch=5/8 iter=12800 loss=-0.865685
epoch=5/8 iter=12900 loss=-0.874253
epoch=5/8 iter=13000 loss=-0.769444
epoch=5/8 iter=13100 loss=-0.853179
epoch=5/8 iter=13200 loss=-0.709117
epoch=5/8 iter=13300 loss=-0.697642
epoch=5/8 iter=13400 loss=-0.851857
epoch=5/8 iter=13500 loss=-0.944788
epoch=5/8 iter=13600 loss=-0.666351
epoch=5/8 iter=13700 loss=-0.830200
epoch=5/8 iter=13800 loss=-0.764964
epoch=5/8 iter=13900 loss=-0.824045
epoch=5/8 iter=14000 loss=-0.796335
epoch=5/8 train_loss=-0.791613 valid_loss=-0.932155
/home/likc/.conda/envs/capd/lib/python3.7/site-packages/torch/nn/modules/module.py:1433: UserWarning: Positional args are being deprecated, use kwargs instead. Refer to https://pytorch.org/docs/master/generated/torch.nn.Module.html#torch.nn.Module.state_dict for details.
  "Positional args are being deprecated, use kwargs instead. Refer to "
epoch=6/8 iter=14100 loss=-0.798443
epoch=6/8 iter=14200 loss=-0.819749
epoch=6/8 iter=14300 loss=-0.820977
epoch=6/8 iter=14400 loss=-0.744155
epoch=6/8 iter=14500 loss=-0.805999
epoch=6/8 iter=14600 loss=-0.817399
epoch=6/8 iter=14700 loss=-0.639651
epoch=6/8 iter=14800 loss=-0.676503
epoch=6/8 iter=14900 loss=-0.675963
epoch=6/8 iter=15000 loss=-0.737604
epoch=6/8 iter=15100 loss=-0.820425
epoch=6/8 iter=15200 loss=-0.817475
epoch=6/8 iter=15300 loss=-0.830342
epoch=6/8 iter=15400 loss=-0.703237
epoch=6/8 iter=15500 loss=-0.835250
epoch=6/8 iter=15600 loss=-0.837505
epoch=6/8 iter=15700 loss=-0.816715
epoch=6/8 iter=15800 loss=-0.794673
epoch=6/8 iter=15900 loss=-0.881220
epoch=6/8 iter=16000 loss=-0.797566
epoch=6/8 iter=16100 loss=-0.851887
epoch=6/8 iter=16200 loss=-0.734914
epoch=6/8 iter=16300 loss=-0.833071
epoch=6/8 iter=16400 loss=-0.798587
epoch=6/8 iter=16500 loss=-0.754174
epoch=6/8 iter=16600 loss=-0.831351
epoch=6/8 iter=16700 loss=-0.762926
epoch=6/8 iter=16800 loss=-0.769484
epoch=6/8 train_loss=-0.793390 valid_loss=-0.932818
/home/likc/.conda/envs/capd/lib/python3.7/site-packages/torch/nn/modules/module.py:1433: UserWarning: Positional args are being deprecated, use kwargs instead. Refer to https://pytorch.org/docs/master/generated/torch.nn.Module.html#torch.nn.Module.state_dict for details.
  "Positional args are being deprecated, use kwargs instead. Refer to "
epoch=7/8 iter=16900 loss=-0.801499
epoch=7/8 iter=17000 loss=-0.699467
epoch=7/8 iter=17100 loss=-0.694157
epoch=7/8 iter=17200 loss=-0.868511
epoch=7/8 iter=17300 loss=-0.616369
epoch=7/8 iter=17400 loss=-0.748900
epoch=7/8 iter=17500 loss=-0.796391
epoch=7/8 iter=17600 loss=-0.827184
epoch=7/8 iter=17700 loss=-0.770827
epoch=7/8 iter=17800 loss=-0.740117
epoch=7/8 iter=17900 loss=-0.888119
epoch=7/8 iter=18000 loss=-0.771497
epoch=7/8 iter=18100 loss=-0.915061
epoch=7/8 iter=18200 loss=-0.774310
epoch=7/8 iter=18300 loss=-0.721941
epoch=7/8 iter=18400 loss=-0.829051
epoch=7/8 iter=18500 loss=-0.783984
epoch=7/8 iter=18600 loss=-0.855778
epoch=7/8 iter=18700 loss=-0.856003
epoch=7/8 iter=18800 loss=-0.767346
epoch=7/8 iter=18900 loss=-0.675840
epoch=7/8 iter=19000 loss=-0.833112
epoch=7/8 iter=19100 loss=-0.857892
epoch=7/8 iter=19200 loss=-0.838240
epoch=7/8 iter=19300 loss=-0.770837
epoch=7/8 iter=19400 loss=-0.699823
epoch=7/8 iter=19500 loss=-0.915770
epoch=7/8 iter=19600 loss=-0.683547
epoch=7/8 train_loss=-0.794078 valid_loss=-0.933259
/home/likc/.conda/envs/capd/lib/python3.7/site-packages/torch/nn/modules/module.py:1433: UserWarning: Positional args are being deprecated, use kwargs instead. Refer to https://pytorch.org/docs/master/generated/torch.nn.Module.html#torch.nn.Module.state_dict for details.
  "Positional args are being deprecated, use kwargs instead. Refer to "
epoch=8/8 iter=19700 loss=-0.797002
epoch=8/8 iter=19800 loss=-0.719567
epoch=8/8 iter=19900 loss=-0.818469
epoch=8/8 iter=20000 loss=-0.811985
epoch=8/8 iter=20100 loss=-0.821756
epoch=8/8 iter=20200 loss=-0.767892
epoch=8/8 iter=20300 loss=-0.762149
epoch=8/8 iter=20400 loss=-0.829055
epoch=8/8 iter=20500 loss=-0.885145
epoch=8/8 iter=20600 loss=-0.881829
epoch=8/8 iter=20700 loss=-0.743599
epoch=8/8 iter=20800 loss=-0.800323
epoch=8/8 iter=20900 loss=-0.843379
epoch=8/8 iter=21000 loss=-0.835915
epoch=8/8 iter=21100 loss=-0.829759
epoch=8/8 iter=21200 loss=-0.890776
epoch=8/8 iter=21300 loss=-0.921812
epoch=8/8 iter=21400 loss=-0.809603
epoch=8/8 iter=21500 loss=-0.801058
epoch=8/8 iter=21600 loss=-0.912670
epoch=8/8 iter=21700 loss=-0.698652
epoch=8/8 iter=21800 loss=-0.699724
epoch=8/8 iter=21900 loss=-0.767756
epoch=8/8 iter=22000 loss=-0.705525
epoch=8/8 iter=22100 loss=-0.854160
epoch=8/8 iter=22200 loss=-0.713014
epoch=8/8 iter=22300 loss=-0.756129
epoch=8/8 iter=22400 loss=-0.641857
epoch=8/8 train_loss=-0.794842 valid_loss=-0.934631
Training finished. best=/home/likc/Q-former-for-OS/outputs/capd_proactive_stage4_stage7/stage4-stage7-unified-r2/checkpoints/sem-lam114/seed_2026/qmap_best.pth last=/home/likc/Q-former-for-OS/outputs/capd_proactive_stage4_stage7/stage4-stage7-unified-r2/checkpoints/sem-lam114/seed_2026/qmap_last.pth
/home/likc/.conda/envs/capd/lib/python3.7/site-packages/torch/nn/modules/module.py:1433: UserWarning: Positional args are being deprecated, use kwargs instead. Refer to https://pytorch.org/docs/master/generated/torch.nn.Module.html#torch.nn.Module.state_dict for details.
  "Positional args are being deprecated, use kwargs instead. Refer to "
