QMAP training: train=/home/likc/Q-former-for-OS/outputs/capd_proactive_stage4_stage7/stage4-stage7-unified-r1/datasets/00a4f3c66a508576c92b/all_train.jsonl valid=/home/likc/Q-former-for-OS/outputs/capd_proactive_stage4_stage7/stage4-stage7-unified-r1/datasets/00a4f3c66a508576c92b/all_validation.jsonl samples=89651/14469 device=cuda
epoch=1/8 iter=1 loss=-0.529867
epoch=1/8 iter=100 loss=-0.685313
epoch=1/8 iter=200 loss=-0.663484
epoch=1/8 iter=300 loss=-0.684678
epoch=1/8 iter=400 loss=-0.798943
epoch=1/8 iter=500 loss=-0.804429
epoch=1/8 iter=600 loss=-0.675481
epoch=1/8 iter=700 loss=-0.856022
epoch=1/8 iter=800 loss=-0.692002
epoch=1/8 iter=900 loss=-0.677124
epoch=1/8 iter=1000 loss=-0.759515
epoch=1/8 iter=1100 loss=-0.817675
epoch=1/8 iter=1200 loss=-0.665832
epoch=1/8 iter=1300 loss=-0.833305
epoch=1/8 iter=1400 loss=-0.742277
epoch=1/8 iter=1500 loss=-0.778384
epoch=1/8 iter=1600 loss=-0.783898
epoch=1/8 iter=1700 loss=-0.821570
epoch=1/8 iter=1800 loss=-0.765739
epoch=1/8 iter=1900 loss=-0.813215
epoch=1/8 iter=2000 loss=-0.761317
epoch=1/8 iter=2100 loss=-0.726542
epoch=1/8 iter=2200 loss=-0.699569
epoch=1/8 iter=2300 loss=-0.815327
epoch=1/8 iter=2400 loss=-0.884197
epoch=1/8 iter=2500 loss=-0.663935
epoch=1/8 iter=2600 loss=-0.777112
epoch=1/8 iter=2700 loss=-0.833504
epoch=1/8 iter=2800 loss=-0.754295
epoch=1/8 train_loss=-0.762955 valid_loss=-0.921597
/home/likc/.conda/envs/capd/lib/python3.7/site-packages/torch/nn/modules/module.py:1433: UserWarning: Positional args are being deprecated, use kwargs instead. Refer to https://pytorch.org/docs/master/generated/torch.nn.Module.html#torch.nn.Module.state_dict for details.
  "Positional args are being deprecated, use kwargs instead. Refer to "
epoch=2/8 iter=2900 loss=-0.816754
epoch=2/8 iter=3000 loss=-0.858314
epoch=2/8 iter=3100 loss=-0.765685
epoch=2/8 iter=3200 loss=-0.750976
epoch=2/8 iter=3300 loss=-0.693162
epoch=2/8 iter=3400 loss=-0.760671
epoch=2/8 iter=3500 loss=-0.697445
epoch=2/8 iter=3600 loss=-0.738293
epoch=2/8 iter=3700 loss=-0.871736
epoch=2/8 iter=3800 loss=-0.757407
epoch=2/8 iter=3900 loss=-0.810735
epoch=2/8 iter=4000 loss=-0.725418
epoch=2/8 iter=4100 loss=-0.882316
epoch=2/8 iter=4200 loss=-0.812306
epoch=2/8 iter=4300 loss=-0.857278
epoch=2/8 iter=4400 loss=-0.737961
epoch=2/8 iter=4500 loss=-0.762968
epoch=2/8 iter=4600 loss=-0.708884
epoch=2/8 iter=4700 loss=-0.817172
epoch=2/8 iter=4800 loss=-0.828657
epoch=2/8 iter=4900 loss=-0.696671
epoch=2/8 iter=5000 loss=-0.752804
epoch=2/8 iter=5100 loss=-0.777166
epoch=2/8 iter=5200 loss=-0.721358
epoch=2/8 iter=5300 loss=-0.816127
epoch=2/8 iter=5400 loss=-0.789612
epoch=2/8 iter=5500 loss=-0.729974
epoch=2/8 iter=5600 loss=-0.801726
epoch=2/8 train_loss=-0.783387 valid_loss=-0.923845
/home/likc/.conda/envs/capd/lib/python3.7/site-packages/torch/nn/modules/module.py:1433: UserWarning: Positional args are being deprecated, use kwargs instead. Refer to https://pytorch.org/docs/master/generated/torch.nn.Module.html#torch.nn.Module.state_dict for details.
  "Positional args are being deprecated, use kwargs instead. Refer to "
epoch=3/8 iter=5700 loss=-0.816778
epoch=3/8 iter=5800 loss=-0.798590
epoch=3/8 iter=5900 loss=-0.694446
epoch=3/8 iter=6000 loss=-0.818555
epoch=3/8 iter=6100 loss=-0.898941
epoch=3/8 iter=6200 loss=-0.887115
epoch=3/8 iter=6300 loss=-0.752932
epoch=3/8 iter=6400 loss=-0.880936
epoch=3/8 iter=6500 loss=-0.841978
epoch=3/8 iter=6600 loss=-0.931215
epoch=3/8 iter=6700 loss=-0.852971
epoch=3/8 iter=6800 loss=-0.672952
epoch=3/8 iter=6900 loss=-0.884802
epoch=3/8 iter=7000 loss=-0.812898
epoch=3/8 iter=7100 loss=-0.857952
epoch=3/8 iter=7200 loss=-0.823223
epoch=3/8 iter=7300 loss=-0.761652
epoch=3/8 iter=7400 loss=-0.794291
epoch=3/8 iter=7500 loss=-0.727113
epoch=3/8 iter=7600 loss=-0.688156
epoch=3/8 iter=7700 loss=-0.794724
epoch=3/8 iter=7800 loss=-0.790761
epoch=3/8 iter=7900 loss=-0.822241
epoch=3/8 iter=8000 loss=-0.730061
epoch=3/8 iter=8100 loss=-0.745507
epoch=3/8 iter=8200 loss=-0.797188
epoch=3/8 iter=8300 loss=-0.845750
epoch=3/8 iter=8400 loss=-0.826301
epoch=3/8 train_loss=-0.786326 valid_loss=-0.925178
/home/likc/.conda/envs/capd/lib/python3.7/site-packages/torch/nn/modules/module.py:1433: UserWarning: Positional args are being deprecated, use kwargs instead. Refer to https://pytorch.org/docs/master/generated/torch.nn.Module.html#torch.nn.Module.state_dict for details.
  "Positional args are being deprecated, use kwargs instead. Refer to "
epoch=4/8 iter=8500 loss=-0.794171
epoch=4/8 iter=8600 loss=-0.763442
epoch=4/8 iter=8700 loss=-0.773014
epoch=4/8 iter=8800 loss=-0.707797
epoch=4/8 iter=8900 loss=-0.707675
epoch=4/8 iter=9000 loss=-0.820136
epoch=4/8 iter=9100 loss=-0.733738
epoch=4/8 iter=9200 loss=-0.776372
epoch=4/8 iter=9300 loss=-0.723328
epoch=4/8 iter=9400 loss=-0.795893
epoch=4/8 iter=9500 loss=-0.762135
epoch=4/8 iter=9600 loss=-0.510379
epoch=4/8 iter=9700 loss=-0.886795
epoch=4/8 iter=9800 loss=-0.737260
epoch=4/8 iter=9900 loss=-0.850169
epoch=4/8 iter=10000 loss=-0.700726
epoch=4/8 iter=10100 loss=-0.791958
epoch=4/8 iter=10200 loss=-0.738099
epoch=4/8 iter=10300 loss=-0.787097
epoch=4/8 iter=10400 loss=-0.879260
epoch=4/8 iter=10500 loss=-0.698935
epoch=4/8 iter=10600 loss=-0.883409
epoch=4/8 iter=10700 loss=-0.624308
epoch=4/8 iter=10800 loss=-0.798098
epoch=4/8 iter=10900 loss=-0.855372
epoch=4/8 iter=11000 loss=-0.792932
epoch=4/8 iter=11100 loss=-0.734942
epoch=4/8 iter=11200 loss=-0.763419
epoch=4/8 train_loss=-0.788294 valid_loss=-0.925275
/home/likc/.conda/envs/capd/lib/python3.7/site-packages/torch/nn/modules/module.py:1433: UserWarning: Positional args are being deprecated, use kwargs instead. Refer to https://pytorch.org/docs/master/generated/torch.nn.Module.html#torch.nn.Module.state_dict for details.
  "Positional args are being deprecated, use kwargs instead. Refer to "
epoch=5/8 iter=11300 loss=-0.728506
epoch=5/8 iter=11400 loss=-0.784977
epoch=5/8 iter=11500 loss=-0.728926
epoch=5/8 iter=11600 loss=-0.830591
epoch=5/8 iter=11700 loss=-0.873545
epoch=5/8 iter=11800 loss=-0.798434
epoch=5/8 iter=11900 loss=-0.829002
epoch=5/8 iter=12000 loss=-0.760706
epoch=5/8 iter=12100 loss=-0.833896
epoch=5/8 iter=12200 loss=-0.762834
epoch=5/8 iter=12300 loss=-0.579030
epoch=5/8 iter=12400 loss=-0.790292
epoch=5/8 iter=12500 loss=-0.849690
epoch=5/8 iter=12600 loss=-0.833933
epoch=5/8 iter=12700 loss=-0.893870
epoch=5/8 iter=12800 loss=-0.867547
epoch=5/8 iter=12900 loss=-0.872992
epoch=5/8 iter=13000 loss=-0.766164
epoch=5/8 iter=13100 loss=-0.846234
epoch=5/8 iter=13200 loss=-0.702599
epoch=5/8 iter=13300 loss=-0.700101
epoch=5/8 iter=13400 loss=-0.851425
epoch=5/8 iter=13500 loss=-0.927233
epoch=5/8 iter=13600 loss=-0.663093
epoch=5/8 iter=13700 loss=-0.824323
epoch=5/8 iter=13800 loss=-0.753907
epoch=5/8 iter=13900 loss=-0.820269
epoch=5/8 iter=14000 loss=-0.797234
epoch=5/8 train_loss=-0.789099 valid_loss=-0.925401
/home/likc/.conda/envs/capd/lib/python3.7/site-packages/torch/nn/modules/module.py:1433: UserWarning: Positional args are being deprecated, use kwargs instead. Refer to https://pytorch.org/docs/master/generated/torch.nn.Module.html#torch.nn.Module.state_dict for details.
  "Positional args are being deprecated, use kwargs instead. Refer to "
epoch=6/8 iter=14100 loss=-0.798415
epoch=6/8 iter=14200 loss=-0.811840
epoch=6/8 iter=14300 loss=-0.815986
epoch=6/8 iter=14400 loss=-0.735646
epoch=6/8 iter=14500 loss=-0.797576
epoch=6/8 iter=14600 loss=-0.810798
epoch=6/8 iter=14700 loss=-0.637764
epoch=6/8 iter=14800 loss=-0.669043
epoch=6/8 iter=14900 loss=-0.676810
epoch=6/8 iter=15000 loss=-0.732652
epoch=6/8 iter=15100 loss=-0.817771
epoch=6/8 iter=15200 loss=-0.809500
epoch=6/8 iter=15300 loss=-0.825136
epoch=6/8 iter=15400 loss=-0.706636
epoch=6/8 iter=15500 loss=-0.844224
epoch=6/8 iter=15600 loss=-0.828016
epoch=6/8 iter=15700 loss=-0.815972
epoch=6/8 iter=15800 loss=-0.786822
epoch=6/8 iter=15900 loss=-0.881161
epoch=6/8 iter=16000 loss=-0.792518
epoch=6/8 iter=16100 loss=-0.850060
epoch=6/8 iter=16200 loss=-0.731502
epoch=6/8 iter=16300 loss=-0.827699
epoch=6/8 iter=16400 loss=-0.791074
epoch=6/8 iter=16500 loss=-0.750803
epoch=6/8 iter=16600 loss=-0.830858
epoch=6/8 iter=16700 loss=-0.759801
epoch=6/8 iter=16800 loss=-0.768051
epoch=6/8 train_loss=-0.789844 valid_loss=-0.927223
/home/likc/.conda/envs/capd/lib/python3.7/site-packages/torch/nn/modules/module.py:1433: UserWarning: Positional args are being deprecated, use kwargs instead. Refer to https://pytorch.org/docs/master/generated/torch.nn.Module.html#torch.nn.Module.state_dict for details.
  "Positional args are being deprecated, use kwargs instead. Refer to "
epoch=7/8 iter=16900 loss=-0.790941
epoch=7/8 iter=17000 loss=-0.704368
epoch=7/8 iter=17100 loss=-0.696755
epoch=7/8 iter=17200 loss=-0.868023
epoch=7/8 iter=17300 loss=-0.611692
epoch=7/8 iter=17400 loss=-0.737514
epoch=7/8 iter=17500 loss=-0.794302
epoch=7/8 iter=17600 loss=-0.828561
epoch=7/8 iter=17700 loss=-0.765667
epoch=7/8 iter=17800 loss=-0.734440
epoch=7/8 iter=17900 loss=-0.882608
epoch=7/8 iter=18000 loss=-0.771334
epoch=7/8 iter=18100 loss=-0.912651
epoch=7/8 iter=18200 loss=-0.775064
epoch=7/8 iter=18300 loss=-0.722773
epoch=7/8 iter=18400 loss=-0.820168
epoch=7/8 iter=18500 loss=-0.787575
epoch=7/8 iter=18600 loss=-0.852470
epoch=7/8 iter=18700 loss=-0.853681
epoch=7/8 iter=18800 loss=-0.765942
epoch=7/8 iter=18900 loss=-0.674010
epoch=7/8 iter=19000 loss=-0.827589
epoch=7/8 iter=19100 loss=-0.856092
epoch=7/8 iter=19200 loss=-0.837353
epoch=7/8 iter=19300 loss=-0.771401
epoch=7/8 iter=19400 loss=-0.696150
epoch=7/8 iter=19500 loss=-0.915114
epoch=7/8 iter=19600 loss=-0.675129
epoch=7/8 train_loss=-0.791337 valid_loss=-0.930288
/home/likc/.conda/envs/capd/lib/python3.7/site-packages/torch/nn/modules/module.py:1433: UserWarning: Positional args are being deprecated, use kwargs instead. Refer to https://pytorch.org/docs/master/generated/torch.nn.Module.html#torch.nn.Module.state_dict for details.
  "Positional args are being deprecated, use kwargs instead. Refer to "
epoch=8/8 iter=19700 loss=-0.795040
epoch=8/8 iter=19800 loss=-0.718133
epoch=8/8 iter=19900 loss=-0.814991
epoch=8/8 iter=20000 loss=-0.813057
epoch=8/8 iter=20100 loss=-0.817170
epoch=8/8 iter=20200 loss=-0.766601
epoch=8/8 iter=20300 loss=-0.754178
epoch=8/8 iter=20400 loss=-0.827070
epoch=8/8 iter=20500 loss=-0.877806
epoch=8/8 iter=20600 loss=-0.885814
epoch=8/8 iter=20700 loss=-0.742970
epoch=8/8 iter=20800 loss=-0.802203
epoch=8/8 iter=20900 loss=-0.831515
epoch=8/8 iter=21000 loss=-0.833536
epoch=8/8 iter=21100 loss=-0.821134
epoch=8/8 iter=21200 loss=-0.891091
epoch=8/8 iter=21300 loss=-0.916755
epoch=8/8 iter=21400 loss=-0.814996
epoch=8/8 iter=21500 loss=-0.789076
epoch=8/8 iter=21600 loss=-0.914032
epoch=8/8 iter=21700 loss=-0.690746
epoch=8/8 iter=21800 loss=-0.697110
epoch=8/8 iter=21900 loss=-0.766605
epoch=8/8 iter=22000 loss=-0.705388
epoch=8/8 iter=22100 loss=-0.854990
epoch=8/8 iter=22200 loss=-0.709613
epoch=8/8 iter=22300 loss=-0.752169
epoch=8/8 iter=22400 loss=-0.632403
epoch=8/8 train_loss=-0.792420 valid_loss=-0.931100
Training finished. best=/home/likc/Q-former-for-OS/outputs/capd_proactive_stage4_stage7/stage4-stage7-unified-r2/checkpoints/sem-H40/seed_2026/qmap_best.pth last=/home/likc/Q-former-for-OS/outputs/capd_proactive_stage4_stage7/stage4-stage7-unified-r2/checkpoints/sem-H40/seed_2026/qmap_last.pth
/home/likc/.conda/envs/capd/lib/python3.7/site-packages/torch/nn/modules/module.py:1433: UserWarning: Positional args are being deprecated, use kwargs instead. Refer to https://pytorch.org/docs/master/generated/torch.nn.Module.html#torch.nn.Module.state_dict for details.
  "Positional args are being deprecated, use kwargs instead. Refer to "
