QMAP training: train=/home/likc/Q-former-for-OS/outputs/capd_proactive_stage4_stage7/stage4-stage7-unified-r1/datasets/da0dab0afec1945a70ef/all_train.jsonl valid=/home/likc/Q-former-for-OS/outputs/capd_proactive_stage4_stage7/stage4-stage7-unified-r1/datasets/da0dab0afec1945a70ef/all_validation.jsonl samples=89651/14469 device=cuda
epoch=1/8 iter=1 loss=-0.594974
epoch=1/8 iter=100 loss=-0.666473
epoch=1/8 iter=200 loss=-0.713415
epoch=1/8 iter=300 loss=-0.708446
epoch=1/8 iter=400 loss=-0.776676
epoch=1/8 iter=500 loss=-0.820109
epoch=1/8 iter=600 loss=-0.747440
epoch=1/8 iter=700 loss=-0.821668
epoch=1/8 iter=800 loss=-0.672002
epoch=1/8 iter=900 loss=-0.705403
epoch=1/8 iter=1000 loss=-0.762357
epoch=1/8 iter=1100 loss=-0.780529
epoch=1/8 iter=1200 loss=-0.728103
epoch=1/8 iter=1300 loss=-0.807437
epoch=1/8 iter=1400 loss=-0.832231
epoch=1/8 train_loss=-0.771071 valid_loss=-0.923013
/home/likc/.conda/envs/capd/lib/python3.7/site-packages/torch/nn/modules/module.py:1433: UserWarning: Positional args are being deprecated, use kwargs instead. Refer to https://pytorch.org/docs/master/generated/torch.nn.Module.html#torch.nn.Module.state_dict for details.
  "Positional args are being deprecated, use kwargs instead. Refer to "
epoch=2/8 iter=1500 loss=-0.798385
epoch=2/8 iter=1600 loss=-0.748990
epoch=2/8 iter=1700 loss=-0.847591
epoch=2/8 iter=1800 loss=-0.793458
epoch=2/8 iter=1900 loss=-0.764557
epoch=2/8 iter=2000 loss=-0.714899
epoch=2/8 iter=2100 loss=-0.765710
epoch=2/8 iter=2200 loss=-0.758038
epoch=2/8 iter=2300 loss=-0.814023
epoch=2/8 iter=2400 loss=-0.828632
epoch=2/8 iter=2500 loss=-0.792712
epoch=2/8 iter=2600 loss=-0.783159
epoch=2/8 iter=2700 loss=-0.802846
epoch=2/8 iter=2800 loss=-0.810608
epoch=2/8 train_loss=-0.786244 valid_loss=-0.927871
/home/likc/.conda/envs/capd/lib/python3.7/site-packages/torch/nn/modules/module.py:1433: UserWarning: Positional args are being deprecated, use kwargs instead. Refer to https://pytorch.org/docs/master/generated/torch.nn.Module.html#torch.nn.Module.state_dict for details.
  "Positional args are being deprecated, use kwargs instead. Refer to "
epoch=3/8 iter=2900 loss=-0.770740
epoch=3/8 iter=3000 loss=-0.768044
epoch=3/8 iter=3100 loss=-0.704520
epoch=3/8 iter=3200 loss=-0.787936
epoch=3/8 iter=3300 loss=-0.734280
epoch=3/8 iter=3400 loss=-0.781116
epoch=3/8 iter=3500 loss=-0.799985
epoch=3/8 iter=3600 loss=-0.741211
epoch=3/8 iter=3700 loss=-0.748313
epoch=3/8 iter=3800 loss=-0.742216
epoch=3/8 iter=3900 loss=-0.800544
epoch=3/8 iter=4000 loss=-0.792329
epoch=3/8 iter=4100 loss=-0.837905
epoch=3/8 iter=4200 loss=-0.742506
epoch=3/8 train_loss=-0.788975 valid_loss=-0.928957
/home/likc/.conda/envs/capd/lib/python3.7/site-packages/torch/nn/modules/module.py:1433: UserWarning: Positional args are being deprecated, use kwargs instead. Refer to https://pytorch.org/docs/master/generated/torch.nn.Module.html#torch.nn.Module.state_dict for details.
  "Positional args are being deprecated, use kwargs instead. Refer to "
epoch=4/8 iter=4300 loss=-0.789232
epoch=4/8 iter=4400 loss=-0.875260
epoch=4/8 iter=4500 loss=-0.761713
epoch=4/8 iter=4600 loss=-0.853645
epoch=4/8 iter=4700 loss=-0.779276
epoch=4/8 iter=4800 loss=-0.766834
epoch=4/8 iter=4900 loss=-0.781002
epoch=4/8 iter=5000 loss=-0.881800
epoch=4/8 iter=5100 loss=-0.788091
epoch=4/8 iter=5200 loss=-0.787885
epoch=4/8 iter=5300 loss=-0.747969
epoch=4/8 iter=5400 loss=-0.794011
epoch=4/8 iter=5500 loss=-0.749252
epoch=4/8 iter=5600 loss=-0.826895
epoch=4/8 train_loss=-0.790286 valid_loss=-0.930770
/home/likc/.conda/envs/capd/lib/python3.7/site-packages/torch/nn/modules/module.py:1433: UserWarning: Positional args are being deprecated, use kwargs instead. Refer to https://pytorch.org/docs/master/generated/torch.nn.Module.html#torch.nn.Module.state_dict for details.
  "Positional args are being deprecated, use kwargs instead. Refer to "
epoch=5/8 iter=5700 loss=-0.857273
epoch=5/8 iter=5800 loss=-0.725735
epoch=5/8 iter=5900 loss=-0.745202
epoch=5/8 iter=6000 loss=-0.784487
epoch=5/8 iter=6100 loss=-0.729962
epoch=5/8 iter=6200 loss=-0.825832
epoch=5/8 iter=6300 loss=-0.758873
epoch=5/8 iter=6400 loss=-0.844171
epoch=5/8 iter=6500 loss=-0.750832
epoch=5/8 iter=6600 loss=-0.745105
epoch=5/8 iter=6700 loss=-0.724220
epoch=5/8 iter=6800 loss=-0.701296
epoch=5/8 iter=6900 loss=-0.838430
epoch=5/8 iter=7000 loss=-0.837623
epoch=5/8 train_loss=-0.791618 valid_loss=-0.930421
/home/likc/.conda/envs/capd/lib/python3.7/site-packages/torch/nn/modules/module.py:1433: UserWarning: Positional args are being deprecated, use kwargs instead. Refer to https://pytorch.org/docs/master/generated/torch.nn.Module.html#torch.nn.Module.state_dict for details.
  "Positional args are being deprecated, use kwargs instead. Refer to "
epoch=6/8 iter=7100 loss=-0.844795
epoch=6/8 iter=7200 loss=-0.763759
epoch=6/8 iter=7300 loss=-0.803049
epoch=6/8 iter=7400 loss=-0.795792
epoch=6/8 iter=7500 loss=-0.825474
epoch=6/8 iter=7600 loss=-0.711467
epoch=6/8 iter=7700 loss=-0.750405
epoch=6/8 iter=7800 loss=-0.804561
epoch=6/8 iter=7900 loss=-0.812290
epoch=6/8 iter=8000 loss=-0.749313
epoch=6/8 iter=8100 loss=-0.799780
epoch=6/8 iter=8200 loss=-0.820522
epoch=6/8 iter=8300 loss=-0.785597
epoch=6/8 iter=8400 loss=-0.795431
epoch=6/8 train_loss=-0.792809 valid_loss=-0.930939
/home/likc/.conda/envs/capd/lib/python3.7/site-packages/torch/nn/modules/module.py:1433: UserWarning: Positional args are being deprecated, use kwargs instead. Refer to https://pytorch.org/docs/master/generated/torch.nn.Module.html#torch.nn.Module.state_dict for details.
  "Positional args are being deprecated, use kwargs instead. Refer to "
epoch=7/8 iter=8500 loss=-0.813794
epoch=7/8 iter=8600 loss=-0.872774
epoch=7/8 iter=8700 loss=-0.759741
epoch=7/8 iter=8800 loss=-0.804125
epoch=7/8 iter=8900 loss=-0.739743
epoch=7/8 iter=9000 loss=-0.808487
epoch=7/8 iter=9100 loss=-0.801851
epoch=7/8 iter=9200 loss=-0.766046
epoch=7/8 iter=9300 loss=-0.825085
epoch=7/8 iter=9400 loss=-0.752196
epoch=7/8 iter=9500 loss=-0.876807
epoch=7/8 iter=9600 loss=-0.821524
epoch=7/8 iter=9700 loss=-0.774608
epoch=7/8 iter=9800 loss=-0.814837
epoch=7/8 train_loss=-0.794125 valid_loss=-0.931903
/home/likc/.conda/envs/capd/lib/python3.7/site-packages/torch/nn/modules/module.py:1433: UserWarning: Positional args are being deprecated, use kwargs instead. Refer to https://pytorch.org/docs/master/generated/torch.nn.Module.html#torch.nn.Module.state_dict for details.
  "Positional args are being deprecated, use kwargs instead. Refer to "
epoch=8/8 iter=9900 loss=-0.722374
epoch=8/8 iter=10000 loss=-0.750941
epoch=8/8 iter=10100 loss=-0.745491
epoch=8/8 iter=10200 loss=-0.849693
epoch=8/8 iter=10300 loss=-0.728721
epoch=8/8 iter=10400 loss=-0.836818
epoch=8/8 iter=10500 loss=-0.784924
epoch=8/8 iter=10600 loss=-0.796506
epoch=8/8 iter=10700 loss=-0.832997
epoch=8/8 iter=10800 loss=-0.763632
epoch=8/8 iter=10900 loss=-0.799319
epoch=8/8 iter=11000 loss=-0.771688
epoch=8/8 iter=11100 loss=-0.793141
epoch=8/8 iter=11200 loss=-0.831799
epoch=8/8 train_loss=-0.795066 valid_loss=-0.935019
Training finished. best=/home/likc/Q-former-for-OS/outputs/capd_proactive_stage4_stage7/stage4-stage7-unified-r2/checkpoints/opt-fast/seed_2026/qmap_best.pth last=/home/likc/Q-former-for-OS/outputs/capd_proactive_stage4_stage7/stage4-stage7-unified-r2/checkpoints/opt-fast/seed_2026/qmap_last.pth
/home/likc/.conda/envs/capd/lib/python3.7/site-packages/torch/nn/modules/module.py:1433: UserWarning: Positional args are being deprecated, use kwargs instead. Refer to https://pytorch.org/docs/master/generated/torch.nn.Module.html#torch.nn.Module.state_dict for details.
  "Positional args are being deprecated, use kwargs instead. Refer to "
