QMAP training: train=/home/likc/Q-former-for-OS/outputs/capd_proactive_stage4_stage7/stage4-stage7-unified-r1/datasets/9de7e2db50b4783bc14c/all_train.jsonl valid=/home/likc/Q-former-for-OS/outputs/capd_proactive_stage4_stage7/stage4-stage7-unified-r1/datasets/9de7e2db50b4783bc14c/all_validation.jsonl samples=89651/14469 device=cuda
epoch=1/8 iter=1 loss=-0.555481
epoch=1/8 iter=100 loss=-0.736820
epoch=1/8 iter=200 loss=-0.763044
epoch=1/8 iter=300 loss=-0.848770
epoch=1/8 iter=400 loss=-0.662620
epoch=1/8 iter=500 loss=-0.715760
epoch=1/8 iter=600 loss=-0.767600
epoch=1/8 iter=700 loss=-0.787244
epoch=1/8 iter=800 loss=-0.665337
epoch=1/8 iter=900 loss=-0.851210
epoch=1/8 iter=1000 loss=-0.820007
epoch=1/8 iter=1100 loss=-0.713785
epoch=1/8 iter=1200 loss=-0.939997
epoch=1/8 iter=1300 loss=-0.765274
epoch=1/8 iter=1400 loss=-0.659943
epoch=1/8 iter=1500 loss=-0.690965
epoch=1/8 iter=1600 loss=-0.872521
epoch=1/8 iter=1700 loss=-0.886728
epoch=1/8 iter=1800 loss=-0.893927
epoch=1/8 iter=1900 loss=-0.821419
epoch=1/8 iter=2000 loss=-0.903743
epoch=1/8 iter=2100 loss=-0.885344
epoch=1/8 iter=2200 loss=-0.889048
epoch=1/8 iter=2300 loss=-0.849803
epoch=1/8 iter=2400 loss=-0.717608
epoch=1/8 iter=2500 loss=-0.785602
epoch=1/8 iter=2600 loss=-0.776654
epoch=1/8 iter=2700 loss=-0.831776
epoch=1/8 iter=2800 loss=-0.854589
epoch=1/8 train_loss=-0.764377 valid_loss=-0.923173
/home/likc/.conda/envs/capd/lib/python3.7/site-packages/torch/nn/modules/module.py:1433: UserWarning: Positional args are being deprecated, use kwargs instead. Refer to https://pytorch.org/docs/master/generated/torch.nn.Module.html#torch.nn.Module.state_dict for details.
  "Positional args are being deprecated, use kwargs instead. Refer to "
epoch=2/8 iter=2900 loss=-0.860944
epoch=2/8 iter=3000 loss=-0.824222
epoch=2/8 iter=3100 loss=-0.789390
epoch=2/8 iter=3200 loss=-0.826957
epoch=2/8 iter=3300 loss=-0.661798
epoch=2/8 iter=3400 loss=-0.889551
epoch=2/8 iter=3500 loss=-0.794234
epoch=2/8 iter=3600 loss=-0.821571
epoch=2/8 iter=3700 loss=-0.788876
epoch=2/8 iter=3800 loss=-0.675134
epoch=2/8 iter=3900 loss=-0.852418
epoch=2/8 iter=4000 loss=-0.767250
epoch=2/8 iter=4100 loss=-0.901619
epoch=2/8 iter=4200 loss=-0.702919
epoch=2/8 iter=4300 loss=-0.755949
epoch=2/8 iter=4400 loss=-0.685821
epoch=2/8 iter=4500 loss=-0.764386
epoch=2/8 iter=4600 loss=-0.866463
epoch=2/8 iter=4700 loss=-0.845302
epoch=2/8 iter=4800 loss=-0.838239
epoch=2/8 iter=4900 loss=-0.862377
epoch=2/8 iter=5000 loss=-0.790841
epoch=2/8 iter=5100 loss=-0.768315
epoch=2/8 iter=5200 loss=-0.702538
epoch=2/8 iter=5300 loss=-0.785481
epoch=2/8 iter=5400 loss=-0.797756
epoch=2/8 iter=5500 loss=-0.763386
epoch=2/8 iter=5600 loss=-0.854564
epoch=2/8 train_loss=-0.785914 valid_loss=-0.925914
/home/likc/.conda/envs/capd/lib/python3.7/site-packages/torch/nn/modules/module.py:1433: UserWarning: Positional args are being deprecated, use kwargs instead. Refer to https://pytorch.org/docs/master/generated/torch.nn.Module.html#torch.nn.Module.state_dict for details.
  "Positional args are being deprecated, use kwargs instead. Refer to "
epoch=3/8 iter=5700 loss=-0.633663
epoch=3/8 iter=5800 loss=-0.783599
epoch=3/8 iter=5900 loss=-0.724811
epoch=3/8 iter=6000 loss=-0.753623
epoch=3/8 iter=6100 loss=-0.783451
epoch=3/8 iter=6200 loss=-0.833416
epoch=3/8 iter=6300 loss=-0.915222
epoch=3/8 iter=6400 loss=-0.790333
epoch=3/8 iter=6500 loss=-0.696860
epoch=3/8 iter=6600 loss=-0.668505
epoch=3/8 iter=6700 loss=-0.764721
epoch=3/8 iter=6800 loss=-0.888734
epoch=3/8 iter=6900 loss=-0.787535
epoch=3/8 iter=7000 loss=-0.716920
epoch=3/8 iter=7100 loss=-0.763369
epoch=3/8 iter=7200 loss=-0.796408
epoch=3/8 iter=7300 loss=-0.771636
epoch=3/8 iter=7400 loss=-0.801166
epoch=3/8 iter=7500 loss=-0.846711
epoch=3/8 iter=7600 loss=-0.817160
epoch=3/8 iter=7700 loss=-0.836880
epoch=3/8 iter=7800 loss=-0.828289
epoch=3/8 iter=7900 loss=-0.704825
epoch=3/8 iter=8000 loss=-0.796144
epoch=3/8 iter=8100 loss=-0.792762
epoch=3/8 iter=8200 loss=-0.772910
epoch=3/8 iter=8300 loss=-0.759737
epoch=3/8 iter=8400 loss=-0.658131
epoch=3/8 train_loss=-0.789588 valid_loss=-0.928953
/home/likc/.conda/envs/capd/lib/python3.7/site-packages/torch/nn/modules/module.py:1433: UserWarning: Positional args are being deprecated, use kwargs instead. Refer to https://pytorch.org/docs/master/generated/torch.nn.Module.html#torch.nn.Module.state_dict for details.
  "Positional args are being deprecated, use kwargs instead. Refer to "
epoch=4/8 iter=8500 loss=-0.696858
epoch=4/8 iter=8600 loss=-0.861453
epoch=4/8 iter=8700 loss=-0.739281
epoch=4/8 iter=8800 loss=-0.856808
epoch=4/8 iter=8900 loss=-0.789719
epoch=4/8 iter=9000 loss=-0.854025
epoch=4/8 iter=9100 loss=-0.886253
epoch=4/8 iter=9200 loss=-0.788426
epoch=4/8 iter=9300 loss=-0.818040
epoch=4/8 iter=9400 loss=-0.708143
epoch=4/8 iter=9500 loss=-0.861464
epoch=4/8 iter=9600 loss=-0.812424
epoch=4/8 iter=9700 loss=-0.675593
epoch=4/8 iter=9800 loss=-0.773437
epoch=4/8 iter=9900 loss=-0.836506
epoch=4/8 iter=10000 loss=-0.848599
epoch=4/8 iter=10100 loss=-0.825837
epoch=4/8 iter=10200 loss=-0.823457
epoch=4/8 iter=10300 loss=-0.726693
epoch=4/8 iter=10400 loss=-0.803082
epoch=4/8 iter=10500 loss=-0.673204
epoch=4/8 iter=10600 loss=-0.852264
epoch=4/8 iter=10700 loss=-0.802402
epoch=4/8 iter=10800 loss=-0.826780
epoch=4/8 iter=10900 loss=-0.795310
epoch=4/8 iter=11000 loss=-0.795346
epoch=4/8 iter=11100 loss=-0.826344
epoch=4/8 iter=11200 loss=-0.765357
epoch=4/8 train_loss=-0.791896 valid_loss=-0.929159
/home/likc/.conda/envs/capd/lib/python3.7/site-packages/torch/nn/modules/module.py:1433: UserWarning: Positional args are being deprecated, use kwargs instead. Refer to https://pytorch.org/docs/master/generated/torch.nn.Module.html#torch.nn.Module.state_dict for details.
  "Positional args are being deprecated, use kwargs instead. Refer to "
epoch=5/8 iter=11300 loss=-0.798715
epoch=5/8 iter=11400 loss=-0.734994
epoch=5/8 iter=11500 loss=-0.620751
epoch=5/8 iter=11600 loss=-0.803743
epoch=5/8 iter=11700 loss=-0.765522
epoch=5/8 iter=11800 loss=-0.739966
epoch=5/8 iter=11900 loss=-0.874074
epoch=5/8 iter=12000 loss=-0.730623
epoch=5/8 iter=12100 loss=-0.847366
epoch=5/8 iter=12200 loss=-0.832160
epoch=5/8 iter=12300 loss=-0.823183
epoch=5/8 iter=12400 loss=-0.833864
epoch=5/8 iter=12500 loss=-0.701988
epoch=5/8 iter=12600 loss=-0.720378
epoch=5/8 iter=12700 loss=-0.908048
epoch=5/8 iter=12800 loss=-0.878334
epoch=5/8 iter=12900 loss=-0.797335
epoch=5/8 iter=13000 loss=-0.768309
epoch=5/8 iter=13100 loss=-0.689599
epoch=5/8 iter=13200 loss=-0.663608
epoch=5/8 iter=13300 loss=-0.862171
epoch=5/8 iter=13400 loss=-0.799407
epoch=5/8 iter=13500 loss=-0.818429
epoch=5/8 iter=13600 loss=-0.691207
epoch=5/8 iter=13700 loss=-0.823054
epoch=5/8 iter=13800 loss=-0.800110
epoch=5/8 iter=13900 loss=-0.839407
epoch=5/8 iter=14000 loss=-0.700945
epoch=5/8 train_loss=-0.793067 valid_loss=-0.926253
/home/likc/.conda/envs/capd/lib/python3.7/site-packages/torch/nn/modules/module.py:1433: UserWarning: Positional args are being deprecated, use kwargs instead. Refer to https://pytorch.org/docs/master/generated/torch.nn.Module.html#torch.nn.Module.state_dict for details.
  "Positional args are being deprecated, use kwargs instead. Refer to "
epoch=6/8 iter=14100 loss=-0.730116
epoch=6/8 iter=14200 loss=-0.854977
epoch=6/8 iter=14300 loss=-0.792228
epoch=6/8 iter=14400 loss=-0.804048
epoch=6/8 iter=14500 loss=-0.812608
epoch=6/8 iter=14600 loss=-0.792588
epoch=6/8 iter=14700 loss=-0.737923
epoch=6/8 iter=14800 loss=-0.771013
epoch=6/8 iter=14900 loss=-0.827362
epoch=6/8 iter=15000 loss=-0.799592
epoch=6/8 iter=15100 loss=-0.829489
epoch=6/8 iter=15200 loss=-0.772329
epoch=6/8 iter=15300 loss=-0.804418
epoch=6/8 iter=15400 loss=-0.828398
epoch=6/8 iter=15500 loss=-0.795548
epoch=6/8 iter=15600 loss=-0.878521
epoch=6/8 iter=15700 loss=-0.870754
epoch=6/8 iter=15800 loss=-0.890277
epoch=6/8 iter=15900 loss=-0.837980
epoch=6/8 iter=16000 loss=-0.740859
epoch=6/8 iter=16100 loss=-0.710868
epoch=6/8 iter=16200 loss=-0.726250
epoch=6/8 iter=16300 loss=-0.692978
epoch=6/8 iter=16400 loss=-0.866444
epoch=6/8 iter=16500 loss=-0.834233
epoch=6/8 iter=16600 loss=-0.773333
epoch=6/8 iter=16700 loss=-0.752815
epoch=6/8 iter=16800 loss=-0.852634
epoch=6/8 train_loss=-0.793607 valid_loss=-0.929813
/home/likc/.conda/envs/capd/lib/python3.7/site-packages/torch/nn/modules/module.py:1433: UserWarning: Positional args are being deprecated, use kwargs instead. Refer to https://pytorch.org/docs/master/generated/torch.nn.Module.html#torch.nn.Module.state_dict for details.
  "Positional args are being deprecated, use kwargs instead. Refer to "
epoch=7/8 iter=16900 loss=-0.852421
epoch=7/8 iter=17000 loss=-0.860037
epoch=7/8 iter=17100 loss=-0.863362
epoch=7/8 iter=17200 loss=-0.802316
epoch=7/8 iter=17300 loss=-0.822669
epoch=7/8 iter=17400 loss=-0.844457
epoch=7/8 iter=17500 loss=-0.817426
epoch=7/8 iter=17600 loss=-0.757641
epoch=7/8 iter=17700 loss=-0.795931
epoch=7/8 iter=17800 loss=-0.861845
epoch=7/8 iter=17900 loss=-0.855473
epoch=7/8 iter=18000 loss=-0.678893
epoch=7/8 iter=18100 loss=-0.765049
epoch=7/8 iter=18200 loss=-0.756894
epoch=7/8 iter=18300 loss=-0.791705
epoch=7/8 iter=18400 loss=-0.705725
epoch=7/8 iter=18500 loss=-0.822162
epoch=7/8 iter=18600 loss=-0.891339
epoch=7/8 iter=18700 loss=-0.771196
epoch=7/8 iter=18800 loss=-0.741238
epoch=7/8 iter=18900 loss=-0.733475
epoch=7/8 iter=19000 loss=-0.861998
epoch=7/8 iter=19100 loss=-0.755579
epoch=7/8 iter=19200 loss=-0.857442
epoch=7/8 iter=19300 loss=-0.766873
epoch=7/8 iter=19400 loss=-0.729481
epoch=7/8 iter=19500 loss=-0.698335
epoch=7/8 iter=19600 loss=-0.769493
epoch=7/8 train_loss=-0.794618 valid_loss=-0.931819
/home/likc/.conda/envs/capd/lib/python3.7/site-packages/torch/nn/modules/module.py:1433: UserWarning: Positional args are being deprecated, use kwargs instead. Refer to https://pytorch.org/docs/master/generated/torch.nn.Module.html#torch.nn.Module.state_dict for details.
  "Positional args are being deprecated, use kwargs instead. Refer to "
epoch=8/8 iter=19700 loss=-0.827875
epoch=8/8 iter=19800 loss=-0.851187
epoch=8/8 iter=19900 loss=-0.831509
epoch=8/8 iter=20000 loss=-0.790226
epoch=8/8 iter=20100 loss=-0.769756
epoch=8/8 iter=20200 loss=-0.768282
epoch=8/8 iter=20300 loss=-0.808135
epoch=8/8 iter=20400 loss=-0.772041
epoch=8/8 iter=20500 loss=-0.734588
epoch=8/8 iter=20600 loss=-0.803409
epoch=8/8 iter=20700 loss=-0.849915
epoch=8/8 iter=20800 loss=-0.838244
epoch=8/8 iter=20900 loss=-0.855411
epoch=8/8 iter=21000 loss=-0.797607
epoch=8/8 iter=21100 loss=-0.862184
epoch=8/8 iter=21200 loss=-0.890887
epoch=8/8 iter=21300 loss=-0.798815
epoch=8/8 iter=21400 loss=-0.823802
epoch=8/8 iter=21500 loss=-0.799446
epoch=8/8 iter=21600 loss=-0.732031
epoch=8/8 iter=21700 loss=-0.695287
epoch=8/8 iter=21800 loss=-0.732660
epoch=8/8 iter=21900 loss=-0.800348
epoch=8/8 iter=22000 loss=-0.833677
epoch=8/8 iter=22100 loss=-0.843016
epoch=8/8 iter=22200 loss=-0.835227
epoch=8/8 iter=22300 loss=-0.837966
epoch=8/8 iter=22400 loss=-0.863649
epoch=8/8 train_loss=-0.795509 valid_loss=-0.934007
Training finished. best=/home/likc/Q-former-for-OS/outputs/capd_proactive_stage4_stage7/stage4-stage7-unified-r2/checkpoints/sem-lam114/seed_42/qmap_best.pth last=/home/likc/Q-former-for-OS/outputs/capd_proactive_stage4_stage7/stage4-stage7-unified-r2/checkpoints/sem-lam114/seed_42/qmap_last.pth
/home/likc/.conda/envs/capd/lib/python3.7/site-packages/torch/nn/modules/module.py:1433: UserWarning: Positional args are being deprecated, use kwargs instead. Refer to https://pytorch.org/docs/master/generated/torch.nn.Module.html#torch.nn.Module.state_dict for details.
  "Positional args are being deprecated, use kwargs instead. Refer to "
