QMAP training: train=/home/likc/Q-former-for-OS/outputs/capd_proactive_stage4_stage7/stage4-stage7-unified-r1/datasets/f9d2e67f7e48ec7763f0/all_train.jsonl valid=/home/likc/Q-former-for-OS/outputs/capd_proactive_stage4_stage7/stage4-stage7-unified-r1/datasets/f9d2e67f7e48ec7763f0/all_validation.jsonl samples=89668/14475 device=cuda
epoch=1/8 iter=1 loss=-0.548652
epoch=1/8 iter=100 loss=-0.672590
epoch=1/8 iter=200 loss=-0.681535
epoch=1/8 iter=300 loss=-0.694366
epoch=1/8 iter=400 loss=-0.681715
epoch=1/8 iter=500 loss=-0.620855
epoch=1/8 iter=600 loss=-0.740227
epoch=1/8 iter=700 loss=-0.777226
epoch=1/8 iter=800 loss=-0.807624
epoch=1/8 iter=900 loss=-0.716357
epoch=1/8 iter=1000 loss=-0.753217
epoch=1/8 iter=1100 loss=-0.787933
epoch=1/8 iter=1200 loss=-0.864200
epoch=1/8 iter=1300 loss=-0.768676
epoch=1/8 iter=1400 loss=-0.748992
epoch=1/8 iter=1500 loss=-0.841138
epoch=1/8 iter=1600 loss=-0.693446
epoch=1/8 iter=1700 loss=-0.821458
epoch=1/8 iter=1800 loss=-0.878618
epoch=1/8 iter=1900 loss=-0.846935
epoch=1/8 iter=2000 loss=-0.781444
epoch=1/8 iter=2100 loss=-0.848594
epoch=1/8 iter=2200 loss=-0.797090
epoch=1/8 iter=2300 loss=-0.787860
epoch=1/8 iter=2400 loss=-0.724476
epoch=1/8 iter=2500 loss=-0.851506
epoch=1/8 iter=2600 loss=-0.681625
epoch=1/8 iter=2700 loss=-0.694829
epoch=1/8 iter=2800 loss=-0.895338
epoch=1/8 train_loss=-0.764675 valid_loss=-0.919824
/home/likc/.conda/envs/capd/lib/python3.7/site-packages/torch/nn/modules/module.py:1433: UserWarning: Positional args are being deprecated, use kwargs instead. Refer to https://pytorch.org/docs/master/generated/torch.nn.Module.html#torch.nn.Module.state_dict for details.
  "Positional args are being deprecated, use kwargs instead. Refer to "
epoch=2/8 iter=2900 loss=-0.853138
epoch=2/8 iter=3000 loss=-0.825204
epoch=2/8 iter=3100 loss=-0.693677
epoch=2/8 iter=3200 loss=-0.926179
epoch=2/8 iter=3300 loss=-0.815107
epoch=2/8 iter=3400 loss=-0.756348
epoch=2/8 iter=3500 loss=-0.753877
epoch=2/8 iter=3600 loss=-0.793238
epoch=2/8 iter=3700 loss=-0.794393
epoch=2/8 iter=3800 loss=-0.672228
epoch=2/8 iter=3900 loss=-0.788511
epoch=2/8 iter=4000 loss=-0.818353
epoch=2/8 iter=4100 loss=-0.792779
epoch=2/8 iter=4200 loss=-0.638404
epoch=2/8 iter=4300 loss=-0.855865
epoch=2/8 iter=4400 loss=-0.822140
epoch=2/8 iter=4500 loss=-0.782677
epoch=2/8 iter=4600 loss=-0.790176
epoch=2/8 iter=4700 loss=-0.856650
epoch=2/8 iter=4800 loss=-0.738887
epoch=2/8 iter=4900 loss=-0.876345
epoch=2/8 iter=5000 loss=-0.853659
epoch=2/8 iter=5100 loss=-0.880856
epoch=2/8 iter=5200 loss=-0.815728
epoch=2/8 iter=5300 loss=-0.833350
epoch=2/8 iter=5400 loss=-0.734883
epoch=2/8 iter=5500 loss=-0.768508
epoch=2/8 iter=5600 loss=-0.849234
epoch=2/8 train_loss=-0.783623 valid_loss=-0.922330
/home/likc/.conda/envs/capd/lib/python3.7/site-packages/torch/nn/modules/module.py:1433: UserWarning: Positional args are being deprecated, use kwargs instead. Refer to https://pytorch.org/docs/master/generated/torch.nn.Module.html#torch.nn.Module.state_dict for details.
  "Positional args are being deprecated, use kwargs instead. Refer to "
epoch=3/8 iter=5700 loss=-0.758785
epoch=3/8 iter=5800 loss=-0.823056
epoch=3/8 iter=5900 loss=-0.855072
epoch=3/8 iter=6000 loss=-0.821646
epoch=3/8 iter=6100 loss=-0.734699
epoch=3/8 iter=6200 loss=-0.879083
epoch=3/8 iter=6300 loss=-0.824653
epoch=3/8 iter=6400 loss=-0.850438
epoch=3/8 iter=6500 loss=-0.815768
epoch=3/8 iter=6600 loss=-0.664618
epoch=3/8 iter=6700 loss=-0.673571
epoch=3/8 iter=6800 loss=-0.829182
epoch=3/8 iter=6900 loss=-0.887007
epoch=3/8 iter=7000 loss=-0.854417
epoch=3/8 iter=7100 loss=-0.734161
epoch=3/8 iter=7200 loss=-0.829275
epoch=3/8 iter=7300 loss=-0.853113
epoch=3/8 iter=7400 loss=-0.824770
epoch=3/8 iter=7500 loss=-0.734971
epoch=3/8 iter=7600 loss=-0.830493
epoch=3/8 iter=7700 loss=-0.706110
epoch=3/8 iter=7800 loss=-0.819196
epoch=3/8 iter=7900 loss=-0.796057
epoch=3/8 iter=8000 loss=-0.757786
epoch=3/8 iter=8100 loss=-0.727698
epoch=3/8 iter=8200 loss=-0.825086
epoch=3/8 iter=8300 loss=-0.887152
epoch=3/8 iter=8400 loss=-0.879330
epoch=3/8 train_loss=-0.786336 valid_loss=-0.924699
/home/likc/.conda/envs/capd/lib/python3.7/site-packages/torch/nn/modules/module.py:1433: UserWarning: Positional args are being deprecated, use kwargs instead. Refer to https://pytorch.org/docs/master/generated/torch.nn.Module.html#torch.nn.Module.state_dict for details.
  "Positional args are being deprecated, use kwargs instead. Refer to "
epoch=4/8 iter=8500 loss=-0.856132
epoch=4/8 iter=8600 loss=-0.726112
epoch=4/8 iter=8700 loss=-0.633923
epoch=4/8 iter=8800 loss=-0.646187
epoch=4/8 iter=8900 loss=-0.722744
epoch=4/8 iter=9000 loss=-0.734036
epoch=4/8 iter=9100 loss=-0.824969
epoch=4/8 iter=9200 loss=-0.756495
epoch=4/8 iter=9300 loss=-0.730534
epoch=4/8 iter=9400 loss=-0.854298
epoch=4/8 iter=9500 loss=-0.826546
epoch=4/8 iter=9600 loss=-0.859205
epoch=4/8 iter=9700 loss=-0.709643
epoch=4/8 iter=9800 loss=-0.863522
epoch=4/8 iter=9900 loss=-0.829136
epoch=4/8 iter=10000 loss=-0.824976
epoch=4/8 iter=10100 loss=-0.825684
epoch=4/8 iter=10200 loss=-0.706596
epoch=4/8 iter=10300 loss=-0.894170
epoch=4/8 iter=10400 loss=-0.859740
epoch=4/8 iter=10500 loss=-0.823911
epoch=4/8 iter=10600 loss=-0.859095
epoch=4/8 iter=10700 loss=-0.677633
epoch=4/8 iter=10800 loss=-0.825366
epoch=4/8 iter=10900 loss=-0.796657
epoch=4/8 iter=11000 loss=-0.840809
epoch=4/8 iter=11100 loss=-0.735754
epoch=4/8 iter=11200 loss=-0.828012
epoch=4/8 train_loss=-0.788128 valid_loss=-0.924125
/home/likc/.conda/envs/capd/lib/python3.7/site-packages/torch/nn/modules/module.py:1433: UserWarning: Positional args are being deprecated, use kwargs instead. Refer to https://pytorch.org/docs/master/generated/torch.nn.Module.html#torch.nn.Module.state_dict for details.
  "Positional args are being deprecated, use kwargs instead. Refer to "
epoch=5/8 iter=11300 loss=-0.820979
epoch=5/8 iter=11400 loss=-0.835361
epoch=5/8 iter=11500 loss=-0.848017
epoch=5/8 iter=11600 loss=-0.703013
epoch=5/8 iter=11700 loss=-0.799156
epoch=5/8 iter=11800 loss=-0.763031
epoch=5/8 iter=11900 loss=-0.756728
epoch=5/8 iter=12000 loss=-0.768258
epoch=5/8 iter=12100 loss=-0.848723
epoch=5/8 iter=12200 loss=-0.955154
epoch=5/8 iter=12300 loss=-0.737263
epoch=5/8 iter=12400 loss=-0.704154
epoch=5/8 iter=12500 loss=-0.798212
epoch=5/8 iter=12600 loss=-0.733113
epoch=5/8 iter=12700 loss=-0.823103
epoch=5/8 iter=12800 loss=-0.819263
epoch=5/8 iter=12900 loss=-0.733518
epoch=5/8 iter=13000 loss=-0.893403
epoch=5/8 iter=13100 loss=-0.823318
epoch=5/8 iter=13200 loss=-0.823207
epoch=5/8 iter=13300 loss=-0.808474
epoch=5/8 iter=13400 loss=-0.763488
epoch=5/8 iter=13500 loss=-0.859597
epoch=5/8 iter=13600 loss=-0.831618
epoch=5/8 iter=13700 loss=-0.792707
epoch=5/8 iter=13800 loss=-0.888925
epoch=5/8 iter=13900 loss=-0.799059
epoch=5/8 iter=14000 loss=-0.707256
epoch=5/8 train_loss=-0.789376 valid_loss=-0.926610
/home/likc/.conda/envs/capd/lib/python3.7/site-packages/torch/nn/modules/module.py:1433: UserWarning: Positional args are being deprecated, use kwargs instead. Refer to https://pytorch.org/docs/master/generated/torch.nn.Module.html#torch.nn.Module.state_dict for details.
  "Positional args are being deprecated, use kwargs instead. Refer to "
epoch=6/8 iter=14100 loss=-0.789182
epoch=6/8 iter=14200 loss=-0.823206
epoch=6/8 iter=14300 loss=-0.861784
epoch=6/8 iter=14400 loss=-0.814595
epoch=6/8 iter=14500 loss=-0.880021
epoch=6/8 iter=14600 loss=-0.922793
epoch=6/8 iter=14700 loss=-0.790375
epoch=6/8 iter=14800 loss=-0.831445
epoch=6/8 iter=14900 loss=-0.735245
epoch=6/8 iter=15000 loss=-0.701179
epoch=6/8 iter=15100 loss=-0.755921
epoch=6/8 iter=15200 loss=-0.672843
epoch=6/8 iter=15300 loss=-0.860670
epoch=6/8 iter=15400 loss=-0.772734
epoch=6/8 iter=15500 loss=-0.734898
epoch=6/8 iter=15600 loss=-0.803552
epoch=6/8 iter=15700 loss=-0.701209
epoch=6/8 iter=15800 loss=-0.799564
epoch=6/8 iter=15900 loss=-0.830802
epoch=6/8 iter=16000 loss=-0.800329
epoch=6/8 iter=16100 loss=-0.795126
epoch=6/8 iter=16200 loss=-0.850451
epoch=6/8 iter=16300 loss=-0.708492
epoch=6/8 iter=16400 loss=-0.922205
epoch=6/8 iter=16500 loss=-0.739196
epoch=6/8 iter=16600 loss=-0.860020
epoch=6/8 iter=16700 loss=-0.608477
epoch=6/8 iter=16800 loss=-0.817119
epoch=6/8 train_loss=-0.790271 valid_loss=-0.926853
/home/likc/.conda/envs/capd/lib/python3.7/site-packages/torch/nn/modules/module.py:1433: UserWarning: Positional args are being deprecated, use kwargs instead. Refer to https://pytorch.org/docs/master/generated/torch.nn.Module.html#torch.nn.Module.state_dict for details.
  "Positional args are being deprecated, use kwargs instead. Refer to "
epoch=7/8 iter=16900 loss=-0.940149
epoch=7/8 iter=17000 loss=-0.800539
epoch=7/8 iter=17100 loss=-0.826277
epoch=7/8 iter=17200 loss=-0.769551
epoch=7/8 iter=17300 loss=-0.671349
epoch=7/8 iter=17400 loss=-0.731235
epoch=7/8 iter=17500 loss=-0.897342
epoch=7/8 iter=17600 loss=-0.821661
epoch=7/8 iter=17700 loss=-0.619797
epoch=7/8 iter=17800 loss=-0.763545
epoch=7/8 iter=17900 loss=-0.922166
epoch=7/8 iter=18000 loss=-0.832894
epoch=7/8 iter=18100 loss=-0.795107
epoch=7/8 iter=18200 loss=-0.770516
epoch=7/8 iter=18300 loss=-0.883731
epoch=7/8 iter=18400 loss=-0.675029
epoch=7/8 iter=18500 loss=-0.767210
epoch=7/8 iter=18600 loss=-0.770109
epoch=7/8 iter=18700 loss=-0.799816
epoch=7/8 iter=18800 loss=-0.677693
epoch=7/8 iter=18900 loss=-0.707653
epoch=7/8 iter=19000 loss=-0.796887
epoch=7/8 iter=19100 loss=-0.829537
epoch=7/8 iter=19200 loss=-0.859644
epoch=7/8 iter=19300 loss=-0.708729
epoch=7/8 iter=19400 loss=-0.639026
epoch=7/8 iter=19500 loss=-0.699058
epoch=7/8 iter=19600 loss=-0.637729
epoch=7/8 train_loss=-0.790419 valid_loss=-0.926878
/home/likc/.conda/envs/capd/lib/python3.7/site-packages/torch/nn/modules/module.py:1433: UserWarning: Positional args are being deprecated, use kwargs instead. Refer to https://pytorch.org/docs/master/generated/torch.nn.Module.html#torch.nn.Module.state_dict for details.
  "Positional args are being deprecated, use kwargs instead. Refer to "
epoch=8/8 iter=19700 loss=-0.649167
epoch=8/8 iter=19800 loss=-0.814729
epoch=8/8 iter=19900 loss=-0.792803
epoch=8/8 iter=20000 loss=-0.645471
epoch=8/8 iter=20100 loss=-0.679695
epoch=8/8 iter=20200 loss=-0.821359
epoch=8/8 iter=20300 loss=-0.734644
epoch=8/8 iter=20400 loss=-0.764351
epoch=8/8 iter=20500 loss=-0.742724
epoch=8/8 iter=20600 loss=-0.738179
epoch=8/8 iter=20700 loss=-0.801155
epoch=8/8 iter=20800 loss=-0.844014
epoch=8/8 iter=20900 loss=-0.770041
epoch=8/8 iter=21000 loss=-0.948059
epoch=8/8 iter=21100 loss=-0.740623
epoch=8/8 iter=21200 loss=-0.788363
epoch=8/8 iter=21300 loss=-0.734007
epoch=8/8 iter=21400 loss=-0.802842
epoch=8/8 iter=21500 loss=-0.823191
epoch=8/8 iter=21600 loss=-0.827156
epoch=8/8 iter=21700 loss=-0.860698
epoch=8/8 iter=21800 loss=-0.824414
epoch=8/8 iter=21900 loss=-0.772599
epoch=8/8 iter=22000 loss=-0.832917
epoch=8/8 iter=22100 loss=-0.893316
epoch=8/8 iter=22200 loss=-0.667140
epoch=8/8 iter=22300 loss=-0.698189
epoch=8/8 iter=22400 loss=-0.828441
epoch=8/8 train_loss=-0.791117 valid_loss=-0.926856
Training finished. best=/home/likc/Q-former-for-OS/outputs/capd_proactive_stage4_stage7/stage4-stage7-unified-r2/checkpoints/sem-L128/seed_2026/qmap_best.pth last=/home/likc/Q-former-for-OS/outputs/capd_proactive_stage4_stage7/stage4-stage7-unified-r2/checkpoints/sem-L128/seed_2026/qmap_last.pth
/home/likc/.conda/envs/capd/lib/python3.7/site-packages/torch/nn/modules/module.py:1433: UserWarning: Positional args are being deprecated, use kwargs instead. Refer to https://pytorch.org/docs/master/generated/torch.nn.Module.html#torch.nn.Module.state_dict for details.
  "Positional args are being deprecated, use kwargs instead. Refer to "
