QMAP training: train=/home/likc/Q-former-for-OS/outputs/capd_proactive_stage4_stage7/stage4-stage7-unified-r1/datasets/da0dab0afec1945a70ef/all_train.jsonl valid=/home/likc/Q-former-for-OS/outputs/capd_proactive_stage4_stage7/stage4-stage7-unified-r1/datasets/da0dab0afec1945a70ef/all_validation.jsonl samples=89651/14469 device=cuda
epoch=1/8 iter=1 loss=-0.519052
epoch=1/8 iter=100 loss=-0.746250
epoch=1/8 iter=200 loss=-0.662168
epoch=1/8 iter=300 loss=-0.755004
epoch=1/8 iter=400 loss=-0.796291
epoch=1/8 iter=500 loss=-0.810850
epoch=1/8 iter=600 loss=-0.782072
epoch=1/8 iter=700 loss=-0.860498
epoch=1/8 iter=800 loss=-0.854299
epoch=1/8 iter=900 loss=-0.790367
epoch=1/8 iter=1000 loss=-0.858564
epoch=1/8 iter=1100 loss=-0.736585
epoch=1/8 iter=1200 loss=-0.811560
epoch=1/8 iter=1300 loss=-0.742913
epoch=1/8 iter=1400 loss=-0.868409
epoch=1/8 iter=1500 loss=-0.727777
epoch=1/8 iter=1600 loss=-0.861823
epoch=1/8 iter=1700 loss=-0.691419
epoch=1/8 iter=1800 loss=-0.705495
epoch=1/8 iter=1900 loss=-0.638048
epoch=1/8 iter=2000 loss=-0.748540
epoch=1/8 iter=2100 loss=-0.804548
epoch=1/8 iter=2200 loss=-0.803962
epoch=1/8 iter=2300 loss=-0.786165
epoch=1/8 iter=2400 loss=-0.879704
epoch=1/8 iter=2500 loss=-0.884904
epoch=1/8 iter=2600 loss=-0.789880
epoch=1/8 iter=2700 loss=-0.746909
epoch=1/8 iter=2800 loss=-0.803262
epoch=1/8 train_loss=-0.766269 valid_loss=-0.924082
/home/likc/.conda/envs/capd/lib/python3.7/site-packages/torch/nn/modules/module.py:1433: UserWarning: Positional args are being deprecated, use kwargs instead. Refer to https://pytorch.org/docs/master/generated/torch.nn.Module.html#torch.nn.Module.state_dict for details.
  "Positional args are being deprecated, use kwargs instead. Refer to "
epoch=2/8 iter=2900 loss=-0.781090
epoch=2/8 iter=3000 loss=-0.779561
epoch=2/8 iter=3100 loss=-0.796740
epoch=2/8 iter=3200 loss=-0.814630
epoch=2/8 iter=3300 loss=-0.698708
epoch=2/8 iter=3400 loss=-0.716762
epoch=2/8 iter=3500 loss=-0.785239
epoch=2/8 iter=3600 loss=-0.669910
epoch=2/8 iter=3700 loss=-0.812741
epoch=2/8 iter=3800 loss=-0.770253
epoch=2/8 iter=3900 loss=-0.745817
epoch=2/8 iter=4000 loss=-0.854042
epoch=2/8 iter=4100 loss=-0.750601
epoch=2/8 iter=4200 loss=-0.848026
epoch=2/8 iter=4300 loss=-0.756082
epoch=2/8 iter=4400 loss=-0.764112
epoch=2/8 iter=4500 loss=-0.814660
epoch=2/8 iter=4600 loss=-0.710948
epoch=2/8 iter=4700 loss=-0.801294
epoch=2/8 iter=4800 loss=-0.821334
epoch=2/8 iter=4900 loss=-0.847770
epoch=2/8 iter=5000 loss=-0.822245
epoch=2/8 iter=5100 loss=-0.758679
epoch=2/8 iter=5200 loss=-0.933854
epoch=2/8 iter=5300 loss=-0.688821
epoch=2/8 iter=5400 loss=-0.746917
epoch=2/8 iter=5500 loss=-0.864355
epoch=2/8 iter=5600 loss=-0.741865
epoch=2/8 train_loss=-0.785344 valid_loss=-0.928603
/home/likc/.conda/envs/capd/lib/python3.7/site-packages/torch/nn/modules/module.py:1433: UserWarning: Positional args are being deprecated, use kwargs instead. Refer to https://pytorch.org/docs/master/generated/torch.nn.Module.html#torch.nn.Module.state_dict for details.
  "Positional args are being deprecated, use kwargs instead. Refer to "
epoch=3/8 iter=5700 loss=-0.762457
epoch=3/8 iter=5800 loss=-0.853102
epoch=3/8 iter=5900 loss=-0.748259
epoch=3/8 iter=6000 loss=-0.667255
epoch=3/8 iter=6100 loss=-0.860893
epoch=3/8 iter=6200 loss=-0.853343
epoch=3/8 iter=6300 loss=-0.730436
epoch=3/8 iter=6400 loss=-0.731286
epoch=3/8 iter=6500 loss=-0.848634
epoch=3/8 iter=6600 loss=-0.734949
epoch=3/8 iter=6700 loss=-0.829492
epoch=3/8 iter=6800 loss=-0.771807
epoch=3/8 iter=6900 loss=-0.793935
epoch=3/8 iter=7000 loss=-0.767231
epoch=3/8 iter=7100 loss=-0.834047
epoch=3/8 iter=7200 loss=-0.706811
epoch=3/8 iter=7300 loss=-0.855797
epoch=3/8 iter=7400 loss=-0.736135
epoch=3/8 iter=7500 loss=-0.741990
epoch=3/8 iter=7600 loss=-0.849185
epoch=3/8 iter=7700 loss=-0.721250
epoch=3/8 iter=7800 loss=-0.734737
epoch=3/8 iter=7900 loss=-0.753382
epoch=3/8 iter=8000 loss=-0.884243
epoch=3/8 iter=8100 loss=-0.744311
epoch=3/8 iter=8200 loss=-0.569436
epoch=3/8 iter=8300 loss=-0.645583
epoch=3/8 iter=8400 loss=-0.771107
epoch=3/8 train_loss=-0.789530 valid_loss=-0.931013
/home/likc/.conda/envs/capd/lib/python3.7/site-packages/torch/nn/modules/module.py:1433: UserWarning: Positional args are being deprecated, use kwargs instead. Refer to https://pytorch.org/docs/master/generated/torch.nn.Module.html#torch.nn.Module.state_dict for details.
  "Positional args are being deprecated, use kwargs instead. Refer to "
epoch=4/8 iter=8500 loss=-0.759862
epoch=4/8 iter=8600 loss=-0.892112
epoch=4/8 iter=8700 loss=-0.868008
epoch=4/8 iter=8800 loss=-0.890352
epoch=4/8 iter=8900 loss=-0.794169
epoch=4/8 iter=9000 loss=-0.756267
epoch=4/8 iter=9100 loss=-0.822123
epoch=4/8 iter=9200 loss=-0.797887
epoch=4/8 iter=9300 loss=-0.787170
epoch=4/8 iter=9400 loss=-0.827239
epoch=4/8 iter=9500 loss=-0.833262
epoch=4/8 iter=9600 loss=-0.785461
epoch=4/8 iter=9700 loss=-0.771898
epoch=4/8 iter=9800 loss=-0.823174
epoch=4/8 iter=9900 loss=-0.782602
epoch=4/8 iter=10000 loss=-0.815747
epoch=4/8 iter=10100 loss=-0.898300
epoch=4/8 iter=10200 loss=-0.805024
epoch=4/8 iter=10300 loss=-0.729400
epoch=4/8 iter=10400 loss=-0.771376
epoch=4/8 iter=10500 loss=-0.917674
epoch=4/8 iter=10600 loss=-0.783877
epoch=4/8 iter=10700 loss=-0.750273
epoch=4/8 iter=10800 loss=-0.801618
epoch=4/8 iter=10900 loss=-0.876555
epoch=4/8 iter=11000 loss=-0.799381
epoch=4/8 iter=11100 loss=-0.893757
epoch=4/8 iter=11200 loss=-0.755032
epoch=4/8 train_loss=-0.791930 valid_loss=-0.931460
/home/likc/.conda/envs/capd/lib/python3.7/site-packages/torch/nn/modules/module.py:1433: UserWarning: Positional args are being deprecated, use kwargs instead. Refer to https://pytorch.org/docs/master/generated/torch.nn.Module.html#torch.nn.Module.state_dict for details.
  "Positional args are being deprecated, use kwargs instead. Refer to "
epoch=5/8 iter=11300 loss=-0.767269
epoch=5/8 iter=11400 loss=-0.855087
epoch=5/8 iter=11500 loss=-0.825883
epoch=5/8 iter=11600 loss=-0.860441
epoch=5/8 iter=11700 loss=-0.893463
epoch=5/8 iter=11800 loss=-0.755204
epoch=5/8 iter=11900 loss=-0.757177
epoch=5/8 iter=12000 loss=-0.692043
epoch=5/8 iter=12100 loss=-0.625065
epoch=5/8 iter=12200 loss=-0.789204
epoch=5/8 iter=12300 loss=-0.832417
epoch=5/8 iter=12400 loss=-0.700486
epoch=5/8 iter=12500 loss=-0.815265
epoch=5/8 iter=12600 loss=-0.814883
epoch=5/8 iter=12700 loss=-0.960864
epoch=5/8 iter=12800 loss=-0.799432
epoch=5/8 iter=12900 loss=-0.822406
epoch=5/8 iter=13000 loss=-0.798413
epoch=5/8 iter=13100 loss=-0.806943
epoch=5/8 iter=13200 loss=-0.711194
epoch=5/8 iter=13300 loss=-0.861042
epoch=5/8 iter=13400 loss=-0.805139
epoch=5/8 iter=13500 loss=-0.764325
epoch=5/8 iter=13600 loss=-0.824983
epoch=5/8 iter=13700 loss=-0.979988
epoch=5/8 iter=13800 loss=-0.821012
epoch=5/8 iter=13900 loss=-0.893349
epoch=5/8 iter=14000 loss=-0.794625
epoch=5/8 train_loss=-0.793343 valid_loss=-0.931717
/home/likc/.conda/envs/capd/lib/python3.7/site-packages/torch/nn/modules/module.py:1433: UserWarning: Positional args are being deprecated, use kwargs instead. Refer to https://pytorch.org/docs/master/generated/torch.nn.Module.html#torch.nn.Module.state_dict for details.
  "Positional args are being deprecated, use kwargs instead. Refer to "
epoch=6/8 iter=14100 loss=-0.743982
epoch=6/8 iter=14200 loss=-0.767018
epoch=6/8 iter=14300 loss=-0.917184
epoch=6/8 iter=14400 loss=-0.734387
epoch=6/8 iter=14500 loss=-0.731068
epoch=6/8 iter=14600 loss=-0.822359
epoch=6/8 iter=14700 loss=-0.852100
epoch=6/8 iter=14800 loss=-0.677538
epoch=6/8 iter=14900 loss=-0.731597
epoch=6/8 iter=15000 loss=-0.777748
epoch=6/8 iter=15100 loss=-0.716451
epoch=6/8 iter=15200 loss=-0.737691
epoch=6/8 iter=15300 loss=-0.733188
epoch=6/8 iter=15400 loss=-0.667182
epoch=6/8 iter=15500 loss=-0.768004
epoch=6/8 iter=15600 loss=-0.767896
epoch=6/8 iter=15700 loss=-0.676644
epoch=6/8 iter=15800 loss=-0.648054
epoch=6/8 iter=15900 loss=-0.817873
epoch=6/8 iter=16000 loss=-0.687860
epoch=6/8 iter=16100 loss=-0.919109
epoch=6/8 iter=16200 loss=-0.884984
epoch=6/8 iter=16300 loss=-0.832633
epoch=6/8 iter=16400 loss=-0.799968
epoch=6/8 iter=16500 loss=-0.912934
epoch=6/8 iter=16600 loss=-0.829593
epoch=6/8 iter=16700 loss=-0.811914
epoch=6/8 iter=16800 loss=-0.941502
epoch=6/8 train_loss=-0.793576 valid_loss=-0.931796
/home/likc/.conda/envs/capd/lib/python3.7/site-packages/torch/nn/modules/module.py:1433: UserWarning: Positional args are being deprecated, use kwargs instead. Refer to https://pytorch.org/docs/master/generated/torch.nn.Module.html#torch.nn.Module.state_dict for details.
  "Positional args are being deprecated, use kwargs instead. Refer to "
epoch=7/8 iter=16900 loss=-0.885545
epoch=7/8 iter=17000 loss=-0.880594
epoch=7/8 iter=17100 loss=-0.843109
epoch=7/8 iter=17200 loss=-0.855634
epoch=7/8 iter=17300 loss=-0.861222
epoch=7/8 iter=17400 loss=-0.860049
epoch=7/8 iter=17500 loss=-0.738543
epoch=7/8 iter=17600 loss=-0.758569
epoch=7/8 iter=17700 loss=-0.718761
epoch=7/8 iter=17800 loss=-0.710911
epoch=7/8 iter=17900 loss=-0.725817
epoch=7/8 iter=18000 loss=-0.702291
epoch=7/8 iter=18100 loss=-0.800398
epoch=7/8 iter=18200 loss=-0.882973
epoch=7/8 iter=18300 loss=-0.818406
epoch=7/8 iter=18400 loss=-0.802001
epoch=7/8 iter=18500 loss=-0.863005
epoch=7/8 iter=18600 loss=-0.738152
epoch=7/8 iter=18700 loss=-0.883462
epoch=7/8 iter=18800 loss=-0.671661
epoch=7/8 iter=18900 loss=-0.664032
epoch=7/8 iter=19000 loss=-0.770418
epoch=7/8 iter=19100 loss=-0.821367
epoch=7/8 iter=19200 loss=-0.705170
epoch=7/8 iter=19300 loss=-0.818570
epoch=7/8 iter=19400 loss=-0.653394
epoch=7/8 iter=19500 loss=-0.679141
epoch=7/8 iter=19600 loss=-0.706612
epoch=7/8 train_loss=-0.794490 valid_loss=-0.934048
/home/likc/.conda/envs/capd/lib/python3.7/site-packages/torch/nn/modules/module.py:1433: UserWarning: Positional args are being deprecated, use kwargs instead. Refer to https://pytorch.org/docs/master/generated/torch.nn.Module.html#torch.nn.Module.state_dict for details.
  "Positional args are being deprecated, use kwargs instead. Refer to "
epoch=8/8 iter=19700 loss=-0.757776
epoch=8/8 iter=19800 loss=-0.861996
epoch=8/8 iter=19900 loss=-0.763649
epoch=8/8 iter=20000 loss=-0.729679
epoch=8/8 iter=20100 loss=-0.837981
epoch=8/8 iter=20200 loss=-0.891169
epoch=8/8 iter=20300 loss=-0.781286
epoch=8/8 iter=20400 loss=-0.792775
epoch=8/8 iter=20500 loss=-0.666571
epoch=8/8 iter=20600 loss=-0.751151
epoch=8/8 iter=20700 loss=-0.867907
epoch=8/8 iter=20800 loss=-0.920636
epoch=8/8 iter=20900 loss=-0.832831
epoch=8/8 iter=21000 loss=-0.802585
epoch=8/8 iter=21100 loss=-0.884901
epoch=8/8 iter=21200 loss=-0.700136
epoch=8/8 iter=21300 loss=-0.750296
epoch=8/8 iter=21400 loss=-0.784504
epoch=8/8 iter=21500 loss=-0.784359
epoch=8/8 iter=21600 loss=-0.798342
epoch=8/8 iter=21700 loss=-0.676311
epoch=8/8 iter=21800 loss=-0.740883
epoch=8/8 iter=21900 loss=-0.757242
epoch=8/8 iter=22000 loss=-0.825180
epoch=8/8 iter=22100 loss=-0.911222
epoch=8/8 iter=22200 loss=-0.800273
epoch=8/8 iter=22300 loss=-0.680554
epoch=8/8 iter=22400 loss=-0.808145
epoch=8/8 train_loss=-0.794478 valid_loss=-0.929358
Training finished. best=/home/likc/Q-former-for-OS/outputs/capd_proactive_stage4_stage7/stage4-stage7-unified-r2/checkpoints/arch-wide/seed_3136859/qmap_best.pth last=/home/likc/Q-former-for-OS/outputs/capd_proactive_stage4_stage7/stage4-stage7-unified-r2/checkpoints/arch-wide/seed_3136859/qmap_last.pth
/home/likc/.conda/envs/capd/lib/python3.7/site-packages/torch/nn/modules/module.py:1433: UserWarning: Positional args are being deprecated, use kwargs instead. Refer to https://pytorch.org/docs/master/generated/torch.nn.Module.html#torch.nn.Module.state_dict for details.
  "Positional args are being deprecated, use kwargs instead. Refer to "
