QMAP training: train=/home/likc/Q-former-for-OS/outputs/capd_proactive_stage4_stage7/stage4-stage7-unified-r1/datasets/da0dab0afec1945a70ef/all_train.jsonl valid=/home/likc/Q-former-for-OS/outputs/capd_proactive_stage4_stage7/stage4-stage7-unified-r1/datasets/da0dab0afec1945a70ef/all_validation.jsonl samples=89651/14469 device=cuda
epoch=1/8 iter=1 loss=-0.498797
epoch=1/8 iter=100 loss=-0.696077
epoch=1/8 iter=200 loss=-0.594260
epoch=1/8 iter=300 loss=-0.816101
epoch=1/8 iter=400 loss=-0.880757
epoch=1/8 iter=500 loss=-0.809564
epoch=1/8 iter=600 loss=-0.767504
epoch=1/8 iter=700 loss=-0.799356
epoch=1/8 iter=800 loss=-0.742974
epoch=1/8 iter=900 loss=-0.725334
epoch=1/8 iter=1000 loss=-0.810628
epoch=1/8 iter=1100 loss=-0.695213
epoch=1/8 iter=1200 loss=-0.700084
epoch=1/8 iter=1300 loss=-0.707211
epoch=1/8 iter=1400 loss=-0.830440
epoch=1/8 iter=1500 loss=-0.796671
epoch=1/8 iter=1600 loss=-0.825741
epoch=1/8 iter=1700 loss=-0.625083
epoch=1/8 iter=1800 loss=-0.686143
epoch=1/8 iter=1900 loss=-0.806307
epoch=1/8 iter=2000 loss=-0.834016
epoch=1/8 iter=2100 loss=-0.785574
epoch=1/8 iter=2200 loss=-0.755683
epoch=1/8 iter=2300 loss=-0.793140
epoch=1/8 iter=2400 loss=-0.650313
epoch=1/8 iter=2500 loss=-0.760115
epoch=1/8 iter=2600 loss=-0.854287
epoch=1/8 iter=2700 loss=-0.850900
epoch=1/8 iter=2800 loss=-0.931381
epoch=1/8 train_loss=-0.753700 valid_loss=-0.916995
/home/likc/.conda/envs/capd/lib/python3.7/site-packages/torch/nn/modules/module.py:1433: UserWarning: Positional args are being deprecated, use kwargs instead. Refer to https://pytorch.org/docs/master/generated/torch.nn.Module.html#torch.nn.Module.state_dict for details.
  "Positional args are being deprecated, use kwargs instead. Refer to "
epoch=2/8 iter=2900 loss=-0.841498
epoch=2/8 iter=3000 loss=-0.780440
epoch=2/8 iter=3100 loss=-0.816442
epoch=2/8 iter=3200 loss=-0.818210
epoch=2/8 iter=3300 loss=-0.777242
epoch=2/8 iter=3400 loss=-0.621844
epoch=2/8 iter=3500 loss=-0.845812
epoch=2/8 iter=3600 loss=-0.733272
epoch=2/8 iter=3700 loss=-0.820081
epoch=2/8 iter=3800 loss=-0.686905
epoch=2/8 iter=3900 loss=-0.788262
epoch=2/8 iter=4000 loss=-0.774230
epoch=2/8 iter=4100 loss=-0.914957
epoch=2/8 iter=4200 loss=-0.692893
epoch=2/8 iter=4300 loss=-0.736120
epoch=2/8 iter=4400 loss=-0.901378
epoch=2/8 iter=4500 loss=-0.767474
epoch=2/8 iter=4600 loss=-0.789603
epoch=2/8 iter=4700 loss=-0.801399
epoch=2/8 iter=4800 loss=-0.820302
epoch=2/8 iter=4900 loss=-0.804031
epoch=2/8 iter=5000 loss=-0.666118
epoch=2/8 iter=5100 loss=-0.737782
epoch=2/8 iter=5200 loss=-0.749952
epoch=2/8 iter=5300 loss=-0.912846
epoch=2/8 iter=5400 loss=-0.853448
epoch=2/8 iter=5500 loss=-0.755638
epoch=2/8 iter=5600 loss=-0.908834
epoch=2/8 train_loss=-0.783471 valid_loss=-0.922972
/home/likc/.conda/envs/capd/lib/python3.7/site-packages/torch/nn/modules/module.py:1433: UserWarning: Positional args are being deprecated, use kwargs instead. Refer to https://pytorch.org/docs/master/generated/torch.nn.Module.html#torch.nn.Module.state_dict for details.
  "Positional args are being deprecated, use kwargs instead. Refer to "
epoch=3/8 iter=5700 loss=-0.820153
epoch=3/8 iter=5800 loss=-0.846396
epoch=3/8 iter=5900 loss=-0.721671
epoch=3/8 iter=6000 loss=-0.882703
epoch=3/8 iter=6100 loss=-0.876721
epoch=3/8 iter=6200 loss=-0.787013
epoch=3/8 iter=6300 loss=-0.852343
epoch=3/8 iter=6400 loss=-0.811486
epoch=3/8 iter=6500 loss=-0.658547
epoch=3/8 iter=6600 loss=-0.748993
epoch=3/8 iter=6700 loss=-0.631059
epoch=3/8 iter=6800 loss=-0.817434
epoch=3/8 iter=6900 loss=-0.762514
epoch=3/8 iter=7000 loss=-0.781857
epoch=3/8 iter=7100 loss=-0.732914
epoch=3/8 iter=7200 loss=-0.786293
epoch=3/8 iter=7300 loss=-0.911177
epoch=3/8 iter=7400 loss=-0.817803
epoch=3/8 iter=7500 loss=-0.824589
epoch=3/8 iter=7600 loss=-0.820554
epoch=3/8 iter=7700 loss=-0.815897
epoch=3/8 iter=7800 loss=-0.792474
epoch=3/8 iter=7900 loss=-0.702739
epoch=3/8 iter=8000 loss=-0.741846
epoch=3/8 iter=8100 loss=-0.851064
epoch=3/8 iter=8200 loss=-0.820006
epoch=3/8 iter=8300 loss=-0.884749
epoch=3/8 iter=8400 loss=-0.787083
epoch=3/8 train_loss=-0.787752 valid_loss=-0.920068
/home/likc/.conda/envs/capd/lib/python3.7/site-packages/torch/nn/modules/module.py:1433: UserWarning: Positional args are being deprecated, use kwargs instead. Refer to https://pytorch.org/docs/master/generated/torch.nn.Module.html#torch.nn.Module.state_dict for details.
  "Positional args are being deprecated, use kwargs instead. Refer to "
epoch=4/8 iter=8500 loss=-0.820008
epoch=4/8 iter=8600 loss=-0.922407
epoch=4/8 iter=8700 loss=-0.607458
epoch=4/8 iter=8800 loss=-0.750858
epoch=4/8 iter=8900 loss=-0.813717
epoch=4/8 iter=9000 loss=-0.848596
epoch=4/8 iter=9100 loss=-0.801302
epoch=4/8 iter=9200 loss=-0.795722
epoch=4/8 iter=9300 loss=-0.889621
epoch=4/8 iter=9400 loss=-0.792693
epoch=4/8 iter=9500 loss=-0.927968
epoch=4/8 iter=9600 loss=-0.837273
epoch=4/8 iter=9700 loss=-0.755055
epoch=4/8 iter=9800 loss=-0.850014
epoch=4/8 iter=9900 loss=-0.904314
epoch=4/8 iter=10000 loss=-0.798873
epoch=4/8 iter=10100 loss=-0.653213
epoch=4/8 iter=10200 loss=-0.846881
epoch=4/8 iter=10300 loss=-0.630898
epoch=4/8 iter=10400 loss=-0.794235
epoch=4/8 iter=10500 loss=-0.734364
epoch=4/8 iter=10600 loss=-0.752179
epoch=4/8 iter=10700 loss=-0.641073
epoch=4/8 iter=10800 loss=-0.767034
epoch=4/8 iter=10900 loss=-0.799433
epoch=4/8 iter=11000 loss=-0.887029
epoch=4/8 iter=11100 loss=-0.716916
epoch=4/8 iter=11200 loss=-0.701277
epoch=4/8 train_loss=-0.789303 valid_loss=-0.923632
/home/likc/.conda/envs/capd/lib/python3.7/site-packages/torch/nn/modules/module.py:1433: UserWarning: Positional args are being deprecated, use kwargs instead. Refer to https://pytorch.org/docs/master/generated/torch.nn.Module.html#torch.nn.Module.state_dict for details.
  "Positional args are being deprecated, use kwargs instead. Refer to "
epoch=5/8 iter=11300 loss=-0.832013
epoch=5/8 iter=11400 loss=-0.719599
epoch=5/8 iter=11500 loss=-0.763083
epoch=5/8 iter=11600 loss=-0.732460
epoch=5/8 iter=11700 loss=-0.828551
epoch=5/8 iter=11800 loss=-0.694224
epoch=5/8 iter=11900 loss=-0.904806
epoch=5/8 iter=12000 loss=-0.741239
epoch=5/8 iter=12100 loss=-0.755931
epoch=5/8 iter=12200 loss=-0.753025
epoch=5/8 iter=12300 loss=-0.781678
epoch=5/8 iter=12400 loss=-0.939032
epoch=5/8 iter=12500 loss=-0.755678
epoch=5/8 iter=12600 loss=-0.797938
epoch=5/8 iter=12700 loss=-0.797576
epoch=5/8 iter=12800 loss=-0.720284
epoch=5/8 iter=12900 loss=-0.947023
epoch=5/8 iter=13000 loss=-0.750758
epoch=5/8 iter=13100 loss=-0.847757
epoch=5/8 iter=13200 loss=-0.801219
epoch=5/8 iter=13300 loss=-0.762511
epoch=5/8 iter=13400 loss=-0.761833
epoch=5/8 iter=13500 loss=-0.606921
epoch=5/8 iter=13600 loss=-0.944896
epoch=5/8 iter=13700 loss=-0.820377
epoch=5/8 iter=13800 loss=-0.791435
epoch=5/8 iter=13900 loss=-0.833720
epoch=5/8 iter=14000 loss=-0.788414
epoch=5/8 train_loss=-0.789852 valid_loss=-0.924635
/home/likc/.conda/envs/capd/lib/python3.7/site-packages/torch/nn/modules/module.py:1433: UserWarning: Positional args are being deprecated, use kwargs instead. Refer to https://pytorch.org/docs/master/generated/torch.nn.Module.html#torch.nn.Module.state_dict for details.
  "Positional args are being deprecated, use kwargs instead. Refer to "
epoch=6/8 iter=14100 loss=-0.755063
epoch=6/8 iter=14200 loss=-0.768616
epoch=6/8 iter=14300 loss=-0.725868
epoch=6/8 iter=14400 loss=-0.760944
epoch=6/8 iter=14500 loss=-0.801673
epoch=6/8 iter=14600 loss=-0.788303
epoch=6/8 iter=14700 loss=-0.818554
epoch=6/8 iter=14800 loss=-0.769532
epoch=6/8 iter=14900 loss=-0.797314
epoch=6/8 iter=15000 loss=-0.827753
epoch=6/8 iter=15100 loss=-0.738051
epoch=6/8 iter=15200 loss=-0.633704
epoch=6/8 iter=15300 loss=-0.695475
epoch=6/8 iter=15400 loss=-0.771947
epoch=6/8 iter=15500 loss=-0.816747
epoch=6/8 iter=15600 loss=-0.624740
epoch=6/8 iter=15700 loss=-0.712143
epoch=6/8 iter=15800 loss=-0.709044
epoch=6/8 iter=15900 loss=-0.772525
epoch=6/8 iter=16000 loss=-0.757296
epoch=6/8 iter=16100 loss=-0.777729
epoch=6/8 iter=16200 loss=-0.791218
epoch=6/8 iter=16300 loss=-0.817921
epoch=6/8 iter=16400 loss=-0.821981
epoch=6/8 iter=16500 loss=-0.832805
epoch=6/8 iter=16600 loss=-0.738756
epoch=6/8 iter=16700 loss=-0.834792
epoch=6/8 iter=16800 loss=-0.765647
epoch=6/8 train_loss=-0.791617 valid_loss=-0.928885
/home/likc/.conda/envs/capd/lib/python3.7/site-packages/torch/nn/modules/module.py:1433: UserWarning: Positional args are being deprecated, use kwargs instead. Refer to https://pytorch.org/docs/master/generated/torch.nn.Module.html#torch.nn.Module.state_dict for details.
  "Positional args are being deprecated, use kwargs instead. Refer to "
epoch=7/8 iter=16900 loss=-0.706157
epoch=7/8 iter=17000 loss=-0.779629
epoch=7/8 iter=17100 loss=-0.736637
epoch=7/8 iter=17200 loss=-0.853493
epoch=7/8 iter=17300 loss=-0.863330
epoch=7/8 iter=17400 loss=-0.806009
epoch=7/8 iter=17500 loss=-0.790669
epoch=7/8 iter=17600 loss=-0.873661
epoch=7/8 iter=17700 loss=-0.765984
epoch=7/8 iter=17800 loss=-0.678343
epoch=7/8 iter=17900 loss=-0.786554
epoch=7/8 iter=18000 loss=-0.793008
epoch=7/8 iter=18100 loss=-0.796759
epoch=7/8 iter=18200 loss=-0.891326
epoch=7/8 iter=18300 loss=-0.818526
epoch=7/8 iter=18400 loss=-0.916885
epoch=7/8 iter=18500 loss=-0.795120
epoch=7/8 iter=18600 loss=-0.792546
epoch=7/8 iter=18700 loss=-0.845535
epoch=7/8 iter=18800 loss=-0.762753
epoch=7/8 iter=18900 loss=-0.799872
epoch=7/8 iter=19000 loss=-0.830148
epoch=7/8 iter=19100 loss=-0.753210
epoch=7/8 iter=19200 loss=-0.879354
epoch=7/8 iter=19300 loss=-0.836883
epoch=7/8 iter=19400 loss=-0.827494
epoch=7/8 iter=19500 loss=-0.673398
epoch=7/8 iter=19600 loss=-0.817234
epoch=7/8 train_loss=-0.794045 valid_loss=-0.931769
/home/likc/.conda/envs/capd/lib/python3.7/site-packages/torch/nn/modules/module.py:1433: UserWarning: Positional args are being deprecated, use kwargs instead. Refer to https://pytorch.org/docs/master/generated/torch.nn.Module.html#torch.nn.Module.state_dict for details.
  "Positional args are being deprecated, use kwargs instead. Refer to "
epoch=8/8 iter=19700 loss=-0.734547
epoch=8/8 iter=19800 loss=-0.797337
epoch=8/8 iter=19900 loss=-0.849782
epoch=8/8 iter=20000 loss=-0.831634
epoch=8/8 iter=20100 loss=-0.642798
epoch=8/8 iter=20200 loss=-0.860133
epoch=8/8 iter=20300 loss=-0.857236
epoch=8/8 iter=20400 loss=-0.800440
epoch=8/8 iter=20500 loss=-0.700423
epoch=8/8 iter=20600 loss=-0.898503
epoch=8/8 iter=20700 loss=-0.832220
epoch=8/8 iter=20800 loss=-0.673671
epoch=8/8 iter=20900 loss=-0.859208
epoch=8/8 iter=21000 loss=-0.710861
epoch=8/8 iter=21100 loss=-0.740750
epoch=8/8 iter=21200 loss=-0.801220
epoch=8/8 iter=21300 loss=-0.732756
epoch=8/8 iter=21400 loss=-0.733308
epoch=8/8 iter=21500 loss=-0.807506
epoch=8/8 iter=21600 loss=-0.894833
epoch=8/8 iter=21700 loss=-0.752301
epoch=8/8 iter=21800 loss=-0.700458
epoch=8/8 iter=21900 loss=-0.663693
epoch=8/8 iter=22000 loss=-0.734003
epoch=8/8 iter=22100 loss=-0.788637
epoch=8/8 iter=22200 loss=-0.768936
epoch=8/8 iter=22300 loss=-0.897537
epoch=8/8 iter=22400 loss=-0.806742
epoch=8/8 train_loss=-0.795454 valid_loss=-0.933259
Training finished. best=/home/likc/Q-former-for-OS/outputs/capd_proactive_stage4_stage7/stage4-stage7-unified-r2/checkpoints/arch-compact/seed_42/qmap_best.pth last=/home/likc/Q-former-for-OS/outputs/capd_proactive_stage4_stage7/stage4-stage7-unified-r2/checkpoints/arch-compact/seed_42/qmap_last.pth
/home/likc/.conda/envs/capd/lib/python3.7/site-packages/torch/nn/modules/module.py:1433: UserWarning: Positional args are being deprecated, use kwargs instead. Refer to https://pytorch.org/docs/master/generated/torch.nn.Module.html#torch.nn.Module.state_dict for details.
  "Positional args are being deprecated, use kwargs instead. Refer to "
