QMAP training: train=/home/likc/Q-former-for-OS/outputs/capd_proactive_stage4_stage7/stage4-stage7-unified-r1/datasets/da0dab0afec1945a70ef/all_train.jsonl valid=/home/likc/Q-former-for-OS/outputs/capd_proactive_stage4_stage7/stage4-stage7-unified-r1/datasets/da0dab0afec1945a70ef/all_validation.jsonl samples=89651/14469 device=cuda
epoch=1/8 iter=1 loss=-0.530076
epoch=1/8 iter=100 loss=-0.682564
epoch=1/8 iter=200 loss=-0.659759
epoch=1/8 iter=300 loss=-0.683145
epoch=1/8 iter=400 loss=-0.797402
epoch=1/8 iter=500 loss=-0.809368
epoch=1/8 iter=600 loss=-0.675565
epoch=1/8 iter=700 loss=-0.862556
epoch=1/8 iter=800 loss=-0.685700
epoch=1/8 iter=900 loss=-0.668099
epoch=1/8 iter=1000 loss=-0.767585
epoch=1/8 iter=1100 loss=-0.819715
epoch=1/8 iter=1200 loss=-0.666697
epoch=1/8 iter=1300 loss=-0.833478
epoch=1/8 iter=1400 loss=-0.745184
epoch=1/8 iter=1500 loss=-0.782620
epoch=1/8 iter=1600 loss=-0.781965
epoch=1/8 iter=1700 loss=-0.814897
epoch=1/8 iter=1800 loss=-0.760514
epoch=1/8 iter=1900 loss=-0.809086
epoch=1/8 iter=2000 loss=-0.760358
epoch=1/8 iter=2100 loss=-0.726666
epoch=1/8 iter=2200 loss=-0.704550
epoch=1/8 iter=2300 loss=-0.811100
epoch=1/8 iter=2400 loss=-0.880186
epoch=1/8 iter=2500 loss=-0.660921
epoch=1/8 iter=2600 loss=-0.776636
epoch=1/8 iter=2700 loss=-0.835261
epoch=1/8 iter=2800 loss=-0.754427
epoch=1/8 train_loss=-0.762269 valid_loss=-0.919792
/home/likc/.conda/envs/capd/lib/python3.7/site-packages/torch/nn/modules/module.py:1433: UserWarning: Positional args are being deprecated, use kwargs instead. Refer to https://pytorch.org/docs/master/generated/torch.nn.Module.html#torch.nn.Module.state_dict for details.
  "Positional args are being deprecated, use kwargs instead. Refer to "
epoch=2/8 iter=2900 loss=-0.822431
epoch=2/8 iter=3000 loss=-0.858237
epoch=2/8 iter=3100 loss=-0.763700
epoch=2/8 iter=3200 loss=-0.746769
epoch=2/8 iter=3300 loss=-0.685353
epoch=2/8 iter=3400 loss=-0.762894
epoch=2/8 iter=3500 loss=-0.698215
epoch=2/8 iter=3600 loss=-0.741692
epoch=2/8 iter=3700 loss=-0.871834
epoch=2/8 iter=3800 loss=-0.759642
epoch=2/8 iter=3900 loss=-0.811992
epoch=2/8 iter=4000 loss=-0.723310
epoch=2/8 iter=4100 loss=-0.882468
epoch=2/8 iter=4200 loss=-0.812060
epoch=2/8 iter=4300 loss=-0.858142
epoch=2/8 iter=4400 loss=-0.738687
epoch=2/8 iter=4500 loss=-0.758943
epoch=2/8 iter=4600 loss=-0.708301
epoch=2/8 iter=4700 loss=-0.812662
epoch=2/8 iter=4800 loss=-0.827071
epoch=2/8 iter=4900 loss=-0.702453
epoch=2/8 iter=5000 loss=-0.755216
epoch=2/8 iter=5100 loss=-0.776344
epoch=2/8 iter=5200 loss=-0.715199
epoch=2/8 iter=5300 loss=-0.812645
epoch=2/8 iter=5400 loss=-0.793370
epoch=2/8 iter=5500 loss=-0.741309
epoch=2/8 iter=5600 loss=-0.801306
epoch=2/8 train_loss=-0.783246 valid_loss=-0.924426
/home/likc/.conda/envs/capd/lib/python3.7/site-packages/torch/nn/modules/module.py:1433: UserWarning: Positional args are being deprecated, use kwargs instead. Refer to https://pytorch.org/docs/master/generated/torch.nn.Module.html#torch.nn.Module.state_dict for details.
  "Positional args are being deprecated, use kwargs instead. Refer to "
epoch=3/8 iter=5700 loss=-0.812588
epoch=3/8 iter=5800 loss=-0.792466
epoch=3/8 iter=5900 loss=-0.701784
epoch=3/8 iter=6000 loss=-0.820407
epoch=3/8 iter=6100 loss=-0.905628
epoch=3/8 iter=6200 loss=-0.891752
epoch=3/8 iter=6300 loss=-0.755180
epoch=3/8 iter=6400 loss=-0.874569
epoch=3/8 iter=6500 loss=-0.843598
epoch=3/8 iter=6600 loss=-0.943098
epoch=3/8 iter=6700 loss=-0.851934
epoch=3/8 iter=6800 loss=-0.672776
epoch=3/8 iter=6900 loss=-0.880816
epoch=3/8 iter=7000 loss=-0.811770
epoch=3/8 iter=7100 loss=-0.859391
epoch=3/8 iter=7200 loss=-0.824593
epoch=3/8 iter=7300 loss=-0.756693
epoch=3/8 iter=7400 loss=-0.799498
epoch=3/8 iter=7500 loss=-0.728822
epoch=3/8 iter=7600 loss=-0.685783
epoch=3/8 iter=7700 loss=-0.784392
epoch=3/8 iter=7800 loss=-0.783150
epoch=3/8 iter=7900 loss=-0.814534
epoch=3/8 iter=8000 loss=-0.732098
epoch=3/8 iter=8100 loss=-0.749547
epoch=3/8 iter=8200 loss=-0.801169
epoch=3/8 iter=8300 loss=-0.844679
epoch=3/8 iter=8400 loss=-0.834457
epoch=3/8 train_loss=-0.786671 valid_loss=-0.926130
/home/likc/.conda/envs/capd/lib/python3.7/site-packages/torch/nn/modules/module.py:1433: UserWarning: Positional args are being deprecated, use kwargs instead. Refer to https://pytorch.org/docs/master/generated/torch.nn.Module.html#torch.nn.Module.state_dict for details.
  "Positional args are being deprecated, use kwargs instead. Refer to "
epoch=4/8 iter=8500 loss=-0.791830
epoch=4/8 iter=8600 loss=-0.762545
epoch=4/8 iter=8700 loss=-0.768726
epoch=4/8 iter=8800 loss=-0.706090
epoch=4/8 iter=8900 loss=-0.709331
epoch=4/8 iter=9000 loss=-0.822105
epoch=4/8 iter=9100 loss=-0.727322
epoch=4/8 iter=9200 loss=-0.779666
epoch=4/8 iter=9300 loss=-0.726351
epoch=4/8 iter=9400 loss=-0.812030
epoch=4/8 iter=9500 loss=-0.767305
epoch=4/8 iter=9600 loss=-0.507719
epoch=4/8 iter=9700 loss=-0.889682
epoch=4/8 iter=9800 loss=-0.738505
epoch=4/8 iter=9900 loss=-0.848056
epoch=4/8 iter=10000 loss=-0.698379
epoch=4/8 iter=10100 loss=-0.790299
epoch=4/8 iter=10200 loss=-0.744512
epoch=4/8 iter=10300 loss=-0.787648
epoch=4/8 iter=10400 loss=-0.883201
epoch=4/8 iter=10500 loss=-0.698228
epoch=4/8 iter=10600 loss=-0.885041
epoch=4/8 iter=10700 loss=-0.625077
epoch=4/8 iter=10800 loss=-0.798974
epoch=4/8 iter=10900 loss=-0.849886
epoch=4/8 iter=11000 loss=-0.796920
epoch=4/8 iter=11100 loss=-0.738617
epoch=4/8 iter=11200 loss=-0.759906
epoch=4/8 train_loss=-0.789173 valid_loss=-0.926500
/home/likc/.conda/envs/capd/lib/python3.7/site-packages/torch/nn/modules/module.py:1433: UserWarning: Positional args are being deprecated, use kwargs instead. Refer to https://pytorch.org/docs/master/generated/torch.nn.Module.html#torch.nn.Module.state_dict for details.
  "Positional args are being deprecated, use kwargs instead. Refer to "
epoch=5/8 iter=11300 loss=-0.730677
epoch=5/8 iter=11400 loss=-0.781821
epoch=5/8 iter=11500 loss=-0.729334
epoch=5/8 iter=11600 loss=-0.832827
epoch=5/8 iter=11700 loss=-0.878898
epoch=5/8 iter=11800 loss=-0.797195
epoch=5/8 iter=11900 loss=-0.833612
epoch=5/8 iter=12000 loss=-0.767148
epoch=5/8 iter=12100 loss=-0.834373
epoch=5/8 iter=12200 loss=-0.762028
epoch=5/8 iter=12300 loss=-0.585909
epoch=5/8 iter=12400 loss=-0.781234
epoch=5/8 iter=12500 loss=-0.851641
epoch=5/8 iter=12600 loss=-0.834347
epoch=5/8 iter=12700 loss=-0.892852
epoch=5/8 iter=12800 loss=-0.867751
epoch=5/8 iter=12900 loss=-0.882157
epoch=5/8 iter=13000 loss=-0.767568
epoch=5/8 iter=13100 loss=-0.852163
epoch=5/8 iter=13200 loss=-0.703242
epoch=5/8 iter=13300 loss=-0.700357
epoch=5/8 iter=13400 loss=-0.848804
epoch=5/8 iter=13500 loss=-0.947485
epoch=5/8 iter=13600 loss=-0.662598
epoch=5/8 iter=13700 loss=-0.826980
epoch=5/8 iter=13800 loss=-0.757709
epoch=5/8 iter=13900 loss=-0.826916
epoch=5/8 iter=14000 loss=-0.798259
epoch=5/8 train_loss=-0.790478 valid_loss=-0.928238
/home/likc/.conda/envs/capd/lib/python3.7/site-packages/torch/nn/modules/module.py:1433: UserWarning: Positional args are being deprecated, use kwargs instead. Refer to https://pytorch.org/docs/master/generated/torch.nn.Module.html#torch.nn.Module.state_dict for details.
  "Positional args are being deprecated, use kwargs instead. Refer to "
epoch=6/8 iter=14100 loss=-0.797133
epoch=6/8 iter=14200 loss=-0.818776
epoch=6/8 iter=14300 loss=-0.820388
epoch=6/8 iter=14400 loss=-0.742683
epoch=6/8 iter=14500 loss=-0.807569
epoch=6/8 iter=14600 loss=-0.820381
epoch=6/8 iter=14700 loss=-0.629132
epoch=6/8 iter=14800 loss=-0.669431
epoch=6/8 iter=14900 loss=-0.678938
epoch=6/8 iter=15000 loss=-0.737309
epoch=6/8 iter=15100 loss=-0.819748
epoch=6/8 iter=15200 loss=-0.814365
epoch=6/8 iter=15300 loss=-0.826952
epoch=6/8 iter=15400 loss=-0.696889
epoch=6/8 iter=15500 loss=-0.845781
epoch=6/8 iter=15600 loss=-0.840549
epoch=6/8 iter=15700 loss=-0.814291
epoch=6/8 iter=15800 loss=-0.794365
epoch=6/8 iter=15900 loss=-0.878138
epoch=6/8 iter=16000 loss=-0.797585
epoch=6/8 iter=16100 loss=-0.851895
epoch=6/8 iter=16200 loss=-0.731809
epoch=6/8 iter=16300 loss=-0.831694
epoch=6/8 iter=16400 loss=-0.796436
epoch=6/8 iter=16500 loss=-0.760204
epoch=6/8 iter=16600 loss=-0.830353
epoch=6/8 iter=16700 loss=-0.758007
epoch=6/8 iter=16800 loss=-0.770011
epoch=6/8 train_loss=-0.791751 valid_loss=-0.931318
/home/likc/.conda/envs/capd/lib/python3.7/site-packages/torch/nn/modules/module.py:1433: UserWarning: Positional args are being deprecated, use kwargs instead. Refer to https://pytorch.org/docs/master/generated/torch.nn.Module.html#torch.nn.Module.state_dict for details.
  "Positional args are being deprecated, use kwargs instead. Refer to "
epoch=7/8 iter=16900 loss=-0.795477
epoch=7/8 iter=17000 loss=-0.702382
epoch=7/8 iter=17100 loss=-0.700824
epoch=7/8 iter=17200 loss=-0.867268
epoch=7/8 iter=17300 loss=-0.616401
epoch=7/8 iter=17400 loss=-0.753234
epoch=7/8 iter=17500 loss=-0.790659
epoch=7/8 iter=17600 loss=-0.830855
epoch=7/8 iter=17700 loss=-0.761488
epoch=7/8 iter=17800 loss=-0.741933
epoch=7/8 iter=17900 loss=-0.883834
epoch=7/8 iter=18000 loss=-0.772611
epoch=7/8 iter=18100 loss=-0.915245
epoch=7/8 iter=18200 loss=-0.773318
epoch=7/8 iter=18300 loss=-0.713069
epoch=7/8 iter=18400 loss=-0.825034
epoch=7/8 iter=18500 loss=-0.793434
epoch=7/8 iter=18600 loss=-0.855913
epoch=7/8 iter=18700 loss=-0.857350
epoch=7/8 iter=18800 loss=-0.762869
epoch=7/8 iter=18900 loss=-0.673352
epoch=7/8 iter=19000 loss=-0.829446
epoch=7/8 iter=19100 loss=-0.859356
epoch=7/8 iter=19200 loss=-0.841669
epoch=7/8 iter=19300 loss=-0.763246
epoch=7/8 iter=19400 loss=-0.696330
epoch=7/8 iter=19500 loss=-0.914434
epoch=7/8 iter=19600 loss=-0.682993
epoch=7/8 train_loss=-0.793284 valid_loss=-0.932794
/home/likc/.conda/envs/capd/lib/python3.7/site-packages/torch/nn/modules/module.py:1433: UserWarning: Positional args are being deprecated, use kwargs instead. Refer to https://pytorch.org/docs/master/generated/torch.nn.Module.html#torch.nn.Module.state_dict for details.
  "Positional args are being deprecated, use kwargs instead. Refer to "
epoch=8/8 iter=19700 loss=-0.789888
epoch=8/8 iter=19800 loss=-0.722705
epoch=8/8 iter=19900 loss=-0.828458
epoch=8/8 iter=20000 loss=-0.813703
epoch=8/8 iter=20100 loss=-0.825379
epoch=8/8 iter=20200 loss=-0.767754
epoch=8/8 iter=20300 loss=-0.760293
epoch=8/8 iter=20400 loss=-0.830498
epoch=8/8 iter=20500 loss=-0.875898
epoch=8/8 iter=20600 loss=-0.888180
epoch=8/8 iter=20700 loss=-0.742916
epoch=8/8 iter=20800 loss=-0.802971
epoch=8/8 iter=20900 loss=-0.845267
epoch=8/8 iter=21000 loss=-0.831289
epoch=8/8 iter=21100 loss=-0.829556
epoch=8/8 iter=21200 loss=-0.890106
epoch=8/8 iter=21300 loss=-0.921682
epoch=8/8 iter=21400 loss=-0.810640
epoch=8/8 iter=21500 loss=-0.792337
epoch=8/8 iter=21600 loss=-0.906195
epoch=8/8 iter=21700 loss=-0.688818
epoch=8/8 iter=21800 loss=-0.698008
epoch=8/8 iter=21900 loss=-0.762468
epoch=8/8 iter=22000 loss=-0.703925
epoch=8/8 iter=22100 loss=-0.847874
epoch=8/8 iter=22200 loss=-0.707930
epoch=8/8 iter=22300 loss=-0.762417
epoch=8/8 iter=22400 loss=-0.643631
epoch=8/8 train_loss=-0.793727 valid_loss=-0.932976
Training finished. best=/home/likc/Q-former-for-OS/outputs/capd_proactive_stage4_stage7/stage4-stage7-unified-r2/checkpoints/arch-balanced/seed_2026/qmap_best.pth last=/home/likc/Q-former-for-OS/outputs/capd_proactive_stage4_stage7/stage4-stage7-unified-r2/checkpoints/arch-balanced/seed_2026/qmap_last.pth
/home/likc/.conda/envs/capd/lib/python3.7/site-packages/torch/nn/modules/module.py:1433: UserWarning: Positional args are being deprecated, use kwargs instead. Refer to https://pytorch.org/docs/master/generated/torch.nn.Module.html#torch.nn.Module.state_dict for details.
  "Positional args are being deprecated, use kwargs instead. Refer to "
