QMAP training: train=/home/likc/Q-former-for-OS/outputs/capd_proactive_stage4_stage7/stage4-stage7-unified-r1/datasets/da0dab0afec1945a70ef/all_train.jsonl valid=/home/likc/Q-former-for-OS/outputs/capd_proactive_stage4_stage7/stage4-stage7-unified-r1/datasets/da0dab0afec1945a70ef/all_validation.jsonl samples=89651/14469 device=cuda
epoch=1/8 iter=1 loss=-0.592782
epoch=1/8 iter=100 loss=-0.815920
epoch=1/8 iter=200 loss=-0.755289
epoch=1/8 iter=300 loss=-0.788841
epoch=1/8 iter=400 loss=-0.690673
epoch=1/8 iter=500 loss=-0.756836
epoch=1/8 iter=600 loss=-0.808193
epoch=1/8 iter=700 loss=-0.827313
epoch=1/8 iter=800 loss=-0.797526
epoch=1/8 iter=900 loss=-0.856182
epoch=1/8 iter=1000 loss=-0.832968
epoch=1/8 iter=1100 loss=-0.785706
epoch=1/8 iter=1200 loss=-0.770466
epoch=1/8 iter=1300 loss=-0.751032
epoch=1/8 iter=1400 loss=-0.713821
epoch=1/8 train_loss=-0.772266 valid_loss=-0.924620
/home/likc/.conda/envs/capd/lib/python3.7/site-packages/torch/nn/modules/module.py:1433: UserWarning: Positional args are being deprecated, use kwargs instead. Refer to https://pytorch.org/docs/master/generated/torch.nn.Module.html#torch.nn.Module.state_dict for details.
  "Positional args are being deprecated, use kwargs instead. Refer to "
epoch=2/8 iter=1500 loss=-0.772077
epoch=2/8 iter=1600 loss=-0.795965
epoch=2/8 iter=1700 loss=-0.775333
epoch=2/8 iter=1800 loss=-0.783679
epoch=2/8 iter=1900 loss=-0.807063
epoch=2/8 iter=2000 loss=-0.825461
epoch=2/8 iter=2100 loss=-0.744415
epoch=2/8 iter=2200 loss=-0.766465
epoch=2/8 iter=2300 loss=-0.753032
epoch=2/8 iter=2400 loss=-0.743434
epoch=2/8 iter=2500 loss=-0.858602
epoch=2/8 iter=2600 loss=-0.744479
epoch=2/8 iter=2700 loss=-0.807748
epoch=2/8 iter=2800 loss=-0.809570
epoch=2/8 train_loss=-0.788153 valid_loss=-0.929358
/home/likc/.conda/envs/capd/lib/python3.7/site-packages/torch/nn/modules/module.py:1433: UserWarning: Positional args are being deprecated, use kwargs instead. Refer to https://pytorch.org/docs/master/generated/torch.nn.Module.html#torch.nn.Module.state_dict for details.
  "Positional args are being deprecated, use kwargs instead. Refer to "
epoch=3/8 iter=2900 loss=-0.819574
epoch=3/8 iter=3000 loss=-0.794773
epoch=3/8 iter=3100 loss=-0.804419
epoch=3/8 iter=3200 loss=-0.863004
epoch=3/8 iter=3300 loss=-0.804465
epoch=3/8 iter=3400 loss=-0.886416
epoch=3/8 iter=3500 loss=-0.708756
epoch=3/8 iter=3600 loss=-0.803541
epoch=3/8 iter=3700 loss=-0.734116
epoch=3/8 iter=3800 loss=-0.806864
epoch=3/8 iter=3900 loss=-0.819831
epoch=3/8 iter=4000 loss=-0.725882
epoch=3/8 iter=4100 loss=-0.842228
epoch=3/8 iter=4200 loss=-0.946784
epoch=3/8 train_loss=-0.790942 valid_loss=-0.930944
/home/likc/.conda/envs/capd/lib/python3.7/site-packages/torch/nn/modules/module.py:1433: UserWarning: Positional args are being deprecated, use kwargs instead. Refer to https://pytorch.org/docs/master/generated/torch.nn.Module.html#torch.nn.Module.state_dict for details.
  "Positional args are being deprecated, use kwargs instead. Refer to "
epoch=4/8 iter=4300 loss=-0.723936
epoch=4/8 iter=4400 loss=-0.801452
epoch=4/8 iter=4500 loss=-0.763247
epoch=4/8 iter=4600 loss=-0.798306
epoch=4/8 iter=4700 loss=-0.828104
epoch=4/8 iter=4800 loss=-0.856964
epoch=4/8 iter=4900 loss=-0.856580
epoch=4/8 iter=5000 loss=-0.824647
epoch=4/8 iter=5100 loss=-0.808131
epoch=4/8 iter=5200 loss=-0.845605
epoch=4/8 iter=5300 loss=-0.687630
epoch=4/8 iter=5400 loss=-0.837980
epoch=4/8 iter=5500 loss=-0.852904
epoch=4/8 iter=5600 loss=-0.739809
epoch=4/8 train_loss=-0.792568 valid_loss=-0.930132
/home/likc/.conda/envs/capd/lib/python3.7/site-packages/torch/nn/modules/module.py:1433: UserWarning: Positional args are being deprecated, use kwargs instead. Refer to https://pytorch.org/docs/master/generated/torch.nn.Module.html#torch.nn.Module.state_dict for details.
  "Positional args are being deprecated, use kwargs instead. Refer to "
epoch=5/8 iter=5700 loss=-0.853553
epoch=5/8 iter=5800 loss=-0.826015
epoch=5/8 iter=5900 loss=-0.872476
epoch=5/8 iter=6000 loss=-0.813785
epoch=5/8 iter=6100 loss=-0.767665
epoch=5/8 iter=6200 loss=-0.779739
epoch=5/8 iter=6300 loss=-0.768285
epoch=5/8 iter=6400 loss=-0.746567
epoch=5/8 iter=6500 loss=-0.816342
epoch=5/8 iter=6600 loss=-0.715087
epoch=5/8 iter=6700 loss=-0.825334
epoch=5/8 iter=6800 loss=-0.743204
epoch=5/8 iter=6900 loss=-0.817779
epoch=5/8 iter=7000 loss=-0.811491
epoch=5/8 train_loss=-0.793963 valid_loss=-0.933175
/home/likc/.conda/envs/capd/lib/python3.7/site-packages/torch/nn/modules/module.py:1433: UserWarning: Positional args are being deprecated, use kwargs instead. Refer to https://pytorch.org/docs/master/generated/torch.nn.Module.html#torch.nn.Module.state_dict for details.
  "Positional args are being deprecated, use kwargs instead. Refer to "
epoch=6/8 iter=7100 loss=-0.767016
epoch=6/8 iter=7200 loss=-0.860574
epoch=6/8 iter=7300 loss=-0.762846
epoch=6/8 iter=7400 loss=-0.876365
epoch=6/8 iter=7500 loss=-0.841495
epoch=6/8 iter=7600 loss=-0.802058
epoch=6/8 iter=7700 loss=-0.728725
epoch=6/8 iter=7800 loss=-0.834396
epoch=6/8 iter=7900 loss=-0.819702
epoch=6/8 iter=8000 loss=-0.762453
epoch=6/8 iter=8100 loss=-0.812662
epoch=6/8 iter=8200 loss=-0.819590
epoch=6/8 iter=8300 loss=-0.823941
epoch=6/8 iter=8400 loss=-0.807053
epoch=6/8 train_loss=-0.794576 valid_loss=-0.930288
/home/likc/.conda/envs/capd/lib/python3.7/site-packages/torch/nn/modules/module.py:1433: UserWarning: Positional args are being deprecated, use kwargs instead. Refer to https://pytorch.org/docs/master/generated/torch.nn.Module.html#torch.nn.Module.state_dict for details.
  "Positional args are being deprecated, use kwargs instead. Refer to "
epoch=7/8 iter=8500 loss=-0.854558
epoch=7/8 iter=8600 loss=-0.893634
epoch=7/8 iter=8700 loss=-0.822547
epoch=7/8 iter=8800 loss=-0.771461
epoch=7/8 iter=8900 loss=-0.763062
epoch=7/8 iter=9000 loss=-0.809359
epoch=7/8 iter=9100 loss=-0.730624
epoch=7/8 iter=9200 loss=-0.824041
epoch=7/8 iter=9300 loss=-0.719708
epoch=7/8 iter=9400 loss=-0.766189
epoch=7/8 iter=9500 loss=-0.779900
epoch=7/8 iter=9600 loss=-0.764276
epoch=7/8 iter=9700 loss=-0.794225
epoch=7/8 iter=9800 loss=-0.743839
epoch=7/8 train_loss=-0.795627 valid_loss=-0.933014
/home/likc/.conda/envs/capd/lib/python3.7/site-packages/torch/nn/modules/module.py:1433: UserWarning: Positional args are being deprecated, use kwargs instead. Refer to https://pytorch.org/docs/master/generated/torch.nn.Module.html#torch.nn.Module.state_dict for details.
  "Positional args are being deprecated, use kwargs instead. Refer to "
epoch=8/8 iter=9900 loss=-0.816603
epoch=8/8 iter=10000 loss=-0.828569
epoch=8/8 iter=10100 loss=-0.798497
epoch=8/8 iter=10200 loss=-0.863161
epoch=8/8 iter=10300 loss=-0.735609
epoch=8/8 iter=10400 loss=-0.788814
epoch=8/8 iter=10500 loss=-0.796377
epoch=8/8 iter=10600 loss=-0.765565
epoch=8/8 iter=10700 loss=-0.812306
epoch=8/8 iter=10800 loss=-0.861943
epoch=8/8 iter=10900 loss=-0.817156
epoch=8/8 iter=11000 loss=-0.863533
epoch=8/8 iter=11100 loss=-0.761674
epoch=8/8 iter=11200 loss=-0.894961
epoch=8/8 train_loss=-0.795413 valid_loss=-0.936824
Training finished. best=/home/likc/Q-former-for-OS/outputs/capd_proactive_stage4_stage7/stage4-stage7-unified-r2/checkpoints/opt-fast/seed_42/qmap_best.pth last=/home/likc/Q-former-for-OS/outputs/capd_proactive_stage4_stage7/stage4-stage7-unified-r2/checkpoints/opt-fast/seed_42/qmap_last.pth
/home/likc/.conda/envs/capd/lib/python3.7/site-packages/torch/nn/modules/module.py:1433: UserWarning: Positional args are being deprecated, use kwargs instead. Refer to https://pytorch.org/docs/master/generated/torch.nn.Module.html#torch.nn.Module.state_dict for details.
  "Positional args are being deprecated, use kwargs instead. Refer to "
