QMAP training: train=/home/likc/Q-former-for-OS/outputs/capd_proactive_stage4_stage7/stage4-stage7-unified-r1/datasets/da0dab0afec1945a70ef/all_train.jsonl valid=/home/likc/Q-former-for-OS/outputs/capd_proactive_stage4_stage7/stage4-stage7-unified-r1/datasets/da0dab0afec1945a70ef/all_validation.jsonl samples=89651/14469 device=cuda
epoch=1/12 iter=1 loss=-0.519052
epoch=1/12 iter=100 loss=-0.648669
epoch=1/12 iter=200 loss=-0.627256
epoch=1/12 iter=300 loss=-0.716394
epoch=1/12 iter=400 loss=-0.756421
epoch=1/12 iter=500 loss=-0.769787
epoch=1/12 iter=600 loss=-0.755133
epoch=1/12 iter=700 loss=-0.818307
epoch=1/12 iter=800 loss=-0.829950
epoch=1/12 iter=900 loss=-0.738149
epoch=1/12 iter=1000 loss=-0.835949
epoch=1/12 iter=1100 loss=-0.723021
epoch=1/12 iter=1200 loss=-0.781851
epoch=1/12 iter=1300 loss=-0.723624
epoch=1/12 iter=1400 loss=-0.845111
epoch=1/12 iter=1500 loss=-0.715794
epoch=1/12 iter=1600 loss=-0.855347
epoch=1/12 iter=1700 loss=-0.670662
epoch=1/12 iter=1800 loss=-0.697189
epoch=1/12 iter=1900 loss=-0.615588
epoch=1/12 iter=2000 loss=-0.741507
epoch=1/12 iter=2100 loss=-0.779128
epoch=1/12 iter=2200 loss=-0.800164
epoch=1/12 iter=2300 loss=-0.759840
epoch=1/12 iter=2400 loss=-0.873177
epoch=1/12 iter=2500 loss=-0.874828
epoch=1/12 iter=2600 loss=-0.784580
epoch=1/12 iter=2700 loss=-0.744389
epoch=1/12 iter=2800 loss=-0.799794
epoch=1/12 train_loss=-0.741863 valid_loss=-0.914613
/home/likc/.conda/envs/capd/lib/python3.7/site-packages/torch/nn/modules/module.py:1433: UserWarning: Positional args are being deprecated, use kwargs instead. Refer to https://pytorch.org/docs/master/generated/torch.nn.Module.html#torch.nn.Module.state_dict for details.
  "Positional args are being deprecated, use kwargs instead. Refer to "
epoch=2/12 iter=2900 loss=-0.774895
epoch=2/12 iter=3000 loss=-0.767967
epoch=2/12 iter=3100 loss=-0.782971
epoch=2/12 iter=3200 loss=-0.800739
epoch=2/12 iter=3300 loss=-0.670894
epoch=2/12 iter=3400 loss=-0.706973
epoch=2/12 iter=3500 loss=-0.778739
epoch=2/12 iter=3600 loss=-0.665476
epoch=2/12 iter=3700 loss=-0.808439
epoch=2/12 iter=3800 loss=-0.766513
epoch=2/12 iter=3900 loss=-0.737506
epoch=2/12 iter=4000 loss=-0.847444
epoch=2/12 iter=4100 loss=-0.743169
epoch=2/12 iter=4200 loss=-0.840241
epoch=2/12 iter=4300 loss=-0.755060
epoch=2/12 iter=4400 loss=-0.757850
epoch=2/12 iter=4500 loss=-0.803910
epoch=2/12 iter=4600 loss=-0.697807
epoch=2/12 iter=4700 loss=-0.795068
epoch=2/12 iter=4800 loss=-0.812102
epoch=2/12 iter=4900 loss=-0.833714
epoch=2/12 iter=5000 loss=-0.823380
epoch=2/12 iter=5100 loss=-0.750754
epoch=2/12 iter=5200 loss=-0.929132
epoch=2/12 iter=5300 loss=-0.685106
epoch=2/12 iter=5400 loss=-0.731515
epoch=2/12 iter=5500 loss=-0.858672
epoch=2/12 iter=5600 loss=-0.742951
epoch=2/12 train_loss=-0.776790 valid_loss=-0.920499
/home/likc/.conda/envs/capd/lib/python3.7/site-packages/torch/nn/modules/module.py:1433: UserWarning: Positional args are being deprecated, use kwargs instead. Refer to https://pytorch.org/docs/master/generated/torch.nn.Module.html#torch.nn.Module.state_dict for details.
  "Positional args are being deprecated, use kwargs instead. Refer to "
epoch=3/12 iter=5700 loss=-0.750031
epoch=3/12 iter=5800 loss=-0.836682
epoch=3/12 iter=5900 loss=-0.727220
epoch=3/12 iter=6000 loss=-0.660845
epoch=3/12 iter=6100 loss=-0.853270
epoch=3/12 iter=6200 loss=-0.847715
epoch=3/12 iter=6300 loss=-0.729037
epoch=3/12 iter=6400 loss=-0.717242
epoch=3/12 iter=6500 loss=-0.843664
epoch=3/12 iter=6600 loss=-0.730784
epoch=3/12 iter=6700 loss=-0.820060
epoch=3/12 iter=6800 loss=-0.768382
epoch=3/12 iter=6900 loss=-0.787878
epoch=3/12 iter=7000 loss=-0.760782
epoch=3/12 iter=7100 loss=-0.821435
epoch=3/12 iter=7200 loss=-0.700938
epoch=3/12 iter=7300 loss=-0.848389
epoch=3/12 iter=7400 loss=-0.725736
epoch=3/12 iter=7500 loss=-0.737110
epoch=3/12 iter=7600 loss=-0.854514
epoch=3/12 iter=7700 loss=-0.717464
epoch=3/12 iter=7800 loss=-0.728232
epoch=3/12 iter=7900 loss=-0.754933
epoch=3/12 iter=8000 loss=-0.878538
epoch=3/12 iter=8100 loss=-0.742025
epoch=3/12 iter=8200 loss=-0.564205
epoch=3/12 iter=8300 loss=-0.638188
epoch=3/12 iter=8400 loss=-0.759132
epoch=3/12 train_loss=-0.782800 valid_loss=-0.923089
/home/likc/.conda/envs/capd/lib/python3.7/site-packages/torch/nn/modules/module.py:1433: UserWarning: Positional args are being deprecated, use kwargs instead. Refer to https://pytorch.org/docs/master/generated/torch.nn.Module.html#torch.nn.Module.state_dict for details.
  "Positional args are being deprecated, use kwargs instead. Refer to "
epoch=4/12 iter=8500 loss=-0.735215
epoch=4/12 iter=8600 loss=-0.884735
epoch=4/12 iter=8700 loss=-0.863899
epoch=4/12 iter=8800 loss=-0.878654
epoch=4/12 iter=8900 loss=-0.790623
epoch=4/12 iter=9000 loss=-0.746373
epoch=4/12 iter=9100 loss=-0.807416
epoch=4/12 iter=9200 loss=-0.786344
epoch=4/12 iter=9300 loss=-0.779988
epoch=4/12 iter=9400 loss=-0.821598
epoch=4/12 iter=9500 loss=-0.827479
epoch=4/12 iter=9600 loss=-0.784814
epoch=4/12 iter=9700 loss=-0.753960
epoch=4/12 iter=9800 loss=-0.819974
epoch=4/12 iter=9900 loss=-0.786194
epoch=4/12 iter=10000 loss=-0.802555
epoch=4/12 iter=10100 loss=-0.888917
epoch=4/12 iter=10200 loss=-0.794558
epoch=4/12 iter=10300 loss=-0.721565
epoch=4/12 iter=10400 loss=-0.760816
epoch=4/12 iter=10500 loss=-0.906698
epoch=4/12 iter=10600 loss=-0.776263
epoch=4/12 iter=10700 loss=-0.745779
epoch=4/12 iter=10800 loss=-0.789892
epoch=4/12 iter=10900 loss=-0.871667
epoch=4/12 iter=11000 loss=-0.797048
epoch=4/12 iter=11100 loss=-0.866187
epoch=4/12 iter=11200 loss=-0.759181
epoch=4/12 train_loss=-0.784938 valid_loss=-0.923557
/home/likc/.conda/envs/capd/lib/python3.7/site-packages/torch/nn/modules/module.py:1433: UserWarning: Positional args are being deprecated, use kwargs instead. Refer to https://pytorch.org/docs/master/generated/torch.nn.Module.html#torch.nn.Module.state_dict for details.
  "Positional args are being deprecated, use kwargs instead. Refer to "
epoch=5/12 iter=11300 loss=-0.760317
epoch=5/12 iter=11400 loss=-0.849801
epoch=5/12 iter=11500 loss=-0.820460
epoch=5/12 iter=11600 loss=-0.856699
epoch=5/12 iter=11700 loss=-0.885509
epoch=5/12 iter=11800 loss=-0.744916
epoch=5/12 iter=11900 loss=-0.750732
epoch=5/12 iter=12000 loss=-0.687211
epoch=5/12 iter=12100 loss=-0.619246
epoch=5/12 iter=12200 loss=-0.788311
epoch=5/12 iter=12300 loss=-0.817421
epoch=5/12 iter=12400 loss=-0.695071
epoch=5/12 iter=12500 loss=-0.815859
epoch=5/12 iter=12600 loss=-0.815201
epoch=5/12 iter=12700 loss=-0.953554
epoch=5/12 iter=12800 loss=-0.801771
epoch=5/12 iter=12900 loss=-0.809621
epoch=5/12 iter=13000 loss=-0.794570
epoch=5/12 iter=13100 loss=-0.800119
epoch=5/12 iter=13200 loss=-0.712336
epoch=5/12 iter=13300 loss=-0.855513
epoch=5/12 iter=13400 loss=-0.798373
epoch=5/12 iter=13500 loss=-0.750044
epoch=5/12 iter=13600 loss=-0.819938
epoch=5/12 iter=13700 loss=-0.971682
epoch=5/12 iter=13800 loss=-0.817360
epoch=5/12 iter=13900 loss=-0.884262
epoch=5/12 iter=14000 loss=-0.790865
epoch=5/12 train_loss=-0.786546 valid_loss=-0.924120
/home/likc/.conda/envs/capd/lib/python3.7/site-packages/torch/nn/modules/module.py:1433: UserWarning: Positional args are being deprecated, use kwargs instead. Refer to https://pytorch.org/docs/master/generated/torch.nn.Module.html#torch.nn.Module.state_dict for details.
  "Positional args are being deprecated, use kwargs instead. Refer to "
epoch=6/12 iter=14100 loss=-0.736851
epoch=6/12 iter=14200 loss=-0.758307
epoch=6/12 iter=14300 loss=-0.898304
epoch=6/12 iter=14400 loss=-0.729999
epoch=6/12 iter=14500 loss=-0.724682
epoch=6/12 iter=14600 loss=-0.822972
epoch=6/12 iter=14700 loss=-0.847353
epoch=6/12 iter=14800 loss=-0.677671
epoch=6/12 iter=14900 loss=-0.719946
epoch=6/12 iter=15000 loss=-0.772223
epoch=6/12 iter=15100 loss=-0.712762
epoch=6/12 iter=15200 loss=-0.731930
epoch=6/12 iter=15300 loss=-0.728011
epoch=6/12 iter=15400 loss=-0.663084
epoch=6/12 iter=15500 loss=-0.757027
epoch=6/12 iter=15600 loss=-0.760500
epoch=6/12 iter=15700 loss=-0.676838
epoch=6/12 iter=15800 loss=-0.647616
epoch=6/12 iter=15900 loss=-0.814625
epoch=6/12 iter=16000 loss=-0.688243
epoch=6/12 iter=16100 loss=-0.916108
epoch=6/12 iter=16200 loss=-0.884933
epoch=6/12 iter=16300 loss=-0.821852
epoch=6/12 iter=16400 loss=-0.797432
epoch=6/12 iter=16500 loss=-0.905751
epoch=6/12 iter=16600 loss=-0.827293
epoch=6/12 iter=16700 loss=-0.813883
epoch=6/12 iter=16800 loss=-0.940385
epoch=6/12 train_loss=-0.789035 valid_loss=-0.926913
/home/likc/.conda/envs/capd/lib/python3.7/site-packages/torch/nn/modules/module.py:1433: UserWarning: Positional args are being deprecated, use kwargs instead. Refer to https://pytorch.org/docs/master/generated/torch.nn.Module.html#torch.nn.Module.state_dict for details.
  "Positional args are being deprecated, use kwargs instead. Refer to "
epoch=7/12 iter=16900 loss=-0.888138
epoch=7/12 iter=17000 loss=-0.879998
epoch=7/12 iter=17100 loss=-0.842671
epoch=7/12 iter=17200 loss=-0.850919
epoch=7/12 iter=17300 loss=-0.857981
epoch=7/12 iter=17400 loss=-0.862128
epoch=7/12 iter=17500 loss=-0.734161
epoch=7/12 iter=17600 loss=-0.760804
epoch=7/12 iter=17700 loss=-0.715525
epoch=7/12 iter=17800 loss=-0.708752
epoch=7/12 iter=17900 loss=-0.716623
epoch=7/12 iter=18000 loss=-0.696721
epoch=7/12 iter=18100 loss=-0.798177
epoch=7/12 iter=18200 loss=-0.875863
epoch=7/12 iter=18300 loss=-0.815505
epoch=7/12 iter=18400 loss=-0.794071
epoch=7/12 iter=18500 loss=-0.862234
epoch=7/12 iter=18600 loss=-0.732705
epoch=7/12 iter=18700 loss=-0.884926
epoch=7/12 iter=18800 loss=-0.669764
epoch=7/12 iter=18900 loss=-0.664745
epoch=7/12 iter=19000 loss=-0.762883
epoch=7/12 iter=19100 loss=-0.820226
epoch=7/12 iter=19200 loss=-0.709692
epoch=7/12 iter=19300 loss=-0.813084
epoch=7/12 iter=19400 loss=-0.646659
epoch=7/12 iter=19500 loss=-0.678298
epoch=7/12 iter=19600 loss=-0.701076
epoch=7/12 train_loss=-0.791353 valid_loss=-0.929330
/home/likc/.conda/envs/capd/lib/python3.7/site-packages/torch/nn/modules/module.py:1433: UserWarning: Positional args are being deprecated, use kwargs instead. Refer to https://pytorch.org/docs/master/generated/torch.nn.Module.html#torch.nn.Module.state_dict for details.
  "Positional args are being deprecated, use kwargs instead. Refer to "
epoch=8/12 iter=19700 loss=-0.759196
epoch=8/12 iter=19800 loss=-0.860422
epoch=8/12 iter=19900 loss=-0.755197
epoch=8/12 iter=20000 loss=-0.730273
epoch=8/12 iter=20100 loss=-0.842654
epoch=8/12 iter=20200 loss=-0.891296
epoch=8/12 iter=20300 loss=-0.781444
epoch=8/12 iter=20400 loss=-0.796496
epoch=8/12 iter=20500 loss=-0.664556
epoch=8/12 iter=20600 loss=-0.756809
epoch=8/12 iter=20700 loss=-0.863607
epoch=8/12 iter=20800 loss=-0.918188
epoch=8/12 iter=20900 loss=-0.830807
epoch=8/12 iter=21000 loss=-0.796878
epoch=8/12 iter=21100 loss=-0.883947
epoch=8/12 iter=21200 loss=-0.690289
epoch=8/12 iter=21300 loss=-0.750572
epoch=8/12 iter=21400 loss=-0.776925
epoch=8/12 iter=21500 loss=-0.778603
epoch=8/12 iter=21600 loss=-0.793879
epoch=8/12 iter=21700 loss=-0.683309
epoch=8/12 iter=21800 loss=-0.726097
epoch=8/12 iter=21900 loss=-0.755569
epoch=8/12 iter=22000 loss=-0.822253
epoch=8/12 iter=22100 loss=-0.905448
epoch=8/12 iter=22200 loss=-0.798344
epoch=8/12 iter=22300 loss=-0.678820
epoch=8/12 iter=22400 loss=-0.812977
epoch=8/12 train_loss=-0.792234 valid_loss=-0.929845
/home/likc/.conda/envs/capd/lib/python3.7/site-packages/torch/nn/modules/module.py:1433: UserWarning: Positional args are being deprecated, use kwargs instead. Refer to https://pytorch.org/docs/master/generated/torch.nn.Module.html#torch.nn.Module.state_dict for details.
  "Positional args are being deprecated, use kwargs instead. Refer to "
epoch=9/12 iter=22500 loss=-0.736461
epoch=9/12 iter=22600 loss=-0.783533
epoch=9/12 iter=22700 loss=-0.763050
epoch=9/12 iter=22800 loss=-0.848178
epoch=9/12 iter=22900 loss=-0.844048
epoch=9/12 iter=23000 loss=-0.785430
epoch=9/12 iter=23100 loss=-0.790556
epoch=9/12 iter=23200 loss=-0.763384
epoch=9/12 iter=23300 loss=-0.769154
epoch=9/12 iter=23400 loss=-0.854726
epoch=9/12 iter=23500 loss=-0.754985
epoch=9/12 iter=23600 loss=-0.696942
epoch=9/12 iter=23700 loss=-0.908383
epoch=9/12 iter=23800 loss=-0.670336
epoch=9/12 iter=23900 loss=-0.734308
epoch=9/12 iter=24000 loss=-0.892213
epoch=9/12 iter=24100 loss=-0.768835
epoch=9/12 iter=24200 loss=-0.690645
epoch=9/12 iter=24300 loss=-0.770752
epoch=9/12 iter=24400 loss=-0.767919
epoch=9/12 iter=24500 loss=-0.799935
epoch=9/12 iter=24600 loss=-0.885706
epoch=9/12 iter=24700 loss=-0.726204
epoch=9/12 iter=24800 loss=-0.763769
epoch=9/12 iter=24900 loss=-0.849100
epoch=9/12 iter=25000 loss=-0.766747
epoch=9/12 iter=25100 loss=-0.809666
epoch=9/12 iter=25200 loss=-0.793704
epoch=9/12 train_loss=-0.792741 valid_loss=-0.929985
/home/likc/.conda/envs/capd/lib/python3.7/site-packages/torch/nn/modules/module.py:1433: UserWarning: Positional args are being deprecated, use kwargs instead. Refer to https://pytorch.org/docs/master/generated/torch.nn.Module.html#torch.nn.Module.state_dict for details.
  "Positional args are being deprecated, use kwargs instead. Refer to "
epoch=10/12 iter=25300 loss=-0.853675
epoch=10/12 iter=25400 loss=-0.797799
epoch=10/12 iter=25500 loss=-0.766408
epoch=10/12 iter=25600 loss=-0.786306
epoch=10/12 iter=25700 loss=-0.804084
epoch=10/12 iter=25800 loss=-0.783835
epoch=10/12 iter=25900 loss=-0.729577
epoch=10/12 iter=26000 loss=-0.798772
epoch=10/12 iter=26100 loss=-0.796036
epoch=10/12 iter=26200 loss=-0.758538
epoch=10/12 iter=26300 loss=-0.822237
epoch=10/12 iter=26400 loss=-0.916384
epoch=10/12 iter=26500 loss=-0.729052
epoch=10/12 iter=26600 loss=-0.860986
epoch=10/12 iter=26700 loss=-0.855196
epoch=10/12 iter=26800 loss=-0.767941
epoch=10/12 iter=26900 loss=-0.779379
epoch=10/12 iter=27000 loss=-0.916608
epoch=10/12 iter=27100 loss=-0.862919
epoch=10/12 iter=27200 loss=-0.732102
epoch=10/12 iter=27300 loss=-0.757215
epoch=10/12 iter=27400 loss=-0.881248
epoch=10/12 iter=27500 loss=-0.754631
epoch=10/12 iter=27600 loss=-0.703064
epoch=10/12 iter=27700 loss=-0.826377
epoch=10/12 iter=27800 loss=-0.677455
epoch=10/12 iter=27900 loss=-0.795884
epoch=10/12 iter=28000 loss=-0.726680
epoch=10/12 train_loss=-0.793243 valid_loss=-0.930406
/home/likc/.conda/envs/capd/lib/python3.7/site-packages/torch/nn/modules/module.py:1433: UserWarning: Positional args are being deprecated, use kwargs instead. Refer to https://pytorch.org/docs/master/generated/torch.nn.Module.html#torch.nn.Module.state_dict for details.
  "Positional args are being deprecated, use kwargs instead. Refer to "
epoch=11/12 iter=28100 loss=-0.765239
epoch=11/12 iter=28200 loss=-0.761928
epoch=11/12 iter=28300 loss=-0.858231
epoch=11/12 iter=28400 loss=-0.789883
epoch=11/12 iter=28500 loss=-0.886318
epoch=11/12 iter=28600 loss=-0.711794
epoch=11/12 iter=28700 loss=-0.739245
epoch=11/12 iter=28800 loss=-0.814347
epoch=11/12 iter=28900 loss=-0.794333
epoch=11/12 iter=29000 loss=-0.817889
epoch=11/12 iter=29100 loss=-0.818411
epoch=11/12 iter=29200 loss=-0.834943
epoch=11/12 iter=29300 loss=-0.883403
epoch=11/12 iter=29400 loss=-0.797089
epoch=11/12 iter=29500 loss=-0.803458
epoch=11/12 iter=29600 loss=-0.742092
epoch=11/12 iter=29700 loss=-0.797955
epoch=11/12 iter=29800 loss=-0.771307
epoch=11/12 iter=29900 loss=-0.849537
epoch=11/12 iter=30000 loss=-0.772565
epoch=11/12 iter=30100 loss=-0.793746
epoch=11/12 iter=30200 loss=-0.919541
epoch=11/12 iter=30300 loss=-0.821888
epoch=11/12 iter=30400 loss=-0.863743
epoch=11/12 iter=30500 loss=-0.795794
epoch=11/12 iter=30600 loss=-0.753603
epoch=11/12 iter=30700 loss=-0.890093
epoch=11/12 iter=30800 loss=-0.742102
epoch=11/12 train_loss=-0.793760 valid_loss=-0.931761
/home/likc/.conda/envs/capd/lib/python3.7/site-packages/torch/nn/modules/module.py:1433: UserWarning: Positional args are being deprecated, use kwargs instead. Refer to https://pytorch.org/docs/master/generated/torch.nn.Module.html#torch.nn.Module.state_dict for details.
  "Positional args are being deprecated, use kwargs instead. Refer to "
epoch=12/12 iter=30900 loss=-0.700799
epoch=12/12 iter=31000 loss=-0.829936
epoch=12/12 iter=31100 loss=-0.782542
epoch=12/12 iter=31200 loss=-0.709318
epoch=12/12 iter=31300 loss=-0.820643
epoch=12/12 iter=31400 loss=-0.828993
epoch=12/12 iter=31500 loss=-0.805404
epoch=12/12 iter=31600 loss=-0.819409
epoch=12/12 iter=31700 loss=-0.797774
epoch=12/12 iter=31800 loss=-0.924487
epoch=12/12 iter=31900 loss=-0.690285
epoch=12/12 iter=32000 loss=-0.836906
epoch=12/12 iter=32100 loss=-0.827479
epoch=12/12 iter=32200 loss=-0.697225
epoch=12/12 iter=32300 loss=-0.759882
epoch=12/12 iter=32400 loss=-0.864998
epoch=12/12 iter=32500 loss=-0.673014
epoch=12/12 iter=32600 loss=-0.820739
epoch=12/12 iter=32700 loss=-0.729899
epoch=12/12 iter=32800 loss=-0.605367
epoch=12/12 iter=32900 loss=-0.807057
epoch=12/12 iter=33000 loss=-0.797148
epoch=12/12 iter=33100 loss=-0.850388
epoch=12/12 iter=33200 loss=-0.809040
epoch=12/12 iter=33300 loss=-0.800155
epoch=12/12 iter=33400 loss=-0.729955
epoch=12/12 iter=33500 loss=-0.928549
epoch=12/12 iter=33600 loss=-0.877706
epoch=12/12 train_loss=-0.794342 valid_loss=-0.931845
Training finished. best=/home/likc/Q-former-for-OS/outputs/capd_proactive_stage4_stage7/stage4-stage7-unified-r2/checkpoints/opt-steady/seed_3136859/qmap_best.pth last=/home/likc/Q-former-for-OS/outputs/capd_proactive_stage4_stage7/stage4-stage7-unified-r2/checkpoints/opt-steady/seed_3136859/qmap_last.pth
/home/likc/.conda/envs/capd/lib/python3.7/site-packages/torch/nn/modules/module.py:1433: UserWarning: Positional args are being deprecated, use kwargs instead. Refer to https://pytorch.org/docs/master/generated/torch.nn.Module.html#torch.nn.Module.state_dict for details.
  "Positional args are being deprecated, use kwargs instead. Refer to "
