QMAP training: train=/home/likc/Q-former-for-OS/outputs/capd_proactive_stage4_stage7/stage4-stage7-unified-r1/datasets/da0dab0afec1945a70ef/all_train.jsonl valid=/home/likc/Q-former-for-OS/outputs/capd_proactive_stage4_stage7/stage4-stage7-unified-r1/datasets/da0dab0afec1945a70ef/all_validation.jsonl samples=89651/14469 device=cuda
epoch=1/8 iter=1 loss=-0.624461
epoch=1/8 iter=100 loss=-0.636485
epoch=1/8 iter=200 loss=-0.652902
epoch=1/8 iter=300 loss=-0.729335
epoch=1/8 iter=400 loss=-0.635856
epoch=1/8 iter=500 loss=-0.749041
epoch=1/8 iter=600 loss=-0.744331
epoch=1/8 iter=700 loss=-0.791071
epoch=1/8 iter=800 loss=-0.738588
epoch=1/8 iter=900 loss=-0.808589
epoch=1/8 iter=1000 loss=-0.781538
epoch=1/8 iter=1100 loss=-0.794634
epoch=1/8 iter=1200 loss=-0.715113
epoch=1/8 iter=1300 loss=-0.751105
epoch=1/8 iter=1400 loss=-0.794006
epoch=1/8 iter=1500 loss=-0.783989
epoch=1/8 iter=1600 loss=-0.656990
epoch=1/8 iter=1700 loss=-0.833923
epoch=1/8 iter=1800 loss=-0.686277
epoch=1/8 iter=1900 loss=-0.789655
epoch=1/8 iter=2000 loss=-0.702068
epoch=1/8 iter=2100 loss=-0.847750
epoch=1/8 iter=2200 loss=-0.766605
epoch=1/8 iter=2300 loss=-0.895802
epoch=1/8 iter=2400 loss=-0.723901
epoch=1/8 iter=2500 loss=-0.751372
epoch=1/8 iter=2600 loss=-0.859347
epoch=1/8 iter=2700 loss=-0.687627
epoch=1/8 iter=2800 loss=-0.728914
epoch=1/8 train_loss=-0.765860 valid_loss=-0.923283
/home/likc/.conda/envs/capd/lib/python3.7/site-packages/torch/nn/modules/module.py:1433: UserWarning: Positional args are being deprecated, use kwargs instead. Refer to https://pytorch.org/docs/master/generated/torch.nn.Module.html#torch.nn.Module.state_dict for details.
  "Positional args are being deprecated, use kwargs instead. Refer to "
epoch=2/8 iter=2900 loss=-0.820233
epoch=2/8 iter=3000 loss=-0.809770
epoch=2/8 iter=3100 loss=-0.733313
epoch=2/8 iter=3200 loss=-0.717203
epoch=2/8 iter=3300 loss=-0.845250
epoch=2/8 iter=3400 loss=-0.873475
epoch=2/8 iter=3500 loss=-0.793964
epoch=2/8 iter=3600 loss=-0.916085
epoch=2/8 iter=3700 loss=-0.720809
epoch=2/8 iter=3800 loss=-0.824700
epoch=2/8 iter=3900 loss=-0.719540
epoch=2/8 iter=4000 loss=-0.731999
epoch=2/8 iter=4100 loss=-0.797827
epoch=2/8 iter=4200 loss=-0.738544
epoch=2/8 iter=4300 loss=-0.853692
epoch=2/8 iter=4400 loss=-0.724986
epoch=2/8 iter=4500 loss=-0.733657
epoch=2/8 iter=4600 loss=-0.821111
epoch=2/8 iter=4700 loss=-0.858378
epoch=2/8 iter=4800 loss=-0.739474
epoch=2/8 iter=4900 loss=-0.776714
epoch=2/8 iter=5000 loss=-0.763665
epoch=2/8 iter=5100 loss=-0.883374
epoch=2/8 iter=5200 loss=-0.760020
epoch=2/8 iter=5300 loss=-0.819040
epoch=2/8 iter=5400 loss=-0.853740
epoch=2/8 iter=5500 loss=-0.892116
epoch=2/8 iter=5600 loss=-0.723700
epoch=2/8 train_loss=-0.783329 valid_loss=-0.924155
/home/likc/.conda/envs/capd/lib/python3.7/site-packages/torch/nn/modules/module.py:1433: UserWarning: Positional args are being deprecated, use kwargs instead. Refer to https://pytorch.org/docs/master/generated/torch.nn.Module.html#torch.nn.Module.state_dict for details.
  "Positional args are being deprecated, use kwargs instead. Refer to "
epoch=3/8 iter=5700 loss=-0.670321
epoch=3/8 iter=5800 loss=-0.807868
epoch=3/8 iter=5900 loss=-0.803323
epoch=3/8 iter=6000 loss=-0.761529
epoch=3/8 iter=6100 loss=-0.666511
epoch=3/8 iter=6200 loss=-0.760447
epoch=3/8 iter=6300 loss=-0.885239
epoch=3/8 iter=6400 loss=-0.737805
epoch=3/8 iter=6500 loss=-0.757030
epoch=3/8 iter=6600 loss=-0.763837
epoch=3/8 iter=6700 loss=-0.876412
epoch=3/8 iter=6800 loss=-0.748067
epoch=3/8 iter=6900 loss=-0.844526
epoch=3/8 iter=7000 loss=-0.760464
epoch=3/8 iter=7100 loss=-0.854070
epoch=3/8 iter=7200 loss=-0.753674
epoch=3/8 iter=7300 loss=-0.754867
epoch=3/8 iter=7400 loss=-0.685436
epoch=3/8 iter=7500 loss=-0.818298
epoch=3/8 iter=7600 loss=-0.753932
epoch=3/8 iter=7700 loss=-0.876918
epoch=3/8 iter=7800 loss=-0.879072
epoch=3/8 iter=7900 loss=-0.779104
epoch=3/8 iter=8000 loss=-0.729004
epoch=3/8 iter=8100 loss=-0.822684
epoch=3/8 iter=8200 loss=-0.770412
epoch=3/8 iter=8300 loss=-0.768916
epoch=3/8 iter=8400 loss=-0.707353
epoch=3/8 train_loss=-0.786339 valid_loss=-0.927862
/home/likc/.conda/envs/capd/lib/python3.7/site-packages/torch/nn/modules/module.py:1433: UserWarning: Positional args are being deprecated, use kwargs instead. Refer to https://pytorch.org/docs/master/generated/torch.nn.Module.html#torch.nn.Module.state_dict for details.
  "Positional args are being deprecated, use kwargs instead. Refer to "
epoch=4/8 iter=8500 loss=-0.715697
epoch=4/8 iter=8600 loss=-0.802605
epoch=4/8 iter=8700 loss=-0.788381
epoch=4/8 iter=8800 loss=-0.848750
epoch=4/8 iter=8900 loss=-0.728874
epoch=4/8 iter=9000 loss=-0.754950
epoch=4/8 iter=9100 loss=-0.697428
epoch=4/8 iter=9200 loss=-0.854651
epoch=4/8 iter=9300 loss=-0.668898
epoch=4/8 iter=9400 loss=-0.767311
epoch=4/8 iter=9500 loss=-0.750464
epoch=4/8 iter=9600 loss=-0.730830
epoch=4/8 iter=9700 loss=-0.802109
epoch=4/8 iter=9800 loss=-0.805771
epoch=4/8 iter=9900 loss=-0.817273
epoch=4/8 iter=10000 loss=-0.912109
epoch=4/8 iter=10100 loss=-0.812878
epoch=4/8 iter=10200 loss=-0.748595
epoch=4/8 iter=10300 loss=-0.782572
epoch=4/8 iter=10400 loss=-0.796407
epoch=4/8 iter=10500 loss=-0.791891
epoch=4/8 iter=10600 loss=-0.800297
epoch=4/8 iter=10700 loss=-0.737339
epoch=4/8 iter=10800 loss=-0.738338
epoch=4/8 iter=10900 loss=-0.754985
epoch=4/8 iter=11000 loss=-0.829228
epoch=4/8 iter=11100 loss=-0.760001
epoch=4/8 iter=11200 loss=-0.859002
epoch=4/8 train_loss=-0.788559 valid_loss=-0.928392
/home/likc/.conda/envs/capd/lib/python3.7/site-packages/torch/nn/modules/module.py:1433: UserWarning: Positional args are being deprecated, use kwargs instead. Refer to https://pytorch.org/docs/master/generated/torch.nn.Module.html#torch.nn.Module.state_dict for details.
  "Positional args are being deprecated, use kwargs instead. Refer to "
epoch=5/8 iter=11300 loss=-0.708760
epoch=5/8 iter=11400 loss=-0.851663
epoch=5/8 iter=11500 loss=-0.789894
epoch=5/8 iter=11600 loss=-0.783552
epoch=5/8 iter=11700 loss=-0.772240
epoch=5/8 iter=11800 loss=-0.790267
epoch=5/8 iter=11900 loss=-0.799800
epoch=5/8 iter=12000 loss=-0.784103
epoch=5/8 iter=12100 loss=-0.881087
epoch=5/8 iter=12200 loss=-0.758384
epoch=5/8 iter=12300 loss=-0.939609
epoch=5/8 iter=12400 loss=-0.761935
epoch=5/8 iter=12500 loss=-0.724452
epoch=5/8 iter=12600 loss=-0.696671
epoch=5/8 iter=12700 loss=-0.803068
epoch=5/8 iter=12800 loss=-0.796594
epoch=5/8 iter=12900 loss=-0.794274
epoch=5/8 iter=13000 loss=-0.670015
epoch=5/8 iter=13100 loss=-0.725114
epoch=5/8 iter=13200 loss=-0.730578
epoch=5/8 iter=13300 loss=-0.896589
epoch=5/8 iter=13400 loss=-0.708477
epoch=5/8 iter=13500 loss=-0.703297
epoch=5/8 iter=13600 loss=-0.598118
epoch=5/8 iter=13700 loss=-0.853634
epoch=5/8 iter=13800 loss=-0.848656
epoch=5/8 iter=13900 loss=-0.904718
epoch=5/8 iter=14000 loss=-0.827991
epoch=5/8 train_loss=-0.789449 valid_loss=-0.929182
/home/likc/.conda/envs/capd/lib/python3.7/site-packages/torch/nn/modules/module.py:1433: UserWarning: Positional args are being deprecated, use kwargs instead. Refer to https://pytorch.org/docs/master/generated/torch.nn.Module.html#torch.nn.Module.state_dict for details.
  "Positional args are being deprecated, use kwargs instead. Refer to "
epoch=6/8 iter=14100 loss=-0.705241
epoch=6/8 iter=14200 loss=-0.828815
epoch=6/8 iter=14300 loss=-0.740803
epoch=6/8 iter=14400 loss=-0.814914
epoch=6/8 iter=14500 loss=-0.804331
epoch=6/8 iter=14600 loss=-0.765626
epoch=6/8 iter=14700 loss=-0.813411
epoch=6/8 iter=14800 loss=-0.792557
epoch=6/8 iter=14900 loss=-0.858553
epoch=6/8 iter=15000 loss=-0.874329
epoch=6/8 iter=15100 loss=-0.887165
epoch=6/8 iter=15200 loss=-0.756454
epoch=6/8 iter=15300 loss=-0.731380
epoch=6/8 iter=15400 loss=-0.822074
epoch=6/8 iter=15500 loss=-0.845999
epoch=6/8 iter=15600 loss=-0.825022
epoch=6/8 iter=15700 loss=-0.824572
epoch=6/8 iter=15800 loss=-0.825229
epoch=6/8 iter=15900 loss=-0.690854
epoch=6/8 iter=16000 loss=-0.797893
epoch=6/8 iter=16100 loss=-0.575950
epoch=6/8 iter=16200 loss=-0.762670
epoch=6/8 iter=16300 loss=-0.811938
epoch=6/8 iter=16400 loss=-0.823293
epoch=6/8 iter=16500 loss=-0.886944
epoch=6/8 iter=16600 loss=-0.672899
epoch=6/8 iter=16700 loss=-0.861229
epoch=6/8 iter=16800 loss=-0.783805
epoch=6/8 train_loss=-0.790439 valid_loss=-0.927547
/home/likc/.conda/envs/capd/lib/python3.7/site-packages/torch/nn/modules/module.py:1433: UserWarning: Positional args are being deprecated, use kwargs instead. Refer to https://pytorch.org/docs/master/generated/torch.nn.Module.html#torch.nn.Module.state_dict for details.
  "Positional args are being deprecated, use kwargs instead. Refer to "
epoch=7/8 iter=16900 loss=-0.819238
epoch=7/8 iter=17000 loss=-0.831602
epoch=7/8 iter=17100 loss=-0.813344
epoch=7/8 iter=17200 loss=-0.888186
epoch=7/8 iter=17300 loss=-0.730712
epoch=7/8 iter=17400 loss=-0.646631
epoch=7/8 iter=17500 loss=-0.690786
epoch=7/8 iter=17600 loss=-0.756072
epoch=7/8 iter=17700 loss=-0.887729
epoch=7/8 iter=17800 loss=-0.708527
epoch=7/8 iter=17900 loss=-0.887615
epoch=7/8 iter=18000 loss=-0.794119
epoch=7/8 iter=18100 loss=-0.736846
epoch=7/8 iter=18200 loss=-0.821402
epoch=7/8 iter=18300 loss=-0.817505
epoch=7/8 iter=18400 loss=-0.725288
epoch=7/8 iter=18500 loss=-0.765735
epoch=7/8 iter=18600 loss=-0.797798
epoch=7/8 iter=18700 loss=-0.885694
epoch=7/8 iter=18800 loss=-0.736477
epoch=7/8 iter=18900 loss=-0.794843
epoch=7/8 iter=19000 loss=-0.857481
epoch=7/8 iter=19100 loss=-0.666237
epoch=7/8 iter=19200 loss=-0.830139
epoch=7/8 iter=19300 loss=-0.817468
epoch=7/8 iter=19400 loss=-0.785191
epoch=7/8 iter=19500 loss=-0.786253
epoch=7/8 iter=19600 loss=-0.766823
epoch=7/8 train_loss=-0.791217 valid_loss=-0.931227
/home/likc/.conda/envs/capd/lib/python3.7/site-packages/torch/nn/modules/module.py:1433: UserWarning: Positional args are being deprecated, use kwargs instead. Refer to https://pytorch.org/docs/master/generated/torch.nn.Module.html#torch.nn.Module.state_dict for details.
  "Positional args are being deprecated, use kwargs instead. Refer to "
epoch=8/8 iter=19700 loss=-0.801882
epoch=8/8 iter=19800 loss=-0.731761
epoch=8/8 iter=19900 loss=-0.820308
epoch=8/8 iter=20000 loss=-0.802930
epoch=8/8 iter=20100 loss=-0.799826
epoch=8/8 iter=20200 loss=-0.790961
epoch=8/8 iter=20300 loss=-0.884085
epoch=8/8 iter=20400 loss=-0.884119
epoch=8/8 iter=20500 loss=-0.733913
epoch=8/8 iter=20600 loss=-0.659364
epoch=8/8 iter=20700 loss=-0.727043
epoch=8/8 iter=20800 loss=-0.864020
epoch=8/8 iter=20900 loss=-0.789582
epoch=8/8 iter=21000 loss=-0.875105
epoch=8/8 iter=21100 loss=-0.729202
epoch=8/8 iter=21200 loss=-0.711035
epoch=8/8 iter=21300 loss=-0.846690
epoch=8/8 iter=21400 loss=-0.857889
epoch=8/8 iter=21500 loss=-0.742776
epoch=8/8 iter=21600 loss=-0.798522
epoch=8/8 iter=21700 loss=-0.720106
epoch=8/8 iter=21800 loss=-0.858880
epoch=8/8 iter=21900 loss=-0.941357
epoch=8/8 iter=22000 loss=-0.751577
epoch=8/8 iter=22100 loss=-0.861269
epoch=8/8 iter=22200 loss=-0.769005
epoch=8/8 iter=22300 loss=-0.771788
epoch=8/8 iter=22400 loss=-0.811111
epoch=8/8 train_loss=-0.791919 valid_loss=-0.930052
Training finished. best=/home/likc/Q-former-for-OS/outputs/capd_proactive_stage4_stage7/stage4-stage7-unified-r2/checkpoints/opt-balanced/seed_2026/qmap_best.pth last=/home/likc/Q-former-for-OS/outputs/capd_proactive_stage4_stage7/stage4-stage7-unified-r2/checkpoints/opt-balanced/seed_2026/qmap_last.pth
/home/likc/.conda/envs/capd/lib/python3.7/site-packages/torch/nn/modules/module.py:1433: UserWarning: Positional args are being deprecated, use kwargs instead. Refer to https://pytorch.org/docs/master/generated/torch.nn.Module.html#torch.nn.Module.state_dict for details.
  "Positional args are being deprecated, use kwargs instead. Refer to "
