QMAP training: train=/home/likc/Q-former-for-OS/outputs/capd_proactive_stage4_stage7/stage4-stage7-unified-r1/datasets/da0dab0afec1945a70ef/all_train.jsonl valid=/home/likc/Q-former-for-OS/outputs/capd_proactive_stage4_stage7/stage4-stage7-unified-r1/datasets/da0dab0afec1945a70ef/all_validation.jsonl samples=89651/14469 device=cuda
epoch=1/8 iter=1 loss=-0.631760
epoch=1/8 iter=100 loss=-0.608707
epoch=1/8 iter=200 loss=-0.604376
epoch=1/8 iter=300 loss=-0.740984
epoch=1/8 iter=400 loss=-0.784365
epoch=1/8 iter=500 loss=-0.782338
epoch=1/8 iter=600 loss=-0.745295
epoch=1/8 iter=700 loss=-0.748942
epoch=1/8 iter=800 loss=-0.831825
epoch=1/8 iter=900 loss=-0.627017
epoch=1/8 iter=1000 loss=-0.757412
epoch=1/8 iter=1100 loss=-0.835668
epoch=1/8 iter=1200 loss=-0.808072
epoch=1/8 iter=1300 loss=-0.840027
epoch=1/8 iter=1400 loss=-0.686617
epoch=1/8 iter=1500 loss=-0.823784
epoch=1/8 iter=1600 loss=-0.681331
epoch=1/8 iter=1700 loss=-0.843881
epoch=1/8 iter=1800 loss=-0.644454
epoch=1/8 iter=1900 loss=-0.699679
epoch=1/8 iter=2000 loss=-0.667000
epoch=1/8 iter=2100 loss=-0.794010
epoch=1/8 iter=2200 loss=-0.645141
epoch=1/8 iter=2300 loss=-0.809030
epoch=1/8 iter=2400 loss=-0.780677
epoch=1/8 iter=2500 loss=-0.844981
epoch=1/8 iter=2600 loss=-0.764435
epoch=1/8 iter=2700 loss=-0.904300
epoch=1/8 iter=2800 loss=-0.737697
epoch=1/8 train_loss=-0.756990 valid_loss=-0.919621
/home/likc/.conda/envs/capd/lib/python3.7/site-packages/torch/nn/modules/module.py:1433: UserWarning: Positional args are being deprecated, use kwargs instead. Refer to https://pytorch.org/docs/master/generated/torch.nn.Module.html#torch.nn.Module.state_dict for details.
  "Positional args are being deprecated, use kwargs instead. Refer to "
epoch=2/8 iter=2900 loss=-0.772385
epoch=2/8 iter=3000 loss=-0.799775
epoch=2/8 iter=3100 loss=-0.777575
epoch=2/8 iter=3200 loss=-0.656929
epoch=2/8 iter=3300 loss=-0.820157
epoch=2/8 iter=3400 loss=-0.883882
epoch=2/8 iter=3500 loss=-0.660466
epoch=2/8 iter=3600 loss=-0.799616
epoch=2/8 iter=3700 loss=-0.702774
epoch=2/8 iter=3800 loss=-0.856033
epoch=2/8 iter=3900 loss=-0.662225
epoch=2/8 iter=4000 loss=-0.838518
epoch=2/8 iter=4100 loss=-0.787575
epoch=2/8 iter=4200 loss=-0.828207
epoch=2/8 iter=4300 loss=-0.881632
epoch=2/8 iter=4400 loss=-0.870677
epoch=2/8 iter=4500 loss=-0.708347
epoch=2/8 iter=4600 loss=-0.778855
epoch=2/8 iter=4700 loss=-0.785956
epoch=2/8 iter=4800 loss=-0.731116
epoch=2/8 iter=4900 loss=-0.719178
epoch=2/8 iter=5000 loss=-0.784700
epoch=2/8 iter=5100 loss=-0.660694
epoch=2/8 iter=5200 loss=-0.515820
epoch=2/8 iter=5300 loss=-0.740797
epoch=2/8 iter=5400 loss=-0.728210
epoch=2/8 iter=5500 loss=-0.730369
epoch=2/8 iter=5600 loss=-0.848365
epoch=2/8 train_loss=-0.779754 valid_loss=-0.920687
/home/likc/.conda/envs/capd/lib/python3.7/site-packages/torch/nn/modules/module.py:1433: UserWarning: Positional args are being deprecated, use kwargs instead. Refer to https://pytorch.org/docs/master/generated/torch.nn.Module.html#torch.nn.Module.state_dict for details.
  "Positional args are being deprecated, use kwargs instead. Refer to "
epoch=3/8 iter=5700 loss=-0.747453
epoch=3/8 iter=5800 loss=-0.831757
epoch=3/8 iter=5900 loss=-0.847565
epoch=3/8 iter=6000 loss=-0.695670
epoch=3/8 iter=6100 loss=-0.814389
epoch=3/8 iter=6200 loss=-0.766252
epoch=3/8 iter=6300 loss=-0.694376
epoch=3/8 iter=6400 loss=-0.775360
epoch=3/8 iter=6500 loss=-0.752048
epoch=3/8 iter=6600 loss=-0.708127
epoch=3/8 iter=6700 loss=-0.796448
epoch=3/8 iter=6800 loss=-0.811867
epoch=3/8 iter=6900 loss=-0.706686
epoch=3/8 iter=7000 loss=-0.875444
epoch=3/8 iter=7100 loss=-0.854311
epoch=3/8 iter=7200 loss=-0.824866
epoch=3/8 iter=7300 loss=-0.640755
epoch=3/8 iter=7400 loss=-0.851434
epoch=3/8 iter=7500 loss=-0.911884
epoch=3/8 iter=7600 loss=-0.813778
epoch=3/8 iter=7700 loss=-0.802472
epoch=3/8 iter=7800 loss=-0.846015
epoch=3/8 iter=7900 loss=-0.845076
epoch=3/8 iter=8000 loss=-0.908778
epoch=3/8 iter=8100 loss=-0.832839
epoch=3/8 iter=8200 loss=-0.802490
epoch=3/8 iter=8300 loss=-0.886473
epoch=3/8 iter=8400 loss=-0.787362
epoch=3/8 train_loss=-0.784829 valid_loss=-0.927612
/home/likc/.conda/envs/capd/lib/python3.7/site-packages/torch/nn/modules/module.py:1433: UserWarning: Positional args are being deprecated, use kwargs instead. Refer to https://pytorch.org/docs/master/generated/torch.nn.Module.html#torch.nn.Module.state_dict for details.
  "Positional args are being deprecated, use kwargs instead. Refer to "
epoch=4/8 iter=8500 loss=-0.842423
epoch=4/8 iter=8600 loss=-0.782607
epoch=4/8 iter=8700 loss=-0.699260
epoch=4/8 iter=8800 loss=-0.790676
epoch=4/8 iter=8900 loss=-0.698032
epoch=4/8 iter=9000 loss=-0.760812
epoch=4/8 iter=9100 loss=-0.822577
epoch=4/8 iter=9200 loss=-0.665612
epoch=4/8 iter=9300 loss=-0.857683
epoch=4/8 iter=9400 loss=-0.797100
epoch=4/8 iter=9500 loss=-0.760250
epoch=4/8 iter=9600 loss=-0.735110
epoch=4/8 iter=9700 loss=-0.701571
epoch=4/8 iter=9800 loss=-0.757652
epoch=4/8 iter=9900 loss=-0.723364
epoch=4/8 iter=10000 loss=-0.812671
epoch=4/8 iter=10100 loss=-0.679815
epoch=4/8 iter=10200 loss=-0.786901
epoch=4/8 iter=10300 loss=-0.862123
epoch=4/8 iter=10400 loss=-0.820868
epoch=4/8 iter=10500 loss=-0.770308
epoch=4/8 iter=10600 loss=-0.806545
epoch=4/8 iter=10700 loss=-0.805487
epoch=4/8 iter=10800 loss=-0.727374
epoch=4/8 iter=10900 loss=-0.822309
epoch=4/8 iter=11000 loss=-0.832061
epoch=4/8 iter=11100 loss=-0.793999
epoch=4/8 iter=11200 loss=-0.817640
epoch=4/8 train_loss=-0.790702 valid_loss=-0.929304
/home/likc/.conda/envs/capd/lib/python3.7/site-packages/torch/nn/modules/module.py:1433: UserWarning: Positional args are being deprecated, use kwargs instead. Refer to https://pytorch.org/docs/master/generated/torch.nn.Module.html#torch.nn.Module.state_dict for details.
  "Positional args are being deprecated, use kwargs instead. Refer to "
epoch=5/8 iter=11300 loss=-0.833211
epoch=5/8 iter=11400 loss=-0.886327
epoch=5/8 iter=11500 loss=-0.771838
epoch=5/8 iter=11600 loss=-0.763107
epoch=5/8 iter=11700 loss=-0.878625
epoch=5/8 iter=11800 loss=-0.855532
epoch=5/8 iter=11900 loss=-0.796729
epoch=5/8 iter=12000 loss=-0.732335
epoch=5/8 iter=12100 loss=-0.736634
epoch=5/8 iter=12200 loss=-0.824186
epoch=5/8 iter=12300 loss=-0.847545
epoch=5/8 iter=12400 loss=-0.929849
epoch=5/8 iter=12500 loss=-0.619466
epoch=5/8 iter=12600 loss=-0.834090
epoch=5/8 iter=12700 loss=-0.887503
epoch=5/8 iter=12800 loss=-0.841946
epoch=5/8 iter=12900 loss=-0.800667
epoch=5/8 iter=13000 loss=-0.853516
epoch=5/8 iter=13100 loss=-0.859919
epoch=5/8 iter=13200 loss=-0.781123
epoch=5/8 iter=13300 loss=-0.755861
epoch=5/8 iter=13400 loss=-0.708353
epoch=5/8 iter=13500 loss=-0.836689
epoch=5/8 iter=13600 loss=-0.809249
epoch=5/8 iter=13700 loss=-0.821442
epoch=5/8 iter=13800 loss=-0.829819
epoch=5/8 iter=13900 loss=-0.890618
epoch=5/8 iter=14000 loss=-0.859573
epoch=5/8 train_loss=-0.792270 valid_loss=-0.928869
/home/likc/.conda/envs/capd/lib/python3.7/site-packages/torch/nn/modules/module.py:1433: UserWarning: Positional args are being deprecated, use kwargs instead. Refer to https://pytorch.org/docs/master/generated/torch.nn.Module.html#torch.nn.Module.state_dict for details.
  "Positional args are being deprecated, use kwargs instead. Refer to "
epoch=6/8 iter=14100 loss=-0.861035
epoch=6/8 iter=14200 loss=-0.854136
epoch=6/8 iter=14300 loss=-0.789673
epoch=6/8 iter=14400 loss=-0.771853
epoch=6/8 iter=14500 loss=-0.820252
epoch=6/8 iter=14600 loss=-0.730618
epoch=6/8 iter=14700 loss=-0.883734
epoch=6/8 iter=14800 loss=-0.847165
epoch=6/8 iter=14900 loss=-0.727333
epoch=6/8 iter=15000 loss=-0.508410
epoch=6/8 iter=15100 loss=-0.764504
epoch=6/8 iter=15200 loss=-0.825630
epoch=6/8 iter=15300 loss=-0.755406
epoch=6/8 iter=15400 loss=-0.777716
epoch=6/8 iter=15500 loss=-0.733025
epoch=6/8 iter=15600 loss=-0.851157
epoch=6/8 iter=15700 loss=-0.733820
epoch=6/8 iter=15800 loss=-0.919282
epoch=6/8 iter=15900 loss=-0.704780
epoch=6/8 iter=16000 loss=-0.798180
epoch=6/8 iter=16100 loss=-0.726848
epoch=6/8 iter=16200 loss=-0.800936
epoch=6/8 iter=16300 loss=-0.756896
epoch=6/8 iter=16400 loss=-0.762855
epoch=6/8 iter=16500 loss=-0.731113
epoch=6/8 iter=16600 loss=-0.890102
epoch=6/8 iter=16700 loss=-0.787276
epoch=6/8 iter=16800 loss=-0.801052
epoch=6/8 train_loss=-0.792859 valid_loss=-0.929446
/home/likc/.conda/envs/capd/lib/python3.7/site-packages/torch/nn/modules/module.py:1433: UserWarning: Positional args are being deprecated, use kwargs instead. Refer to https://pytorch.org/docs/master/generated/torch.nn.Module.html#torch.nn.Module.state_dict for details.
  "Positional args are being deprecated, use kwargs instead. Refer to "
epoch=7/8 iter=16900 loss=-0.864192
epoch=7/8 iter=17000 loss=-0.769533
epoch=7/8 iter=17100 loss=-0.798397
epoch=7/8 iter=17200 loss=-0.755753
epoch=7/8 iter=17300 loss=-0.855644
epoch=7/8 iter=17400 loss=-0.735998
epoch=7/8 iter=17500 loss=-0.740207
epoch=7/8 iter=17600 loss=-0.931046
epoch=7/8 iter=17700 loss=-0.819388
epoch=7/8 iter=17800 loss=-0.855740
epoch=7/8 iter=17900 loss=-0.739749
epoch=7/8 iter=18000 loss=-0.865394
epoch=7/8 iter=18100 loss=-0.614291
epoch=7/8 iter=18200 loss=-0.760923
epoch=7/8 iter=18300 loss=-0.773082
epoch=7/8 iter=18400 loss=-0.825774
epoch=7/8 iter=18500 loss=-0.843268
epoch=7/8 iter=18600 loss=-0.862836
epoch=7/8 iter=18700 loss=-0.815284
epoch=7/8 iter=18800 loss=-0.825231
epoch=7/8 iter=18900 loss=-0.731160
epoch=7/8 iter=19000 loss=-0.790844
epoch=7/8 iter=19100 loss=-0.709445
epoch=7/8 iter=19200 loss=-0.883619
epoch=7/8 iter=19300 loss=-0.680130
epoch=7/8 iter=19400 loss=-0.834786
epoch=7/8 iter=19500 loss=-0.790543
epoch=7/8 iter=19600 loss=-0.768921
epoch=7/8 train_loss=-0.793580 valid_loss=-0.930412
/home/likc/.conda/envs/capd/lib/python3.7/site-packages/torch/nn/modules/module.py:1433: UserWarning: Positional args are being deprecated, use kwargs instead. Refer to https://pytorch.org/docs/master/generated/torch.nn.Module.html#torch.nn.Module.state_dict for details.
  "Positional args are being deprecated, use kwargs instead. Refer to "
epoch=8/8 iter=19700 loss=-0.766527
epoch=8/8 iter=19800 loss=-0.899668
epoch=8/8 iter=19900 loss=-0.767220
epoch=8/8 iter=20000 loss=-0.657713
epoch=8/8 iter=20100 loss=-0.701294
epoch=8/8 iter=20200 loss=-0.686303
epoch=8/8 iter=20300 loss=-0.765964
epoch=8/8 iter=20400 loss=-0.637639
epoch=8/8 iter=20500 loss=-0.980472
epoch=8/8 iter=20600 loss=-0.818983
epoch=8/8 iter=20700 loss=-0.857251
epoch=8/8 iter=20800 loss=-0.925207
epoch=8/8 iter=20900 loss=-0.885809
epoch=8/8 iter=21000 loss=-0.767405
epoch=8/8 iter=21100 loss=-0.823780
epoch=8/8 iter=21200 loss=-0.761590
epoch=8/8 iter=21300 loss=-0.833163
epoch=8/8 iter=21400 loss=-0.845650
epoch=8/8 iter=21500 loss=-0.703288
epoch=8/8 iter=21600 loss=-0.823759
epoch=8/8 iter=21700 loss=-0.647191
epoch=8/8 iter=21800 loss=-0.804199
epoch=8/8 iter=21900 loss=-0.657125
epoch=8/8 iter=22000 loss=-0.822724
epoch=8/8 iter=22100 loss=-0.791346
epoch=8/8 iter=22200 loss=-0.886800
epoch=8/8 iter=22300 loss=-0.825647
epoch=8/8 iter=22400 loss=-0.804470
epoch=8/8 train_loss=-0.794204 valid_loss=-0.928495
Training finished. best=/home/likc/Q-former-for-OS/outputs/capd_proactive_stage4_stage7/stage4-stage7-unified-r2/checkpoints/arch-compact/seed_3136859/qmap_best.pth last=/home/likc/Q-former-for-OS/outputs/capd_proactive_stage4_stage7/stage4-stage7-unified-r2/checkpoints/arch-compact/seed_3136859/qmap_last.pth
/home/likc/.conda/envs/capd/lib/python3.7/site-packages/torch/nn/modules/module.py:1433: UserWarning: Positional args are being deprecated, use kwargs instead. Refer to https://pytorch.org/docs/master/generated/torch.nn.Module.html#torch.nn.Module.state_dict for details.
  "Positional args are being deprecated, use kwargs instead. Refer to "
