QMAP training: train=/home/likc/Q-former-for-OS/outputs/capd_proactive_stage4_stage7/stage4-stage7-unified-r1/datasets/da0dab0afec1945a70ef/all_train.jsonl valid=/home/likc/Q-former-for-OS/outputs/capd_proactive_stage4_stage7/stage4-stage7-unified-r1/datasets/da0dab0afec1945a70ef/all_validation.jsonl samples=89651/14469 device=cuda
epoch=1/12 iter=1 loss=-0.590214
epoch=1/12 iter=100 loss=-0.598769
epoch=1/12 iter=200 loss=-0.627932
epoch=1/12 iter=300 loss=-0.743734
epoch=1/12 iter=400 loss=-0.637495
epoch=1/12 iter=500 loss=-0.604885
epoch=1/12 iter=600 loss=-0.749047
epoch=1/12 iter=700 loss=-0.928395
epoch=1/12 iter=800 loss=-0.674736
epoch=1/12 iter=900 loss=-0.840495
epoch=1/12 iter=1000 loss=-0.703407
epoch=1/12 iter=1100 loss=-0.831597
epoch=1/12 iter=1200 loss=-0.724076
epoch=1/12 iter=1300 loss=-0.663571
epoch=1/12 iter=1400 loss=-0.831465
epoch=1/12 iter=1500 loss=-0.652190
epoch=1/12 iter=1600 loss=-0.775113
epoch=1/12 iter=1700 loss=-0.783374
epoch=1/12 iter=1800 loss=-0.785132
epoch=1/12 iter=1900 loss=-0.733922
epoch=1/12 iter=2000 loss=-0.853560
epoch=1/12 iter=2100 loss=-0.606702
epoch=1/12 iter=2200 loss=-0.764797
epoch=1/12 iter=2300 loss=-0.765376
epoch=1/12 iter=2400 loss=-0.736071
epoch=1/12 iter=2500 loss=-0.653210
epoch=1/12 iter=2600 loss=-0.851646
epoch=1/12 iter=2700 loss=-0.769488
epoch=1/12 iter=2800 loss=-0.902636
epoch=1/12 iter=2900 loss=-0.853516
epoch=1/12 iter=3000 loss=-0.828618
epoch=1/12 iter=3100 loss=-0.667866
epoch=1/12 iter=3200 loss=-0.723717
epoch=1/12 iter=3300 loss=-0.836930
epoch=1/12 iter=3400 loss=-0.832931
epoch=1/12 iter=3500 loss=-0.741171
epoch=1/12 iter=3600 loss=-0.671079
epoch=1/12 iter=3700 loss=-0.911762
epoch=1/12 iter=3800 loss=-0.809710
epoch=1/12 iter=3900 loss=-0.902988
epoch=1/12 iter=4000 loss=-0.792208
epoch=1/12 iter=4100 loss=-0.961314
epoch=1/12 iter=4200 loss=-0.844779
epoch=1/12 iter=4300 loss=-0.670998
epoch=1/12 iter=4400 loss=-0.844566
epoch=1/12 iter=4500 loss=-0.729967
epoch=1/12 iter=4600 loss=-0.966208
epoch=1/12 iter=4700 loss=-0.849447
epoch=1/12 iter=4800 loss=-0.737312
epoch=1/12 iter=4900 loss=-0.757770
epoch=1/12 iter=5000 loss=-0.742737
epoch=1/12 iter=5100 loss=-0.785544
epoch=1/12 iter=5200 loss=-0.831773
epoch=1/12 iter=5300 loss=-0.898406
epoch=1/12 iter=5400 loss=-0.581101
epoch=1/12 iter=5500 loss=-0.666064
epoch=1/12 iter=5600 loss=-0.676739
epoch=1/12 train_loss=-0.771488 valid_loss=-0.921952
/home/likc/.conda/envs/capd/lib/python3.7/site-packages/torch/nn/modules/module.py:1433: UserWarning: Positional args are being deprecated, use kwargs instead. Refer to https://pytorch.org/docs/master/generated/torch.nn.Module.html#torch.nn.Module.state_dict for details.
  "Positional args are being deprecated, use kwargs instead. Refer to "
epoch=2/12 iter=5700 loss=-0.662474
epoch=2/12 iter=5800 loss=-0.900153
epoch=2/12 iter=5900 loss=-0.643020
epoch=2/12 iter=6000 loss=-0.925464
epoch=2/12 iter=6100 loss=-0.735359
epoch=2/12 iter=6200 loss=-0.673490
epoch=2/12 iter=6300 loss=-0.917663
epoch=2/12 iter=6400 loss=-0.655494
epoch=2/12 iter=6500 loss=-0.718819
epoch=2/12 iter=6600 loss=-0.907701
epoch=2/12 iter=6700 loss=-0.837668
epoch=2/12 iter=6800 loss=-0.901577
epoch=2/12 iter=6900 loss=-0.716675
epoch=2/12 iter=7000 loss=-0.874025
epoch=2/12 iter=7100 loss=-0.844114
epoch=2/12 iter=7200 loss=-0.919463
epoch=2/12 iter=7300 loss=-0.715134
epoch=2/12 iter=7400 loss=-0.776723
epoch=2/12 iter=7500 loss=-0.856260
epoch=2/12 iter=7600 loss=-0.927147
epoch=2/12 iter=7700 loss=-0.801650
epoch=2/12 iter=7800 loss=-0.791135
epoch=2/12 iter=7900 loss=-0.783412
epoch=2/12 iter=8000 loss=-0.617100
epoch=2/12 iter=8100 loss=-0.917167
epoch=2/12 iter=8200 loss=-0.793740
epoch=2/12 iter=8300 loss=-0.773155
epoch=2/12 iter=8400 loss=-0.614277
epoch=2/12 iter=8500 loss=-0.728408
epoch=2/12 iter=8600 loss=-0.924782
epoch=2/12 iter=8700 loss=-0.864006
epoch=2/12 iter=8800 loss=-0.720157
epoch=2/12 iter=8900 loss=-0.785244
epoch=2/12 iter=9000 loss=-0.664359
epoch=2/12 iter=9100 loss=-0.792267
epoch=2/12 iter=9200 loss=-0.795728
epoch=2/12 iter=9300 loss=-0.731374
epoch=2/12 iter=9400 loss=-0.789599
epoch=2/12 iter=9500 loss=-0.672202
epoch=2/12 iter=9600 loss=-0.720574
epoch=2/12 iter=9700 loss=-0.728358
epoch=2/12 iter=9800 loss=-0.717940
epoch=2/12 iter=9900 loss=-0.613931
epoch=2/12 iter=10000 loss=-0.727406
epoch=2/12 iter=10100 loss=-0.550427
epoch=2/12 iter=10200 loss=-0.788054
epoch=2/12 iter=10300 loss=-0.860396
epoch=2/12 iter=10400 loss=-0.719065
epoch=2/12 iter=10500 loss=-0.793130
epoch=2/12 iter=10600 loss=-0.789813
epoch=2/12 iter=10700 loss=-0.836845
epoch=2/12 iter=10800 loss=-0.862250
epoch=2/12 iter=10900 loss=-0.657092
epoch=2/12 iter=11000 loss=-0.897357
epoch=2/12 iter=11100 loss=-0.742814
epoch=2/12 iter=11200 loss=-0.670594
epoch=2/12 train_loss=-0.783963 valid_loss=-0.924128
/home/likc/.conda/envs/capd/lib/python3.7/site-packages/torch/nn/modules/module.py:1433: UserWarning: Positional args are being deprecated, use kwargs instead. Refer to https://pytorch.org/docs/master/generated/torch.nn.Module.html#torch.nn.Module.state_dict for details.
  "Positional args are being deprecated, use kwargs instead. Refer to "
epoch=3/12 iter=11300 loss=-0.850491
epoch=3/12 iter=11400 loss=-0.661746
epoch=3/12 iter=11500 loss=-0.792419
epoch=3/12 iter=11600 loss=-0.976556
epoch=3/12 iter=11700 loss=-0.834389
epoch=3/12 iter=11800 loss=-0.829489
epoch=3/12 iter=11900 loss=-0.730500
epoch=3/12 iter=12000 loss=-0.748562
epoch=3/12 iter=12100 loss=-0.767783
epoch=3/12 iter=12200 loss=-0.726495
epoch=3/12 iter=12300 loss=-0.718269
epoch=3/12 iter=12400 loss=-0.729339
epoch=3/12 iter=12500 loss=-0.713524
epoch=3/12 iter=12600 loss=-0.916338
epoch=3/12 iter=12700 loss=-0.897891
epoch=3/12 iter=12800 loss=-0.798422
epoch=3/12 iter=12900 loss=-0.854525
epoch=3/12 iter=13000 loss=-0.794850
epoch=3/12 iter=13100 loss=-0.721710
epoch=3/12 iter=13200 loss=-0.784855
epoch=3/12 iter=13300 loss=-0.732125
epoch=3/12 iter=13400 loss=-0.856159
epoch=3/12 iter=13500 loss=-0.916322
epoch=3/12 iter=13600 loss=-0.697914
epoch=3/12 iter=13700 loss=-0.679227
epoch=3/12 iter=13800 loss=-0.784353
epoch=3/12 iter=13900 loss=-0.831185
epoch=3/12 iter=14000 loss=-0.715743
epoch=3/12 iter=14100 loss=-0.722738
epoch=3/12 iter=14200 loss=-0.904690
epoch=3/12 iter=14300 loss=-0.838810
epoch=3/12 iter=14400 loss=-0.780866
epoch=3/12 iter=14500 loss=-0.845087
epoch=3/12 iter=14600 loss=-0.792295
epoch=3/12 iter=14700 loss=-0.721431
epoch=3/12 iter=14800 loss=-0.723130
epoch=3/12 iter=14900 loss=-0.971869
epoch=3/12 iter=15000 loss=-0.828833
epoch=3/12 iter=15100 loss=-0.827775
epoch=3/12 iter=15200 loss=-0.974137
epoch=3/12 iter=15300 loss=-0.836464
epoch=3/12 iter=15400 loss=-0.921863
epoch=3/12 iter=15500 loss=-0.718956
epoch=3/12 iter=15600 loss=-0.957510
epoch=3/12 iter=15700 loss=-0.796733
epoch=3/12 iter=15800 loss=-0.734519
epoch=3/12 iter=15900 loss=-0.857187
epoch=3/12 iter=16000 loss=-0.652129
epoch=3/12 iter=16100 loss=-0.915826
epoch=3/12 iter=16200 loss=-0.913982
epoch=3/12 iter=16300 loss=-0.800245
epoch=3/12 iter=16400 loss=-0.742631
epoch=3/12 iter=16500 loss=-0.781074
epoch=3/12 iter=16600 loss=-0.766092
epoch=3/12 iter=16700 loss=-0.799471
epoch=3/12 iter=16800 loss=-0.736802
epoch=3/12 train_loss=-0.786118 valid_loss=-0.925339
/home/likc/.conda/envs/capd/lib/python3.7/site-packages/torch/nn/modules/module.py:1433: UserWarning: Positional args are being deprecated, use kwargs instead. Refer to https://pytorch.org/docs/master/generated/torch.nn.Module.html#torch.nn.Module.state_dict for details.
  "Positional args are being deprecated, use kwargs instead. Refer to "
epoch=4/12 iter=16900 loss=-0.732866
epoch=4/12 iter=17000 loss=-0.711363
epoch=4/12 iter=17100 loss=-0.665698
epoch=4/12 iter=17200 loss=-0.794835
epoch=4/12 iter=17300 loss=-0.674342
epoch=4/12 iter=17400 loss=-0.794301
epoch=4/12 iter=17500 loss=-0.793237
epoch=4/12 iter=17600 loss=-0.914622
epoch=4/12 iter=17700 loss=-0.837776
epoch=4/12 iter=17800 loss=-0.720375
epoch=4/12 iter=17900 loss=-0.782035
epoch=4/12 iter=18000 loss=-0.902314
epoch=4/12 iter=18100 loss=-0.742742
epoch=4/12 iter=18200 loss=-0.535457
epoch=4/12 iter=18300 loss=-0.722673
epoch=4/12 iter=18400 loss=-0.894359
epoch=4/12 iter=18500 loss=-0.742066
epoch=4/12 iter=18600 loss=-0.662337
epoch=4/12 iter=18700 loss=-0.829515
epoch=4/12 iter=18800 loss=-0.674187
epoch=4/12 iter=18900 loss=-0.798381
epoch=4/12 iter=19000 loss=-0.799352
epoch=4/12 iter=19100 loss=-0.680060
epoch=4/12 iter=19200 loss=-0.733047
epoch=4/12 iter=19300 loss=-0.652923
epoch=4/12 iter=19400 loss=-0.804875
epoch=4/12 iter=19500 loss=-0.656316
epoch=4/12 iter=19600 loss=-0.826402
epoch=4/12 iter=19700 loss=-0.768920
epoch=4/12 iter=19800 loss=-0.846712
epoch=4/12 iter=19900 loss=-0.716436
epoch=4/12 iter=20000 loss=-0.972760
epoch=4/12 iter=20100 loss=-0.801948
epoch=4/12 iter=20200 loss=-0.888758
epoch=4/12 iter=20300 loss=-0.804869
epoch=4/12 iter=20400 loss=-0.782582
epoch=4/12 iter=20500 loss=-0.777859
epoch=4/12 iter=20600 loss=-0.860792
epoch=4/12 iter=20700 loss=-0.742136
epoch=4/12 iter=20800 loss=-0.857344
epoch=4/12 iter=20900 loss=-0.764618
epoch=4/12 iter=21000 loss=-0.736312
epoch=4/12 iter=21100 loss=-0.863919
epoch=4/12 iter=21200 loss=-0.989954
epoch=4/12 iter=21300 loss=-0.853549
epoch=4/12 iter=21400 loss=-0.681486
epoch=4/12 iter=21500 loss=-0.654278
epoch=4/12 iter=21600 loss=-0.666158
epoch=4/12 iter=21700 loss=-0.781462
epoch=4/12 iter=21800 loss=-0.784796
epoch=4/12 iter=21900 loss=-0.857856
epoch=4/12 iter=22000 loss=-0.726176
epoch=4/12 iter=22100 loss=-0.807207
epoch=4/12 iter=22200 loss=-0.800938
epoch=4/12 iter=22300 loss=-0.865178
epoch=4/12 iter=22400 loss=-0.867012
epoch=4/12 train_loss=-0.787934 valid_loss=-0.930849
/home/likc/.conda/envs/capd/lib/python3.7/site-packages/torch/nn/modules/module.py:1433: UserWarning: Positional args are being deprecated, use kwargs instead. Refer to https://pytorch.org/docs/master/generated/torch.nn.Module.html#torch.nn.Module.state_dict for details.
  "Positional args are being deprecated, use kwargs instead. Refer to "
epoch=5/12 iter=22500 loss=-0.711803
epoch=5/12 iter=22600 loss=-0.735619
epoch=5/12 iter=22700 loss=-0.730811
epoch=5/12 iter=22800 loss=-0.801652
epoch=5/12 iter=22900 loss=-0.866977
epoch=5/12 iter=23000 loss=-0.841245
epoch=5/12 iter=23100 loss=-0.754524
epoch=5/12 iter=23200 loss=-0.726454
epoch=5/12 iter=23300 loss=-0.726935
epoch=5/12 iter=23400 loss=-0.611762
epoch=5/12 iter=23500 loss=-0.731184
epoch=5/12 iter=23600 loss=-0.862610
epoch=5/12 iter=23700 loss=-0.727505
epoch=5/12 iter=23800 loss=-0.804338
epoch=5/12 iter=23900 loss=-0.928149
epoch=5/12 iter=24000 loss=-0.865048
epoch=5/12 iter=24100 loss=-0.795979
epoch=5/12 iter=24200 loss=-0.908246
epoch=5/12 iter=24300 loss=-0.792392
epoch=5/12 iter=24400 loss=-0.856880
epoch=5/12 iter=24500 loss=-0.799945
epoch=5/12 iter=24600 loss=-0.918444
epoch=5/12 iter=24700 loss=-0.737008
epoch=5/12 iter=24800 loss=-0.609796
epoch=5/12 iter=24900 loss=-0.931013
epoch=5/12 iter=25000 loss=-0.720151
epoch=5/12 iter=25100 loss=-0.792186
epoch=5/12 iter=25200 loss=-0.540825
epoch=5/12 iter=25300 loss=-0.864489
epoch=5/12 iter=25400 loss=-0.790238
epoch=5/12 iter=25500 loss=-0.919957
epoch=5/12 iter=25600 loss=-0.804877
epoch=5/12 iter=25700 loss=-0.913826
epoch=5/12 iter=25800 loss=-0.786897
epoch=5/12 iter=25900 loss=-0.735710
epoch=5/12 iter=26000 loss=-0.806253
epoch=5/12 iter=26100 loss=-0.796571
epoch=5/12 iter=26200 loss=-0.742189
epoch=5/12 iter=26300 loss=-0.678527
epoch=5/12 iter=26400 loss=-0.659250
epoch=5/12 iter=26500 loss=-0.725534
epoch=5/12 iter=26600 loss=-0.909506
epoch=5/12 iter=26700 loss=-0.961096
epoch=5/12 iter=26800 loss=-0.737752
epoch=5/12 iter=26900 loss=-0.927150
epoch=5/12 iter=27000 loss=-0.728524
epoch=5/12 iter=27100 loss=-0.741682
epoch=5/12 iter=27200 loss=-0.597385
epoch=5/12 iter=27300 loss=-0.791028
epoch=5/12 iter=27400 loss=-0.865802
epoch=5/12 iter=27500 loss=-0.906330
epoch=5/12 iter=27600 loss=-0.797073
epoch=5/12 iter=27700 loss=-0.920915
epoch=5/12 iter=27800 loss=-0.967152
epoch=5/12 iter=27900 loss=-0.807983
epoch=5/12 iter=28000 loss=-0.806074
epoch=5/12 train_loss=-0.790436 valid_loss=-0.933107
/home/likc/.conda/envs/capd/lib/python3.7/site-packages/torch/nn/modules/module.py:1433: UserWarning: Positional args are being deprecated, use kwargs instead. Refer to https://pytorch.org/docs/master/generated/torch.nn.Module.html#torch.nn.Module.state_dict for details.
  "Positional args are being deprecated, use kwargs instead. Refer to "
epoch=6/12 iter=28100 loss=-0.725209
epoch=6/12 iter=28200 loss=-0.740837
epoch=6/12 iter=28300 loss=-0.825034
epoch=6/12 iter=28400 loss=-0.728056
epoch=6/12 iter=28500 loss=-0.843561
epoch=6/12 iter=28600 loss=-0.683561
epoch=6/12 iter=28700 loss=-0.729428
epoch=6/12 iter=28800 loss=-0.852879
epoch=6/12 iter=28900 loss=-0.801817
epoch=6/12 iter=29000 loss=-0.802881
epoch=6/12 iter=29100 loss=-0.856369
epoch=6/12 iter=29200 loss=-0.858653
epoch=6/12 iter=29300 loss=-0.773309
epoch=6/12 iter=29400 loss=-0.857053
epoch=6/12 iter=29500 loss=-0.555115
epoch=6/12 iter=29600 loss=-0.793388
epoch=6/12 iter=29700 loss=-0.728446
epoch=6/12 iter=29800 loss=-0.802462
epoch=6/12 iter=29900 loss=-0.735477
epoch=6/12 iter=30000 loss=-0.859452
epoch=6/12 iter=30100 loss=-0.370850
epoch=6/12 iter=30200 loss=-0.914692
epoch=6/12 iter=30300 loss=-0.785166
epoch=6/12 iter=30400 loss=-0.720534
epoch=6/12 iter=30500 loss=-0.863935
epoch=6/12 iter=30600 loss=-0.788290
epoch=6/12 iter=30700 loss=-0.852530
epoch=6/12 iter=30800 loss=-0.782974
epoch=6/12 iter=30900 loss=-0.899736
epoch=6/12 iter=31000 loss=-0.913327
epoch=6/12 iter=31100 loss=-0.849414
epoch=6/12 iter=31200 loss=-0.797617
epoch=6/12 iter=31300 loss=-0.799398
epoch=6/12 iter=31400 loss=-0.846518
epoch=6/12 iter=31500 loss=-0.865561
epoch=6/12 iter=31600 loss=-0.863443
epoch=6/12 iter=31700 loss=-0.920011
epoch=6/12 iter=31800 loss=-0.704249
epoch=6/12 iter=31900 loss=-0.726869
epoch=6/12 iter=32000 loss=-0.891453
epoch=6/12 iter=32100 loss=-0.963967
epoch=6/12 iter=32200 loss=-0.616788
epoch=6/12 iter=32300 loss=-0.807973
epoch=6/12 iter=32400 loss=-0.782765
epoch=6/12 iter=32500 loss=-0.790589
epoch=6/12 iter=32600 loss=-0.760696
epoch=6/12 iter=32700 loss=-0.787679
epoch=6/12 iter=32800 loss=-0.885880
epoch=6/12 iter=32900 loss=-0.790023
epoch=6/12 iter=33000 loss=-0.851000
epoch=6/12 iter=33100 loss=-0.917784
epoch=6/12 iter=33200 loss=-0.788722
epoch=6/12 iter=33300 loss=-0.728346
epoch=6/12 iter=33400 loss=-0.786184
epoch=6/12 iter=33500 loss=-0.737789
epoch=6/12 iter=33600 loss=-0.670422
epoch=6/12 train_loss=-0.791214 valid_loss=-0.931982
/home/likc/.conda/envs/capd/lib/python3.7/site-packages/torch/nn/modules/module.py:1433: UserWarning: Positional args are being deprecated, use kwargs instead. Refer to https://pytorch.org/docs/master/generated/torch.nn.Module.html#torch.nn.Module.state_dict for details.
  "Positional args are being deprecated, use kwargs instead. Refer to "
epoch=7/12 iter=33700 loss=-0.869755
epoch=7/12 iter=33800 loss=-0.805278
epoch=7/12 iter=33900 loss=-0.745618
epoch=7/12 iter=34000 loss=-0.809715
epoch=7/12 iter=34100 loss=-0.840980
epoch=7/12 iter=34200 loss=-0.781271
epoch=7/12 iter=34300 loss=-0.734885
epoch=7/12 iter=34400 loss=-0.931121
epoch=7/12 iter=34500 loss=-0.927534
epoch=7/12 iter=34600 loss=-0.733132
epoch=7/12 iter=34700 loss=-0.727354
epoch=7/12 iter=34800 loss=-0.678594
epoch=7/12 iter=34900 loss=-0.969498
epoch=7/12 iter=35000 loss=-0.721825
epoch=7/12 iter=35100 loss=-0.898474
epoch=7/12 iter=35200 loss=-0.664792
epoch=7/12 iter=35300 loss=-0.801666
epoch=7/12 iter=35400 loss=-0.988861
epoch=7/12 iter=35500 loss=-0.858984
epoch=7/12 iter=35600 loss=-0.860991
epoch=7/12 iter=35700 loss=-0.787710
epoch=7/12 iter=35800 loss=-0.917163
epoch=7/12 iter=35900 loss=-0.658672
epoch=7/12 iter=36000 loss=-0.795697
epoch=7/12 iter=36100 loss=-0.923374
epoch=7/12 iter=36200 loss=-0.921679
epoch=7/12 iter=36300 loss=-0.900263
epoch=7/12 iter=36400 loss=-0.793120
epoch=7/12 iter=36500 loss=-0.730123
epoch=7/12 iter=36600 loss=-0.865829
epoch=7/12 iter=36700 loss=-0.878233
epoch=7/12 iter=36800 loss=-0.834570
epoch=7/12 iter=36900 loss=-0.776349
epoch=7/12 iter=37000 loss=-0.610386
epoch=7/12 iter=37100 loss=-0.745370
epoch=7/12 iter=37200 loss=-0.675156
epoch=7/12 iter=37300 loss=-0.847066
epoch=7/12 iter=37400 loss=-0.920840
epoch=7/12 iter=37500 loss=-0.866087
epoch=7/12 iter=37600 loss=-0.733311
epoch=7/12 iter=37700 loss=-0.766565
epoch=7/12 iter=37800 loss=-0.859601
epoch=7/12 iter=37900 loss=-0.734153
epoch=7/12 iter=38000 loss=-0.921003
epoch=7/12 iter=38100 loss=-0.869235
epoch=7/12 iter=38200 loss=-0.787093
epoch=7/12 iter=38300 loss=-0.682746
epoch=7/12 iter=38400 loss=-0.789853
epoch=7/12 iter=38500 loss=-0.990056
epoch=7/12 iter=38600 loss=-0.797637
epoch=7/12 iter=38700 loss=-0.796071
epoch=7/12 iter=38800 loss=-0.800488
epoch=7/12 iter=38900 loss=-0.666964
epoch=7/12 iter=39000 loss=-0.787155
epoch=7/12 iter=39100 loss=-0.859374
epoch=7/12 iter=39200 loss=-0.866123
epoch=7/12 train_loss=-0.791811 valid_loss=-0.932429
/home/likc/.conda/envs/capd/lib/python3.7/site-packages/torch/nn/modules/module.py:1433: UserWarning: Positional args are being deprecated, use kwargs instead. Refer to https://pytorch.org/docs/master/generated/torch.nn.Module.html#torch.nn.Module.state_dict for details.
  "Positional args are being deprecated, use kwargs instead. Refer to "
epoch=8/12 iter=39300 loss=-0.992737
epoch=8/12 iter=39400 loss=-0.804620
epoch=8/12 iter=39500 loss=-0.674391
epoch=8/12 iter=39600 loss=-0.743341
epoch=8/12 iter=39700 loss=-0.778539
epoch=8/12 iter=39800 loss=-0.794356
epoch=8/12 iter=39900 loss=-0.911712
epoch=8/12 iter=40000 loss=-0.827318
epoch=8/12 iter=40100 loss=-0.862296
epoch=8/12 iter=40200 loss=-0.679372
epoch=8/12 iter=40300 loss=-0.743406
epoch=8/12 iter=40400 loss=-0.848741
epoch=8/12 iter=40500 loss=-0.799366
epoch=8/12 iter=40600 loss=-0.852312
epoch=8/12 iter=40700 loss=-0.793359
epoch=8/12 iter=40800 loss=-0.970631
epoch=8/12 iter=40900 loss=-0.730290
epoch=8/12 iter=41000 loss=-0.727080
epoch=8/12 iter=41100 loss=-0.866681
epoch=8/12 iter=41200 loss=-0.647673
epoch=8/12 iter=41300 loss=-0.734866
epoch=8/12 iter=41400 loss=-0.799021
epoch=8/12 iter=41500 loss=-0.602042
epoch=8/12 iter=41600 loss=-0.789298
epoch=8/12 iter=41700 loss=-0.788004
epoch=8/12 iter=41800 loss=-0.739043
epoch=8/12 iter=41900 loss=-0.971649
epoch=8/12 iter=42000 loss=-0.800188
epoch=8/12 iter=42100 loss=-0.851749
epoch=8/12 iter=42200 loss=-0.492753
epoch=8/12 iter=42300 loss=-0.918381
epoch=8/12 iter=42400 loss=-0.808210
epoch=8/12 iter=42500 loss=-0.655432
epoch=8/12 iter=42600 loss=-0.890323
epoch=8/12 iter=42700 loss=-0.668456
epoch=8/12 iter=42800 loss=-0.922491
epoch=8/12 iter=42900 loss=-0.906427
epoch=8/12 iter=43000 loss=-0.809647
epoch=8/12 iter=43100 loss=-0.867186
epoch=8/12 iter=43200 loss=-0.868740
epoch=8/12 iter=43300 loss=-0.735311
epoch=8/12 iter=43400 loss=-0.849174
epoch=8/12 iter=43500 loss=-0.800691
epoch=8/12 iter=43600 loss=-0.976184
epoch=8/12 iter=43700 loss=-0.869281
epoch=8/12 iter=43800 loss=-0.967429
epoch=8/12 iter=43900 loss=-0.602712
epoch=8/12 iter=44000 loss=-0.796107
epoch=8/12 iter=44100 loss=-0.911413
epoch=8/12 iter=44200 loss=-0.931402
epoch=8/12 iter=44300 loss=-0.862806
epoch=8/12 iter=44400 loss=-0.728235
epoch=8/12 iter=44500 loss=-0.726498
epoch=8/12 iter=44600 loss=-0.684712
epoch=8/12 iter=44700 loss=-0.783413
epoch=8/12 iter=44800 loss=-0.730252
epoch=8/12 train_loss=-0.792758 valid_loss=-0.933187
/home/likc/.conda/envs/capd/lib/python3.7/site-packages/torch/nn/modules/module.py:1433: UserWarning: Positional args are being deprecated, use kwargs instead. Refer to https://pytorch.org/docs/master/generated/torch.nn.Module.html#torch.nn.Module.state_dict for details.
  "Positional args are being deprecated, use kwargs instead. Refer to "
epoch=9/12 iter=44900 loss=-0.679800
epoch=9/12 iter=45000 loss=-0.724854
epoch=9/12 iter=45100 loss=-0.849050
epoch=9/12 iter=45200 loss=-0.715539
epoch=9/12 iter=45300 loss=-0.852613
epoch=9/12 iter=45400 loss=-0.802251
epoch=9/12 iter=45500 loss=-0.742058
epoch=9/12 iter=45600 loss=-0.729852
epoch=9/12 iter=45700 loss=-0.838241
epoch=9/12 iter=45800 loss=-0.796092
epoch=9/12 iter=45900 loss=-0.938162
epoch=9/12 iter=46000 loss=-0.863222
epoch=9/12 iter=46100 loss=-0.829997
epoch=9/12 iter=46200 loss=-0.905358
epoch=9/12 iter=46300 loss=-0.741111
epoch=9/12 iter=46400 loss=-0.798151
epoch=9/12 iter=46500 loss=-0.676287
epoch=9/12 iter=46600 loss=-0.836616
epoch=9/12 iter=46700 loss=-0.607359
epoch=9/12 iter=46800 loss=-0.863756
epoch=9/12 iter=46900 loss=-0.826401
epoch=9/12 iter=47000 loss=-0.850739
epoch=9/12 iter=47100 loss=-0.794518
epoch=9/12 iter=47200 loss=-0.861046
epoch=9/12 iter=47300 loss=-0.804070
epoch=9/12 iter=47400 loss=-0.791702
epoch=9/12 iter=47500 loss=-0.671244
epoch=9/12 iter=47600 loss=-0.703556
epoch=9/12 iter=47700 loss=-0.746462
epoch=9/12 iter=47800 loss=-0.777081
epoch=9/12 iter=47900 loss=-0.795071
epoch=9/12 iter=48000 loss=-0.913769
epoch=9/12 iter=48100 loss=-0.728252
epoch=9/12 iter=48200 loss=-0.723187
epoch=9/12 iter=48300 loss=-0.617731
epoch=9/12 iter=48400 loss=-0.801495
epoch=9/12 iter=48500 loss=-0.864638
epoch=9/12 iter=48600 loss=-0.788815
epoch=9/12 iter=48700 loss=-0.852027
epoch=9/12 iter=48800 loss=-0.789382
epoch=9/12 iter=48900 loss=-0.832774
epoch=9/12 iter=49000 loss=-0.789665
epoch=9/12 iter=49100 loss=-0.857744
epoch=9/12 iter=49200 loss=-0.849639
epoch=9/12 iter=49300 loss=-0.806932
epoch=9/12 iter=49400 loss=-0.911470
epoch=9/12 iter=49500 loss=-0.726259
epoch=9/12 iter=49600 loss=-0.932460
epoch=9/12 iter=49700 loss=-0.681429
epoch=9/12 iter=49800 loss=-0.803948
epoch=9/12 iter=49900 loss=-0.901351
epoch=9/12 iter=50000 loss=-0.911189
epoch=9/12 iter=50100 loss=-0.742932
epoch=9/12 iter=50200 loss=-0.869138
epoch=9/12 iter=50300 loss=-0.982719
epoch=9/12 iter=50400 loss=-0.860975
epoch=9/12 train_loss=-0.793287 valid_loss=-0.935601
/home/likc/.conda/envs/capd/lib/python3.7/site-packages/torch/nn/modules/module.py:1433: UserWarning: Positional args are being deprecated, use kwargs instead. Refer to https://pytorch.org/docs/master/generated/torch.nn.Module.html#torch.nn.Module.state_dict for details.
  "Positional args are being deprecated, use kwargs instead. Refer to "
epoch=10/12 iter=50500 loss=-0.613638
epoch=10/12 iter=50600 loss=-0.915202
epoch=10/12 iter=50700 loss=-0.549839
epoch=10/12 iter=50800 loss=-0.964061
epoch=10/12 iter=50900 loss=-0.783645
epoch=10/12 iter=51000 loss=-0.929957
epoch=10/12 iter=51100 loss=-0.667224
epoch=10/12 iter=51200 loss=-0.742420
epoch=10/12 iter=51300 loss=-0.907941
epoch=10/12 iter=51400 loss=-0.671379
epoch=10/12 iter=51500 loss=-0.848950
epoch=10/12 iter=51600 loss=-0.810642
epoch=10/12 iter=51700 loss=-0.806464
epoch=10/12 iter=51800 loss=-0.862059
epoch=10/12 iter=51900 loss=-0.838879
epoch=10/12 iter=52000 loss=-0.806218
epoch=10/12 iter=52100 loss=-0.680551
epoch=10/12 iter=52200 loss=-0.996235
epoch=10/12 iter=52300 loss=-0.792419
epoch=10/12 iter=52400 loss=-0.931237
epoch=10/12 iter=52500 loss=-0.668106
epoch=10/12 iter=52600 loss=-0.683336
epoch=10/12 iter=52700 loss=-0.791996
epoch=10/12 iter=52800 loss=-0.917732
epoch=10/12 iter=52900 loss=-0.791514
epoch=10/12 iter=53000 loss=-0.736260
epoch=10/12 iter=53100 loss=-0.801866
epoch=10/12 iter=53200 loss=-0.843156
epoch=10/12 iter=53300 loss=-0.648878
epoch=10/12 iter=53400 loss=-0.727647
epoch=10/12 iter=53500 loss=-0.860553
epoch=10/12 iter=53600 loss=-0.920458
epoch=10/12 iter=53700 loss=-0.864274
epoch=10/12 iter=53800 loss=-0.871496
epoch=10/12 iter=53900 loss=-0.984298
epoch=10/12 iter=54000 loss=-0.796653
epoch=10/12 iter=54100 loss=-0.768847
epoch=10/12 iter=54200 loss=-0.992561
epoch=10/12 iter=54300 loss=-0.983752
epoch=10/12 iter=54400 loss=-0.665472
epoch=10/12 iter=54500 loss=-0.869916
epoch=10/12 iter=54600 loss=-0.799738
epoch=10/12 iter=54700 loss=-0.795230
epoch=10/12 iter=54800 loss=-0.842920
epoch=10/12 iter=54900 loss=-0.737984
epoch=10/12 iter=55000 loss=-0.608565
epoch=10/12 iter=55100 loss=-0.494475
epoch=10/12 iter=55200 loss=-0.799847
epoch=10/12 iter=55300 loss=-0.797810
epoch=10/12 iter=55400 loss=-0.783010
epoch=10/12 iter=55500 loss=-0.742927
epoch=10/12 iter=55600 loss=-0.738444
epoch=10/12 iter=55700 loss=-0.862680
epoch=10/12 iter=55800 loss=-0.681979
epoch=10/12 iter=55900 loss=-0.678913
epoch=10/12 iter=56000 loss=-0.863603
epoch=10/12 train_loss=-0.793791 valid_loss=-0.934463
/home/likc/.conda/envs/capd/lib/python3.7/site-packages/torch/nn/modules/module.py:1433: UserWarning: Positional args are being deprecated, use kwargs instead. Refer to https://pytorch.org/docs/master/generated/torch.nn.Module.html#torch.nn.Module.state_dict for details.
  "Positional args are being deprecated, use kwargs instead. Refer to "
epoch=11/12 iter=56100 loss=-0.901875
epoch=11/12 iter=56200 loss=-0.720290
epoch=11/12 iter=56300 loss=-0.788073
epoch=11/12 iter=56400 loss=-0.741187
epoch=11/12 iter=56500 loss=-0.675433
epoch=11/12 iter=56600 loss=-0.781840
epoch=11/12 iter=56700 loss=-0.731716
epoch=11/12 iter=56800 loss=-0.992686
epoch=11/12 iter=56900 loss=-0.736996
epoch=11/12 iter=57000 loss=-0.861535
epoch=11/12 iter=57100 loss=-0.591817
epoch=11/12 iter=57200 loss=-0.680417
epoch=11/12 iter=57300 loss=-0.792422
epoch=11/12 iter=57400 loss=-0.737908
epoch=11/12 iter=57500 loss=-0.745596
epoch=11/12 iter=57600 loss=-0.725269
epoch=11/12 iter=57700 loss=-0.676319
epoch=11/12 iter=57800 loss=-0.921085
epoch=11/12 iter=57900 loss=-0.782434
epoch=11/12 iter=58000 loss=-0.855581
epoch=11/12 iter=58100 loss=-0.798193
epoch=11/12 iter=58200 loss=-0.804277
epoch=11/12 iter=58300 loss=-0.917302
epoch=11/12 iter=58400 loss=-0.673644
epoch=11/12 iter=58500 loss=-0.786444
epoch=11/12 iter=58600 loss=-0.663736
epoch=11/12 iter=58700 loss=-0.901989
epoch=11/12 iter=58800 loss=-0.871872
epoch=11/12 iter=58900 loss=-0.728545
epoch=11/12 iter=59000 loss=-0.733993
epoch=11/12 iter=59100 loss=-0.797220
epoch=11/12 iter=59200 loss=-0.675849
epoch=11/12 iter=59300 loss=-0.985362
epoch=11/12 iter=59400 loss=-0.731043
epoch=11/12 iter=59500 loss=-0.868086
epoch=11/12 iter=59600 loss=-0.739468
epoch=11/12 iter=59700 loss=-0.675223
epoch=11/12 iter=59800 loss=-0.793490
epoch=11/12 iter=59900 loss=-0.762375
epoch=11/12 iter=60000 loss=-0.669999
epoch=11/12 iter=60100 loss=-0.621874
epoch=11/12 iter=60200 loss=-0.679794
epoch=11/12 iter=60300 loss=-0.905793
epoch=11/12 iter=60400 loss=-0.719025
epoch=11/12 iter=60500 loss=-0.921654
epoch=11/12 iter=60600 loss=-0.857044
epoch=11/12 iter=60700 loss=-0.859778
epoch=11/12 iter=60800 loss=-0.747508
epoch=11/12 iter=60900 loss=-0.846573
epoch=11/12 iter=61000 loss=-0.924024
epoch=11/12 iter=61100 loss=-0.605321
epoch=11/12 iter=61200 loss=-0.925332
epoch=11/12 iter=61300 loss=-0.797183
epoch=11/12 iter=61400 loss=-0.668318
epoch=11/12 iter=61500 loss=-0.492907
epoch=11/12 iter=61600 loss=-0.841413
epoch=11/12 train_loss=-0.794065 valid_loss=-0.932640
/home/likc/.conda/envs/capd/lib/python3.7/site-packages/torch/nn/modules/module.py:1433: UserWarning: Positional args are being deprecated, use kwargs instead. Refer to https://pytorch.org/docs/master/generated/torch.nn.Module.html#torch.nn.Module.state_dict for details.
  "Positional args are being deprecated, use kwargs instead. Refer to "
epoch=12/12 iter=61700 loss=-0.745875
epoch=12/12 iter=61800 loss=-0.789246
epoch=12/12 iter=61900 loss=-0.734843
epoch=12/12 iter=62000 loss=-0.767007
epoch=12/12 iter=62100 loss=-0.716194
epoch=12/12 iter=62200 loss=-0.797987
epoch=12/12 iter=62300 loss=-0.867852
epoch=12/12 iter=62400 loss=-0.784269
epoch=12/12 iter=62500 loss=-0.746045
epoch=12/12 iter=62600 loss=-0.729236
epoch=12/12 iter=62700 loss=-0.803751
epoch=12/12 iter=62800 loss=-0.809809
epoch=12/12 iter=62900 loss=-0.659706
epoch=12/12 iter=63000 loss=-0.798055
epoch=12/12 iter=63100 loss=-0.865917
epoch=12/12 iter=63200 loss=-0.830746
epoch=12/12 iter=63300 loss=-0.920411
epoch=12/12 iter=63400 loss=-0.746000
epoch=12/12 iter=63500 loss=-0.860460
epoch=12/12 iter=63600 loss=-0.807395
epoch=12/12 iter=63700 loss=-0.861863
epoch=12/12 iter=63800 loss=-0.740501
epoch=12/12 iter=63900 loss=-0.861747
epoch=12/12 iter=64000 loss=-0.887344
epoch=12/12 iter=64100 loss=-0.839635
epoch=12/12 iter=64200 loss=-0.888051
epoch=12/12 iter=64300 loss=-0.809750
epoch=12/12 iter=64400 loss=-0.919038
epoch=12/12 iter=64500 loss=-0.781106
epoch=12/12 iter=64600 loss=-0.842164
epoch=12/12 iter=64700 loss=-0.738909
epoch=12/12 iter=64800 loss=-0.870773
epoch=12/12 iter=64900 loss=-0.852350
epoch=12/12 iter=65000 loss=-0.910877
epoch=12/12 iter=65100 loss=-0.768011
epoch=12/12 iter=65200 loss=-0.618856
epoch=12/12 iter=65300 loss=-0.809034
epoch=12/12 iter=65400 loss=-0.912947
epoch=12/12 iter=65500 loss=-0.679291
epoch=12/12 iter=65600 loss=-0.856428
epoch=12/12 iter=65700 loss=-0.608169
epoch=12/12 iter=65800 loss=-0.776335
epoch=12/12 iter=65900 loss=-0.678562
epoch=12/12 iter=66000 loss=-0.847007
epoch=12/12 iter=66100 loss=-0.558831
epoch=12/12 iter=66200 loss=-0.863197
epoch=12/12 iter=66300 loss=-0.836350
epoch=12/12 iter=66400 loss=-0.797058
epoch=12/12 iter=66500 loss=-0.791472
epoch=12/12 iter=66600 loss=-0.863934
epoch=12/12 iter=66700 loss=-0.811030
epoch=12/12 iter=66800 loss=-0.947783
epoch=12/12 iter=66900 loss=-0.684473
epoch=12/12 iter=67000 loss=-0.732215
epoch=12/12 iter=67100 loss=-0.859893
epoch=12/12 iter=67200 loss=-0.795456
epoch=12/12 train_loss=-0.794295 valid_loss=-0.936218
Training finished. best=/home/likc/Q-former-for-OS/outputs/capd_proactive_stage4_stage7/stage4-stage7-unified-r2/checkpoints/opt-regularized/seed_2026/qmap_best.pth last=/home/likc/Q-former-for-OS/outputs/capd_proactive_stage4_stage7/stage4-stage7-unified-r2/checkpoints/opt-regularized/seed_2026/qmap_last.pth
/home/likc/.conda/envs/capd/lib/python3.7/site-packages/torch/nn/modules/module.py:1433: UserWarning: Positional args are being deprecated, use kwargs instead. Refer to https://pytorch.org/docs/master/generated/torch.nn.Module.html#torch.nn.Module.state_dict for details.
  "Positional args are being deprecated, use kwargs instead. Refer to "
