QMAP training: train=/home/likc/Q-former-for-OS/outputs/capd_proactive_stage4_stage7/stage4-stage7-unified-r1/datasets/a1d1833d041127173b9a/all_train.jsonl valid=/home/likc/Q-former-for-OS/outputs/capd_proactive_stage4_stage7/stage4-stage7-unified-r1/datasets/a1d1833d041127173b9a/all_validation.jsonl samples=89619/14455 device=cuda
epoch=1/8 iter=1 loss=-0.537563
epoch=1/8 iter=100 loss=-0.687142
epoch=1/8 iter=200 loss=-0.714315
epoch=1/8 iter=300 loss=-0.589257
epoch=1/8 iter=400 loss=-0.666074
epoch=1/8 iter=500 loss=-0.750455
epoch=1/8 iter=600 loss=-0.799631
epoch=1/8 iter=700 loss=-0.823599
epoch=1/8 iter=800 loss=-0.642264
epoch=1/8 iter=900 loss=-0.793875
epoch=1/8 iter=1000 loss=-0.834347
epoch=1/8 iter=1100 loss=-0.807643
epoch=1/8 iter=1200 loss=-0.743355
epoch=1/8 iter=1300 loss=-0.732232
epoch=1/8 iter=1400 loss=-0.853761
epoch=1/8 iter=1500 loss=-0.790149
epoch=1/8 iter=1600 loss=-0.752954
epoch=1/8 iter=1700 loss=-0.667181
epoch=1/8 iter=1800 loss=-0.838329
epoch=1/8 iter=1900 loss=-0.871500
epoch=1/8 iter=2000 loss=-0.618427
epoch=1/8 iter=2100 loss=-0.753892
epoch=1/8 iter=2200 loss=-0.754185
epoch=1/8 iter=2300 loss=-0.865577
epoch=1/8 iter=2400 loss=-0.786772
epoch=1/8 iter=2500 loss=-0.810319
epoch=1/8 iter=2600 loss=-0.779765
epoch=1/8 iter=2700 loss=-0.846449
epoch=1/8 iter=2800 loss=-0.683815
epoch=1/8 train_loss=-0.760507 valid_loss=-0.920230
/home/likc/.conda/envs/capd/lib/python3.7/site-packages/torch/nn/modules/module.py:1433: UserWarning: Positional args are being deprecated, use kwargs instead. Refer to https://pytorch.org/docs/master/generated/torch.nn.Module.html#torch.nn.Module.state_dict for details.
  "Positional args are being deprecated, use kwargs instead. Refer to "
epoch=2/8 iter=2900 loss=-0.764530
epoch=2/8 iter=3000 loss=-0.713768
epoch=2/8 iter=3100 loss=-0.843966
epoch=2/8 iter=3200 loss=-0.758813
epoch=2/8 iter=3300 loss=-0.937055
epoch=2/8 iter=3400 loss=-0.758078
epoch=2/8 iter=3500 loss=-0.763595
epoch=2/8 iter=3600 loss=-0.812704
epoch=2/8 iter=3700 loss=-0.817622
epoch=2/8 iter=3800 loss=-0.840023
epoch=2/8 iter=3900 loss=-0.887336
epoch=2/8 iter=4000 loss=-0.867984
epoch=2/8 iter=4100 loss=-0.780513
epoch=2/8 iter=4200 loss=-0.792034
epoch=2/8 iter=4300 loss=-0.765148
epoch=2/8 iter=4400 loss=-0.816679
epoch=2/8 iter=4500 loss=-0.821804
epoch=2/8 iter=4600 loss=-0.878163
epoch=2/8 iter=4700 loss=-0.821960
epoch=2/8 iter=4800 loss=-0.808027
epoch=2/8 iter=4900 loss=-0.700382
epoch=2/8 iter=5000 loss=-0.787857
epoch=2/8 iter=5100 loss=-0.769676
epoch=2/8 iter=5200 loss=-0.816443
epoch=2/8 iter=5300 loss=-0.690473
epoch=2/8 iter=5400 loss=-0.781593
epoch=2/8 iter=5500 loss=-0.840487
epoch=2/8 iter=5600 loss=-0.856609
epoch=2/8 train_loss=-0.783911 valid_loss=-0.924049
/home/likc/.conda/envs/capd/lib/python3.7/site-packages/torch/nn/modules/module.py:1433: UserWarning: Positional args are being deprecated, use kwargs instead. Refer to https://pytorch.org/docs/master/generated/torch.nn.Module.html#torch.nn.Module.state_dict for details.
  "Positional args are being deprecated, use kwargs instead. Refer to "
epoch=3/8 iter=5700 loss=-0.822451
epoch=3/8 iter=5800 loss=-0.730418
epoch=3/8 iter=5900 loss=-0.816014
epoch=3/8 iter=6000 loss=-0.821355
epoch=3/8 iter=6100 loss=-0.727129
epoch=3/8 iter=6200 loss=-0.908234
epoch=3/8 iter=6300 loss=-0.883519
epoch=3/8 iter=6400 loss=-0.751018
epoch=3/8 iter=6500 loss=-0.759107
epoch=3/8 iter=6600 loss=-0.836846
epoch=3/8 iter=6700 loss=-0.808608
epoch=3/8 iter=6800 loss=-0.814666
epoch=3/8 iter=6900 loss=-0.835934
epoch=3/8 iter=7000 loss=-0.882190
epoch=3/8 iter=7100 loss=-0.754606
epoch=3/8 iter=7200 loss=-0.768557
epoch=3/8 iter=7300 loss=-0.829237
epoch=3/8 iter=7400 loss=-0.832953
epoch=3/8 iter=7500 loss=-0.854197
epoch=3/8 iter=7600 loss=-0.773913
epoch=3/8 iter=7700 loss=-0.731165
epoch=3/8 iter=7800 loss=-0.843143
epoch=3/8 iter=7900 loss=-0.843660
epoch=3/8 iter=8000 loss=-0.623674
epoch=3/8 iter=8100 loss=-0.641130
epoch=3/8 iter=8200 loss=-0.786125
epoch=3/8 iter=8300 loss=-0.782813
epoch=3/8 iter=8400 loss=-0.877727
epoch=3/8 train_loss=-0.787852 valid_loss=-0.928474
/home/likc/.conda/envs/capd/lib/python3.7/site-packages/torch/nn/modules/module.py:1433: UserWarning: Positional args are being deprecated, use kwargs instead. Refer to https://pytorch.org/docs/master/generated/torch.nn.Module.html#torch.nn.Module.state_dict for details.
  "Positional args are being deprecated, use kwargs instead. Refer to "
epoch=4/8 iter=8500 loss=-0.879902
epoch=4/8 iter=8600 loss=-0.734330
epoch=4/8 iter=8700 loss=-0.724731
epoch=4/8 iter=8800 loss=-0.819945
epoch=4/8 iter=8900 loss=-0.798279
epoch=4/8 iter=9000 loss=-0.846321
epoch=4/8 iter=9100 loss=-0.816105
epoch=4/8 iter=9200 loss=-0.819316
epoch=4/8 iter=9300 loss=-0.760786
epoch=4/8 iter=9400 loss=-0.838652
epoch=4/8 iter=9500 loss=-0.730564
epoch=4/8 iter=9600 loss=-0.871069
epoch=4/8 iter=9700 loss=-0.801211
epoch=4/8 iter=9800 loss=-0.810172
epoch=4/8 iter=9900 loss=-0.849465
epoch=4/8 iter=10000 loss=-0.887587
epoch=4/8 iter=10100 loss=-0.818455
epoch=4/8 iter=10200 loss=-0.783908
epoch=4/8 iter=10300 loss=-0.915665
epoch=4/8 iter=10400 loss=-0.782319
epoch=4/8 iter=10500 loss=-0.810451
epoch=4/8 iter=10600 loss=-0.735180
epoch=4/8 iter=10700 loss=-0.759072
epoch=4/8 iter=10800 loss=-0.820272
epoch=4/8 iter=10900 loss=-0.728494
epoch=4/8 iter=11000 loss=-0.795752
epoch=4/8 iter=11100 loss=-0.918986
epoch=4/8 iter=11200 loss=-0.781747
epoch=4/8 train_loss=-0.789298 valid_loss=-0.929660
/home/likc/.conda/envs/capd/lib/python3.7/site-packages/torch/nn/modules/module.py:1433: UserWarning: Positional args are being deprecated, use kwargs instead. Refer to https://pytorch.org/docs/master/generated/torch.nn.Module.html#torch.nn.Module.state_dict for details.
  "Positional args are being deprecated, use kwargs instead. Refer to "
epoch=5/8 iter=11300 loss=-0.799454
epoch=5/8 iter=11400 loss=-0.757914
epoch=5/8 iter=11500 loss=-0.786012
epoch=5/8 iter=11600 loss=-0.690175
epoch=5/8 iter=11700 loss=-0.793965
epoch=5/8 iter=11800 loss=-0.750316
epoch=5/8 iter=11900 loss=-0.635615
epoch=5/8 iter=12000 loss=-0.765657
epoch=5/8 iter=12100 loss=-0.704072
epoch=5/8 iter=12200 loss=-0.816142
epoch=5/8 iter=12300 loss=-0.906735
epoch=5/8 iter=12400 loss=-0.724371
epoch=5/8 iter=12500 loss=-0.979460
epoch=5/8 iter=12600 loss=-0.806035
epoch=5/8 iter=12700 loss=-0.773041
epoch=5/8 iter=12800 loss=-0.797758
epoch=5/8 iter=12900 loss=-0.752463
epoch=5/8 iter=13000 loss=-0.790524
epoch=5/8 iter=13100 loss=-0.761397
epoch=5/8 iter=13200 loss=-0.697209
epoch=5/8 iter=13300 loss=-0.797341
epoch=5/8 iter=13400 loss=-0.763452
epoch=5/8 iter=13500 loss=-0.731285
epoch=5/8 iter=13600 loss=-0.781054
epoch=5/8 iter=13700 loss=-0.755554
epoch=5/8 iter=13800 loss=-0.887504
epoch=5/8 iter=13900 loss=-0.830988
epoch=5/8 iter=14000 loss=-0.669055
epoch=5/8 train_loss=-0.790348 valid_loss=-0.928557
/home/likc/.conda/envs/capd/lib/python3.7/site-packages/torch/nn/modules/module.py:1433: UserWarning: Positional args are being deprecated, use kwargs instead. Refer to https://pytorch.org/docs/master/generated/torch.nn.Module.html#torch.nn.Module.state_dict for details.
  "Positional args are being deprecated, use kwargs instead. Refer to "
epoch=6/8 iter=14100 loss=-0.923304
epoch=6/8 iter=14200 loss=-0.911293
epoch=6/8 iter=14300 loss=-0.782123
epoch=6/8 iter=14400 loss=-0.784977
epoch=6/8 iter=14500 loss=-0.689563
epoch=6/8 iter=14600 loss=-0.823841
epoch=6/8 iter=14700 loss=-0.895268
epoch=6/8 iter=14800 loss=-0.875563
epoch=6/8 iter=14900 loss=-0.692438
epoch=6/8 iter=15000 loss=-0.792554
epoch=6/8 iter=15100 loss=-0.834133
epoch=6/8 iter=15200 loss=-0.793204
epoch=6/8 iter=15300 loss=-0.821358
epoch=6/8 iter=15400 loss=-0.774311
epoch=6/8 iter=15500 loss=-0.802509
epoch=6/8 iter=15600 loss=-0.807559
epoch=6/8 iter=15700 loss=-0.690087
epoch=6/8 iter=15800 loss=-0.686065
epoch=6/8 iter=15900 loss=-0.785164
epoch=6/8 iter=16000 loss=-0.849207
epoch=6/8 iter=16100 loss=-0.833930
epoch=6/8 iter=16200 loss=-0.765746
epoch=6/8 iter=16300 loss=-0.695521
epoch=6/8 iter=16400 loss=-0.789053
epoch=6/8 iter=16500 loss=-0.851711
epoch=6/8 iter=16600 loss=-0.818476
epoch=6/8 iter=16700 loss=-0.853606
epoch=6/8 iter=16800 loss=-0.825331
epoch=6/8 train_loss=-0.790784 valid_loss=-0.929026
/home/likc/.conda/envs/capd/lib/python3.7/site-packages/torch/nn/modules/module.py:1433: UserWarning: Positional args are being deprecated, use kwargs instead. Refer to https://pytorch.org/docs/master/generated/torch.nn.Module.html#torch.nn.Module.state_dict for details.
  "Positional args are being deprecated, use kwargs instead. Refer to "
epoch=7/8 iter=16900 loss=-0.714810
epoch=7/8 iter=17000 loss=-0.761146
epoch=7/8 iter=17100 loss=-0.772137
epoch=7/8 iter=17200 loss=-0.726915
epoch=7/8 iter=17300 loss=-0.759264
epoch=7/8 iter=17400 loss=-0.854387
epoch=7/8 iter=17500 loss=-0.743444
epoch=7/8 iter=17600 loss=-0.827438
epoch=7/8 iter=17700 loss=-0.834185
epoch=7/8 iter=17800 loss=-0.699688
epoch=7/8 iter=17900 loss=-0.752939
epoch=7/8 iter=18000 loss=-0.681271
epoch=7/8 iter=18100 loss=-0.885608
epoch=7/8 iter=18200 loss=-0.824343
epoch=7/8 iter=18300 loss=-0.792581
epoch=7/8 iter=18400 loss=-0.816384
epoch=7/8 iter=18500 loss=-0.851419
epoch=7/8 iter=18600 loss=-0.772062
epoch=7/8 iter=18700 loss=-0.684430
epoch=7/8 iter=18800 loss=-0.856480
epoch=7/8 iter=18900 loss=-0.725438
epoch=7/8 iter=19000 loss=-0.889717
epoch=7/8 iter=19100 loss=-0.827253
epoch=7/8 iter=19200 loss=-0.851651
epoch=7/8 iter=19300 loss=-0.816555
epoch=7/8 iter=19400 loss=-0.582777
epoch=7/8 iter=19500 loss=-0.666652
epoch=7/8 iter=19600 loss=-0.873152
epoch=7/8 train_loss=-0.791253 valid_loss=-0.930624
/home/likc/.conda/envs/capd/lib/python3.7/site-packages/torch/nn/modules/module.py:1433: UserWarning: Positional args are being deprecated, use kwargs instead. Refer to https://pytorch.org/docs/master/generated/torch.nn.Module.html#torch.nn.Module.state_dict for details.
  "Positional args are being deprecated, use kwargs instead. Refer to "
epoch=8/8 iter=19700 loss=-0.752005
epoch=8/8 iter=19800 loss=-0.854961
epoch=8/8 iter=19900 loss=-0.706827
epoch=8/8 iter=20000 loss=-0.856520
epoch=8/8 iter=20100 loss=-0.847818
epoch=8/8 iter=20200 loss=-0.856710
epoch=8/8 iter=20300 loss=-0.851770
epoch=8/8 iter=20400 loss=-0.885983
epoch=8/8 iter=20500 loss=-0.768397
epoch=8/8 iter=20600 loss=-0.817489
epoch=8/8 iter=20700 loss=-0.984108
epoch=8/8 iter=20800 loss=-0.850310
epoch=8/8 iter=20900 loss=-0.799443
epoch=8/8 iter=21000 loss=-0.857574
epoch=8/8 iter=21100 loss=-0.825079
epoch=8/8 iter=21200 loss=-0.785788
epoch=8/8 iter=21300 loss=-0.817484
epoch=8/8 iter=21400 loss=-0.882333
epoch=8/8 iter=21500 loss=-0.830911
epoch=8/8 iter=21600 loss=-0.771321
epoch=8/8 iter=21700 loss=-0.799285
epoch=8/8 iter=21800 loss=-0.731036
epoch=8/8 iter=21900 loss=-0.705678
epoch=8/8 iter=22000 loss=-0.796315
epoch=8/8 iter=22100 loss=-0.828494
epoch=8/8 iter=22200 loss=-0.740109
epoch=8/8 iter=22300 loss=-0.859879
epoch=8/8 iter=22400 loss=-0.739721
epoch=8/8 train_loss=-0.791810 valid_loss=-0.929880
Training finished. best=/home/likc/Q-former-for-OS/outputs/capd_proactive_stage4_stage7/stage4-stage7-unified-r2/checkpoints/sem-L512/seed_42/qmap_best.pth last=/home/likc/Q-former-for-OS/outputs/capd_proactive_stage4_stage7/stage4-stage7-unified-r2/checkpoints/sem-L512/seed_42/qmap_last.pth
/home/likc/.conda/envs/capd/lib/python3.7/site-packages/torch/nn/modules/module.py:1433: UserWarning: Positional args are being deprecated, use kwargs instead. Refer to https://pytorch.org/docs/master/generated/torch.nn.Module.html#torch.nn.Module.state_dict for details.
  "Positional args are being deprecated, use kwargs instead. Refer to "
