QMAP training: train=/home/likc/Q-former-for-OS/outputs/capd_proactive_stage4_stage7/stage4-stage7-unified-r1/datasets/a1d1833d041127173b9a/all_train.jsonl valid=/home/likc/Q-former-for-OS/outputs/capd_proactive_stage4_stage7/stage4-stage7-unified-r1/datasets/a1d1833d041127173b9a/all_validation.jsonl samples=89619/14455 device=cuda
epoch=1/8 iter=1 loss=-0.555525
epoch=1/8 iter=100 loss=-0.609694
epoch=1/8 iter=200 loss=-0.640009
epoch=1/8 iter=300 loss=-0.687527
epoch=1/8 iter=400 loss=-0.718421
epoch=1/8 iter=500 loss=-0.814901
epoch=1/8 iter=600 loss=-0.780488
epoch=1/8 iter=700 loss=-0.823639
epoch=1/8 iter=800 loss=-0.833539
epoch=1/8 iter=900 loss=-0.875096
epoch=1/8 iter=1000 loss=-0.804710
epoch=1/8 iter=1100 loss=-0.761406
epoch=1/8 iter=1200 loss=-0.828873
epoch=1/8 iter=1300 loss=-0.757672
epoch=1/8 iter=1400 loss=-0.843343
epoch=1/8 iter=1500 loss=-0.776822
epoch=1/8 iter=1600 loss=-0.699632
epoch=1/8 iter=1700 loss=-0.676876
epoch=1/8 iter=1800 loss=-0.736791
epoch=1/8 iter=1900 loss=-0.774485
epoch=1/8 iter=2000 loss=-0.780142
epoch=1/8 iter=2100 loss=-0.816911
epoch=1/8 iter=2200 loss=-0.849631
epoch=1/8 iter=2300 loss=-0.854373
epoch=1/8 iter=2400 loss=-0.882436
epoch=1/8 iter=2500 loss=-0.760698
epoch=1/8 iter=2600 loss=-0.769237
epoch=1/8 iter=2700 loss=-0.761625
epoch=1/8 iter=2800 loss=-0.715534
epoch=1/8 train_loss=-0.763412 valid_loss=-0.921793
/home/likc/.conda/envs/capd/lib/python3.7/site-packages/torch/nn/modules/module.py:1433: UserWarning: Positional args are being deprecated, use kwargs instead. Refer to https://pytorch.org/docs/master/generated/torch.nn.Module.html#torch.nn.Module.state_dict for details.
  "Positional args are being deprecated, use kwargs instead. Refer to "
epoch=2/8 iter=2900 loss=-0.761725
epoch=2/8 iter=3000 loss=-0.853417
epoch=2/8 iter=3100 loss=-0.714749
epoch=2/8 iter=3200 loss=-0.819301
epoch=2/8 iter=3300 loss=-0.788908
epoch=2/8 iter=3400 loss=-0.775705
epoch=2/8 iter=3500 loss=-0.701053
epoch=2/8 iter=3600 loss=-0.820302
epoch=2/8 iter=3700 loss=-0.667598
epoch=2/8 iter=3800 loss=-0.822828
epoch=2/8 iter=3900 loss=-0.749433
epoch=2/8 iter=4000 loss=-0.818852
epoch=2/8 iter=4100 loss=-0.569894
epoch=2/8 iter=4200 loss=-0.729105
epoch=2/8 iter=4300 loss=-0.824975
epoch=2/8 iter=4400 loss=-0.861925
epoch=2/8 iter=4500 loss=-0.827905
epoch=2/8 iter=4600 loss=-0.811414
epoch=2/8 iter=4700 loss=-0.791590
epoch=2/8 iter=4800 loss=-0.903266
epoch=2/8 iter=4900 loss=-0.795754
epoch=2/8 iter=5000 loss=-0.736346
epoch=2/8 iter=5100 loss=-0.761282
epoch=2/8 iter=5200 loss=-0.852454
epoch=2/8 iter=5300 loss=-0.806298
epoch=2/8 iter=5400 loss=-0.885768
epoch=2/8 iter=5500 loss=-0.858305
epoch=2/8 iter=5600 loss=-0.795465
epoch=2/8 train_loss=-0.785475 valid_loss=-0.924477
/home/likc/.conda/envs/capd/lib/python3.7/site-packages/torch/nn/modules/module.py:1433: UserWarning: Positional args are being deprecated, use kwargs instead. Refer to https://pytorch.org/docs/master/generated/torch.nn.Module.html#torch.nn.Module.state_dict for details.
  "Positional args are being deprecated, use kwargs instead. Refer to "
epoch=3/8 iter=5700 loss=-0.792967
epoch=3/8 iter=5800 loss=-0.788791
epoch=3/8 iter=5900 loss=-0.791176
epoch=3/8 iter=6000 loss=-0.779432
epoch=3/8 iter=6100 loss=-0.900301
epoch=3/8 iter=6200 loss=-0.816721
epoch=3/8 iter=6300 loss=-0.821214
epoch=3/8 iter=6400 loss=-0.699058
epoch=3/8 iter=6500 loss=-0.719839
epoch=3/8 iter=6600 loss=-0.854775
epoch=3/8 iter=6700 loss=-0.814560
epoch=3/8 iter=6800 loss=-0.765189
epoch=3/8 iter=6900 loss=-0.721670
epoch=3/8 iter=7000 loss=-0.805491
epoch=3/8 iter=7100 loss=-0.842890
epoch=3/8 iter=7200 loss=-0.769260
epoch=3/8 iter=7300 loss=-0.877286
epoch=3/8 iter=7400 loss=-0.754722
epoch=3/8 iter=7500 loss=-0.756788
epoch=3/8 iter=7600 loss=-0.935815
epoch=3/8 iter=7700 loss=-0.890977
epoch=3/8 iter=7800 loss=-0.753261
epoch=3/8 iter=7900 loss=-0.753865
epoch=3/8 iter=8000 loss=-0.745640
epoch=3/8 iter=8100 loss=-0.807085
epoch=3/8 iter=8200 loss=-0.718639
epoch=3/8 iter=8300 loss=-0.908781
epoch=3/8 iter=8400 loss=-0.857479
epoch=3/8 train_loss=-0.788077 valid_loss=-0.926290
/home/likc/.conda/envs/capd/lib/python3.7/site-packages/torch/nn/modules/module.py:1433: UserWarning: Positional args are being deprecated, use kwargs instead. Refer to https://pytorch.org/docs/master/generated/torch.nn.Module.html#torch.nn.Module.state_dict for details.
  "Positional args are being deprecated, use kwargs instead. Refer to "
epoch=4/8 iter=8500 loss=-0.772582
epoch=4/8 iter=8600 loss=-0.759073
epoch=4/8 iter=8700 loss=-0.872880
epoch=4/8 iter=8800 loss=-0.779862
epoch=4/8 iter=8900 loss=-0.677994
epoch=4/8 iter=9000 loss=-0.667327
epoch=4/8 iter=9100 loss=-0.949141
epoch=4/8 iter=9200 loss=-0.865660
epoch=4/8 iter=9300 loss=-0.697039
epoch=4/8 iter=9400 loss=-0.944322
epoch=4/8 iter=9500 loss=-0.734981
epoch=4/8 iter=9600 loss=-0.822856
epoch=4/8 iter=9700 loss=-0.763225
epoch=4/8 iter=9800 loss=-0.773668
epoch=4/8 iter=9900 loss=-0.753468
epoch=4/8 iter=10000 loss=-0.785502
epoch=4/8 iter=10100 loss=-0.767994
epoch=4/8 iter=10200 loss=-0.799451
epoch=4/8 iter=10300 loss=-0.733732
epoch=4/8 iter=10400 loss=-0.705088
epoch=4/8 iter=10500 loss=-0.802174
epoch=4/8 iter=10600 loss=-0.755982
epoch=4/8 iter=10700 loss=-0.767143
epoch=4/8 iter=10800 loss=-0.790692
epoch=4/8 iter=10900 loss=-0.811823
epoch=4/8 iter=11000 loss=-0.676405
epoch=4/8 iter=11100 loss=-0.700809
epoch=4/8 iter=11200 loss=-0.829663
epoch=4/8 train_loss=-0.789601 valid_loss=-0.928711
/home/likc/.conda/envs/capd/lib/python3.7/site-packages/torch/nn/modules/module.py:1433: UserWarning: Positional args are being deprecated, use kwargs instead. Refer to https://pytorch.org/docs/master/generated/torch.nn.Module.html#torch.nn.Module.state_dict for details.
  "Positional args are being deprecated, use kwargs instead. Refer to "
epoch=5/8 iter=11300 loss=-0.792986
epoch=5/8 iter=11400 loss=-0.671965
epoch=5/8 iter=11500 loss=-0.789304
epoch=5/8 iter=11600 loss=-0.807973
epoch=5/8 iter=11700 loss=-0.838215
epoch=5/8 iter=11800 loss=-0.778345
epoch=5/8 iter=11900 loss=-0.640594
epoch=5/8 iter=12000 loss=-0.824496
epoch=5/8 iter=12100 loss=-0.822725
epoch=5/8 iter=12200 loss=-0.829876
epoch=5/8 iter=12300 loss=-0.714585
epoch=5/8 iter=12400 loss=-0.765964
epoch=5/8 iter=12500 loss=-0.726893
epoch=5/8 iter=12600 loss=-0.781216
epoch=5/8 iter=12700 loss=-0.778930
epoch=5/8 iter=12800 loss=-0.758464
epoch=5/8 iter=12900 loss=-0.854147
epoch=5/8 iter=13000 loss=-0.802067
epoch=5/8 iter=13100 loss=-0.847612
epoch=5/8 iter=13200 loss=-0.781696
epoch=5/8 iter=13300 loss=-0.714340
epoch=5/8 iter=13400 loss=-0.575570
epoch=5/8 iter=13500 loss=-0.798932
epoch=5/8 iter=13600 loss=-0.874553
epoch=5/8 iter=13700 loss=-0.765539
epoch=5/8 iter=13800 loss=-0.731258
epoch=5/8 iter=13900 loss=-0.843253
epoch=5/8 iter=14000 loss=-0.742366
epoch=5/8 train_loss=-0.790471 valid_loss=-0.928570
/home/likc/.conda/envs/capd/lib/python3.7/site-packages/torch/nn/modules/module.py:1433: UserWarning: Positional args are being deprecated, use kwargs instead. Refer to https://pytorch.org/docs/master/generated/torch.nn.Module.html#torch.nn.Module.state_dict for details.
  "Positional args are being deprecated, use kwargs instead. Refer to "
epoch=6/8 iter=14100 loss=-0.789959
epoch=6/8 iter=14200 loss=-0.910563
epoch=6/8 iter=14300 loss=-0.848750
epoch=6/8 iter=14400 loss=-0.752901
epoch=6/8 iter=14500 loss=-0.720169
epoch=6/8 iter=14600 loss=-0.824400
epoch=6/8 iter=14700 loss=-0.657745
epoch=6/8 iter=14800 loss=-0.876512
epoch=6/8 iter=14900 loss=-0.803682
epoch=6/8 iter=15000 loss=-0.816358
epoch=6/8 iter=15100 loss=-0.795156
epoch=6/8 iter=15200 loss=-0.830624
epoch=6/8 iter=15300 loss=-0.690326
epoch=6/8 iter=15400 loss=-0.769067
epoch=6/8 iter=15500 loss=-0.800241
epoch=6/8 iter=15600 loss=-0.749112
epoch=6/8 iter=15700 loss=-0.795723
epoch=6/8 iter=15800 loss=-0.855399
epoch=6/8 iter=15900 loss=-0.780214
epoch=6/8 iter=16000 loss=-0.888363
epoch=6/8 iter=16100 loss=-0.700466
epoch=6/8 iter=16200 loss=-0.560546
epoch=6/8 iter=16300 loss=-0.921844
epoch=6/8 iter=16400 loss=-0.610622
epoch=6/8 iter=16500 loss=-0.753981
epoch=6/8 iter=16600 loss=-0.786307
epoch=6/8 iter=16700 loss=-0.645752
epoch=6/8 iter=16800 loss=-0.791527
epoch=6/8 train_loss=-0.791181 valid_loss=-0.928186
/home/likc/.conda/envs/capd/lib/python3.7/site-packages/torch/nn/modules/module.py:1433: UserWarning: Positional args are being deprecated, use kwargs instead. Refer to https://pytorch.org/docs/master/generated/torch.nn.Module.html#torch.nn.Module.state_dict for details.
  "Positional args are being deprecated, use kwargs instead. Refer to "
epoch=7/8 iter=16900 loss=-0.719300
epoch=7/8 iter=17000 loss=-0.878566
epoch=7/8 iter=17100 loss=-0.750795
epoch=7/8 iter=17200 loss=-0.841105
epoch=7/8 iter=17300 loss=-0.706486
epoch=7/8 iter=17400 loss=-0.812773
epoch=7/8 iter=17500 loss=-0.818762
epoch=7/8 iter=17600 loss=-0.729655
epoch=7/8 iter=17700 loss=-0.865900
epoch=7/8 iter=17800 loss=-0.798280
epoch=7/8 iter=17900 loss=-0.739131
epoch=7/8 iter=18000 loss=-0.754050
epoch=7/8 iter=18100 loss=-0.946136
epoch=7/8 iter=18200 loss=-0.856057
epoch=7/8 iter=18300 loss=-0.789277
epoch=7/8 iter=18400 loss=-0.669429
epoch=7/8 iter=18500 loss=-0.818217
epoch=7/8 iter=18600 loss=-0.798974
epoch=7/8 iter=18700 loss=-0.590980
epoch=7/8 iter=18800 loss=-0.797828
epoch=7/8 iter=18900 loss=-0.757243
epoch=7/8 iter=19000 loss=-0.759625
epoch=7/8 iter=19100 loss=-0.780811
epoch=7/8 iter=19200 loss=-0.860206
epoch=7/8 iter=19300 loss=-0.827312
epoch=7/8 iter=19400 loss=-0.891663
epoch=7/8 iter=19500 loss=-0.707202
epoch=7/8 iter=19600 loss=-0.755570
epoch=7/8 train_loss=-0.791566 valid_loss=-0.930145
/home/likc/.conda/envs/capd/lib/python3.7/site-packages/torch/nn/modules/module.py:1433: UserWarning: Positional args are being deprecated, use kwargs instead. Refer to https://pytorch.org/docs/master/generated/torch.nn.Module.html#torch.nn.Module.state_dict for details.
  "Positional args are being deprecated, use kwargs instead. Refer to "
epoch=8/8 iter=19700 loss=-0.842386
epoch=8/8 iter=19800 loss=-0.921041
epoch=8/8 iter=19900 loss=-0.794203
epoch=8/8 iter=20000 loss=-0.771636
epoch=8/8 iter=20100 loss=-0.764770
epoch=8/8 iter=20200 loss=-0.796795
epoch=8/8 iter=20300 loss=-0.771782
epoch=8/8 iter=20400 loss=-0.852848
epoch=8/8 iter=20500 loss=-0.723844
epoch=8/8 iter=20600 loss=-0.801929
epoch=8/8 iter=20700 loss=-0.868155
epoch=8/8 iter=20800 loss=-0.799771
epoch=8/8 iter=20900 loss=-0.701263
epoch=8/8 iter=21000 loss=-0.814008
epoch=8/8 iter=21100 loss=-0.569050
epoch=8/8 iter=21200 loss=-0.793159
epoch=8/8 iter=21300 loss=-0.743213
epoch=8/8 iter=21400 loss=-0.854343
epoch=8/8 iter=21500 loss=-0.881405
epoch=8/8 iter=21600 loss=-0.780651
epoch=8/8 iter=21700 loss=-0.725560
epoch=8/8 iter=21800 loss=-0.752859
epoch=8/8 iter=21900 loss=-0.828957
epoch=8/8 iter=22000 loss=-0.732858
epoch=8/8 iter=22100 loss=-0.881299
epoch=8/8 iter=22200 loss=-0.725415
epoch=8/8 iter=22300 loss=-0.814809
epoch=8/8 iter=22400 loss=-0.903934
epoch=8/8 train_loss=-0.792078 valid_loss=-0.929720
Training finished. best=/home/likc/Q-former-for-OS/outputs/capd_proactive_stage4_stage7/stage4-stage7-unified-r2/checkpoints/sem-L512/seed_2026/qmap_best.pth last=/home/likc/Q-former-for-OS/outputs/capd_proactive_stage4_stage7/stage4-stage7-unified-r2/checkpoints/sem-L512/seed_2026/qmap_last.pth
/home/likc/.conda/envs/capd/lib/python3.7/site-packages/torch/nn/modules/module.py:1433: UserWarning: Positional args are being deprecated, use kwargs instead. Refer to https://pytorch.org/docs/master/generated/torch.nn.Module.html#torch.nn.Module.state_dict for details.
  "Positional args are being deprecated, use kwargs instead. Refer to "
