QMAP training: train=/home/likc/Q-former-for-OS/outputs/capd_proactive_stage4_stage7/stage4-stage7-unified-r1/datasets/da0dab0afec1945a70ef/all_train.jsonl valid=/home/likc/Q-former-for-OS/outputs/capd_proactive_stage4_stage7/stage4-stage7-unified-r1/datasets/da0dab0afec1945a70ef/all_validation.jsonl samples=89651/14469 device=cuda
epoch=1/12 iter=1 loss=-0.676094
epoch=1/12 iter=100 loss=-0.738580
epoch=1/12 iter=200 loss=-0.720370
epoch=1/12 iter=300 loss=-0.672805
epoch=1/12 iter=400 loss=-0.804164
epoch=1/12 iter=500 loss=-0.828430
epoch=1/12 iter=600 loss=-0.700831
epoch=1/12 iter=700 loss=-0.646753
epoch=1/12 iter=800 loss=-0.529696
epoch=1/12 iter=900 loss=-0.725394
epoch=1/12 iter=1000 loss=-0.760295
epoch=1/12 iter=1100 loss=-0.674913
epoch=1/12 iter=1200 loss=-0.862350
epoch=1/12 iter=1300 loss=-0.906341
epoch=1/12 iter=1400 loss=-0.813571
epoch=1/12 iter=1500 loss=-0.652674
epoch=1/12 iter=1600 loss=-0.756309
epoch=1/12 iter=1700 loss=-0.796607
epoch=1/12 iter=1800 loss=-0.879523
epoch=1/12 iter=1900 loss=-0.799000
epoch=1/12 iter=2000 loss=-0.847515
epoch=1/12 iter=2100 loss=-0.815040
epoch=1/12 iter=2200 loss=-0.763451
epoch=1/12 iter=2300 loss=-0.657843
epoch=1/12 iter=2400 loss=-0.854675
epoch=1/12 iter=2500 loss=-0.911350
epoch=1/12 iter=2600 loss=-0.892201
epoch=1/12 iter=2700 loss=-0.698012
epoch=1/12 iter=2800 loss=-0.827546
epoch=1/12 iter=2900 loss=-0.789276
epoch=1/12 iter=3000 loss=-0.857110
epoch=1/12 iter=3100 loss=-0.654960
epoch=1/12 iter=3200 loss=-0.662703
epoch=1/12 iter=3300 loss=-0.734301
epoch=1/12 iter=3400 loss=-0.736511
epoch=1/12 iter=3500 loss=-0.841276
epoch=1/12 iter=3600 loss=-0.845757
epoch=1/12 iter=3700 loss=-0.911008
epoch=1/12 iter=3800 loss=-0.838674
epoch=1/12 iter=3900 loss=-0.850660
epoch=1/12 iter=4000 loss=-0.877253
epoch=1/12 iter=4100 loss=-0.733548
epoch=1/12 iter=4200 loss=-0.864529
epoch=1/12 iter=4300 loss=-0.778286
epoch=1/12 iter=4400 loss=-0.849377
epoch=1/12 iter=4500 loss=-0.779063
epoch=1/12 iter=4600 loss=-0.751678
epoch=1/12 iter=4700 loss=-0.606794
epoch=1/12 iter=4800 loss=-0.780250
epoch=1/12 iter=4900 loss=-0.714093
epoch=1/12 iter=5000 loss=-0.841701
epoch=1/12 iter=5100 loss=-0.851334
epoch=1/12 iter=5200 loss=-0.795873
epoch=1/12 iter=5300 loss=-0.885284
epoch=1/12 iter=5400 loss=-0.734497
epoch=1/12 iter=5500 loss=-0.822704
epoch=1/12 iter=5600 loss=-0.671150
epoch=1/12 train_loss=-0.771614 valid_loss=-0.921587
/home/likc/.conda/envs/capd/lib/python3.7/site-packages/torch/nn/modules/module.py:1433: UserWarning: Positional args are being deprecated, use kwargs instead. Refer to https://pytorch.org/docs/master/generated/torch.nn.Module.html#torch.nn.Module.state_dict for details.
  "Positional args are being deprecated, use kwargs instead. Refer to "
epoch=2/12 iter=5700 loss=-0.980729
epoch=2/12 iter=5800 loss=-0.709064
epoch=2/12 iter=5900 loss=-0.752761
epoch=2/12 iter=6000 loss=-0.824909
epoch=2/12 iter=6100 loss=-0.662646
epoch=2/12 iter=6200 loss=-0.793505
epoch=2/12 iter=6300 loss=-0.859143
epoch=2/12 iter=6400 loss=-0.766860
epoch=2/12 iter=6500 loss=-0.730054
epoch=2/12 iter=6600 loss=-0.906687
epoch=2/12 iter=6700 loss=-0.805966
epoch=2/12 iter=6800 loss=-0.726323
epoch=2/12 iter=6900 loss=-0.669918
epoch=2/12 iter=7000 loss=-0.734886
epoch=2/12 iter=7100 loss=-0.782400
epoch=2/12 iter=7200 loss=-0.733525
epoch=2/12 iter=7300 loss=-0.864788
epoch=2/12 iter=7400 loss=-0.838346
epoch=2/12 iter=7500 loss=-0.960359
epoch=2/12 iter=7600 loss=-0.677479
epoch=2/12 iter=7700 loss=-0.666958
epoch=2/12 iter=7800 loss=-0.796832
epoch=2/12 iter=7900 loss=-0.850833
epoch=2/12 iter=8000 loss=-0.728051
epoch=2/12 iter=8100 loss=-0.782687
epoch=2/12 iter=8200 loss=-0.790740
epoch=2/12 iter=8300 loss=-0.856678
epoch=2/12 iter=8400 loss=-0.606801
epoch=2/12 iter=8500 loss=-0.773410
epoch=2/12 iter=8600 loss=-0.796310
epoch=2/12 iter=8700 loss=-0.744117
epoch=2/12 iter=8800 loss=-0.712481
epoch=2/12 iter=8900 loss=-0.773518
epoch=2/12 iter=9000 loss=-0.732025
epoch=2/12 iter=9100 loss=-0.913799
epoch=2/12 iter=9200 loss=-0.665049
epoch=2/12 iter=9300 loss=-0.793175
epoch=2/12 iter=9400 loss=-0.854677
epoch=2/12 iter=9500 loss=-0.669535
epoch=2/12 iter=9600 loss=-0.658120
epoch=2/12 iter=9700 loss=-0.589551
epoch=2/12 iter=9800 loss=-0.725884
epoch=2/12 iter=9900 loss=-0.729853
epoch=2/12 iter=10000 loss=-0.856702
epoch=2/12 iter=10100 loss=-0.772791
epoch=2/12 iter=10200 loss=-0.839209
epoch=2/12 iter=10300 loss=-0.835943
epoch=2/12 iter=10400 loss=-0.591570
epoch=2/12 iter=10500 loss=-0.795527
epoch=2/12 iter=10600 loss=-0.695565
epoch=2/12 iter=10700 loss=-0.806038
epoch=2/12 iter=10800 loss=-0.846616
epoch=2/12 iter=10900 loss=-0.907367
epoch=2/12 iter=11000 loss=-0.915055
epoch=2/12 iter=11100 loss=-0.769704
epoch=2/12 iter=11200 loss=-0.796134
epoch=2/12 train_loss=-0.785148 valid_loss=-0.925870
/home/likc/.conda/envs/capd/lib/python3.7/site-packages/torch/nn/modules/module.py:1433: UserWarning: Positional args are being deprecated, use kwargs instead. Refer to https://pytorch.org/docs/master/generated/torch.nn.Module.html#torch.nn.Module.state_dict for details.
  "Positional args are being deprecated, use kwargs instead. Refer to "
epoch=3/12 iter=11300 loss=-0.905243
epoch=3/12 iter=11400 loss=-0.673979
epoch=3/12 iter=11500 loss=-0.678369
epoch=3/12 iter=11600 loss=-0.803549
epoch=3/12 iter=11700 loss=-0.884115
epoch=3/12 iter=11800 loss=-0.786333
epoch=3/12 iter=11900 loss=-0.836115
epoch=3/12 iter=12000 loss=-0.677199
epoch=3/12 iter=12100 loss=-0.675065
epoch=3/12 iter=12200 loss=-0.655762
epoch=3/12 iter=12300 loss=-0.666672
epoch=3/12 iter=12400 loss=-0.774263
epoch=3/12 iter=12500 loss=-0.847925
epoch=3/12 iter=12600 loss=-0.743443
epoch=3/12 iter=12700 loss=-0.699510
epoch=3/12 iter=12800 loss=-0.864205
epoch=3/12 iter=12900 loss=-0.552770
epoch=3/12 iter=13000 loss=-0.974989
epoch=3/12 iter=13100 loss=-0.661454
epoch=3/12 iter=13200 loss=-0.857077
epoch=3/12 iter=13300 loss=-0.927658
epoch=3/12 iter=13400 loss=-0.795458
epoch=3/12 iter=13500 loss=-0.937142
epoch=3/12 iter=13600 loss=-0.860509
epoch=3/12 iter=13700 loss=-0.864939
epoch=3/12 iter=13800 loss=-0.781744
epoch=3/12 iter=13900 loss=-0.713911
epoch=3/12 iter=14000 loss=-0.798970
epoch=3/12 iter=14100 loss=-0.875968
epoch=3/12 iter=14200 loss=-0.800264
epoch=3/12 iter=14300 loss=-0.778651
epoch=3/12 iter=14400 loss=-0.781766
epoch=3/12 iter=14500 loss=-0.931329
epoch=3/12 iter=14600 loss=-0.775298
epoch=3/12 iter=14700 loss=-0.602142
epoch=3/12 iter=14800 loss=-0.677917
epoch=3/12 iter=14900 loss=-0.679328
epoch=3/12 iter=15000 loss=-0.853502
epoch=3/12 iter=15100 loss=-0.829563
epoch=3/12 iter=15200 loss=-0.956098
epoch=3/12 iter=15300 loss=-0.945337
epoch=3/12 iter=15400 loss=-0.839809
epoch=3/12 iter=15500 loss=-0.736400
epoch=3/12 iter=15600 loss=-0.791673
epoch=3/12 iter=15700 loss=-0.796579
epoch=3/12 iter=15800 loss=-0.596956
epoch=3/12 iter=15900 loss=-0.613560
epoch=3/12 iter=16000 loss=-0.763246
epoch=3/12 iter=16100 loss=-0.794806
epoch=3/12 iter=16200 loss=-0.796931
epoch=3/12 iter=16300 loss=-0.845390
epoch=3/12 iter=16400 loss=-0.915344
epoch=3/12 iter=16500 loss=-0.606002
epoch=3/12 iter=16600 loss=-0.916630
epoch=3/12 iter=16700 loss=-0.923473
epoch=3/12 iter=16800 loss=-0.982906
epoch=3/12 train_loss=-0.788762 valid_loss=-0.926939
/home/likc/.conda/envs/capd/lib/python3.7/site-packages/torch/nn/modules/module.py:1433: UserWarning: Positional args are being deprecated, use kwargs instead. Refer to https://pytorch.org/docs/master/generated/torch.nn.Module.html#torch.nn.Module.state_dict for details.
  "Positional args are being deprecated, use kwargs instead. Refer to "
epoch=4/12 iter=16900 loss=-0.789737
epoch=4/12 iter=17000 loss=-0.904807
epoch=4/12 iter=17100 loss=-0.863418
epoch=4/12 iter=17200 loss=-0.786081
epoch=4/12 iter=17300 loss=-0.730507
epoch=4/12 iter=17400 loss=-0.656504
epoch=4/12 iter=17500 loss=-0.804170
epoch=4/12 iter=17600 loss=-0.862539
epoch=4/12 iter=17700 loss=-0.739668
epoch=4/12 iter=17800 loss=-0.730968
epoch=4/12 iter=17900 loss=-0.857831
epoch=4/12 iter=18000 loss=-0.673067
epoch=4/12 iter=18100 loss=-0.841412
epoch=4/12 iter=18200 loss=-0.850122
epoch=4/12 iter=18300 loss=-0.787880
epoch=4/12 iter=18400 loss=-0.797187
epoch=4/12 iter=18500 loss=-0.867737
epoch=4/12 iter=18600 loss=-0.861805
epoch=4/12 iter=18700 loss=-0.853201
epoch=4/12 iter=18800 loss=-0.846522
epoch=4/12 iter=18900 loss=-0.654151
epoch=4/12 iter=19000 loss=-0.720471
epoch=4/12 iter=19100 loss=-0.611624
epoch=4/12 iter=19200 loss=-0.800149
epoch=4/12 iter=19300 loss=-0.889442
epoch=4/12 iter=19400 loss=-0.840682
epoch=4/12 iter=19500 loss=-0.847564
epoch=4/12 iter=19600 loss=-0.858546
epoch=4/12 iter=19700 loss=-0.915898
epoch=4/12 iter=19800 loss=-0.803511
epoch=4/12 iter=19900 loss=-0.708207
epoch=4/12 iter=20000 loss=-0.784613
epoch=4/12 iter=20100 loss=-0.914118
epoch=4/12 iter=20200 loss=-0.864309
epoch=4/12 iter=20300 loss=-0.777911
epoch=4/12 iter=20400 loss=-0.803401
epoch=4/12 iter=20500 loss=-0.859170
epoch=4/12 iter=20600 loss=-0.651338
epoch=4/12 iter=20700 loss=-0.917084
epoch=4/12 iter=20800 loss=-0.855632
epoch=4/12 iter=20900 loss=-0.858109
epoch=4/12 iter=21000 loss=-0.734029
epoch=4/12 iter=21100 loss=-0.988106
epoch=4/12 iter=21200 loss=-0.547160
epoch=4/12 iter=21300 loss=-0.864628
epoch=4/12 iter=21400 loss=-0.973745
epoch=4/12 iter=21500 loss=-0.796820
epoch=4/12 iter=21600 loss=-0.910679
epoch=4/12 iter=21700 loss=-0.793301
epoch=4/12 iter=21800 loss=-0.739807
epoch=4/12 iter=21900 loss=-0.799066
epoch=4/12 iter=22000 loss=-0.803106
epoch=4/12 iter=22100 loss=-0.918323
epoch=4/12 iter=22200 loss=-0.849411
epoch=4/12 iter=22300 loss=-0.795509
epoch=4/12 iter=22400 loss=-0.673834
epoch=4/12 train_loss=-0.790467 valid_loss=-0.928754
/home/likc/.conda/envs/capd/lib/python3.7/site-packages/torch/nn/modules/module.py:1433: UserWarning: Positional args are being deprecated, use kwargs instead. Refer to https://pytorch.org/docs/master/generated/torch.nn.Module.html#torch.nn.Module.state_dict for details.
  "Positional args are being deprecated, use kwargs instead. Refer to "
epoch=5/12 iter=22500 loss=-0.862209
epoch=5/12 iter=22600 loss=-0.724030
epoch=5/12 iter=22700 loss=-0.742653
epoch=5/12 iter=22800 loss=-0.982676
epoch=5/12 iter=22900 loss=-0.735038
epoch=5/12 iter=23000 loss=-0.737559
epoch=5/12 iter=23100 loss=-0.662837
epoch=5/12 iter=23200 loss=-0.919545
epoch=5/12 iter=23300 loss=-0.951599
epoch=5/12 iter=23400 loss=-0.798942
epoch=5/12 iter=23500 loss=-0.801171
epoch=5/12 iter=23600 loss=-0.797557
epoch=5/12 iter=23700 loss=-0.805081
epoch=5/12 iter=23800 loss=-0.789044
epoch=5/12 iter=23900 loss=-0.802692
epoch=5/12 iter=24000 loss=-0.900811
epoch=5/12 iter=24100 loss=-0.917718
epoch=5/12 iter=24200 loss=-0.925329
epoch=5/12 iter=24300 loss=-0.990463
epoch=5/12 iter=24400 loss=-0.739085
epoch=5/12 iter=24500 loss=-0.854655
epoch=5/12 iter=24600 loss=-0.674441
epoch=5/12 iter=24700 loss=-0.778768
epoch=5/12 iter=24800 loss=-0.670423
epoch=5/12 iter=24900 loss=-0.735204
epoch=5/12 iter=25000 loss=-0.862331
epoch=5/12 iter=25100 loss=-0.731861
epoch=5/12 iter=25200 loss=-0.676724
epoch=5/12 iter=25300 loss=-0.864947
epoch=5/12 iter=25400 loss=-0.854167
epoch=5/12 iter=25500 loss=-0.912507
epoch=5/12 iter=25600 loss=-0.677624
epoch=5/12 iter=25700 loss=-0.859052
epoch=5/12 iter=25800 loss=-0.684836
epoch=5/12 iter=25900 loss=-0.907696
epoch=5/12 iter=26000 loss=-0.920178
epoch=5/12 iter=26100 loss=-0.908236
epoch=5/12 iter=26200 loss=-0.845376
epoch=5/12 iter=26300 loss=-0.717703
epoch=5/12 iter=26400 loss=-0.911987
epoch=5/12 iter=26500 loss=-0.864663
epoch=5/12 iter=26600 loss=-0.800944
epoch=5/12 iter=26700 loss=-0.860864
epoch=5/12 iter=26800 loss=-0.798728
epoch=5/12 iter=26900 loss=-0.799820
epoch=5/12 iter=27000 loss=-0.903915
epoch=5/12 iter=27100 loss=-0.783705
epoch=5/12 iter=27200 loss=-0.780491
epoch=5/12 iter=27300 loss=-0.805118
epoch=5/12 iter=27400 loss=-0.864716
epoch=5/12 iter=27500 loss=-0.722943
epoch=5/12 iter=27600 loss=-0.861588
epoch=5/12 iter=27700 loss=-0.733280
epoch=5/12 iter=27800 loss=-0.920690
epoch=5/12 iter=27900 loss=-0.977547
epoch=5/12 iter=28000 loss=-0.862722
epoch=5/12 train_loss=-0.791504 valid_loss=-0.928726
/home/likc/.conda/envs/capd/lib/python3.7/site-packages/torch/nn/modules/module.py:1433: UserWarning: Positional args are being deprecated, use kwargs instead. Refer to https://pytorch.org/docs/master/generated/torch.nn.Module.html#torch.nn.Module.state_dict for details.
  "Positional args are being deprecated, use kwargs instead. Refer to "
epoch=6/12 iter=28100 loss=-0.860867
epoch=6/12 iter=28200 loss=-0.802551
epoch=6/12 iter=28300 loss=-0.923276
epoch=6/12 iter=28400 loss=-0.791692
epoch=6/12 iter=28500 loss=-0.858679
epoch=6/12 iter=28600 loss=-0.799238
epoch=6/12 iter=28700 loss=-0.861426
epoch=6/12 iter=28800 loss=-0.858337
epoch=6/12 iter=28900 loss=-0.802317
epoch=6/12 iter=29000 loss=-0.551105
epoch=6/12 iter=29100 loss=-0.607617
epoch=6/12 iter=29200 loss=-0.840671
epoch=6/12 iter=29300 loss=-0.785687
epoch=6/12 iter=29400 loss=-0.837709
epoch=6/12 iter=29500 loss=-0.678567
epoch=6/12 iter=29600 loss=-0.845912
epoch=6/12 iter=29700 loss=-0.846443
epoch=6/12 iter=29800 loss=-0.865720
epoch=6/12 iter=29900 loss=-0.668326
epoch=6/12 iter=30000 loss=-0.798086
epoch=6/12 iter=30100 loss=-0.921180
epoch=6/12 iter=30200 loss=-0.738875
epoch=6/12 iter=30300 loss=-0.684485
epoch=6/12 iter=30400 loss=-0.737773
epoch=6/12 iter=30500 loss=-0.913494
epoch=6/12 iter=30600 loss=-0.849732
epoch=6/12 iter=30700 loss=-0.797252
epoch=6/12 iter=30800 loss=-0.796883
epoch=6/12 iter=30900 loss=-0.793644
epoch=6/12 iter=31000 loss=-0.857567
epoch=6/12 iter=31100 loss=-0.672065
epoch=6/12 iter=31200 loss=-0.784986
epoch=6/12 iter=31300 loss=-0.617867
epoch=6/12 iter=31400 loss=-0.650501
epoch=6/12 iter=31500 loss=-0.799468
epoch=6/12 iter=31600 loss=-0.847833
epoch=6/12 iter=31700 loss=-0.834725
epoch=6/12 iter=31800 loss=-0.595316
epoch=6/12 iter=31900 loss=-0.793424
epoch=6/12 iter=32000 loss=-0.842214
epoch=6/12 iter=32100 loss=-0.776780
epoch=6/12 iter=32200 loss=-0.924892
epoch=6/12 iter=32300 loss=-0.739051
epoch=6/12 iter=32400 loss=-0.867347
epoch=6/12 iter=32500 loss=-0.675333
epoch=6/12 iter=32600 loss=-0.856294
epoch=6/12 iter=32700 loss=-0.839439
epoch=6/12 iter=32800 loss=-0.788410
epoch=6/12 iter=32900 loss=-0.856266
epoch=6/12 iter=33000 loss=-0.794517
epoch=6/12 iter=33100 loss=-0.731800
epoch=6/12 iter=33200 loss=-0.848788
epoch=6/12 iter=33300 loss=-0.728888
epoch=6/12 iter=33400 loss=-0.738994
epoch=6/12 iter=33500 loss=-0.654909
epoch=6/12 iter=33600 loss=-0.800438
epoch=6/12 train_loss=-0.792107 valid_loss=-0.930615
/home/likc/.conda/envs/capd/lib/python3.7/site-packages/torch/nn/modules/module.py:1433: UserWarning: Positional args are being deprecated, use kwargs instead. Refer to https://pytorch.org/docs/master/generated/torch.nn.Module.html#torch.nn.Module.state_dict for details.
  "Positional args are being deprecated, use kwargs instead. Refer to "
epoch=7/12 iter=33700 loss=-0.668858
epoch=7/12 iter=33800 loss=-0.799880
epoch=7/12 iter=33900 loss=-0.736695
epoch=7/12 iter=34000 loss=-0.908774
epoch=7/12 iter=34100 loss=-0.788928
epoch=7/12 iter=34200 loss=-0.921102
epoch=7/12 iter=34300 loss=-0.732688
epoch=7/12 iter=34400 loss=-0.862598
epoch=7/12 iter=34500 loss=-0.789449
epoch=7/12 iter=34600 loss=-0.800189
epoch=7/12 iter=34700 loss=-0.740066
epoch=7/12 iter=34800 loss=-0.851573
epoch=7/12 iter=34900 loss=-0.805360
epoch=7/12 iter=35000 loss=-0.802628
epoch=7/12 iter=35100 loss=-0.595823
epoch=7/12 iter=35200 loss=-0.838158
epoch=7/12 iter=35300 loss=-0.616298
epoch=7/12 iter=35400 loss=-0.547486
epoch=7/12 iter=35500 loss=-0.801378
epoch=7/12 iter=35600 loss=-0.646292
epoch=7/12 iter=35700 loss=-0.914774
epoch=7/12 iter=35800 loss=-0.683774
epoch=7/12 iter=35900 loss=-0.710010
epoch=7/12 iter=36000 loss=-0.778085
epoch=7/12 iter=36100 loss=-0.889680
epoch=7/12 iter=36200 loss=-0.859093
epoch=7/12 iter=36300 loss=-0.826378
epoch=7/12 iter=36400 loss=-0.613851
epoch=7/12 iter=36500 loss=-0.800156
epoch=7/12 iter=36600 loss=-0.671072
epoch=7/12 iter=36700 loss=-0.783423
epoch=7/12 iter=36800 loss=-0.726790
epoch=7/12 iter=36900 loss=-0.748284
epoch=7/12 iter=37000 loss=-0.925439
epoch=7/12 iter=37100 loss=-0.786157
epoch=7/12 iter=37200 loss=-0.784580
epoch=7/12 iter=37300 loss=-0.666165
epoch=7/12 iter=37400 loss=-0.848309
epoch=7/12 iter=37500 loss=-0.676670
epoch=7/12 iter=37600 loss=-0.542442
epoch=7/12 iter=37700 loss=-0.917384
epoch=7/12 iter=37800 loss=-0.932991
epoch=7/12 iter=37900 loss=-0.865003
epoch=7/12 iter=38000 loss=-0.792313
epoch=7/12 iter=38100 loss=-0.847317
epoch=7/12 iter=38200 loss=-0.738661
epoch=7/12 iter=38300 loss=-0.646587
epoch=7/12 iter=38400 loss=-0.865999
epoch=7/12 iter=38500 loss=-0.674716
epoch=7/12 iter=38600 loss=-0.856276
epoch=7/12 iter=38700 loss=-0.845087
epoch=7/12 iter=38800 loss=-0.769500
epoch=7/12 iter=38900 loss=-0.849420
epoch=7/12 iter=39000 loss=-0.797543
epoch=7/12 iter=39100 loss=-0.912700
epoch=7/12 iter=39200 loss=-0.744917
epoch=7/12 train_loss=-0.793703 valid_loss=-0.930654
/home/likc/.conda/envs/capd/lib/python3.7/site-packages/torch/nn/modules/module.py:1433: UserWarning: Positional args are being deprecated, use kwargs instead. Refer to https://pytorch.org/docs/master/generated/torch.nn.Module.html#torch.nn.Module.state_dict for details.
  "Positional args are being deprecated, use kwargs instead. Refer to "
epoch=8/12 iter=39300 loss=-0.802665
epoch=8/12 iter=39400 loss=-0.702716
epoch=8/12 iter=39500 loss=-0.746993
epoch=8/12 iter=39600 loss=-0.768634
epoch=8/12 iter=39700 loss=-0.739866
epoch=8/12 iter=39800 loss=-0.992526
epoch=8/12 iter=39900 loss=-0.795745
epoch=8/12 iter=40000 loss=-0.857780
epoch=8/12 iter=40100 loss=-0.985910
epoch=8/12 iter=40200 loss=-0.804007
epoch=8/12 iter=40300 loss=-0.620137
epoch=8/12 iter=40400 loss=-0.861386
epoch=8/12 iter=40500 loss=-0.676613
epoch=8/12 iter=40600 loss=-0.796840
epoch=8/12 iter=40700 loss=-0.797387
epoch=8/12 iter=40800 loss=-0.866174
epoch=8/12 iter=40900 loss=-0.616518
epoch=8/12 iter=41000 loss=-0.795618
epoch=8/12 iter=41100 loss=-0.726010
epoch=8/12 iter=41200 loss=-0.551127
epoch=8/12 iter=41300 loss=-0.865752
epoch=8/12 iter=41400 loss=-0.788530
epoch=8/12 iter=41500 loss=-0.742695
epoch=8/12 iter=41600 loss=-0.862295
epoch=8/12 iter=41700 loss=-0.734678
epoch=8/12 iter=41800 loss=-0.771006
epoch=8/12 iter=41900 loss=-0.806715
epoch=8/12 iter=42000 loss=-0.745344
epoch=8/12 iter=42100 loss=-0.611033
epoch=8/12 iter=42200 loss=-0.735890
epoch=8/12 iter=42300 loss=-0.969462
epoch=8/12 iter=42400 loss=-0.839773
epoch=8/12 iter=42500 loss=-0.734964
epoch=8/12 iter=42600 loss=-0.730362
epoch=8/12 iter=42700 loss=-0.854110
epoch=8/12 iter=42800 loss=-0.726453
epoch=8/12 iter=42900 loss=-0.805706
epoch=8/12 iter=43000 loss=-0.987443
epoch=8/12 iter=43100 loss=-0.905745
epoch=8/12 iter=43200 loss=-0.929016
epoch=8/12 iter=43300 loss=-0.840799
epoch=8/12 iter=43400 loss=-0.921916
epoch=8/12 iter=43500 loss=-0.969784
epoch=8/12 iter=43600 loss=-0.803572
epoch=8/12 iter=43700 loss=-0.654944
epoch=8/12 iter=43800 loss=-0.709492
epoch=8/12 iter=43900 loss=-0.730048
epoch=8/12 iter=44000 loss=-0.932426
epoch=8/12 iter=44100 loss=-0.778003
epoch=8/12 iter=44200 loss=-0.901808
epoch=8/12 iter=44300 loss=-0.841514
epoch=8/12 iter=44400 loss=-0.600771
epoch=8/12 iter=44500 loss=-0.680164
epoch=8/12 iter=44600 loss=-0.921301
epoch=8/12 iter=44700 loss=-0.853408
epoch=8/12 iter=44800 loss=-0.871382
epoch=8/12 train_loss=-0.794206 valid_loss=-0.931757
/home/likc/.conda/envs/capd/lib/python3.7/site-packages/torch/nn/modules/module.py:1433: UserWarning: Positional args are being deprecated, use kwargs instead. Refer to https://pytorch.org/docs/master/generated/torch.nn.Module.html#torch.nn.Module.state_dict for details.
  "Positional args are being deprecated, use kwargs instead. Refer to "
epoch=9/12 iter=44900 loss=-0.545953
epoch=9/12 iter=45000 loss=-0.839055
epoch=9/12 iter=45100 loss=-0.802164
epoch=9/12 iter=45200 loss=-0.801731
epoch=9/12 iter=45300 loss=-0.863907
epoch=9/12 iter=45400 loss=-0.797575
epoch=9/12 iter=45500 loss=-0.779935
epoch=9/12 iter=45600 loss=-0.789327
epoch=9/12 iter=45700 loss=-0.796817
epoch=9/12 iter=45800 loss=-0.974135
epoch=9/12 iter=45900 loss=-0.611920
epoch=9/12 iter=46000 loss=-0.782201
epoch=9/12 iter=46100 loss=-0.833674
epoch=9/12 iter=46200 loss=-0.742362
epoch=9/12 iter=46300 loss=-0.849775
epoch=9/12 iter=46400 loss=-0.683653
epoch=9/12 iter=46500 loss=-0.737452
epoch=9/12 iter=46600 loss=-0.728468
epoch=9/12 iter=46700 loss=-0.803321
epoch=9/12 iter=46800 loss=-0.868611
epoch=9/12 iter=46900 loss=-0.868149
epoch=9/12 iter=47000 loss=-0.785262
epoch=9/12 iter=47100 loss=-0.732200
epoch=9/12 iter=47200 loss=-0.911842
epoch=9/12 iter=47300 loss=-0.553996
epoch=9/12 iter=47400 loss=-0.777931
epoch=9/12 iter=47500 loss=-0.807345
epoch=9/12 iter=47600 loss=-0.786230
epoch=9/12 iter=47700 loss=-0.842341
epoch=9/12 iter=47800 loss=-0.989380
epoch=9/12 iter=47900 loss=-0.596924
epoch=9/12 iter=48000 loss=-0.772445
epoch=9/12 iter=48100 loss=-0.867343
epoch=9/12 iter=48200 loss=-0.806664
epoch=9/12 iter=48300 loss=-0.684100
epoch=9/12 iter=48400 loss=-0.865423
epoch=9/12 iter=48500 loss=-0.712193
epoch=9/12 iter=48600 loss=-0.741113
epoch=9/12 iter=48700 loss=-0.680113
epoch=9/12 iter=48800 loss=-0.645771
epoch=9/12 iter=48900 loss=-0.871312
epoch=9/12 iter=49000 loss=-0.792975
epoch=9/12 iter=49100 loss=-0.983387
epoch=9/12 iter=49200 loss=-0.744181
epoch=9/12 iter=49300 loss=-0.862682
epoch=9/12 iter=49400 loss=-0.868597
epoch=9/12 iter=49500 loss=-0.803031
epoch=9/12 iter=49600 loss=-0.700536
epoch=9/12 iter=49700 loss=-0.800321
epoch=9/12 iter=49800 loss=-0.608088
epoch=9/12 iter=49900 loss=-0.742604
epoch=9/12 iter=50000 loss=-0.798068
epoch=9/12 iter=50100 loss=-0.744464
epoch=9/12 iter=50200 loss=-0.915028
epoch=9/12 iter=50300 loss=-0.616636
epoch=9/12 iter=50400 loss=-0.901247
epoch=9/12 train_loss=-0.794389 valid_loss=-0.933115
/home/likc/.conda/envs/capd/lib/python3.7/site-packages/torch/nn/modules/module.py:1433: UserWarning: Positional args are being deprecated, use kwargs instead. Refer to https://pytorch.org/docs/master/generated/torch.nn.Module.html#torch.nn.Module.state_dict for details.
  "Positional args are being deprecated, use kwargs instead. Refer to "
epoch=10/12 iter=50500 loss=-0.675891
epoch=10/12 iter=50600 loss=-0.868468
epoch=10/12 iter=50700 loss=-0.868770
epoch=10/12 iter=50800 loss=-0.807946
epoch=10/12 iter=50900 loss=-0.926740
epoch=10/12 iter=51000 loss=-0.863980
epoch=10/12 iter=51100 loss=-0.743037
epoch=10/12 iter=51200 loss=-0.981544
epoch=10/12 iter=51300 loss=-0.684753
epoch=10/12 iter=51400 loss=-0.867028
epoch=10/12 iter=51500 loss=-0.675285
epoch=10/12 iter=51600 loss=-0.982810
epoch=10/12 iter=51700 loss=-0.791359
epoch=10/12 iter=51800 loss=-0.920126
epoch=10/12 iter=51900 loss=-0.804531
epoch=10/12 iter=52000 loss=-0.854225
epoch=10/12 iter=52100 loss=-0.870564
epoch=10/12 iter=52200 loss=-0.935797
epoch=10/12 iter=52300 loss=-0.618423
epoch=10/12 iter=52400 loss=-0.865902
epoch=10/12 iter=52500 loss=-0.778759
epoch=10/12 iter=52600 loss=-0.742865
epoch=10/12 iter=52700 loss=-0.684782
epoch=10/12 iter=52800 loss=-0.807773
epoch=10/12 iter=52900 loss=-0.974421
epoch=10/12 iter=53000 loss=-0.717665
epoch=10/12 iter=53100 loss=-0.918042
epoch=10/12 iter=53200 loss=-0.850189
epoch=10/12 iter=53300 loss=-0.804076
epoch=10/12 iter=53400 loss=-0.927772
epoch=10/12 iter=53500 loss=-0.855403
epoch=10/12 iter=53600 loss=-0.919904
epoch=10/12 iter=53700 loss=-0.674451
epoch=10/12 iter=53800 loss=-0.720811
epoch=10/12 iter=53900 loss=-0.852113
epoch=10/12 iter=54000 loss=-0.860808
epoch=10/12 iter=54100 loss=-0.867036
epoch=10/12 iter=54200 loss=-0.903329
epoch=10/12 iter=54300 loss=-0.800205
epoch=10/12 iter=54400 loss=-0.889405
epoch=10/12 iter=54500 loss=-0.911603
epoch=10/12 iter=54600 loss=-0.859520
epoch=10/12 iter=54700 loss=-0.790414
epoch=10/12 iter=54800 loss=-0.873430
epoch=10/12 iter=54900 loss=-0.739495
epoch=10/12 iter=55000 loss=-0.682761
epoch=10/12 iter=55100 loss=-0.783204
epoch=10/12 iter=55200 loss=-0.908787
epoch=10/12 iter=55300 loss=-0.840939
epoch=10/12 iter=55400 loss=-0.866530
epoch=10/12 iter=55500 loss=-0.498200
epoch=10/12 iter=55600 loss=-0.974829
epoch=10/12 iter=55700 loss=-0.802684
epoch=10/12 iter=55800 loss=-0.915721
epoch=10/12 iter=55900 loss=-0.745587
epoch=10/12 iter=56000 loss=-0.861353
epoch=10/12 train_loss=-0.795367 valid_loss=-0.935012
/home/likc/.conda/envs/capd/lib/python3.7/site-packages/torch/nn/modules/module.py:1433: UserWarning: Positional args are being deprecated, use kwargs instead. Refer to https://pytorch.org/docs/master/generated/torch.nn.Module.html#torch.nn.Module.state_dict for details.
  "Positional args are being deprecated, use kwargs instead. Refer to "
epoch=11/12 iter=56100 loss=-0.871764
epoch=11/12 iter=56200 loss=-0.830190
epoch=11/12 iter=56300 loss=-0.678869
epoch=11/12 iter=56400 loss=-0.847240
epoch=11/12 iter=56500 loss=-0.676830
epoch=11/12 iter=56600 loss=-0.553317
epoch=11/12 iter=56700 loss=-0.862744
epoch=11/12 iter=56800 loss=-0.623762
epoch=11/12 iter=56900 loss=-0.932378
epoch=11/12 iter=57000 loss=-0.641163
epoch=11/12 iter=57100 loss=-0.669462
epoch=11/12 iter=57200 loss=-0.744515
epoch=11/12 iter=57300 loss=-0.855507
epoch=11/12 iter=57400 loss=-0.675523
epoch=11/12 iter=57500 loss=-0.761526
epoch=11/12 iter=57600 loss=-0.840462
epoch=11/12 iter=57700 loss=-0.789591
epoch=11/12 iter=57800 loss=-0.868191
epoch=11/12 iter=57900 loss=-0.850543
epoch=11/12 iter=58000 loss=-0.745624
epoch=11/12 iter=58100 loss=-0.934191
epoch=11/12 iter=58200 loss=-0.803224
epoch=11/12 iter=58300 loss=-0.735357
epoch=11/12 iter=58400 loss=-0.786874
epoch=11/12 iter=58500 loss=-0.831477
epoch=11/12 iter=58600 loss=-0.917105
epoch=11/12 iter=58700 loss=-0.913705
epoch=11/12 iter=58800 loss=-0.683659
epoch=11/12 iter=58900 loss=-0.794572
epoch=11/12 iter=59000 loss=-0.735216
epoch=11/12 iter=59100 loss=-0.786909
epoch=11/12 iter=59200 loss=-0.793457
epoch=11/12 iter=59300 loss=-0.802285
epoch=11/12 iter=59400 loss=-0.928166
epoch=11/12 iter=59500 loss=-0.805779
epoch=11/12 iter=59600 loss=-0.920529
epoch=11/12 iter=59700 loss=-0.800083
epoch=11/12 iter=59800 loss=-0.928236
epoch=11/12 iter=59900 loss=-0.781256
epoch=11/12 iter=60000 loss=-0.799399
epoch=11/12 iter=60100 loss=-0.747256
epoch=11/12 iter=60200 loss=-0.920242
epoch=11/12 iter=60300 loss=-0.921298
epoch=11/12 iter=60400 loss=-0.785284
epoch=11/12 iter=60500 loss=-0.747431
epoch=11/12 iter=60600 loss=-0.847922
epoch=11/12 iter=60700 loss=-0.801214
epoch=11/12 iter=60800 loss=-0.804336
epoch=11/12 iter=60900 loss=-0.561466
epoch=11/12 iter=61000 loss=-0.781197
epoch=11/12 iter=61100 loss=-0.853282
epoch=11/12 iter=61200 loss=-0.805514
epoch=11/12 iter=61300 loss=-0.661520
epoch=11/12 iter=61400 loss=-0.930172
epoch=11/12 iter=61500 loss=-0.800300
epoch=11/12 iter=61600 loss=-0.995536
epoch=11/12 train_loss=-0.795794 valid_loss=-0.934862
/home/likc/.conda/envs/capd/lib/python3.7/site-packages/torch/nn/modules/module.py:1433: UserWarning: Positional args are being deprecated, use kwargs instead. Refer to https://pytorch.org/docs/master/generated/torch.nn.Module.html#torch.nn.Module.state_dict for details.
  "Positional args are being deprecated, use kwargs instead. Refer to "
epoch=12/12 iter=61700 loss=-0.671244
epoch=12/12 iter=61800 loss=-0.872051
epoch=12/12 iter=61900 loss=-0.792347
epoch=12/12 iter=62000 loss=-0.806951
epoch=12/12 iter=62100 loss=-0.783613
epoch=12/12 iter=62200 loss=-0.912386
epoch=12/12 iter=62300 loss=-0.738576
epoch=12/12 iter=62400 loss=-0.805235
epoch=12/12 iter=62500 loss=-0.858366
epoch=12/12 iter=62600 loss=-0.990524
epoch=12/12 iter=62700 loss=-0.557207
epoch=12/12 iter=62800 loss=-0.861579
epoch=12/12 iter=62900 loss=-0.677554
epoch=12/12 iter=63000 loss=-0.732981
epoch=12/12 iter=63100 loss=-0.730088
epoch=12/12 iter=63200 loss=-0.810456
epoch=12/12 iter=63300 loss=-0.724762
epoch=12/12 iter=63400 loss=-0.743917
epoch=12/12 iter=63500 loss=-0.743383
epoch=12/12 iter=63600 loss=-0.852409
epoch=12/12 iter=63700 loss=-0.738267
epoch=12/12 iter=63800 loss=-0.851238
epoch=12/12 iter=63900 loss=-0.732152
epoch=12/12 iter=64000 loss=-0.864594
epoch=12/12 iter=64100 loss=-0.840248
epoch=12/12 iter=64200 loss=-0.869934
epoch=12/12 iter=64300 loss=-0.787731
epoch=12/12 iter=64400 loss=-0.794411
epoch=12/12 iter=64500 loss=-0.863114
epoch=12/12 iter=64600 loss=-0.840788
epoch=12/12 iter=64700 loss=-0.799669
epoch=12/12 iter=64800 loss=-0.793346
epoch=12/12 iter=64900 loss=-0.852709
epoch=12/12 iter=65000 loss=-0.869383
epoch=12/12 iter=65100 loss=-0.840981
epoch=12/12 iter=65200 loss=-0.921653
epoch=12/12 iter=65300 loss=-0.994081
epoch=12/12 iter=65400 loss=-0.656988
epoch=12/12 iter=65500 loss=-0.608690
epoch=12/12 iter=65600 loss=-0.839841
epoch=12/12 iter=65700 loss=-0.806165
epoch=12/12 iter=65800 loss=-0.856631
epoch=12/12 iter=65900 loss=-0.746566
epoch=12/12 iter=66000 loss=-0.617743
epoch=12/12 iter=66100 loss=-0.851878
epoch=12/12 iter=66200 loss=-0.787310
epoch=12/12 iter=66300 loss=-0.526080
epoch=12/12 iter=66400 loss=-0.924224
epoch=12/12 iter=66500 loss=-0.775909
epoch=12/12 iter=66600 loss=-0.972235
epoch=12/12 iter=66700 loss=-0.921988
epoch=12/12 iter=66800 loss=-0.672036
epoch=12/12 iter=66900 loss=-0.604106
epoch=12/12 iter=67000 loss=-0.931366
epoch=12/12 iter=67100 loss=-0.743160
epoch=12/12 iter=67200 loss=-0.871786
epoch=12/12 train_loss=-0.796519 valid_loss=-0.935160
Training finished. best=/home/likc/Q-former-for-OS/outputs/capd_proactive_stage4_stage7/stage4-stage7-unified-r2/checkpoints/opt-regularized/seed_42/qmap_best.pth last=/home/likc/Q-former-for-OS/outputs/capd_proactive_stage4_stage7/stage4-stage7-unified-r2/checkpoints/opt-regularized/seed_42/qmap_last.pth
/home/likc/.conda/envs/capd/lib/python3.7/site-packages/torch/nn/modules/module.py:1433: UserWarning: Positional args are being deprecated, use kwargs instead. Refer to https://pytorch.org/docs/master/generated/torch.nn.Module.html#torch.nn.Module.state_dict for details.
  "Positional args are being deprecated, use kwargs instead. Refer to "
