QMAP training: train=/home/likc/Q-former-for-OS/outputs/capd_proactive_stage4_stage7/stage4-stage7-unified-r1/datasets/da0dab0afec1945a70ef/all_train.jsonl valid=/home/likc/Q-former-for-OS/outputs/capd_proactive_stage4_stage7/stage4-stage7-unified-r1/datasets/da0dab0afec1945a70ef/all_validation.jsonl samples=89651/14469 device=cuda
epoch=1/8 iter=1 loss=-0.560747
epoch=1/8 iter=100 loss=-0.696616
epoch=1/8 iter=200 loss=-0.778987
epoch=1/8 iter=300 loss=-0.784730
epoch=1/8 iter=400 loss=-0.847061
epoch=1/8 iter=500 loss=-0.849291
epoch=1/8 iter=600 loss=-0.832565
epoch=1/8 iter=700 loss=-0.879633
epoch=1/8 iter=800 loss=-0.825352
epoch=1/8 iter=900 loss=-0.746262
epoch=1/8 iter=1000 loss=-0.780739
epoch=1/8 iter=1100 loss=-0.796829
epoch=1/8 iter=1200 loss=-0.824838
epoch=1/8 iter=1300 loss=-0.768282
epoch=1/8 iter=1400 loss=-0.818043
epoch=1/8 train_loss=-0.770485 valid_loss=-0.925420
/home/likc/.conda/envs/capd/lib/python3.7/site-packages/torch/nn/modules/module.py:1433: UserWarning: Positional args are being deprecated, use kwargs instead. Refer to https://pytorch.org/docs/master/generated/torch.nn.Module.html#torch.nn.Module.state_dict for details.
  "Positional args are being deprecated, use kwargs instead. Refer to "
epoch=2/8 iter=1500 loss=-0.790245
epoch=2/8 iter=1600 loss=-0.805663
epoch=2/8 iter=1700 loss=-0.748034
epoch=2/8 iter=1800 loss=-0.758565
epoch=2/8 iter=1900 loss=-0.804598
epoch=2/8 iter=2000 loss=-0.847038
epoch=2/8 iter=2100 loss=-0.792771
epoch=2/8 iter=2200 loss=-0.759704
epoch=2/8 iter=2300 loss=-0.765080
epoch=2/8 iter=2400 loss=-0.790605
epoch=2/8 iter=2500 loss=-0.795675
epoch=2/8 iter=2600 loss=-0.863072
epoch=2/8 iter=2700 loss=-0.772916
epoch=2/8 iter=2800 loss=-0.763935
epoch=2/8 train_loss=-0.787128 valid_loss=-0.930786
/home/likc/.conda/envs/capd/lib/python3.7/site-packages/torch/nn/modules/module.py:1433: UserWarning: Positional args are being deprecated, use kwargs instead. Refer to https://pytorch.org/docs/master/generated/torch.nn.Module.html#torch.nn.Module.state_dict for details.
  "Positional args are being deprecated, use kwargs instead. Refer to "
epoch=3/8 iter=2900 loss=-0.829833
epoch=3/8 iter=3000 loss=-0.736769
epoch=3/8 iter=3100 loss=-0.777963
epoch=3/8 iter=3200 loss=-0.805475
epoch=3/8 iter=3300 loss=-0.769232
epoch=3/8 iter=3400 loss=-0.798698
epoch=3/8 iter=3500 loss=-0.734707
epoch=3/8 iter=3600 loss=-0.762990
epoch=3/8 iter=3700 loss=-0.812599
epoch=3/8 iter=3800 loss=-0.817679
epoch=3/8 iter=3900 loss=-0.803570
epoch=3/8 iter=4000 loss=-0.840201
epoch=3/8 iter=4100 loss=-0.605825
epoch=3/8 iter=4200 loss=-0.781745
epoch=3/8 train_loss=-0.790076 valid_loss=-0.933213
/home/likc/.conda/envs/capd/lib/python3.7/site-packages/torch/nn/modules/module.py:1433: UserWarning: Positional args are being deprecated, use kwargs instead. Refer to https://pytorch.org/docs/master/generated/torch.nn.Module.html#torch.nn.Module.state_dict for details.
  "Positional args are being deprecated, use kwargs instead. Refer to "
epoch=4/8 iter=4300 loss=-0.828272
epoch=4/8 iter=4400 loss=-0.847900
epoch=4/8 iter=4500 loss=-0.792831
epoch=4/8 iter=4600 loss=-0.763665
epoch=4/8 iter=4700 loss=-0.835421
epoch=4/8 iter=4800 loss=-0.807250
epoch=4/8 iter=4900 loss=-0.846530
epoch=4/8 iter=5000 loss=-0.836840
epoch=4/8 iter=5100 loss=-0.772798
epoch=4/8 iter=5200 loss=-0.687476
epoch=4/8 iter=5300 loss=-0.737997
epoch=4/8 iter=5400 loss=-0.805345
epoch=4/8 iter=5500 loss=-0.844731
epoch=4/8 iter=5600 loss=-0.714220
epoch=4/8 train_loss=-0.791755 valid_loss=-0.934412
/home/likc/.conda/envs/capd/lib/python3.7/site-packages/torch/nn/modules/module.py:1433: UserWarning: Positional args are being deprecated, use kwargs instead. Refer to https://pytorch.org/docs/master/generated/torch.nn.Module.html#torch.nn.Module.state_dict for details.
  "Positional args are being deprecated, use kwargs instead. Refer to "
epoch=5/8 iter=5700 loss=-0.781951
epoch=5/8 iter=5800 loss=-0.844257
epoch=5/8 iter=5900 loss=-0.674608
epoch=5/8 iter=6000 loss=-0.739053
epoch=5/8 iter=6100 loss=-0.758113
epoch=5/8 iter=6200 loss=-0.791096
epoch=5/8 iter=6300 loss=-0.803798
epoch=5/8 iter=6400 loss=-0.773244
epoch=5/8 iter=6500 loss=-0.733750
epoch=5/8 iter=6600 loss=-0.750484
epoch=5/8 iter=6700 loss=-0.807165
epoch=5/8 iter=6800 loss=-0.863190
epoch=5/8 iter=6900 loss=-0.796791
epoch=5/8 iter=7000 loss=-0.799678
epoch=5/8 train_loss=-0.793375 valid_loss=-0.933761
/home/likc/.conda/envs/capd/lib/python3.7/site-packages/torch/nn/modules/module.py:1433: UserWarning: Positional args are being deprecated, use kwargs instead. Refer to https://pytorch.org/docs/master/generated/torch.nn.Module.html#torch.nn.Module.state_dict for details.
  "Positional args are being deprecated, use kwargs instead. Refer to "
epoch=6/8 iter=7100 loss=-0.781500
epoch=6/8 iter=7200 loss=-0.801343
epoch=6/8 iter=7300 loss=-0.790829
epoch=6/8 iter=7400 loss=-0.768716
epoch=6/8 iter=7500 loss=-0.831656
epoch=6/8 iter=7600 loss=-0.820046
epoch=6/8 iter=7700 loss=-0.757310
epoch=6/8 iter=7800 loss=-0.832440
epoch=6/8 iter=7900 loss=-0.741988
epoch=6/8 iter=8000 loss=-0.761103
epoch=6/8 iter=8100 loss=-0.896015
epoch=6/8 iter=8200 loss=-0.864872
epoch=6/8 iter=8300 loss=-0.799254
epoch=6/8 iter=8400 loss=-0.889168
epoch=6/8 train_loss=-0.794315 valid_loss=-0.934150
/home/likc/.conda/envs/capd/lib/python3.7/site-packages/torch/nn/modules/module.py:1433: UserWarning: Positional args are being deprecated, use kwargs instead. Refer to https://pytorch.org/docs/master/generated/torch.nn.Module.html#torch.nn.Module.state_dict for details.
  "Positional args are being deprecated, use kwargs instead. Refer to "
epoch=7/8 iter=8500 loss=-0.764416
epoch=7/8 iter=8600 loss=-0.880431
epoch=7/8 iter=8700 loss=-0.812448
epoch=7/8 iter=8800 loss=-0.765665
epoch=7/8 iter=8900 loss=-0.750073
epoch=7/8 iter=9000 loss=-0.731842
epoch=7/8 iter=9100 loss=-0.859247
epoch=7/8 iter=9200 loss=-0.796620
epoch=7/8 iter=9300 loss=-0.736829
epoch=7/8 iter=9400 loss=-0.741169
epoch=7/8 iter=9500 loss=-0.796845
epoch=7/8 iter=9600 loss=-0.780870
epoch=7/8 iter=9700 loss=-0.709485
epoch=7/8 iter=9800 loss=-0.768560
epoch=7/8 train_loss=-0.795046 valid_loss=-0.931944
/home/likc/.conda/envs/capd/lib/python3.7/site-packages/torch/nn/modules/module.py:1433: UserWarning: Positional args are being deprecated, use kwargs instead. Refer to https://pytorch.org/docs/master/generated/torch.nn.Module.html#torch.nn.Module.state_dict for details.
  "Positional args are being deprecated, use kwargs instead. Refer to "
epoch=8/8 iter=9900 loss=-0.804769
epoch=8/8 iter=10000 loss=-0.760091
epoch=8/8 iter=10100 loss=-0.822133
epoch=8/8 iter=10200 loss=-0.840253
epoch=8/8 iter=10300 loss=-0.761657
epoch=8/8 iter=10400 loss=-0.846496
epoch=8/8 iter=10500 loss=-0.721851
epoch=8/8 iter=10600 loss=-0.744810
epoch=8/8 iter=10700 loss=-0.775849
epoch=8/8 iter=10800 loss=-0.748467
epoch=8/8 iter=10900 loss=-0.846297
epoch=8/8 iter=11000 loss=-0.785175
epoch=8/8 iter=11100 loss=-0.788218
epoch=8/8 iter=11200 loss=-0.701614
epoch=8/8 train_loss=-0.794517 valid_loss=-0.929089
Training finished. best=/home/likc/Q-former-for-OS/outputs/capd_proactive_stage4_stage7/stage4-stage7-unified-r2/checkpoints/opt-fast/seed_3136859/qmap_best.pth last=/home/likc/Q-former-for-OS/outputs/capd_proactive_stage4_stage7/stage4-stage7-unified-r2/checkpoints/opt-fast/seed_3136859/qmap_last.pth
/home/likc/.conda/envs/capd/lib/python3.7/site-packages/torch/nn/modules/module.py:1433: UserWarning: Positional args are being deprecated, use kwargs instead. Refer to https://pytorch.org/docs/master/generated/torch.nn.Module.html#torch.nn.Module.state_dict for details.
  "Positional args are being deprecated, use kwargs instead. Refer to "
