QMAP training: train=/home/likc/Q-former-for-OS/outputs/capd_proactive_stage4_stage7/stage4-stage7-unified-r1/datasets/c37dfff7fbbcc70b4c88/all_train.jsonl valid=/home/likc/Q-former-for-OS/outputs/capd_proactive_stage4_stage7/stage4-stage7-unified-r1/datasets/c37dfff7fbbcc70b4c88/all_validation.jsonl samples=89651/14469 device=cuda
epoch=1/8 iter=1 loss=-0.525039
epoch=1/8 iter=100 loss=-0.673493
epoch=1/8 iter=200 loss=-0.655436
epoch=1/8 iter=300 loss=-0.678591
epoch=1/8 iter=400 loss=-0.794083
epoch=1/8 iter=500 loss=-0.808381
epoch=1/8 iter=600 loss=-0.673503
epoch=1/8 iter=700 loss=-0.858838
epoch=1/8 iter=800 loss=-0.684597
epoch=1/8 iter=900 loss=-0.663468
epoch=1/8 iter=1000 loss=-0.766435
epoch=1/8 iter=1100 loss=-0.819458
epoch=1/8 iter=1200 loss=-0.665809
epoch=1/8 iter=1300 loss=-0.838949
epoch=1/8 iter=1400 loss=-0.742590
epoch=1/8 iter=1500 loss=-0.777100
epoch=1/8 iter=1600 loss=-0.780935
epoch=1/8 iter=1700 loss=-0.829332
epoch=1/8 iter=1800 loss=-0.760046
epoch=1/8 iter=1900 loss=-0.802134
epoch=1/8 iter=2000 loss=-0.759385
epoch=1/8 iter=2100 loss=-0.730258
epoch=1/8 iter=2200 loss=-0.703477
epoch=1/8 iter=2300 loss=-0.815885
epoch=1/8 iter=2400 loss=-0.885957
epoch=1/8 iter=2500 loss=-0.656727
epoch=1/8 iter=2600 loss=-0.775450
epoch=1/8 iter=2700 loss=-0.836977
epoch=1/8 iter=2800 loss=-0.762072
epoch=1/8 train_loss=-0.761086 valid_loss=-0.919945
/home/likc/.conda/envs/capd/lib/python3.7/site-packages/torch/nn/modules/module.py:1433: UserWarning: Positional args are being deprecated, use kwargs instead. Refer to https://pytorch.org/docs/master/generated/torch.nn.Module.html#torch.nn.Module.state_dict for details.
  "Positional args are being deprecated, use kwargs instead. Refer to "
epoch=2/8 iter=2900 loss=-0.821962
epoch=2/8 iter=3000 loss=-0.857497
epoch=2/8 iter=3100 loss=-0.763497
epoch=2/8 iter=3200 loss=-0.747181
epoch=2/8 iter=3300 loss=-0.682787
epoch=2/8 iter=3400 loss=-0.756785
epoch=2/8 iter=3500 loss=-0.699210
epoch=2/8 iter=3600 loss=-0.737611
epoch=2/8 iter=3700 loss=-0.874277
epoch=2/8 iter=3800 loss=-0.761352
epoch=2/8 iter=3900 loss=-0.818265
epoch=2/8 iter=4000 loss=-0.728857
epoch=2/8 iter=4100 loss=-0.881265
epoch=2/8 iter=4200 loss=-0.808207
epoch=2/8 iter=4300 loss=-0.859028
epoch=2/8 iter=4400 loss=-0.736314
epoch=2/8 iter=4500 loss=-0.757026
epoch=2/8 iter=4600 loss=-0.709079
epoch=2/8 iter=4700 loss=-0.818583
epoch=2/8 iter=4800 loss=-0.828515
epoch=2/8 iter=4900 loss=-0.702955
epoch=2/8 iter=5000 loss=-0.752294
epoch=2/8 iter=5100 loss=-0.778032
epoch=2/8 iter=5200 loss=-0.725105
epoch=2/8 iter=5300 loss=-0.813282
epoch=2/8 iter=5400 loss=-0.796981
epoch=2/8 iter=5500 loss=-0.737393
epoch=2/8 iter=5600 loss=-0.802476
epoch=2/8 train_loss=-0.783498 valid_loss=-0.923219
/home/likc/.conda/envs/capd/lib/python3.7/site-packages/torch/nn/modules/module.py:1433: UserWarning: Positional args are being deprecated, use kwargs instead. Refer to https://pytorch.org/docs/master/generated/torch.nn.Module.html#torch.nn.Module.state_dict for details.
  "Positional args are being deprecated, use kwargs instead. Refer to "
epoch=3/8 iter=5700 loss=-0.812953
epoch=3/8 iter=5800 loss=-0.792720
epoch=3/8 iter=5900 loss=-0.692840
epoch=3/8 iter=6000 loss=-0.813149
epoch=3/8 iter=6100 loss=-0.908591
epoch=3/8 iter=6200 loss=-0.893484
epoch=3/8 iter=6300 loss=-0.753024
epoch=3/8 iter=6400 loss=-0.878663
epoch=3/8 iter=6500 loss=-0.845709
epoch=3/8 iter=6600 loss=-0.945821
epoch=3/8 iter=6700 loss=-0.845283
epoch=3/8 iter=6800 loss=-0.676278
epoch=3/8 iter=6900 loss=-0.880377
epoch=3/8 iter=7000 loss=-0.811078
epoch=3/8 iter=7100 loss=-0.863338
epoch=3/8 iter=7200 loss=-0.829045
epoch=3/8 iter=7300 loss=-0.757300
epoch=3/8 iter=7400 loss=-0.804189
epoch=3/8 iter=7500 loss=-0.728473
epoch=3/8 iter=7600 loss=-0.691679
epoch=3/8 iter=7700 loss=-0.797593
epoch=3/8 iter=7800 loss=-0.788873
epoch=3/8 iter=7900 loss=-0.812855
epoch=3/8 iter=8000 loss=-0.734418
epoch=3/8 iter=8100 loss=-0.749577
epoch=3/8 iter=8200 loss=-0.799094
epoch=3/8 iter=8300 loss=-0.842454
epoch=3/8 iter=8400 loss=-0.840452
epoch=3/8 train_loss=-0.787937 valid_loss=-0.924317
/home/likc/.conda/envs/capd/lib/python3.7/site-packages/torch/nn/modules/module.py:1433: UserWarning: Positional args are being deprecated, use kwargs instead. Refer to https://pytorch.org/docs/master/generated/torch.nn.Module.html#torch.nn.Module.state_dict for details.
  "Positional args are being deprecated, use kwargs instead. Refer to "
epoch=4/8 iter=8500 loss=-0.796230
epoch=4/8 iter=8600 loss=-0.765855
epoch=4/8 iter=8700 loss=-0.774846
epoch=4/8 iter=8800 loss=-0.706587
epoch=4/8 iter=8900 loss=-0.707830
epoch=4/8 iter=9000 loss=-0.821142
epoch=4/8 iter=9100 loss=-0.731769
epoch=4/8 iter=9200 loss=-0.785807
epoch=4/8 iter=9300 loss=-0.736527
epoch=4/8 iter=9400 loss=-0.816909
epoch=4/8 iter=9500 loss=-0.763370
epoch=4/8 iter=9600 loss=-0.510467
epoch=4/8 iter=9700 loss=-0.886169
epoch=4/8 iter=9800 loss=-0.735599
epoch=4/8 iter=9900 loss=-0.851786
epoch=4/8 iter=10000 loss=-0.698756
epoch=4/8 iter=10100 loss=-0.784470
epoch=4/8 iter=10200 loss=-0.756860
epoch=4/8 iter=10300 loss=-0.793512
epoch=4/8 iter=10400 loss=-0.880523
epoch=4/8 iter=10500 loss=-0.699883
epoch=4/8 iter=10600 loss=-0.884104
epoch=4/8 iter=10700 loss=-0.631138
epoch=4/8 iter=10800 loss=-0.798514
epoch=4/8 iter=10900 loss=-0.853218
epoch=4/8 iter=11000 loss=-0.793458
epoch=4/8 iter=11100 loss=-0.738871
epoch=4/8 iter=11200 loss=-0.766199
epoch=4/8 train_loss=-0.789711 valid_loss=-0.926234
/home/likc/.conda/envs/capd/lib/python3.7/site-packages/torch/nn/modules/module.py:1433: UserWarning: Positional args are being deprecated, use kwargs instead. Refer to https://pytorch.org/docs/master/generated/torch.nn.Module.html#torch.nn.Module.state_dict for details.
  "Positional args are being deprecated, use kwargs instead. Refer to "
epoch=5/8 iter=11300 loss=-0.727520
epoch=5/8 iter=11400 loss=-0.780886
epoch=5/8 iter=11500 loss=-0.729997
epoch=5/8 iter=11600 loss=-0.832682
epoch=5/8 iter=11700 loss=-0.876296
epoch=5/8 iter=11800 loss=-0.798231
epoch=5/8 iter=11900 loss=-0.831679
epoch=5/8 iter=12000 loss=-0.767808
epoch=5/8 iter=12100 loss=-0.835561
epoch=5/8 iter=12200 loss=-0.760155
epoch=5/8 iter=12300 loss=-0.580492
epoch=5/8 iter=12400 loss=-0.791188
epoch=5/8 iter=12500 loss=-0.847974
epoch=5/8 iter=12600 loss=-0.837033
epoch=5/8 iter=12700 loss=-0.898496
epoch=5/8 iter=12800 loss=-0.879494
epoch=5/8 iter=12900 loss=-0.876397
epoch=5/8 iter=13000 loss=-0.764206
epoch=5/8 iter=13100 loss=-0.847011
epoch=5/8 iter=13200 loss=-0.704528
epoch=5/8 iter=13300 loss=-0.698337
epoch=5/8 iter=13400 loss=-0.847526
epoch=5/8 iter=13500 loss=-0.953239
epoch=5/8 iter=13600 loss=-0.660056
epoch=5/8 iter=13700 loss=-0.821499
epoch=5/8 iter=13800 loss=-0.745686
epoch=5/8 iter=13900 loss=-0.823785
epoch=5/8 iter=14000 loss=-0.797441
epoch=5/8 train_loss=-0.790738 valid_loss=-0.927218
/home/likc/.conda/envs/capd/lib/python3.7/site-packages/torch/nn/modules/module.py:1433: UserWarning: Positional args are being deprecated, use kwargs instead. Refer to https://pytorch.org/docs/master/generated/torch.nn.Module.html#torch.nn.Module.state_dict for details.
  "Positional args are being deprecated, use kwargs instead. Refer to "
epoch=6/8 iter=14100 loss=-0.798149
epoch=6/8 iter=14200 loss=-0.810376
epoch=6/8 iter=14300 loss=-0.817917
epoch=6/8 iter=14400 loss=-0.744113
epoch=6/8 iter=14500 loss=-0.800227
epoch=6/8 iter=14600 loss=-0.814562
epoch=6/8 iter=14700 loss=-0.640819
epoch=6/8 iter=14800 loss=-0.671722
epoch=6/8 iter=14900 loss=-0.679669
epoch=6/8 iter=15000 loss=-0.729517
epoch=6/8 iter=15100 loss=-0.826731
epoch=6/8 iter=15200 loss=-0.815057
epoch=6/8 iter=15300 loss=-0.830666
epoch=6/8 iter=15400 loss=-0.698589
epoch=6/8 iter=15500 loss=-0.841679
epoch=6/8 iter=15600 loss=-0.840250
epoch=6/8 iter=15700 loss=-0.817507
epoch=6/8 iter=15800 loss=-0.797223
epoch=6/8 iter=15900 loss=-0.873550
epoch=6/8 iter=16000 loss=-0.789401
epoch=6/8 iter=16100 loss=-0.850264
epoch=6/8 iter=16200 loss=-0.730880
epoch=6/8 iter=16300 loss=-0.832352
epoch=6/8 iter=16400 loss=-0.800320
epoch=6/8 iter=16500 loss=-0.750297
epoch=6/8 iter=16600 loss=-0.835846
epoch=6/8 iter=16700 loss=-0.759570
epoch=6/8 iter=16800 loss=-0.770147
epoch=6/8 train_loss=-0.791589 valid_loss=-0.929635
/home/likc/.conda/envs/capd/lib/python3.7/site-packages/torch/nn/modules/module.py:1433: UserWarning: Positional args are being deprecated, use kwargs instead. Refer to https://pytorch.org/docs/master/generated/torch.nn.Module.html#torch.nn.Module.state_dict for details.
  "Positional args are being deprecated, use kwargs instead. Refer to "
epoch=7/8 iter=16900 loss=-0.794662
epoch=7/8 iter=17000 loss=-0.701231
epoch=7/8 iter=17100 loss=-0.703612
epoch=7/8 iter=17200 loss=-0.865453
epoch=7/8 iter=17300 loss=-0.615507
epoch=7/8 iter=17400 loss=-0.742134
epoch=7/8 iter=17500 loss=-0.798787
epoch=7/8 iter=17600 loss=-0.830835
epoch=7/8 iter=17700 loss=-0.764716
epoch=7/8 iter=17800 loss=-0.739412
epoch=7/8 iter=17900 loss=-0.870184
epoch=7/8 iter=18000 loss=-0.772513
epoch=7/8 iter=18100 loss=-0.911297
epoch=7/8 iter=18200 loss=-0.784565
epoch=7/8 iter=18300 loss=-0.723588
epoch=7/8 iter=18400 loss=-0.826783
epoch=7/8 iter=18500 loss=-0.790630
epoch=7/8 iter=18600 loss=-0.856510
epoch=7/8 iter=18700 loss=-0.851748
epoch=7/8 iter=18800 loss=-0.764705
epoch=7/8 iter=18900 loss=-0.675569
epoch=7/8 iter=19000 loss=-0.829814
epoch=7/8 iter=19100 loss=-0.853642
epoch=7/8 iter=19200 loss=-0.840503
epoch=7/8 iter=19300 loss=-0.767501
epoch=7/8 iter=19400 loss=-0.701511
epoch=7/8 iter=19500 loss=-0.912773
epoch=7/8 iter=19600 loss=-0.681995
epoch=7/8 train_loss=-0.792608 valid_loss=-0.930436
/home/likc/.conda/envs/capd/lib/python3.7/site-packages/torch/nn/modules/module.py:1433: UserWarning: Positional args are being deprecated, use kwargs instead. Refer to https://pytorch.org/docs/master/generated/torch.nn.Module.html#torch.nn.Module.state_dict for details.
  "Positional args are being deprecated, use kwargs instead. Refer to "
epoch=8/8 iter=19700 loss=-0.803209
epoch=8/8 iter=19800 loss=-0.728672
epoch=8/8 iter=19900 loss=-0.826495
epoch=8/8 iter=20000 loss=-0.813083
epoch=8/8 iter=20100 loss=-0.828598
epoch=8/8 iter=20200 loss=-0.765828
epoch=8/8 iter=20300 loss=-0.762709
epoch=8/8 iter=20400 loss=-0.824256
epoch=8/8 iter=20500 loss=-0.876500
epoch=8/8 iter=20600 loss=-0.884736
epoch=8/8 iter=20700 loss=-0.742587
epoch=8/8 iter=20800 loss=-0.802482
epoch=8/8 iter=20900 loss=-0.833765
epoch=8/8 iter=21000 loss=-0.838471
epoch=8/8 iter=21100 loss=-0.820714
epoch=8/8 iter=21200 loss=-0.884608
epoch=8/8 iter=21300 loss=-0.923031
epoch=8/8 iter=21400 loss=-0.819161
epoch=8/8 iter=21500 loss=-0.791110
epoch=8/8 iter=21600 loss=-0.910937
epoch=8/8 iter=21700 loss=-0.689829
epoch=8/8 iter=21800 loss=-0.694822
epoch=8/8 iter=21900 loss=-0.767290
epoch=8/8 iter=22000 loss=-0.703264
epoch=8/8 iter=22100 loss=-0.858621
epoch=8/8 iter=22200 loss=-0.705336
epoch=8/8 iter=22300 loss=-0.757807
epoch=8/8 iter=22400 loss=-0.630467
epoch=8/8 train_loss=-0.793298 valid_loss=-0.930322
Training finished. best=/home/likc/Q-former-for-OS/outputs/capd_proactive_stage4_stage7/stage4-stage7-unified-r2/checkpoints/sem-lam111/seed_2026/qmap_best.pth last=/home/likc/Q-former-for-OS/outputs/capd_proactive_stage4_stage7/stage4-stage7-unified-r2/checkpoints/sem-lam111/seed_2026/qmap_last.pth
/home/likc/.conda/envs/capd/lib/python3.7/site-packages/torch/nn/modules/module.py:1433: UserWarning: Positional args are being deprecated, use kwargs instead. Refer to https://pytorch.org/docs/master/generated/torch.nn.Module.html#torch.nn.Module.state_dict for details.
  "Positional args are being deprecated, use kwargs instead. Refer to "
