QMAP training configuration:
  train_data path: /home/tingkun/lcs/cache_replacement/dataset/jsonl/qmap_ablation/no_cost.jsonl
  number of training samples: 6064
  batch_size: 32
  epochs: 10
  learning rate: 0.0001
  device: cuda
  ablation: no_cost
Epoch [1/10] iter=1 loss=-0.737763
Epoch [1/10] iter=100 loss=-0.774869
Epoch [1/10] avg_loss=-0.765583
Saved checkpoint: /home/tingkun/lcs/cache_replacement/outputs/checkpoints/qmap_ablation/no_cost/qmap_epoch_1.pth
Epoch [2/10] iter=191 loss=-0.797643
Epoch [2/10] iter=200 loss=-0.799319
Epoch [2/10] iter=300 loss=-0.891679
Epoch [2/10] avg_loss=-0.881751
Saved checkpoint: /home/tingkun/lcs/cache_replacement/outputs/checkpoints/qmap_ablation/no_cost/qmap_epoch_2.pth
Epoch [3/10] iter=381 loss=-0.909284
Epoch [3/10] iter=400 loss=-0.898711
Epoch [3/10] iter=500 loss=-0.914422
Epoch [3/10] avg_loss=-0.911488
Saved checkpoint: /home/tingkun/lcs/cache_replacement/outputs/checkpoints/qmap_ablation/no_cost/qmap_epoch_3.pth
Epoch [4/10] iter=571 loss=-0.915525
Epoch [4/10] iter=600 loss=-0.919132
Epoch [4/10] iter=700 loss=-0.922637
Epoch [4/10] avg_loss=-0.918037
Saved checkpoint: /home/tingkun/lcs/cache_replacement/outputs/checkpoints/qmap_ablation/no_cost/qmap_epoch_4.pth
Epoch [5/10] iter=761 loss=-0.920286
Epoch [5/10] iter=800 loss=-0.922294
Epoch [5/10] iter=900 loss=-0.924663
Epoch [5/10] avg_loss=-0.922114
Saved checkpoint: /home/tingkun/lcs/cache_replacement/outputs/checkpoints/qmap_ablation/no_cost/qmap_epoch_5.pth
Epoch [6/10] iter=951 loss=-0.924363
Epoch [6/10] iter=1000 loss=-0.926678
Epoch [6/10] iter=1100 loss=-0.917476
Epoch [6/10] avg_loss=-0.925237
Saved checkpoint: /home/tingkun/lcs/cache_replacement/outputs/checkpoints/qmap_ablation/no_cost/qmap_epoch_6.pth
Epoch [7/10] iter=1141 loss=-0.927618
Epoch [7/10] iter=1200 loss=-0.924472
Epoch [7/10] iter=1300 loss=-0.925337
Epoch [7/10] avg_loss=-0.927204
Saved checkpoint: /home/tingkun/lcs/cache_replacement/outputs/checkpoints/qmap_ablation/no_cost/qmap_epoch_7.pth
Epoch [8/10] iter=1331 loss=-0.929209
Epoch [8/10] iter=1400 loss=-0.924927
Epoch [8/10] iter=1500 loss=-0.927446
Epoch [8/10] avg_loss=-0.928598
Saved checkpoint: /home/tingkun/lcs/cache_replacement/outputs/checkpoints/qmap_ablation/no_cost/qmap_epoch_8.pth
Epoch [9/10] iter=1521 loss=-0.927964
Epoch [9/10] iter=1600 loss=-0.931265
Epoch [9/10] iter=1700 loss=-0.933543
Epoch [9/10] avg_loss=-0.929536
Saved checkpoint: /home/tingkun/lcs/cache_replacement/outputs/checkpoints/qmap_ablation/no_cost/qmap_epoch_9.pth
Epoch [10/10] iter=1711 loss=-0.930916
Epoch [10/10] iter=1800 loss=-0.926594
Epoch [10/10] iter=1900 loss=-0.929890
Epoch [10/10] avg_loss=-0.930476
Saved checkpoint: /home/tingkun/lcs/cache_replacement/outputs/checkpoints/qmap_ablation/no_cost/qmap_epoch_10.pth
Training finished.
/home/tingkun/miniconda3/envs/qmap/lib/python3.7/site-packages/torch/nn/modules/module.py:1433: UserWarning: Positional args are being deprecated, use kwargs instead. Refer to https://pytorch.org/docs/master/generated/torch.nn.Module.html#torch.nn.Module.state_dict for details.
  "Positional args are being deprecated, use kwargs instead. Refer to "
