command=/home/likc/.conda/envs/capd/bin/python3 qmap/qmap_train.py --config /home/likc/Q-former-for-OS/dataset/jsonl/capd_post_stage6_optimization/opt_H20/streamcluster_pressure/resolved_config.json --selector_params /home/likc/Q-former-for-OS/dataset/jsonl/capd_post_stage6_optimization/opt_H20/streamcluster_pressure/selector_params.json --train_data /home/likc/Q-former-for-OS/dataset/jsonl/capd_post_stage6_optimization/opt_H20/streamcluster_pressure/train.jsonl --valid_data /home/likc/Q-former-for-OS/dataset/jsonl/capd_post_stage6_optimization/opt_H20/streamcluster_pressure/valid.jsonl --output_dir /home/likc/Q-former-for-OS/outputs/checkpoints/capd_post_stage6_optimization/o2/streamcluster_pressure/opt_H20/seed_3136859 --seed 3136859 --save_every_epoch
started_unix=1785075850.3744144
QMAP training: train=/home/likc/Q-former-for-OS/dataset/jsonl/capd_post_stage6_optimization/opt_H20/streamcluster_pressure/train.jsonl valid=/home/likc/Q-former-for-OS/dataset/jsonl/capd_post_stage6_optimization/opt_H20/streamcluster_pressure/valid.jsonl samples=8694/2839 device=cuda
epoch=1/10 iter=1 loss=-0.048897
epoch=1/10 iter=100 loss=-0.024477
epoch=1/10 iter=200 loss=-0.098826
epoch=1/10 train_loss=-0.041904 valid_loss=-0.043992
epoch=2/10 iter=300 loss=-0.029152
epoch=2/10 iter=400 loss=-0.029512
epoch=2/10 iter=500 loss=-0.030762
epoch=2/10 train_loss=-0.049657 valid_loss=-0.046330
epoch=3/10 iter=600 loss=-0.030544
epoch=3/10 iter=700 loss=-0.029915
epoch=3/10 iter=800 loss=-0.123786
epoch=3/10 train_loss=-0.051274 valid_loss=-0.046645
epoch=4/10 iter=900 loss=-0.030968
epoch=4/10 iter=1000 loss=-0.030482
epoch=4/10 train_loss=-0.051706 valid_loss=-0.046658
epoch=5/10 iter=1100 loss=-0.000000
epoch=5/10 iter=1200 loss=-0.000000
epoch=5/10 iter=1300 loss=-0.031037
epoch=5/10 train_loss=-0.051880 valid_loss=-0.046904
epoch=6/10 iter=1400 loss=-0.000000
epoch=6/10 iter=1500 loss=-0.062313
epoch=6/10 iter=1600 loss=-0.062400
epoch=6/10 train_loss=-0.052035 valid_loss=-0.046935
epoch=7/10 iter=1700 loss=-0.124742
epoch=7/10 iter=1800 loss=-0.031185
epoch=7/10 iter=1900 loss=-0.000000
epoch=7/10 train_loss=-0.052066 valid_loss=-0.046966
epoch=8/10 iter=2000 loss=-0.062465
epoch=8/10 iter=2100 loss=-0.031222
epoch=8/10 train_loss=-0.052140 valid_loss=-0.046994
epoch=9/10 iter=2200 loss=-0.062471
epoch=9/10 iter=2300 loss=-0.093723
epoch=9/10 iter=2400 loss=-0.062477
epoch=9/10 train_loss=-0.052044 valid_loss=-0.046902
epoch=10/10 iter=2500 loss=-0.062476
epoch=10/10 iter=2600 loss=-0.062488
epoch=10/10 iter=2700 loss=-0.031239
epoch=10/10 train_loss=-0.052160 valid_loss=-0.047025
Training finished. best=/home/likc/Q-former-for-OS/outputs/checkpoints/capd_post_stage6_optimization/o2/streamcluster_pressure/opt_H20/seed_3136859/qmap_best.pth last=/home/likc/Q-former-for-OS/outputs/checkpoints/capd_post_stage6_optimization/o2/streamcluster_pressure/opt_H20/seed_3136859/qmap_last.pth
/home/likc/.conda/envs/capd/lib/python3.7/site-packages/torch/nn/modules/module.py:1433: UserWarning: Positional args are being deprecated, use kwargs instead. Refer to https://pytorch.org/docs/master/generated/torch.nn.Module.html#torch.nn.Module.state_dict for details.
  "Positional args are being deprecated, use kwargs instead. Refer to "
/home/likc/.conda/envs/capd/lib/python3.7/site-packages/torch/nn/modules/module.py:1433: UserWarning: Positional args are being deprecated, use kwargs instead. Refer to https://pytorch.org/docs/master/generated/torch.nn.Module.html#torch.nn.Module.state_dict for details.
  "Positional args are being deprecated, use kwargs instead. Refer to "
/home/likc/.conda/envs/capd/lib/python3.7/site-packages/torch/nn/modules/module.py:1433: UserWarning: Positional args are being deprecated, use kwargs instead. Refer to https://pytorch.org/docs/master/generated/torch.nn.Module.html#torch.nn.Module.state_dict for details.
  "Positional args are being deprecated, use kwargs instead. Refer to "
/home/likc/.conda/envs/capd/lib/python3.7/site-packages/torch/nn/modules/module.py:1433: UserWarning: Positional args are being deprecated, use kwargs instead. Refer to https://pytorch.org/docs/master/generated/torch.nn.Module.html#torch.nn.Module.state_dict for details.
  "Positional args are being deprecated, use kwargs instead. Refer to "
/home/likc/.conda/envs/capd/lib/python3.7/site-packages/torch/nn/modules/module.py:1433: UserWarning: Positional args are being deprecated, use kwargs instead. Refer to https://pytorch.org/docs/master/generated/torch.nn.Module.html#torch.nn.Module.state_dict for details.
  "Positional args are being deprecated, use kwargs instead. Refer to "
/home/likc/.conda/envs/capd/lib/python3.7/site-packages/torch/nn/modules/module.py:1433: UserWarning: Positional args are being deprecated, use kwargs instead. Refer to https://pytorch.org/docs/master/generated/torch.nn.Module.html#torch.nn.Module.state_dict for details.
  "Positional args are being deprecated, use kwargs instead. Refer to "
/home/likc/.conda/envs/capd/lib/python3.7/site-packages/torch/nn/modules/module.py:1433: UserWarning: Positional args are being deprecated, use kwargs instead. Refer to https://pytorch.org/docs/master/generated/torch.nn.Module.html#torch.nn.Module.state_dict for details.
  "Positional args are being deprecated, use kwargs instead. Refer to "
/home/likc/.conda/envs/capd/lib/python3.7/site-packages/torch/nn/modules/module.py:1433: UserWarning: Positional args are being deprecated, use kwargs instead. Refer to https://pytorch.org/docs/master/generated/torch.nn.Module.html#torch.nn.Module.state_dict for details.
  "Positional args are being deprecated, use kwargs instead. Refer to "
/home/likc/.conda/envs/capd/lib/python3.7/site-packages/torch/nn/modules/module.py:1433: UserWarning: Positional args are being deprecated, use kwargs instead. Refer to https://pytorch.org/docs/master/generated/torch.nn.Module.html#torch.nn.Module.state_dict for details.
  "Positional args are being deprecated, use kwargs instead. Refer to "
/home/likc/.conda/envs/capd/lib/python3.7/site-packages/torch/nn/modules/module.py:1433: UserWarning: Positional args are being deprecated, use kwargs instead. Refer to https://pytorch.org/docs/master/generated/torch.nn.Module.html#torch.nn.Module.state_dict for details.
  "Positional args are being deprecated, use kwargs instead. Refer to "
ended_unix=1785075918.2753172
exit_code=0
