command=/home/likc/.conda/envs/capd/bin/python3 qmap/qmap_eval.py --config /home/likc/Q-former-for-OS/dataset/jsonl/finals_v3_official/stage5_ablation/selector_drop_C/canneal/resolved_config.json --selector_params /home/likc/Q-former-for-OS/dataset/jsonl/finals_v3_official/stage5_ablation/selector_drop_C/canneal/selector_params.json --policy qmap --checkpoint /home/likc/Q-former-for-OS/outputs/checkpoints/finals_v3_official/stage5_ablation/selector_drop_C/canneal/seed_3136859/qmap_best.pth --json_output /home/likc/Q-former-for-OS/outputs/results/finals_v3_official/stage5_ablation/raw/selector_drop_C/canneal/seed_3136859.json
started_unix=1784804991.2614753
Policy: qmap
Total accesses: 200000
Hits: 197585
Misses: 2415
Hit rate: 98.79%
Migrations: 2351
NVM reads: 2399
NVM writes: 16
Weighted access cost: 226021.00
Policy decisions: 2351
Total decision time: 7.872556s
Avg decision time: 3.348599 ms
Candidate filter decisions: 2351
Candidate B_t range: 64..64
Retained K_t range: 8..8
Avg candidate filter time: 0.414727 ms
ended_unix=1784805012.5518816
exit_code=0
