command=/home/likc/.conda/envs/capd/bin/python3 qmap/qmap_eval.py --config /home/likc/Q-former-for-OS/dataset/jsonl/finals_v3_official/stage5_ablation/selector_drop_C/canneal/resolved_config.json --selector_params /home/likc/Q-former-for-OS/dataset/jsonl/finals_v3_official/stage5_ablation/selector_drop_C/canneal/selector_params.json --policy qmap --checkpoint /home/likc/Q-former-for-OS/outputs/checkpoints/finals_v3_official/stage5_ablation/selector_drop_C/canneal/seed_2026/qmap_best.pth --json_output /home/likc/Q-former-for-OS/outputs/results/finals_v3_official/stage5_ablation/raw/selector_drop_C/canneal/seed_2026.json
started_unix=1784805165.930518
Policy: qmap
Total accesses: 200000
Hits: 197584
Misses: 2416
Hit rate: 98.79%
Migrations: 2352
NVM reads: 2400
NVM writes: 16
Weighted access cost: 226032.00
Policy decisions: 2352
Total decision time: 8.172516s
Avg decision time: 3.474709 ms
Candidate filter decisions: 2352
Candidate B_t range: 64..64
Retained K_t range: 8..8
Avg candidate filter time: 0.414294 ms
ended_unix=1784805187.2730863
exit_code=0
