command=/home/likc/.conda/envs/capd/bin/python3 qmap/qmap_eval.py --config /home/likc/Q-former-for-OS/dataset/jsonl/finals_v3_official/stage5_ablation/no_position_encoding/dedup_pressure/resolved_config.json --selector_params /home/likc/Q-former-for-OS/dataset/jsonl/finals_v3_official/stage5_ablation/no_position_encoding/dedup_pressure/selector_params.json --policy qmap --checkpoint /home/likc/Q-former-for-OS/outputs/checkpoints/finals_v3_official/stage5_ablation/no_position_encoding/dedup_pressure/seed_42/qmap_best.pth --json_output /home/likc/Q-former-for-OS/outputs/results/finals_v3_official/stage5_ablation/raw/no_position_encoding/dedup_pressure/seed_42.json
started_unix=1784807976.0836952
Policy: qmap
Total accesses: 1000000
Hits: 996666
Misses: 3334
Hit rate: 99.67%
Migrations: 3270
NVM reads: 1792
NVM writes: 1542
Weighted access cost: 1045286.00
Policy decisions: 3270
Total decision time: 10.775233s
Avg decision time: 3.295178 ms
Candidate filter decisions: 3270
Candidate B_t range: 64..64
Retained K_t range: 8..8
Avg candidate filter time: 0.415935 ms
ended_unix=1784808023.9537687
exit_code=0
