command=/home/likc/.conda/envs/capd/bin/python3 qmap/qmap_eval.py --config /home/likc/Q-former-for-OS/dataset/jsonl/finals_v3_official/stage5_ablation/no_position_encoding/dedup_pressure/resolved_config.json --selector_params /home/likc/Q-former-for-OS/dataset/jsonl/finals_v3_official/stage5_ablation/no_position_encoding/dedup_pressure/selector_params.json --policy qmap --checkpoint /home/likc/Q-former-for-OS/outputs/checkpoints/finals_v3_official/stage5_ablation/no_position_encoding/dedup_pressure/seed_2026/qmap_best.pth --json_output /home/likc/Q-former-for-OS/outputs/results/finals_v3_official/stage5_ablation/raw/no_position_encoding/dedup_pressure/seed_2026.json
started_unix=1784808095.1073973
Policy: qmap
Total accesses: 1000000
Hits: 996639
Misses: 3361
Hit rate: 99.66%
Migrations: 3297
NVM reads: 1819
NVM writes: 1542
Weighted access cost: 1045583.00
Policy decisions: 3297
Total decision time: 11.065276s
Avg decision time: 3.356165 ms
Candidate filter decisions: 3297
Candidate B_t range: 64..64
Retained K_t range: 8..8
Avg candidate filter time: 0.419467 ms
ended_unix=1784808143.1090937
exit_code=0
