command=/home/likc/.conda/envs/capd/bin/python3 qmap/qmap_eval.py --config /home/likc/Q-former-for-OS/dataset/jsonl/finals_v3_official/stage5_ablation/no_position_encoding/dedup_pressure/resolved_config.json --selector_params /home/likc/Q-former-for-OS/dataset/jsonl/finals_v3_official/stage5_ablation/no_position_encoding/dedup_pressure/selector_params.json --policy qmap --checkpoint /home/likc/Q-former-for-OS/outputs/checkpoints/finals_v3_official/stage5_ablation/no_position_encoding/dedup_pressure/seed_3136859/qmap_best.pth --json_output /home/likc/Q-former-for-OS/outputs/results/finals_v3_official/stage5_ablation/raw/no_position_encoding/dedup_pressure/seed_3136859.json
started_unix=1784807856.3603034
Policy: qmap
Total accesses: 1000000
Hits: 996636
Misses: 3364
Hit rate: 99.66%
Migrations: 3300
NVM reads: 1822
NVM writes: 1542
Weighted access cost: 1045616.00
Policy decisions: 3300
Total decision time: 11.041975s
Avg decision time: 3.346053 ms
Candidate filter decisions: 3300
Candidate B_t range: 64..64
Retained K_t range: 8..8
Avg candidate filter time: 0.418077 ms
ended_unix=1784807904.1055489
exit_code=0
