command=/home/likc/.conda/envs/capd/bin/python3 qmap/pressure_headroom.py --config /home/likc/Q-former-for-OS/dataset/jsonl/capd_r1_pressure_headroom/pressure_D32/canneal/resolved_config.json --selector_params /home/likc/Q-former-for-OS/dataset/jsonl/capd_r1_pressure_headroom/pressure_D32/canneal/selector_params.json --json_output /home/likc/Q-former-for-OS/outputs/results/capd_r1_pressure_headroom/raw/canneal/pressure_D32/opportunity_audit.json
started_unix=1785124659.2761376
[R1_PROGRESS] workload=canneal case=pressure_D32 complete_decisions=250 access_index=9377 elapsed_seconds=0.6
[R1_PROGRESS] workload=canneal case=pressure_D32 complete_decisions=500 access_index=17213 elapsed_seconds=1.2
[R1_PROGRESS] workload=canneal case=pressure_D32 complete_decisions=750 access_index=25443 elapsed_seconds=1.8
[R1_PROGRESS] workload=canneal case=pressure_D32 complete_decisions=1000 access_index=33962 elapsed_seconds=2.3
[R1_PROGRESS] workload=canneal case=pressure_D32 complete_decisions=1250 access_index=42904 elapsed_seconds=2.9
[R1_PROGRESS] workload=canneal case=pressure_D32 complete_decisions=1500 access_index=51301 elapsed_seconds=3.5
[R1_PROGRESS] workload=canneal case=pressure_D32 complete_decisions=1750 access_index=59745 elapsed_seconds=4.0
[R1_PROGRESS] workload=canneal case=pressure_D32 complete_decisions=2000 access_index=67935 elapsed_seconds=4.6
[R1_PROGRESS] workload=canneal case=pressure_D32 complete_decisions=2250 access_index=76359 elapsed_seconds=5.2
[R1_PROGRESS] workload=canneal case=pressure_D32 complete_decisions=2500 access_index=84941 elapsed_seconds=5.7
[R1_PROGRESS] workload=canneal case=pressure_D32 complete_decisions=2750 access_index=92827 elapsed_seconds=6.3
[R1_PROGRESS] workload=canneal case=pressure_D32 complete_decisions=3000 access_index=101547 elapsed_seconds=6.9
[R1_PROGRESS] workload=canneal case=pressure_D32 complete_decisions=3250 access_index=109170 elapsed_seconds=7.4
[R1_PROGRESS] workload=canneal case=pressure_D32 complete_decisions=3500 access_index=118169 elapsed_seconds=8.0
[R1_PROGRESS] workload=canneal case=pressure_D32 complete_decisions=3750 access_index=125857 elapsed_seconds=8.5
[R1_PROGRESS] workload=canneal case=pressure_D32 complete_decisions=4000 access_index=133961 elapsed_seconds=9.1
[R1_PROGRESS] workload=canneal case=pressure_D32 complete_decisions=4250 access_index=143036 elapsed_seconds=9.7
[R1_PROGRESS] workload=canneal case=pressure_D32 complete_decisions=4500 access_index=151521 elapsed_seconds=10.3
[R1_PROGRESS] workload=canneal case=pressure_D32 complete_decisions=4750 access_index=159348 elapsed_seconds=10.8
[R1_PROGRESS] workload=canneal case=pressure_D32 complete_decisions=5000 access_index=167739 elapsed_seconds=11.4
[R1_PROGRESS] workload=canneal case=pressure_D32 complete_decisions=5250 access_index=175982 elapsed_seconds=11.9
[R1_PROGRESS] workload=canneal case=pressure_D32 complete_decisions=5500 access_index=184223 elapsed_seconds=12.5
[R1_PROGRESS] workload=canneal case=pressure_D32 complete_decisions=5750 access_index=192039 elapsed_seconds=13.1
[R1] workload=canneal case=pressure_D32 distinguishable=1738/5989
ended_unix=1785124673.7596874
exit_code=0
