command=/home/likc/.conda/envs/capd/bin/python3 qmap/qmap_eval.py --config /home/likc/Q-former-for-OS/dataset/jsonl/capd_bridge_diagnostic/legacy_current_selector_D16_B16K8/resolved_config.json --selector_params /home/likc/Q-former-for-OS/dataset/jsonl/capd_bridge_diagnostic/legacy_current_selector_D16_B16K8/selector_params.json --policy qmap --checkpoint /home/likc/Q-former-for-OS/outputs/checkpoints/capd_bridge_diagnostic/legacy_current_selector_D16_B16K8/seed_3136859/qmap_best.pth --bridge_diagnostics --json_output /home/likc/Q-former-for-OS/outputs/results/capd_bridge_diagnostic/raw/cases/legacy_current_selector_D16_B16K8/qmap/seed_3136859.json
started_unix=1785058176.1997821
Policy: qmap
Total accesses: 200000
Hits: 193432
Misses: 6568
Hit rate: 96.72%
Migrations: 6552
NVM reads: 6232
NVM writes: 336
Weighted access cost: 274104.00
Policy decisions: 6552
Total decision time: 22.364324s
Avg decision time: 3.413358 ms
Candidate filter decisions: 6552
Candidate B_t range: 16..16
Retained K_t range: 8..8
Avg candidate filter time: 0.140913 ms
ended_unix=1785058203.4617038
exit_code=0
