command=/home/likc/.conda/envs/capd/bin/python3 qmap/qmap_eval.py --config /home/likc/Q-former-for-OS/dataset/jsonl/finals_v3_official/canneal/B64/resolved_config.json --selector_params /home/likc/Q-former-for-OS/dataset/jsonl/finals_v3_official/canneal/B64/selector_params.json --policy qmap --checkpoint /home/likc/Q-former-for-OS/outputs/checkpoints/finals_v3_official/stage4_reranker/canneal/seed_3136859/qmap_best.pth --stage6_profile --stage6_warmup_decisions 20 --json_output /home/likc/Q-former-for-OS/outputs/results/finals_v3_official/stage6_profile/raw/canneal/qmap/seed_3136859.json
started_unix=1785044611.0440156
Policy: qmap
Total accesses: 200000
Hits: 197300
Misses: 2700
Hit rate: 98.65%
Migrations: 2636
NVM reads: 2684
NVM writes: 16
Weighted access cost: 229156.00
Policy decisions: 2636
Total decision time: 9.392503s
Avg decision time: 3.563165 ms
Candidate filter decisions: 2636
Candidate B_t range: 64..64
Retained K_t range: 8..8
Avg candidate filter time: 0.410094 ms
ended_unix=1785044633.342163
exit_code=0
