command=/home/likc/.conda/envs/capd/bin/python3 qmap/qmap_eval.py --config /home/likc/Q-former-for-OS/dataset/jsonl/finals_v3_official/stage5_ablation/history_mean_pool/canneal/resolved_config.json --selector_params /home/likc/Q-former-for-OS/dataset/jsonl/finals_v3_official/stage5_ablation/history_mean_pool/canneal/selector_params.json --policy qmap --checkpoint /home/likc/Q-former-for-OS/outputs/checkpoints/finals_v3_official/stage5_ablation/history_mean_pool/canneal/seed_3136859/qmap_best.pth --json_output /home/likc/Q-former-for-OS/outputs/results/finals_v3_official/stage5_ablation/raw/history_mean_pool/canneal/seed_3136859.json
started_unix=1784809250.6950085
Policy: qmap
Total accesses: 200000
Hits: 197595
Misses: 2405
Hit rate: 98.80%
Migrations: 2341
NVM reads: 2389
NVM writes: 16
Weighted access cost: 225911.00
Policy decisions: 2341
Total decision time: 7.102239s
Avg decision time: 3.033848 ms
Candidate filter decisions: 2341
Candidate B_t range: 64..64
Retained K_t range: 8..8
Avg candidate filter time: 0.423397 ms
ended_unix=1784809271.1401572
exit_code=0
