command=/home/likc/.conda/envs/capd/bin/python3 qmap/qmap_eval.py --config /home/likc/Q-former-for-OS/dataset/jsonl/finals_v3_official/stage5_ablation/history_mean_pool/canneal/resolved_config.json --selector_params /home/likc/Q-former-for-OS/dataset/jsonl/finals_v3_official/stage5_ablation/history_mean_pool/canneal/selector_params.json --policy qmap --checkpoint /home/likc/Q-former-for-OS/outputs/checkpoints/finals_v3_official/stage5_ablation/history_mean_pool/canneal/seed_2026/qmap_best.pth --json_output /home/likc/Q-former-for-OS/outputs/results/finals_v3_official/stage5_ablation/raw/history_mean_pool/canneal/seed_2026.json
started_unix=1784809410.517659
Policy: qmap
Total accesses: 200000
Hits: 197514
Misses: 2486
Hit rate: 98.76%
Migrations: 2422
NVM reads: 2470
NVM writes: 16
Weighted access cost: 226802.00
Policy decisions: 2422
Total decision time: 7.241094s
Avg decision time: 2.989717 ms
Candidate filter decisions: 2422
Candidate B_t range: 64..64
Retained K_t range: 8..8
Avg candidate filter time: 0.430050 ms
ended_unix=1784809430.8989797
exit_code=0
