command=/home/likc/.conda/envs/capd/bin/python3 qmap/qmap_eval.py --config /home/likc/Q-former-for-OS/dataset/jsonl/capd_post_stage6_optimization/opt_B32_K16_L512/dedup_pressure/resolved_config.json --selector_params /home/likc/Q-former-for-OS/dataset/jsonl/capd_post_stage6_optimization/opt_B32_K16_L512/dedup_pressure/selector_params.json --evaluation_split valid --policy qmap --checkpoint /home/likc/Q-former-for-OS/outputs/checkpoints/capd_post_stage6_optimization/o3/dedup_pressure/opt_B32_K16_L512/seed_42/qmap_epoch_9.pth --json_output /home/likc/Q-former-for-OS/outputs/results/capd_post_stage6_optimization/raw/o3/dedup_pressure/opt_B32_K16_L512/seed_42/epoch_9.json
started_unix=1785079167.3707561
Policy: qmap
Total accesses: 1000000
Hits: 997297
Misses: 2703
Hit rate: 99.73%
Migrations: 2639
NVM reads: 1489
NVM writes: 1214
Weighted access cost: 1036377.00
Policy decisions: 2639
Total decision time: 8.306560s
Avg decision time: 3.147617 ms
Candidate filter decisions: 2639
Candidate B_t range: 32..32
Retained K_t range: 16..16
Avg candidate filter time: 0.212356 ms
ended_unix=1785079184.6552868
exit_code=0
