QMAP training configuration:
  train_data path: dataset/jsonl/real_workload_suite_pressure/selected/parsec_streamcluster_train.jsonl
  number of training samples: 12501
  batch_size: 32
  epochs: 10
  learning rate: 0.0001
  weight decay: 0.0
  device: cuda
  ablation: cross_attention
  qformer: use=False queries=4 layers=1 heads=2 dropout=0.0
  extractor pooling_strategy: none
  scorer scoring_input: context
  loss weights: inactivity=1.0 coldness=1.0 write_sensitivity=4.0 migration_cost=2.0
Epoch [1/10] iter=1 loss=-0.588274
Epoch [1/10] iter=100 loss=-0.695891
Epoch [1/10] iter=200 loss=-0.739073
Epoch [1/10] iter=300 loss=-0.758609
Epoch [1/10] avg_loss=-0.721202
Saved checkpoint: outputs/checkpoints/seed_stability/streamcluster_pressure/seed_42/qmap_epoch_1.pth
Epoch [2/10] iter=392 loss=-0.781417
Epoch [2/10] iter=400 loss=-0.764395
Epoch [2/10] iter=500 loss=-0.777968
Epoch [2/10] iter=600 loss=-0.761902
Epoch [2/10] iter=700 loss=-0.799626
Epoch [2/10] avg_loss=-0.787255
Saved checkpoint: outputs/checkpoints/seed_stability/streamcluster_pressure/seed_42/qmap_epoch_2.pth
Epoch [3/10] iter=783 loss=-0.778122
Epoch [3/10] iter=800 loss=-0.816825
Epoch [3/10] iter=900 loss=-0.794189
Epoch [3/10] iter=1000 loss=-0.799730
Epoch [3/10] iter=1100 loss=-0.813160
Epoch [3/10] avg_loss=-0.802459
Saved checkpoint: outputs/checkpoints/seed_stability/streamcluster_pressure/seed_42/qmap_epoch_3.pth
Epoch [4/10] iter=1174 loss=-0.798047
Epoch [4/10] iter=1200 loss=-0.794818
Epoch [4/10] iter=1300 loss=-0.812649
Epoch [4/10] iter=1400 loss=-0.820121
Epoch [4/10] iter=1500 loss=-0.809891
Epoch [4/10] avg_loss=-0.807738
Saved checkpoint: outputs/checkpoints/seed_stability/streamcluster_pressure/seed_42/qmap_epoch_4.pth
Epoch [5/10] iter=1565 loss=-0.784128
Epoch [5/10] iter=1600 loss=-0.809138
Epoch [5/10] iter=1700 loss=-0.788949
Epoch [5/10] iter=1800 loss=-0.805998
Epoch [5/10] iter=1900 loss=-0.816950
Epoch [5/10] avg_loss=-0.811274
Saved checkpoint: outputs/checkpoints/seed_stability/streamcluster_pressure/seed_42/qmap_epoch_5.pth
Epoch [6/10] iter=1956 loss=-0.816433
Epoch [6/10] iter=2000 loss=-0.827158
Epoch [6/10] iter=2100 loss=-0.813448
Epoch [6/10] iter=2200 loss=-0.787934
Epoch [6/10] iter=2300 loss=-0.818621
Epoch [6/10] avg_loss=-0.812693
Saved checkpoint: outputs/checkpoints/seed_stability/streamcluster_pressure/seed_42/qmap_epoch_6.pth
Epoch [7/10] iter=2347 loss=-0.802424
Epoch [7/10] iter=2400 loss=-0.803738
Epoch [7/10] iter=2500 loss=-0.813975
Epoch [7/10] iter=2600 loss=-0.812055
Epoch [7/10] iter=2700 loss=-0.818993
Epoch [7/10] avg_loss=-0.813407
Saved checkpoint: outputs/checkpoints/seed_stability/streamcluster_pressure/seed_42/qmap_epoch_7.pth
Epoch [8/10] iter=2738 loss=-0.819711
Epoch [8/10] iter=2800 loss=-0.812829
Epoch [8/10] iter=2900 loss=-0.808468
Epoch [8/10] iter=3000 loss=-0.823991
Epoch [8/10] iter=3100 loss=-0.816178
Epoch [8/10] avg_loss=-0.813967
Saved checkpoint: outputs/checkpoints/seed_stability/streamcluster_pressure/seed_42/qmap_epoch_8.pth
Epoch [9/10] iter=3129 loss=-0.798535
Epoch [9/10] iter=3200 loss=-0.813783
Epoch [9/10] iter=3300 loss=-0.826080
Epoch [9/10] iter=3400 loss=-0.806826
Epoch [9/10] iter=3500 loss=-0.809566
Epoch [9/10] avg_loss=-0.814301
Saved checkpoint: outputs/checkpoints/seed_stability/streamcluster_pressure/seed_42/qmap_epoch_9.pth
Epoch [10/10] iter=3520 loss=-0.776296
Epoch [10/10] iter=3600 loss=-0.803486
Epoch [10/10] iter=3700 loss=-0.812789
Epoch [10/10] iter=3800 loss=-0.821390
Epoch [10/10] iter=3900 loss=-0.812380
Epoch [10/10] avg_loss=-0.814524
Saved checkpoint: outputs/checkpoints/seed_stability/streamcluster_pressure/seed_42/qmap_epoch_10.pth
Training finished.
/home/likc/.conda/envs/qmap/lib/python3.7/site-packages/torch/nn/modules/module.py:1433: UserWarning: Positional args are being deprecated, use kwargs instead. Refer to https://pytorch.org/docs/master/generated/torch.nn.Module.html#torch.nn.Module.state_dict for details.
  "Positional args are being deprecated, use kwargs instead. Refer to "
