command=/home/likc/.conda/envs/capd/bin/python3 qmap/qmap_eval.py --config /home/likc/Q-former-for-OS/dataset/jsonl/finals_v3_official/stage5_ablation/selector_drop_R/canneal/resolved_config.json --selector_params /home/likc/Q-former-for-OS/dataset/jsonl/finals_v3_official/stage5_ablation/selector_drop_R/canneal/selector_params.json --policy qmap --checkpoint /home/likc/Q-former-for-OS/outputs/checkpoints/finals_v3_official/stage5_ablation/selector_drop_R/canneal/seed_3136859/qmap_best.pth --json_output /home/likc/Q-former-for-OS/outputs/results/finals_v3_official/stage5_ablation/raw/selector_drop_R/canneal/seed_3136859.json
started_unix=1784805992.3387067
Policy: qmap
Total accesses: 200000
Hits: 165176
Misses: 34824
Hit rate: 82.59%
Migrations: 34760
NVM reads: 34496
NVM writes: 328
Weighted access cost: 584392.00
Policy decisions: 34760
Total decision time: 107.210704s
Avg decision time: 3.084313 ms
Candidate filter decisions: 34760
Candidate B_t range: 64..64
Retained K_t range: 8..8
Avg candidate filter time: 0.416142 ms
ended_unix=1784806114.6906862
exit_code=0
