command=/home/likc/.conda/envs/capd/bin/python3 qmap/qmap_eval.py --config /home/likc/Q-former-for-OS/dataset/jsonl/finals_v3_official/stage5_ablation/selector_drop_R/canneal/resolved_config.json --selector_params /home/likc/Q-former-for-OS/dataset/jsonl/finals_v3_official/stage5_ablation/selector_drop_R/canneal/selector_params.json --policy qmap --checkpoint /home/likc/Q-former-for-OS/outputs/checkpoints/finals_v3_official/stage5_ablation/selector_drop_R/canneal/seed_42/qmap_best.pth --json_output /home/likc/Q-former-for-OS/outputs/results/finals_v3_official/stage5_ablation/raw/selector_drop_R/canneal/seed_42.json
started_unix=1784806181.750561
Policy: qmap
Total accesses: 200000
Hits: 190120
Misses: 9880
Hit rate: 95.06%
Migrations: 9816
NVM reads: 9831
NVM writes: 49
Weighted access cost: 308334.00
Policy decisions: 9816
Total decision time: 32.213545s
Avg decision time: 3.281739 ms
Candidate filter decisions: 9816
Candidate B_t range: 64..64
Retained K_t range: 8..8
Avg candidate filter time: 0.416233 ms
ended_unix=1784806227.3535047
exit_code=0
