QMAP training configuration:
  train_data path: dataset/jsonl/qmap_qformer_k_sweep_writeheavy/train.jsonl
  number of training samples: 4079
  batch_size: 32
  epochs: 20
  learning rate: 0.0001
  weight decay: 0.0
  device: cuda
  ablation: full
  qformer: use=True queries=4 layers=1 heads=2 dropout=0.0
  loss weights: inactivity=1.0 coldness=1.0 write_sensitivity=4.0 migration_cost=2.0
Epoch [1/20] iter=1 loss=-0.782319
Epoch [1/20] iter=100 loss=-0.830149
Epoch [1/20] avg_loss=-0.806042
Saved checkpoint: outputs/checkpoints/qmap_qformer_k_sweep_writeheavy/k4/qmap_epoch_1.pth
Epoch [2/20] iter=129 loss=-0.834656
Epoch [2/20] iter=200 loss=-0.844099
Epoch [2/20] avg_loss=-0.852075
Saved checkpoint: outputs/checkpoints/qmap_qformer_k_sweep_writeheavy/k4/qmap_epoch_2.pth
Epoch [3/20] iter=257 loss=-0.906485
Epoch [3/20] iter=300 loss=-0.916817
Epoch [3/20] avg_loss=-0.917358
Saved checkpoint: outputs/checkpoints/qmap_qformer_k_sweep_writeheavy/k4/qmap_epoch_3.pth
Epoch [4/20] iter=385 loss=-0.926190
Epoch [4/20] iter=400 loss=-0.927496
Epoch [4/20] iter=500 loss=-0.936233
Epoch [4/20] avg_loss=-0.929808
Saved checkpoint: outputs/checkpoints/qmap_qformer_k_sweep_writeheavy/k4/qmap_epoch_4.pth
Epoch [5/20] iter=513 loss=-0.936267
Epoch [5/20] iter=600 loss=-0.939575
Epoch [5/20] avg_loss=-0.935477
Saved checkpoint: outputs/checkpoints/qmap_qformer_k_sweep_writeheavy/k4/qmap_epoch_5.pth
Epoch [6/20] iter=641 loss=-0.937500
Epoch [6/20] iter=700 loss=-0.913106
Epoch [6/20] avg_loss=-0.939348
Saved checkpoint: outputs/checkpoints/qmap_qformer_k_sweep_writeheavy/k4/qmap_epoch_6.pth
Epoch [7/20] iter=769 loss=-0.942345
Epoch [7/20] iter=800 loss=-0.942609
Epoch [7/20] avg_loss=-0.943103
Saved checkpoint: outputs/checkpoints/qmap_qformer_k_sweep_writeheavy/k4/qmap_epoch_7.pth
Epoch [8/20] iter=897 loss=-0.946907
Epoch [8/20] iter=900 loss=-0.946780
Epoch [8/20] iter=1000 loss=-0.948501
Epoch [8/20] avg_loss=-0.946462
Saved checkpoint: outputs/checkpoints/qmap_qformer_k_sweep_writeheavy/k4/qmap_epoch_8.pth
Epoch [9/20] iter=1025 loss=-0.949830
Epoch [9/20] iter=1100 loss=-0.950497
Epoch [9/20] avg_loss=-0.948125
Saved checkpoint: outputs/checkpoints/qmap_qformer_k_sweep_writeheavy/k4/qmap_epoch_9.pth
Epoch [10/20] iter=1153 loss=-0.952568
Epoch [10/20] iter=1200 loss=-0.951028
Epoch [10/20] avg_loss=-0.949337
Saved checkpoint: outputs/checkpoints/qmap_qformer_k_sweep_writeheavy/k4/qmap_epoch_10.pth
Epoch [11/20] iter=1281 loss=-0.952676
Epoch [11/20] iter=1300 loss=-0.950925
Epoch [11/20] iter=1400 loss=-0.951865
Epoch [11/20] avg_loss=-0.950316
Saved checkpoint: outputs/checkpoints/qmap_qformer_k_sweep_writeheavy/k4/qmap_epoch_11.pth
Epoch [12/20] iter=1409 loss=-0.952037
Epoch [12/20] iter=1500 loss=-0.951217
Epoch [12/20] avg_loss=-0.951037
Saved checkpoint: outputs/checkpoints/qmap_qformer_k_sweep_writeheavy/k4/qmap_epoch_12.pth
Epoch [13/20] iter=1537 loss=-0.952865
Epoch [13/20] iter=1600 loss=-0.952400
Epoch [13/20] avg_loss=-0.951697
Saved checkpoint: outputs/checkpoints/qmap_qformer_k_sweep_writeheavy/k4/qmap_epoch_13.pth
Epoch [14/20] iter=1665 loss=-0.953144
Epoch [14/20] iter=1700 loss=-0.953396
Epoch [14/20] avg_loss=-0.952246
Saved checkpoint: outputs/checkpoints/qmap_qformer_k_sweep_writeheavy/k4/qmap_epoch_14.pth
Epoch [15/20] iter=1793 loss=-0.955626
Epoch [15/20] iter=1800 loss=-0.954042
Epoch [15/20] iter=1900 loss=-0.954786
Epoch [15/20] avg_loss=-0.952697
Saved checkpoint: outputs/checkpoints/qmap_qformer_k_sweep_writeheavy/k4/qmap_epoch_15.pth
Epoch [16/20] iter=1921 loss=-0.923608
Epoch [16/20] iter=2000 loss=-0.953457
Epoch [16/20] avg_loss=-0.953007
Saved checkpoint: outputs/checkpoints/qmap_qformer_k_sweep_writeheavy/k4/qmap_epoch_16.pth
Epoch [17/20] iter=2049 loss=-0.922825
Epoch [17/20] iter=2100 loss=-0.954937
Epoch [17/20] avg_loss=-0.953294
Saved checkpoint: outputs/checkpoints/qmap_qformer_k_sweep_writeheavy/k4/qmap_epoch_17.pth
Epoch [18/20] iter=2177 loss=-0.955196
Epoch [18/20] iter=2200 loss=-0.956172
Epoch [18/20] iter=2300 loss=-0.955865
Epoch [18/20] avg_loss=-0.953531
Saved checkpoint: outputs/checkpoints/qmap_qformer_k_sweep_writeheavy/k4/qmap_epoch_18.pth
Epoch [19/20] iter=2305 loss=-0.953572
Epoch [19/20] iter=2400 loss=-0.955858
Epoch [19/20] avg_loss=-0.953734
Saved checkpoint: outputs/checkpoints/qmap_qformer_k_sweep_writeheavy/k4/qmap_epoch_19.pth
Epoch [20/20] iter=2433 loss=-0.955925
Epoch [20/20] iter=2500 loss=-0.954853
Epoch [20/20] avg_loss=-0.953920
Saved checkpoint: outputs/checkpoints/qmap_qformer_k_sweep_writeheavy/k4/qmap_epoch_20.pth
Training finished.
/home/tingkun/miniconda3/envs/qmap/lib/python3.7/site-packages/torch/nn/modules/module.py:1433: UserWarning: Positional args are being deprecated, use kwargs instead. Refer to https://pytorch.org/docs/master/generated/torch.nn.Module.html#torch.nn.Module.state_dict for details.
  "Positional args are being deprecated, use kwargs instead. Refer to "
