command=/home/likc/.conda/envs/capd/bin/python3 qmap/qmap_eval.py --config /home/likc/Q-former-for-OS/dataset/jsonl/capd_post_stage6_optimization/opt_B32_K16_L512_H20/dedup_pressure/resolved_config.json --selector_params /home/likc/Q-former-for-OS/dataset/jsonl/capd_post_stage6_optimization/opt_B32_K16_L512_H20/dedup_pressure/selector_params.json --evaluation_split valid --policy qmap --checkpoint /home/likc/Q-former-for-OS/outputs/checkpoints/capd_post_stage6_optimization/o2/dedup_pressure/opt_B32_K16_L512_H20/seed_3136859/qmap_epoch_3.pth --json_output /home/likc/Q-former-for-OS/outputs/results/capd_post_stage6_optimization/raw/o2/dedup_pressure/opt_B32_K16_L512_H20/seed_3136859/epoch_3.json
started_unix=1785077373.593063
Policy: qmap
Total accesses: 1000000
Hits: 997244
Misses: 2756
Hit rate: 99.72%
Migrations: 2692
NVM reads: 1540
NVM writes: 1216
Weighted access cost: 1036972.00
Policy decisions: 2692
Total decision time: 8.514166s
Avg decision time: 3.162766 ms
Candidate filter decisions: 2692
Candidate B_t range: 32..32
Retained K_t range: 16..16
Avg candidate filter time: 0.212413 ms
ended_unix=1785077391.103228
exit_code=0
