command=/home/likc/.conda/envs/capd/bin/python3 qmap/qmap_eval.py --config /home/likc/Q-former-for-OS/dataset/jsonl/finals_v3_official/stage5_sensitivity/sensitivity_H5/dedup_pressure/resolved_config.json --selector_params /home/likc/Q-former-for-OS/dataset/jsonl/finals_v3_official/stage5_sensitivity/sensitivity_H5/dedup_pressure/selector_params.json --policy qmap --checkpoint /home/likc/Q-former-for-OS/outputs/checkpoints/finals_v3_official/stage5_sensitivity/sensitivity_H5/dedup_pressure/seed_3136859/qmap_best.pth --json_output /home/likc/Q-former-for-OS/outputs/results/finals_v3_official/stage5_sensitivity/raw/sensitivity_H5/dedup_pressure/seed_3136859.json
started_unix=1784861941.1669352
/home/likc/.conda/envs/capd/lib/python3.7/site-packages/torch/cuda/__init__.py:88: UserWarning: CUDA initialization: Unexpected error from cudaGetDeviceCount(). Did you run some cuda functions before calling NumCudaDevices() that might have already set an error? Error 804: forward compatibility was attempted on non supported HW (Triggered internally at ../c10/cuda/CUDAFunctions.cpp:109.)
  return torch._C._cuda_getDeviceCount() > 0
Policy: qmap
Total accesses: 1000000
Hits: 996647
Misses: 3353
Hit rate: 99.66%
Migrations: 3289
NVM reads: 1812
NVM writes: 1541
Weighted access cost: 1045489.00
Policy decisions: 3289
Total decision time: 8.817142s
Avg decision time: 2.680797 ms
Candidate filter decisions: 3289
Candidate B_t range: 64..64
Retained K_t range: 8..8
Avg candidate filter time: 0.622639 ms
ended_unix=1784861991.7059846
exit_code=0
