QMAP training: train=/home/likc/Q-former-for-OS/dataset/jsonl/finals_v3_official/streamcluster_pressure/B64/train.jsonl valid=/home/likc/Q-former-for-OS/dataset/jsonl/finals_v3_official/streamcluster_pressure/B64/valid.jsonl samples=8694/2839 device=cuda
epoch=1/10 iter=1 loss=-0.048896
epoch=1/10 iter=100 loss=-0.000000
epoch=1/10 iter=200 loss=-0.024542
epoch=1/10 train_loss=-0.040901 valid_loss=-0.039342
epoch=2/10 iter=300 loss=-0.055457
epoch=2/10 iter=400 loss=-0.089308
epoch=2/10 iter=500 loss=-0.060329
epoch=2/10 train_loss=-0.048541 valid_loss=-0.045053
epoch=3/10 iter=600 loss=-0.061041
epoch=3/10 iter=700 loss=-0.061936
epoch=3/10 iter=800 loss=-0.061926
epoch=3/10 train_loss=-0.049864 valid_loss=-0.045376
epoch=4/10 iter=900 loss=-0.000000
epoch=4/10 iter=1000 loss=-0.060452
epoch=4/10 train_loss=-0.049993 valid_loss=-0.045453
epoch=5/10 iter=1100 loss=-0.031145
epoch=5/10 iter=1200 loss=-0.109426
epoch=5/10 iter=1300 loss=-0.090202
epoch=5/10 train_loss=-0.049969 valid_loss=-0.045472
epoch=6/10 iter=1400 loss=-0.000000
epoch=6/10 iter=1500 loss=-0.089955
epoch=6/10 iter=1600 loss=-0.030621
epoch=6/10 train_loss=-0.050051 valid_loss=-0.045502
epoch=7/10 iter=1700 loss=-0.121589
epoch=7/10 iter=1800 loss=-0.062083
epoch=7/10 iter=1900 loss=-0.025365
epoch=7/10 train_loss=-0.050066 valid_loss=-0.045503
epoch=8/10 iter=2000 loss=-0.121333
epoch=8/10 iter=2100 loss=-0.115891
epoch=8/10 train_loss=-0.050022 valid_loss=-0.045519
epoch=9/10 iter=2200 loss=-0.093329
epoch=9/10 iter=2300 loss=-0.028528
epoch=9/10 iter=2400 loss=-0.031096
epoch=9/10 train_loss=-0.050133 valid_loss=-0.045522
epoch=10/10 iter=2500 loss=-0.061866
epoch=10/10 iter=2600 loss=-0.028532
epoch=10/10 iter=2700 loss=-0.091985
epoch=10/10 train_loss=-0.050033 valid_loss=-0.045526
Training finished. best=/home/likc/Q-former-for-OS/outputs/checkpoints/ablation_no_vpn/no_vpn/streamcluster_pressure/seed_42/qmap_best.pth last=/home/likc/Q-former-for-OS/outputs/checkpoints/ablation_no_vpn/no_vpn/streamcluster_pressure/seed_42/qmap_last.pth
/home/likc/.conda/envs/capd/lib/python3.7/site-packages/torch/nn/modules/module.py:1433: UserWarning: Positional args are being deprecated, use kwargs instead. Refer to https://pytorch.org/docs/master/generated/torch.nn.Module.html#torch.nn.Module.state_dict for details.
  "Positional args are being deprecated, use kwargs instead. Refer to "
/home/likc/.conda/envs/capd/lib/python3.7/site-packages/torch/nn/modules/module.py:1433: UserWarning: Positional args are being deprecated, use kwargs instead. Refer to https://pytorch.org/docs/master/generated/torch.nn.Module.html#torch.nn.Module.state_dict for details.
  "Positional args are being deprecated, use kwargs instead. Refer to "
/home/likc/.conda/envs/capd/lib/python3.7/site-packages/torch/nn/modules/module.py:1433: UserWarning: Positional args are being deprecated, use kwargs instead. Refer to https://pytorch.org/docs/master/generated/torch.nn.Module.html#torch.nn.Module.state_dict for details.
  "Positional args are being deprecated, use kwargs instead. Refer to "
/home/likc/.conda/envs/capd/lib/python3.7/site-packages/torch/nn/modules/module.py:1433: UserWarning: Positional args are being deprecated, use kwargs instead. Refer to https://pytorch.org/docs/master/generated/torch.nn.Module.html#torch.nn.Module.state_dict for details.
  "Positional args are being deprecated, use kwargs instead. Refer to "
/home/likc/.conda/envs/capd/lib/python3.7/site-packages/torch/nn/modules/module.py:1433: UserWarning: Positional args are being deprecated, use kwargs instead. Refer to https://pytorch.org/docs/master/generated/torch.nn.Module.html#torch.nn.Module.state_dict for details.
  "Positional args are being deprecated, use kwargs instead. Refer to "
/home/likc/.conda/envs/capd/lib/python3.7/site-packages/torch/nn/modules/module.py:1433: UserWarning: Positional args are being deprecated, use kwargs instead. Refer to https://pytorch.org/docs/master/generated/torch.nn.Module.html#torch.nn.Module.state_dict for details.
  "Positional args are being deprecated, use kwargs instead. Refer to "
/home/likc/.conda/envs/capd/lib/python3.7/site-packages/torch/nn/modules/module.py:1433: UserWarning: Positional args are being deprecated, use kwargs instead. Refer to https://pytorch.org/docs/master/generated/torch.nn.Module.html#torch.nn.Module.state_dict for details.
  "Positional args are being deprecated, use kwargs instead. Refer to "
/home/likc/.conda/envs/capd/lib/python3.7/site-packages/torch/nn/modules/module.py:1433: UserWarning: Positional args are being deprecated, use kwargs instead. Refer to https://pytorch.org/docs/master/generated/torch.nn.Module.html#torch.nn.Module.state_dict for details.
  "Positional args are being deprecated, use kwargs instead. Refer to "
/home/likc/.conda/envs/capd/lib/python3.7/site-packages/torch/nn/modules/module.py:1433: UserWarning: Positional args are being deprecated, use kwargs instead. Refer to https://pytorch.org/docs/master/generated/torch.nn.Module.html#torch.nn.Module.state_dict for details.
  "Positional args are being deprecated, use kwargs instead. Refer to "
/home/likc/.conda/envs/capd/lib/python3.7/site-packages/torch/nn/modules/module.py:1433: UserWarning: Positional args are being deprecated, use kwargs instead. Refer to https://pytorch.org/docs/master/generated/torch.nn.Module.html#torch.nn.Module.state_dict for details.
  "Positional args are being deprecated, use kwargs instead. Refer to "
