QMAP training configuration:
  train_data path: dataset/jsonl/qmap_cost_w8_m4_writeheavy/full.jsonl
  number of training samples: 4079
  batch_size: 32
  epochs: 10
  learning rate: 0.0001
  weight decay: 0.0
  device: cuda
  ablation: full
  qformer: use=True queries=4 layers=1 heads=2 dropout=0.0
  loss weights: inactivity=1.0 coldness=1.0 write_sensitivity=8.0 migration_cost=4.0
Epoch [1/10] iter=1 loss=-0.783299
Epoch [1/10] iter=100 loss=-0.831274
Epoch [1/10] avg_loss=-0.806908
Saved checkpoint: outputs/checkpoints/qmap_cost_w8_m4_writeheavy/full/qmap_epoch_1.pth
Epoch [2/10] iter=129 loss=-0.835489
Epoch [2/10] iter=200 loss=-0.844892
Epoch [2/10] avg_loss=-0.852497
Saved checkpoint: outputs/checkpoints/qmap_cost_w8_m4_writeheavy/full/qmap_epoch_2.pth
Epoch [3/10] iter=257 loss=-0.906411
Epoch [3/10] iter=300 loss=-0.917191
Epoch [3/10] avg_loss=-0.917713
Saved checkpoint: outputs/checkpoints/qmap_cost_w8_m4_writeheavy/full/qmap_epoch_3.pth
Epoch [4/10] iter=385 loss=-0.926708
Epoch [4/10] iter=400 loss=-0.927919
Epoch [4/10] iter=500 loss=-0.936327
Epoch [4/10] avg_loss=-0.930166
Saved checkpoint: outputs/checkpoints/qmap_cost_w8_m4_writeheavy/full/qmap_epoch_4.pth
Epoch [5/10] iter=513 loss=-0.936613
Epoch [5/10] iter=600 loss=-0.939825
Epoch [5/10] avg_loss=-0.935652
Saved checkpoint: outputs/checkpoints/qmap_cost_w8_m4_writeheavy/full/qmap_epoch_5.pth
Epoch [6/10] iter=641 loss=-0.937870
Epoch [6/10] iter=700 loss=-0.913224
Epoch [6/10] avg_loss=-0.939731
Saved checkpoint: outputs/checkpoints/qmap_cost_w8_m4_writeheavy/full/qmap_epoch_6.pth
Epoch [7/10] iter=769 loss=-0.942832
Epoch [7/10] iter=800 loss=-0.943403
Epoch [7/10] avg_loss=-0.943635
Saved checkpoint: outputs/checkpoints/qmap_cost_w8_m4_writeheavy/full/qmap_epoch_7.pth
Epoch [8/10] iter=897 loss=-0.947085
Epoch [8/10] iter=900 loss=-0.947115
Epoch [8/10] iter=1000 loss=-0.949185
Epoch [8/10] avg_loss=-0.946899
Saved checkpoint: outputs/checkpoints/qmap_cost_w8_m4_writeheavy/full/qmap_epoch_8.pth
Epoch [9/10] iter=1025 loss=-0.950134
Epoch [9/10] iter=1100 loss=-0.950698
Epoch [9/10] avg_loss=-0.948346
Saved checkpoint: outputs/checkpoints/qmap_cost_w8_m4_writeheavy/full/qmap_epoch_9.pth
Epoch [10/10] iter=1153 loss=-0.952789
Epoch [10/10] iter=1200 loss=-0.951144
Epoch [10/10] avg_loss=-0.949363
Saved checkpoint: outputs/checkpoints/qmap_cost_w8_m4_writeheavy/full/qmap_epoch_10.pth
Training finished.
/home/tingkun/miniconda3/envs/qmap/lib/python3.7/site-packages/torch/nn/modules/module.py:1433: UserWarning: Positional args are being deprecated, use kwargs instead. Refer to https://pytorch.org/docs/master/generated/torch.nn.Module.html#torch.nn.Module.state_dict for details.
  "Positional args are being deprecated, use kwargs instead. Refer to "
