QMAP training configuration:
  train_data path: /home/likc/Q-former-for-OS/dataset/jsonl/capacity_sensitivity/streamcluster_pressure/cap8/parsec_streamcluster_train.jsonl
  number of training samples: 20608
  batch_size: 32
  epochs: 10
  learning rate: 0.0001
  weight decay: 0.0
  device: cuda
  ablation: cross_attention
  qformer: use=False queries=4 layers=1 heads=2 dropout=0.0
  extractor pooling_strategy: none
  scorer scoring_input: context
  loss weights: inactivity=1.0 coldness=1.0 write_sensitivity=4.0 migration_cost=2.0
Epoch [1/10] iter=1 loss=-0.682038
Epoch [1/10] iter=100 loss=-0.775286
Epoch [1/10] iter=200 loss=-0.803036
Epoch [1/10] iter=300 loss=-0.827745
Epoch [1/10] iter=400 loss=-0.828228
Epoch [1/10] iter=500 loss=-0.842522
Epoch [1/10] iter=600 loss=-0.840992
Epoch [1/10] avg_loss=-0.809796
Saved checkpoint: outputs/checkpoints/capacity_sensitivity/streamcluster_pressure/cap8/parsec_streamcluster/qmap_epoch_1.pth
Epoch [2/10] iter=645 loss=-0.847887
Epoch [2/10] iter=700 loss=-0.845453
Epoch [2/10] iter=800 loss=-0.849087
Epoch [2/10] iter=900 loss=-0.846003
Epoch [2/10] iter=1000 loss=-0.848328
Epoch [2/10] iter=1100 loss=-0.851731
Epoch [2/10] iter=1200 loss=-0.852570
Epoch [2/10] avg_loss=-0.848759
Saved checkpoint: outputs/checkpoints/capacity_sensitivity/streamcluster_pressure/cap8/parsec_streamcluster/qmap_epoch_2.pth
Epoch [3/10] iter=1289 loss=-0.854414
Epoch [3/10] iter=1300 loss=-0.852123
Epoch [3/10] iter=1400 loss=-0.849060
Epoch [3/10] iter=1500 loss=-0.853872
Epoch [3/10] iter=1600 loss=-0.848627
Epoch [3/10] iter=1700 loss=-0.845251
Epoch [3/10] iter=1800 loss=-0.850433
Epoch [3/10] iter=1900 loss=-0.850778
Epoch [3/10] avg_loss=-0.851656
Saved checkpoint: outputs/checkpoints/capacity_sensitivity/streamcluster_pressure/cap8/parsec_streamcluster/qmap_epoch_3.pth
Epoch [4/10] iter=1933 loss=-0.851060
Epoch [4/10] iter=2000 loss=-0.844553
Epoch [4/10] iter=2100 loss=-0.853030
Epoch [4/10] iter=2200 loss=-0.857613
Epoch [4/10] iter=2300 loss=-0.856789
Epoch [4/10] iter=2400 loss=-0.855023
Epoch [4/10] iter=2500 loss=-0.849034
Epoch [4/10] avg_loss=-0.852696
Saved checkpoint: outputs/checkpoints/capacity_sensitivity/streamcluster_pressure/cap8/parsec_streamcluster/qmap_epoch_4.pth
Epoch [5/10] iter=2577 loss=-0.853488
Epoch [5/10] iter=2600 loss=-0.851144
Epoch [5/10] iter=2700 loss=-0.844300
Epoch [5/10] iter=2800 loss=-0.854965
Epoch [5/10] iter=2900 loss=-0.851609
Epoch [5/10] iter=3000 loss=-0.855853
Epoch [5/10] iter=3100 loss=-0.852399
Epoch [5/10] iter=3200 loss=-0.856398
Epoch [5/10] avg_loss=-0.853155
Saved checkpoint: outputs/checkpoints/capacity_sensitivity/streamcluster_pressure/cap8/parsec_streamcluster/qmap_epoch_5.pth
Epoch [6/10] iter=3221 loss=-0.852953
Epoch [6/10] iter=3300 loss=-0.854549
Epoch [6/10] iter=3400 loss=-0.855223
Epoch [6/10] iter=3500 loss=-0.855319
Epoch [6/10] iter=3600 loss=-0.850222
Epoch [6/10] iter=3700 loss=-0.857377
Epoch [6/10] iter=3800 loss=-0.845811
Epoch [6/10] avg_loss=-0.853673
Saved checkpoint: outputs/checkpoints/capacity_sensitivity/streamcluster_pressure/cap8/parsec_streamcluster/qmap_epoch_6.pth
Epoch [7/10] iter=3865 loss=-0.857164
Epoch [7/10] iter=3900 loss=-0.851222
Epoch [7/10] iter=4000 loss=-0.854352
Epoch [7/10] iter=4100 loss=-0.849633
Epoch [7/10] iter=4200 loss=-0.851078
Epoch [7/10] iter=4300 loss=-0.851775
Epoch [7/10] iter=4400 loss=-0.852068
Epoch [7/10] iter=4500 loss=-0.852802
Epoch [7/10] avg_loss=-0.854275
Saved checkpoint: outputs/checkpoints/capacity_sensitivity/streamcluster_pressure/cap8/parsec_streamcluster/qmap_epoch_7.pth
Epoch [8/10] iter=4509 loss=-0.859487
Epoch [8/10] iter=4600 loss=-0.849277
Epoch [8/10] iter=4700 loss=-0.856409
Epoch [8/10] iter=4800 loss=-0.856435
Epoch [8/10] iter=4900 loss=-0.858782
Epoch [8/10] iter=5000 loss=-0.859922
Epoch [8/10] iter=5100 loss=-0.853332
Epoch [8/10] avg_loss=-0.855956
Saved checkpoint: outputs/checkpoints/capacity_sensitivity/streamcluster_pressure/cap8/parsec_streamcluster/qmap_epoch_8.pth
Epoch [9/10] iter=5153 loss=-0.857041
Epoch [9/10] iter=5200 loss=-0.851601
Epoch [9/10] iter=5300 loss=-0.854951
Epoch [9/10] iter=5400 loss=-0.854812
Epoch [9/10] iter=5500 loss=-0.856464
Epoch [9/10] iter=5600 loss=-0.857398
Epoch [9/10] iter=5700 loss=-0.857399
Epoch [9/10] avg_loss=-0.856343
Saved checkpoint: outputs/checkpoints/capacity_sensitivity/streamcluster_pressure/cap8/parsec_streamcluster/qmap_epoch_9.pth
Epoch [10/10] iter=5797 loss=-0.854382
Epoch [10/10] iter=5800 loss=-0.858138
Epoch [10/10] iter=5900 loss=-0.855958
Epoch [10/10] iter=6000 loss=-0.858341
Epoch [10/10] iter=6100 loss=-0.854724
Epoch [10/10] iter=6200 loss=-0.856860
Epoch [10/10] iter=6300 loss=-0.862946
Epoch [10/10] iter=6400 loss=-0.858118
Epoch [10/10] avg_loss=-0.856437
Saved checkpoint: outputs/checkpoints/capacity_sensitivity/streamcluster_pressure/cap8/parsec_streamcluster/qmap_epoch_10.pth
Training finished.
/home/likc/.conda/envs/qmap/lib/python3.7/site-packages/torch/nn/modules/module.py:1433: UserWarning: Positional args are being deprecated, use kwargs instead. Refer to https://pytorch.org/docs/master/generated/torch.nn.Module.html#torch.nn.Module.state_dict for details.
  "Positional args are being deprecated, use kwargs instead. Refer to "
