command=/home/likc/.conda/envs/capd/bin/python3 qmap/qmap_eval.py --config /home/likc/Q-former-for-OS/dataset/jsonl/finals_v3_official/stage5_ablation/no_filter_B8_K8/dedup_pressure/resolved_config.json --selector_params /home/likc/Q-former-for-OS/dataset/jsonl/finals_v3_official/stage5_ablation/no_filter_B8_K8/dedup_pressure/selector_params.json --policy qmap --checkpoint /home/likc/Q-former-for-OS/outputs/checkpoints/finals_v3_official/stage5_ablation/no_filter_B8_K8/dedup_pressure/seed_2026/qmap_best.pth --json_output /home/likc/Q-former-for-OS/outputs/results/finals_v3_official/stage5_ablation/raw/no_filter_B8_K8/dedup_pressure/seed_2026.json
started_unix=1784801658.4264061
Policy: qmap
Total accesses: 1000000
Hits: 996679
Misses: 3321
Hit rate: 99.67%
Migrations: 3257
NVM reads: 1777
NVM writes: 1544
Weighted access cost: 1045155.00
Policy decisions: 3257
Total decision time: 9.813343s
Avg decision time: 3.013001 ms
Candidate filter decisions: 3257
Candidate B_t range: 8..8
Retained K_t range: 8..8
Avg candidate filter time: 0.067368 ms
ended_unix=1784801704.848218
exit_code=0
