command=/home/likc/.conda/envs/capd/bin/python3 qmap/qmap_eval.py --config /home/likc/Q-former-for-OS/dataset/jsonl/finals_v3_official/stage5_ablation/no_filter_B8_K8/dedup_pressure/resolved_config.json --selector_params /home/likc/Q-former-for-OS/dataset/jsonl/finals_v3_official/stage5_ablation/no_filter_B8_K8/dedup_pressure/selector_params.json --policy qmap --checkpoint /home/likc/Q-former-for-OS/outputs/checkpoints/finals_v3_official/stage5_ablation/no_filter_B8_K8/dedup_pressure/seed_42/qmap_best.pth --json_output /home/likc/Q-former-for-OS/outputs/results/finals_v3_official/stage5_ablation/raw/no_filter_B8_K8/dedup_pressure/seed_42.json
started_unix=1784801541.762972
Policy: qmap
Total accesses: 1000000
Hits: 996681
Misses: 3319
Hit rate: 99.67%
Migrations: 3255
NVM reads: 1773
NVM writes: 1546
Weighted access cost: 1045145.00
Policy decisions: 3255
Total decision time: 9.606133s
Avg decision time: 2.951193 ms
Candidate filter decisions: 3255
Candidate B_t range: 8..8
Retained K_t range: 8..8
Avg candidate filter time: 0.067337 ms
ended_unix=1784801588.2316678
exit_code=0
