QMAP training configuration:
  train_data path: /home/likc/Q-former-for-OS/dataset/jsonl/candidate_sensitivity/streamcluster_pressure/c8/parsec_streamcluster_train.jsonl
  number of training samples: 12501
  batch_size: 32
  epochs: 10
  learning rate: 0.0001
  weight decay: 0.0
  device: cuda
  ablation: cross_attention
  qformer: use=False queries=4 layers=1 heads=2 dropout=0.0
  extractor pooling_strategy: none
  scorer scoring_input: context
  loss weights: inactivity=1.0 coldness=1.0 write_sensitivity=4.0 migration_cost=2.0
Epoch [1/10] iter=1 loss=-0.587681
Epoch [1/10] iter=100 loss=-0.627887
Epoch [1/10] iter=200 loss=-0.683351
Epoch [1/10] iter=300 loss=-0.742754
Epoch [1/10] avg_loss=-0.683442
Saved checkpoint: outputs/checkpoints/candidate_sensitivity/streamcluster_pressure/c8/parsec_streamcluster/qmap_epoch_1.pth
Epoch [2/10] iter=392 loss=-0.748923
Epoch [2/10] iter=400 loss=-0.737304
Epoch [2/10] iter=500 loss=-0.761315
Epoch [2/10] iter=600 loss=-0.774425
Epoch [2/10] iter=700 loss=-0.783026
Epoch [2/10] avg_loss=-0.775034
Saved checkpoint: outputs/checkpoints/candidate_sensitivity/streamcluster_pressure/c8/parsec_streamcluster/qmap_epoch_2.pth
Epoch [3/10] iter=783 loss=-0.802081
Epoch [3/10] iter=800 loss=-0.799289
Epoch [3/10] iter=900 loss=-0.774159
Epoch [3/10] iter=1000 loss=-0.797866
Epoch [3/10] iter=1100 loss=-0.803071
Epoch [3/10] avg_loss=-0.799050
Saved checkpoint: outputs/checkpoints/candidate_sensitivity/streamcluster_pressure/c8/parsec_streamcluster/qmap_epoch_3.pth
Epoch [4/10] iter=1174 loss=-0.787528
Epoch [4/10] iter=1200 loss=-0.803015
Epoch [4/10] iter=1300 loss=-0.813947
Epoch [4/10] iter=1400 loss=-0.819250
Epoch [4/10] iter=1500 loss=-0.813878
Epoch [4/10] avg_loss=-0.804549
Saved checkpoint: outputs/checkpoints/candidate_sensitivity/streamcluster_pressure/c8/parsec_streamcluster/qmap_epoch_4.pth
Epoch [5/10] iter=1565 loss=-0.797625
Epoch [5/10] iter=1600 loss=-0.803307
Epoch [5/10] iter=1700 loss=-0.780216
Epoch [5/10] iter=1800 loss=-0.818784
Epoch [5/10] iter=1900 loss=-0.823834
Epoch [5/10] avg_loss=-0.812530
Saved checkpoint: outputs/checkpoints/candidate_sensitivity/streamcluster_pressure/c8/parsec_streamcluster/qmap_epoch_5.pth
Epoch [6/10] iter=1956 loss=-0.789706
Epoch [6/10] iter=2000 loss=-0.810499
Epoch [6/10] iter=2100 loss=-0.817373
Epoch [6/10] iter=2200 loss=-0.818205
Epoch [6/10] iter=2300 loss=-0.826754
Epoch [6/10] avg_loss=-0.814284
Saved checkpoint: outputs/checkpoints/candidate_sensitivity/streamcluster_pressure/c8/parsec_streamcluster/qmap_epoch_6.pth
Epoch [7/10] iter=2347 loss=-0.821535
Epoch [7/10] iter=2400 loss=-0.813051
Epoch [7/10] iter=2500 loss=-0.803497
Epoch [7/10] iter=2600 loss=-0.820215
Epoch [7/10] iter=2700 loss=-0.816439
Epoch [7/10] avg_loss=-0.815081
Saved checkpoint: outputs/checkpoints/candidate_sensitivity/streamcluster_pressure/c8/parsec_streamcluster/qmap_epoch_7.pth
Epoch [8/10] iter=2738 loss=-0.815108
Epoch [8/10] iter=2800 loss=-0.823767
Epoch [8/10] iter=2900 loss=-0.825831
Epoch [8/10] iter=3000 loss=-0.816367
Epoch [8/10] iter=3100 loss=-0.820625
Epoch [8/10] avg_loss=-0.815918
Saved checkpoint: outputs/checkpoints/candidate_sensitivity/streamcluster_pressure/c8/parsec_streamcluster/qmap_epoch_8.pth
Epoch [9/10] iter=3129 loss=-0.825518
Epoch [9/10] iter=3200 loss=-0.798120
Epoch [9/10] iter=3300 loss=-0.825635
Epoch [9/10] iter=3400 loss=-0.826331
Epoch [9/10] iter=3500 loss=-0.810666
Epoch [9/10] avg_loss=-0.816354
Saved checkpoint: outputs/checkpoints/candidate_sensitivity/streamcluster_pressure/c8/parsec_streamcluster/qmap_epoch_9.pth
Epoch [10/10] iter=3520 loss=-0.804700
Epoch [10/10] iter=3600 loss=-0.820075
Epoch [10/10] iter=3700 loss=-0.814831
Epoch [10/10] iter=3800 loss=-0.822926
Epoch [10/10] iter=3900 loss=-0.817456
Epoch [10/10] avg_loss=-0.816961
Saved checkpoint: outputs/checkpoints/candidate_sensitivity/streamcluster_pressure/c8/parsec_streamcluster/qmap_epoch_10.pth
Training finished.
/home/likc/.conda/envs/qmap/lib/python3.7/site-packages/torch/nn/modules/module.py:1433: UserWarning: Positional args are being deprecated, use kwargs instead. Refer to https://pytorch.org/docs/master/generated/torch.nn.Module.html#torch.nn.Module.state_dict for details.
  "Positional args are being deprecated, use kwargs instead. Refer to "
