command=/home/likc/.conda/envs/capd/bin/python3 qmap/qmap_eval.py --config /home/likc/Q-former-for-OS/dataset/jsonl/finals_v3_official/stage5_ablation/no_candidate_state/canneal/resolved_config.json --selector_params /home/likc/Q-former-for-OS/dataset/jsonl/finals_v3_official/stage5_ablation/no_candidate_state/canneal/selector_params.json --policy qmap --checkpoint /home/likc/Q-former-for-OS/outputs/checkpoints/finals_v3_official/stage5_ablation/no_candidate_state/canneal/seed_42/qmap_best.pth --json_output /home/likc/Q-former-for-OS/outputs/results/finals_v3_official/stage5_ablation/raw/no_candidate_state/canneal/seed_42.json
started_unix=1784808339.1104898
Policy: qmap
Total accesses: 200000
Hits: 197501
Misses: 2499
Hit rate: 98.75%
Migrations: 2435
NVM reads: 2483
NVM writes: 16
Weighted access cost: 226945.00
Policy decisions: 2435
Total decision time: 8.335853s
Avg decision time: 3.423348 ms
Candidate filter decisions: 2435
Candidate B_t range: 64..64
Retained K_t range: 8..8
Avg candidate filter time: 0.419266 ms
ended_unix=1784808360.7440386
exit_code=0
