command=/home/likc/.conda/envs/capd/bin/python3 qmap/qmap_eval.py --config /home/likc/Q-former-for-OS/dataset/jsonl/finals_v3_official/stage5_ablation/no_candidate_state/canneal/resolved_config.json --selector_params /home/likc/Q-former-for-OS/dataset/jsonl/finals_v3_official/stage5_ablation/no_candidate_state/canneal/selector_params.json --policy qmap --checkpoint /home/likc/Q-former-for-OS/outputs/checkpoints/finals_v3_official/stage5_ablation/no_candidate_state/canneal/seed_2026/qmap_best.pth --json_output /home/likc/Q-former-for-OS/outputs/results/finals_v3_official/stage5_ablation/raw/no_candidate_state/canneal/seed_2026.json
started_unix=1784808426.1959126
Policy: qmap
Total accesses: 200000
Hits: 197498
Misses: 2502
Hit rate: 98.75%
Migrations: 2438
NVM reads: 2486
NVM writes: 16
Weighted access cost: 226978.00
Policy decisions: 2438
Total decision time: 8.134981s
Avg decision time: 3.336744 ms
Candidate filter decisions: 2438
Candidate B_t range: 64..64
Retained K_t range: 8..8
Avg candidate filter time: 0.419491 ms
ended_unix=1784808447.4359672
exit_code=0
