command=/home/likc/.conda/envs/capd/bin/python3 qmap/qmap_eval.py --config /home/likc/Q-former-for-OS/dataset/jsonl/capd_post_stage6_optimization/opt_B32_K16/canneal/resolved_config.json --selector_params /home/likc/Q-former-for-OS/dataset/jsonl/capd_post_stage6_optimization/opt_B32_K16/canneal/selector_params.json --evaluation_split valid --policy qmap --checkpoint /home/likc/Q-former-for-OS/outputs/checkpoints/capd_post_stage6_optimization/o2/canneal/opt_B32_K16/seed_3136859/qmap_epoch_6.pth --json_output /home/likc/Q-former-for-OS/outputs/results/capd_post_stage6_optimization/raw/o2/canneal/opt_B32_K16/seed_3136859/epoch_6.json
started_unix=1785074611.6915913
Policy: qmap
Total accesses: 200000
Hits: 197206
Misses: 2794
Hit rate: 98.60%
Migrations: 2730
NVM reads: 2773
NVM writes: 21
Weighted access cost: 230220.00
Policy decisions: 2730
Total decision time: 8.958573s
Avg decision time: 3.281529 ms
Candidate filter decisions: 2730
Candidate B_t range: 32..32
Retained K_t range: 16..16
Avg candidate filter time: 0.219755 ms
ended_unix=1785074624.7952368
exit_code=0
