command=/home/likc/.conda/envs/capd/bin/python3 qmap/qmap_eval.py --config /home/likc/Q-former-for-OS/dataset/jsonl/capd_post_stage6_optimization/opt_B32_K16/canneal/resolved_config.json --selector_params /home/likc/Q-former-for-OS/dataset/jsonl/capd_post_stage6_optimization/opt_B32_K16/canneal/selector_params.json --evaluation_split valid --policy qmap --checkpoint /home/likc/Q-former-for-OS/outputs/checkpoints/capd_post_stage6_optimization/o2/canneal/opt_B32_K16/seed_3136859/qmap_epoch_4.pth --json_output /home/likc/Q-former-for-OS/outputs/results/capd_post_stage6_optimization/raw/o2/canneal/opt_B32_K16/seed_3136859/epoch_4.json
started_unix=1785074585.8408706
Policy: qmap
Total accesses: 200000
Hits: 197213
Misses: 2787
Hit rate: 98.61%
Migrations: 2723
NVM reads: 2766
NVM writes: 21
Weighted access cost: 230143.00
Policy decisions: 2723
Total decision time: 8.854528s
Avg decision time: 3.251755 ms
Candidate filter decisions: 2723
Candidate B_t range: 32..32
Retained K_t range: 16..16
Avg candidate filter time: 0.221104 ms
ended_unix=1785074598.7753215
exit_code=0
