command=/home/likc/.conda/envs/capd/bin/python3 qmap/qmap_eval.py --config /home/likc/Q-former-for-OS/dataset/jsonl/capd_post_stage6_optimization/opt_B32_K16/canneal/resolved_config.json --selector_params /home/likc/Q-former-for-OS/dataset/jsonl/capd_post_stage6_optimization/opt_B32_K16/canneal/selector_params.json --evaluation_split valid --policy qmap --checkpoint /home/likc/Q-former-for-OS/outputs/checkpoints/capd_post_stage6_optimization/o2/canneal/opt_B32_K16/seed_3136859/qmap_epoch_8.pth --json_output /home/likc/Q-former-for-OS/outputs/results/capd_post_stage6_optimization/raw/o2/canneal/opt_B32_K16/seed_3136859/epoch_8.json
started_unix=1785074637.4934723
Policy: qmap
Total accesses: 200000
Hits: 197201
Misses: 2799
Hit rate: 98.60%
Migrations: 2735
NVM reads: 2778
NVM writes: 21
Weighted access cost: 230275.00
Policy decisions: 2735
Total decision time: 8.885015s
Avg decision time: 3.248634 ms
Candidate filter decisions: 2735
Candidate B_t range: 32..32
Retained K_t range: 16..16
Avg candidate filter time: 0.219073 ms
ended_unix=1785074650.418567
exit_code=0
