command=/home/likc/.conda/envs/capd/bin/python3 qmap/qmap_eval.py --config /home/likc/Q-former-for-OS/dataset/jsonl/capd_post_stage6_optimization/opt_B32_K16/canneal/resolved_config.json --selector_params /home/likc/Q-former-for-OS/dataset/jsonl/capd_post_stage6_optimization/opt_B32_K16/canneal/selector_params.json --evaluation_split valid --policy qmap --checkpoint /home/likc/Q-former-for-OS/outputs/checkpoints/capd_post_stage6_optimization/o2/canneal/opt_B32_K16/seed_3136859/qmap_epoch_7.pth --json_output /home/likc/Q-former-for-OS/outputs/results/capd_post_stage6_optimization/raw/o2/canneal/opt_B32_K16/seed_3136859/epoch_7.json
started_unix=1785074624.797831
Policy: qmap
Total accesses: 200000
Hits: 197207
Misses: 2793
Hit rate: 98.60%
Migrations: 2729
NVM reads: 2772
NVM writes: 21
Weighted access cost: 230209.00
Policy decisions: 2729
Total decision time: 8.611168s
Avg decision time: 3.155430 ms
Candidate filter decisions: 2729
Candidate B_t range: 32..32
Retained K_t range: 16..16
Avg candidate filter time: 0.215784 ms
ended_unix=1785074637.4909098
exit_code=0
