command=/home/likc/.conda/envs/capd/bin/python3 qmap/qmap_eval.py --config /home/likc/Q-former-for-OS/dataset/jsonl/capd_post_stage6_optimization/opt_B32_K16/canneal/resolved_config.json --selector_params /home/likc/Q-former-for-OS/dataset/jsonl/capd_post_stage6_optimization/opt_B32_K16/canneal/selector_params.json --evaluation_split valid --policy qmap --checkpoint /home/likc/Q-former-for-OS/outputs/checkpoints/capd_post_stage6_optimization/o2/canneal/opt_B32_K16/seed_3136859/qmap_epoch_10.pth --json_output /home/likc/Q-former-for-OS/outputs/results/capd_post_stage6_optimization/raw/o2/canneal/opt_B32_K16/seed_3136859/epoch_10.json
started_unix=1785074663.281394
Policy: qmap
Total accesses: 200000
Hits: 197228
Misses: 2772
Hit rate: 98.61%
Migrations: 2708
NVM reads: 2751
NVM writes: 21
Weighted access cost: 229978.00
Policy decisions: 2708
Total decision time: 8.736329s
Avg decision time: 3.226118 ms
Candidate filter decisions: 2708
Candidate B_t range: 32..32
Retained K_t range: 16..16
Avg candidate filter time: 0.216994 ms
ended_unix=1785074676.0688405
exit_code=0
