QMAP training configuration:
  train_data path: /home/likc/Q-former-for-OS/dataset/jsonl/real_pilot/parsec_streamcluster_train.jsonl
  number of training samples: 333
  batch_size: 32
  epochs: 10
  learning rate: 0.0001
  weight decay: 0.0
  device: cuda
  ablation: mean_pool
  qformer: use=False queries=4 layers=1 heads=2 dropout=0.0
  loss weights: inactivity=1.0 coldness=1.0 write_sensitivity=4.0 migration_cost=2.0
Epoch [1/10] iter=1 loss=-0.753242
Epoch [1/10] avg_loss=-0.750192
Saved checkpoint: /home/likc/Q-former-for-OS/outputs/checkpoints/real_pilot/parsec_streamcluster/qmap_epoch_1.pth
Epoch [2/10] iter=12 loss=-0.755576
Epoch [2/10] avg_loss=-0.752396
Saved checkpoint: /home/likc/Q-former-for-OS/outputs/checkpoints/real_pilot/parsec_streamcluster/qmap_epoch_2.pth
Epoch [3/10] iter=23 loss=-0.756931
Epoch [3/10] avg_loss=-0.755069
Saved checkpoint: /home/likc/Q-former-for-OS/outputs/checkpoints/real_pilot/parsec_streamcluster/qmap_epoch_3.pth
Epoch [4/10] iter=34 loss=-0.761481
Epoch [4/10] avg_loss=-0.757819
Saved checkpoint: /home/likc/Q-former-for-OS/outputs/checkpoints/real_pilot/parsec_streamcluster/qmap_epoch_4.pth
Epoch [5/10] iter=45 loss=-0.759691
Epoch [5/10] avg_loss=-0.761080
Saved checkpoint: /home/likc/Q-former-for-OS/outputs/checkpoints/real_pilot/parsec_streamcluster/qmap_epoch_5.pth
Epoch [6/10] iter=56 loss=-0.767060
Epoch [6/10] avg_loss=-0.765746
Saved checkpoint: /home/likc/Q-former-for-OS/outputs/checkpoints/real_pilot/parsec_streamcluster/qmap_epoch_6.pth
Epoch [7/10] iter=67 loss=-0.774091
Epoch [7/10] avg_loss=-0.771131
Saved checkpoint: /home/likc/Q-former-for-OS/outputs/checkpoints/real_pilot/parsec_streamcluster/qmap_epoch_7.pth
Epoch [8/10] iter=78 loss=-0.732514
Epoch [8/10] avg_loss=-0.776814
Saved checkpoint: /home/likc/Q-former-for-OS/outputs/checkpoints/real_pilot/parsec_streamcluster/qmap_epoch_8.pth
Epoch [9/10] iter=89 loss=-0.788266
Epoch [9/10] avg_loss=-0.784059
Saved checkpoint: /home/likc/Q-former-for-OS/outputs/checkpoints/real_pilot/parsec_streamcluster/qmap_epoch_9.pth
Epoch [10/10] iter=100 loss=-0.787081
Epoch [10/10] iter=100 loss=-0.787081
Epoch [10/10] avg_loss=-0.785072
Saved checkpoint: /home/likc/Q-former-for-OS/outputs/checkpoints/real_pilot/parsec_streamcluster/qmap_epoch_10.pth
Training finished.
/home/likc/.conda/envs/qmap/lib/python3.7/site-packages/torch/nn/modules/module.py:1433: UserWarning: Positional args are being deprecated, use kwargs instead. Refer to https://pytorch.org/docs/master/generated/torch.nn.Module.html#torch.nn.Module.state_dict for details.
  "Positional args are being deprecated, use kwargs instead. Refer to "
