QMAP training configuration:
  train_data path: /home/likc/Q-former-for-OS/dataset/jsonl/real_pilot/parsec_canneal_train.jsonl
  number of training samples: 337
  batch_size: 32
  epochs: 10
  learning rate: 0.0001
  weight decay: 0.0
  device: cuda
  ablation: mean_pool
  qformer: use=False queries=4 layers=1 heads=2 dropout=0.0
  loss weights: inactivity=1.0 coldness=1.0 write_sensitivity=4.0 migration_cost=2.0
Epoch [1/10] iter=1 loss=-0.754099
Epoch [1/10] avg_loss=-0.750371
Saved checkpoint: /home/likc/Q-former-for-OS/outputs/checkpoints/real_pilot/parsec_canneal/qmap_epoch_1.pth
Epoch [2/10] iter=12 loss=-0.753389
Epoch [2/10] avg_loss=-0.752194
Saved checkpoint: /home/likc/Q-former-for-OS/outputs/checkpoints/real_pilot/parsec_canneal/qmap_epoch_2.pth
Epoch [3/10] iter=23 loss=-0.731320
Epoch [3/10] avg_loss=-0.754600
Saved checkpoint: /home/likc/Q-former-for-OS/outputs/checkpoints/real_pilot/parsec_canneal/qmap_epoch_3.pth
Epoch [4/10] iter=34 loss=-0.758832
Epoch [4/10] avg_loss=-0.757405
Saved checkpoint: /home/likc/Q-former-for-OS/outputs/checkpoints/real_pilot/parsec_canneal/qmap_epoch_4.pth
Epoch [5/10] iter=45 loss=-0.764392
Epoch [5/10] avg_loss=-0.760856
Saved checkpoint: /home/likc/Q-former-for-OS/outputs/checkpoints/real_pilot/parsec_canneal/qmap_epoch_5.pth
Epoch [6/10] iter=56 loss=-0.764208
Epoch [6/10] avg_loss=-0.765521
Saved checkpoint: /home/likc/Q-former-for-OS/outputs/checkpoints/real_pilot/parsec_canneal/qmap_epoch_6.pth
Epoch [7/10] iter=67 loss=-0.750849
Epoch [7/10] avg_loss=-0.770753
Saved checkpoint: /home/likc/Q-former-for-OS/outputs/checkpoints/real_pilot/parsec_canneal/qmap_epoch_7.pth
Epoch [8/10] iter=78 loss=-0.779315
Epoch [8/10] avg_loss=-0.776773
Saved checkpoint: /home/likc/Q-former-for-OS/outputs/checkpoints/real_pilot/parsec_canneal/qmap_epoch_8.pth
Epoch [9/10] iter=89 loss=-0.783450
Epoch [9/10] avg_loss=-0.783358
Saved checkpoint: /home/likc/Q-former-for-OS/outputs/checkpoints/real_pilot/parsec_canneal/qmap_epoch_9.pth
Epoch [10/10] iter=100 loss=-0.788695
Epoch [10/10] iter=100 loss=-0.788695
Epoch [10/10] avg_loss=-0.788223
Saved checkpoint: /home/likc/Q-former-for-OS/outputs/checkpoints/real_pilot/parsec_canneal/qmap_epoch_10.pth
Training finished.
/home/likc/.conda/envs/qmap/lib/python3.7/site-packages/torch/nn/modules/module.py:1433: UserWarning: Positional args are being deprecated, use kwargs instead. Refer to https://pytorch.org/docs/master/generated/torch.nn.Module.html#torch.nn.Module.state_dict for details.
  "Positional args are being deprecated, use kwargs instead. Refer to "
