QMAP training: train=/home/likc/Q-former-for-OS/outputs/capd_proactive_stage4/stage4-f8-f16-r3/experiments/L1024_lam1-1-4_K8_H10/dataset/all_train.jsonl valid=/home/likc/Q-former-for-OS/outputs/capd_proactive_stage4/stage4-f8-f16-r3/experiments/L1024_lam1-1-4_K8_H10/dataset/all_validation.jsonl samples=4080/903 device=cuda
epoch=1/10 iter=1 loss=-0.000000
epoch=1/10 iter=100 loss=-0.025404
epoch=1/10 train_loss=-0.007981 valid_loss=-0.007069
epoch=2/10 iter=200 loss=-0.000000
epoch=2/10 train_loss=-0.008527 valid_loss=-0.007507
epoch=3/10 iter=300 loss=-0.029042
epoch=3/10 train_loss=-0.008903 valid_loss=-0.007739
epoch=4/10 iter=400 loss=-0.000000
epoch=4/10 iter=500 loss=-0.000000
epoch=4/10 train_loss=-0.009084 valid_loss=-0.007870
epoch=5/10 iter=600 loss=-0.000000
epoch=5/10 train_loss=-0.009207 valid_loss=-0.007936
epoch=6/10 iter=700 loss=-0.000000
epoch=6/10 train_loss=-0.009287 valid_loss=-0.007986
epoch=7/10 iter=800 loss=-0.000000
epoch=7/10 train_loss=-0.009346 valid_loss=-0.008026
epoch=8/10 iter=900 loss=-0.091648
epoch=8/10 iter=1000 loss=-0.000000
epoch=8/10 train_loss=-0.009388 valid_loss=-0.008051
epoch=9/10 iter=1100 loss=-0.000000
epoch=9/10 train_loss=-0.009419 valid_loss=-0.008050
epoch=10/10 iter=1200 loss=-0.000000
epoch=10/10 train_loss=-0.009662 valid_loss=-0.008080
Training finished. best=/home/likc/Q-former-for-OS/outputs/capd_proactive_stage4/stage4-f8-f16-r3/experiments/L1024_lam1-1-4_K8_H10/checkpoints/seed_3136859/qmap_best.pth last=/home/likc/Q-former-for-OS/outputs/capd_proactive_stage4/stage4-f8-f16-r3/experiments/L1024_lam1-1-4_K8_H10/checkpoints/seed_3136859/qmap_last.pth
/home/likc/.conda/envs/capd/lib/python3.7/site-packages/torch/nn/modules/module.py:1433: UserWarning: Positional args are being deprecated, use kwargs instead. Refer to https://pytorch.org/docs/master/generated/torch.nn.Module.html#torch.nn.Module.state_dict for details.
  "Positional args are being deprecated, use kwargs instead. Refer to "
/home/likc/.conda/envs/capd/lib/python3.7/site-packages/torch/nn/modules/module.py:1433: UserWarning: Positional args are being deprecated, use kwargs instead. Refer to https://pytorch.org/docs/master/generated/torch.nn.Module.html#torch.nn.Module.state_dict for details.
  "Positional args are being deprecated, use kwargs instead. Refer to "
/home/likc/.conda/envs/capd/lib/python3.7/site-packages/torch/nn/modules/module.py:1433: UserWarning: Positional args are being deprecated, use kwargs instead. Refer to https://pytorch.org/docs/master/generated/torch.nn.Module.html#torch.nn.Module.state_dict for details.
  "Positional args are being deprecated, use kwargs instead. Refer to "
/home/likc/.conda/envs/capd/lib/python3.7/site-packages/torch/nn/modules/module.py:1433: UserWarning: Positional args are being deprecated, use kwargs instead. Refer to https://pytorch.org/docs/master/generated/torch.nn.Module.html#torch.nn.Module.state_dict for details.
  "Positional args are being deprecated, use kwargs instead. Refer to "
/home/likc/.conda/envs/capd/lib/python3.7/site-packages/torch/nn/modules/module.py:1433: UserWarning: Positional args are being deprecated, use kwargs instead. Refer to https://pytorch.org/docs/master/generated/torch.nn.Module.html#torch.nn.Module.state_dict for details.
  "Positional args are being deprecated, use kwargs instead. Refer to "
/home/likc/.conda/envs/capd/lib/python3.7/site-packages/torch/nn/modules/module.py:1433: UserWarning: Positional args are being deprecated, use kwargs instead. Refer to https://pytorch.org/docs/master/generated/torch.nn.Module.html#torch.nn.Module.state_dict for details.
  "Positional args are being deprecated, use kwargs instead. Refer to "
/home/likc/.conda/envs/capd/lib/python3.7/site-packages/torch/nn/modules/module.py:1433: UserWarning: Positional args are being deprecated, use kwargs instead. Refer to https://pytorch.org/docs/master/generated/torch.nn.Module.html#torch.nn.Module.state_dict for details.
  "Positional args are being deprecated, use kwargs instead. Refer to "
/home/likc/.conda/envs/capd/lib/python3.7/site-packages/torch/nn/modules/module.py:1433: UserWarning: Positional args are being deprecated, use kwargs instead. Refer to https://pytorch.org/docs/master/generated/torch.nn.Module.html#torch.nn.Module.state_dict for details.
  "Positional args are being deprecated, use kwargs instead. Refer to "
/home/likc/.conda/envs/capd/lib/python3.7/site-packages/torch/nn/modules/module.py:1433: UserWarning: Positional args are being deprecated, use kwargs instead. Refer to https://pytorch.org/docs/master/generated/torch.nn.Module.html#torch.nn.Module.state_dict for details.
  "Positional args are being deprecated, use kwargs instead. Refer to "
/home/likc/.conda/envs/capd/lib/python3.7/site-packages/torch/nn/modules/module.py:1433: UserWarning: Positional args are being deprecated, use kwargs instead. Refer to https://pytorch.org/docs/master/generated/torch.nn.Module.html#torch.nn.Module.state_dict for details.
  "Positional args are being deprecated, use kwargs instead. Refer to "
