QMAP training: train=/home/likc/Q-former-for-OS/outputs/capd_proactive_stage4/stage4-f8-f16-r3/experiments/L256_lam1-1-2_K16_H20/dataset/all_train.jsonl valid=/home/likc/Q-former-for-OS/outputs/capd_proactive_stage4/stage4-f8-f16-r3/experiments/L256_lam1-1-2_K16_H20/dataset/all_validation.jsonl samples=4083/906 device=cuda
epoch=1/10 iter=1 loss=-0.024642
epoch=1/10 iter=100 loss=-0.000000
epoch=1/10 train_loss=-0.003290 valid_loss=-0.002594
epoch=2/10 iter=200 loss=-0.000000
epoch=2/10 train_loss=-0.003400 valid_loss=-0.002791
epoch=3/10 iter=300 loss=-0.028142
epoch=3/10 train_loss=-0.003705 valid_loss=-0.002979
epoch=4/10 iter=400 loss=-0.000000
epoch=4/10 iter=500 loss=-0.000000
epoch=4/10 train_loss=-0.003803 valid_loss=-0.003030
epoch=5/10 iter=600 loss=-0.000000
epoch=5/10 train_loss=-0.003882 valid_loss=-0.003068
epoch=6/10 iter=700 loss=-0.000000
epoch=6/10 train_loss=-0.003915 valid_loss=-0.003089
epoch=7/10 iter=800 loss=-0.029791
epoch=7/10 train_loss=-0.003942 valid_loss=-0.003098
epoch=8/10 iter=900 loss=-0.030550
epoch=8/10 iter=1000 loss=-0.000000
epoch=8/10 train_loss=-0.003976 valid_loss=-0.003101
epoch=9/10 iter=1100 loss=-0.000000
epoch=9/10 train_loss=-0.003998 valid_loss=-0.003097
epoch=10/10 iter=1200 loss=-0.000000
epoch=10/10 train_loss=-0.004021 valid_loss=-0.003111
Training finished. best=/home/likc/Q-former-for-OS/outputs/capd_proactive_stage4/stage4-f8-f16-r3/experiments/L256_lam1-1-2_K16_H20/checkpoints/seed_2026/qmap_best.pth last=/home/likc/Q-former-for-OS/outputs/capd_proactive_stage4/stage4-f8-f16-r3/experiments/L256_lam1-1-2_K16_H20/checkpoints/seed_2026/qmap_last.pth
/home/likc/.conda/envs/capd/lib/python3.7/site-packages/torch/nn/modules/module.py:1433: UserWarning: Positional args are being deprecated, use kwargs instead. Refer to https://pytorch.org/docs/master/generated/torch.nn.Module.html#torch.nn.Module.state_dict for details.
  "Positional args are being deprecated, use kwargs instead. Refer to "
/home/likc/.conda/envs/capd/lib/python3.7/site-packages/torch/nn/modules/module.py:1433: UserWarning: Positional args are being deprecated, use kwargs instead. Refer to https://pytorch.org/docs/master/generated/torch.nn.Module.html#torch.nn.Module.state_dict for details.
  "Positional args are being deprecated, use kwargs instead. Refer to "
/home/likc/.conda/envs/capd/lib/python3.7/site-packages/torch/nn/modules/module.py:1433: UserWarning: Positional args are being deprecated, use kwargs instead. Refer to https://pytorch.org/docs/master/generated/torch.nn.Module.html#torch.nn.Module.state_dict for details.
  "Positional args are being deprecated, use kwargs instead. Refer to "
/home/likc/.conda/envs/capd/lib/python3.7/site-packages/torch/nn/modules/module.py:1433: UserWarning: Positional args are being deprecated, use kwargs instead. Refer to https://pytorch.org/docs/master/generated/torch.nn.Module.html#torch.nn.Module.state_dict for details.
  "Positional args are being deprecated, use kwargs instead. Refer to "
/home/likc/.conda/envs/capd/lib/python3.7/site-packages/torch/nn/modules/module.py:1433: UserWarning: Positional args are being deprecated, use kwargs instead. Refer to https://pytorch.org/docs/master/generated/torch.nn.Module.html#torch.nn.Module.state_dict for details.
  "Positional args are being deprecated, use kwargs instead. Refer to "
/home/likc/.conda/envs/capd/lib/python3.7/site-packages/torch/nn/modules/module.py:1433: UserWarning: Positional args are being deprecated, use kwargs instead. Refer to https://pytorch.org/docs/master/generated/torch.nn.Module.html#torch.nn.Module.state_dict for details.
  "Positional args are being deprecated, use kwargs instead. Refer to "
/home/likc/.conda/envs/capd/lib/python3.7/site-packages/torch/nn/modules/module.py:1433: UserWarning: Positional args are being deprecated, use kwargs instead. Refer to https://pytorch.org/docs/master/generated/torch.nn.Module.html#torch.nn.Module.state_dict for details.
  "Positional args are being deprecated, use kwargs instead. Refer to "
/home/likc/.conda/envs/capd/lib/python3.7/site-packages/torch/nn/modules/module.py:1433: UserWarning: Positional args are being deprecated, use kwargs instead. Refer to https://pytorch.org/docs/master/generated/torch.nn.Module.html#torch.nn.Module.state_dict for details.
  "Positional args are being deprecated, use kwargs instead. Refer to "
/home/likc/.conda/envs/capd/lib/python3.7/site-packages/torch/nn/modules/module.py:1433: UserWarning: Positional args are being deprecated, use kwargs instead. Refer to https://pytorch.org/docs/master/generated/torch.nn.Module.html#torch.nn.Module.state_dict for details.
  "Positional args are being deprecated, use kwargs instead. Refer to "
/home/likc/.conda/envs/capd/lib/python3.7/site-packages/torch/nn/modules/module.py:1433: UserWarning: Positional args are being deprecated, use kwargs instead. Refer to https://pytorch.org/docs/master/generated/torch.nn.Module.html#torch.nn.Module.state_dict for details.
  "Positional args are being deprecated, use kwargs instead. Refer to "
