QMAP training: train=/home/likc/Q-former-for-OS/outputs/capd_proactive_stage4/stage4-f8-f16-r3/experiments/L256_lam1-1-2_K8_H20/dataset/all_train.jsonl valid=/home/likc/Q-former-for-OS/outputs/capd_proactive_stage4/stage4-f8-f16-r3/experiments/L256_lam1-1-2_K8_H20/dataset/all_validation.jsonl samples=4083/906 device=cuda
epoch=1/10 iter=1 loss=-0.024533
epoch=1/10 iter=100 loss=-0.000000
epoch=1/10 train_loss=-0.001342 valid_loss=-0.001705
epoch=2/10 iter=200 loss=-0.000000
epoch=2/10 train_loss=-0.001353 valid_loss=-0.001737
epoch=3/10 iter=300 loss=-0.000000
epoch=3/10 train_loss=-0.001379 valid_loss=-0.001795
epoch=4/10 iter=400 loss=-0.000000
epoch=4/10 iter=500 loss=-0.000000
epoch=4/10 train_loss=-0.001425 valid_loss=-0.001904
epoch=5/10 iter=600 loss=-0.000000
epoch=5/10 train_loss=-0.001492 valid_loss=-0.001990
epoch=6/10 iter=700 loss=-0.000000
epoch=6/10 train_loss=-0.001539 valid_loss=-0.002016
epoch=7/10 iter=800 loss=-0.029111
epoch=7/10 train_loss=-0.001567 valid_loss=-0.002015
epoch=8/10 iter=900 loss=-0.000000
epoch=8/10 iter=1000 loss=-0.000000
epoch=8/10 train_loss=-0.001580 valid_loss=-0.002026
epoch=9/10 iter=1100 loss=-0.000000
epoch=9/10 train_loss=-0.001595 valid_loss=-0.002023
epoch=10/10 iter=1200 loss=-0.000000
epoch=10/10 train_loss=-0.001598 valid_loss=-0.002036
Training finished. best=/home/likc/Q-former-for-OS/outputs/capd_proactive_stage4/stage4-f8-f16-r3/experiments/L256_lam1-1-2_K8_H20/checkpoints/seed_2026/qmap_best.pth last=/home/likc/Q-former-for-OS/outputs/capd_proactive_stage4/stage4-f8-f16-r3/experiments/L256_lam1-1-2_K8_H20/checkpoints/seed_2026/qmap_last.pth
/home/likc/.conda/envs/capd/lib/python3.7/site-packages/torch/nn/modules/module.py:1433: UserWarning: Positional args are being deprecated, use kwargs instead. Refer to https://pytorch.org/docs/master/generated/torch.nn.Module.html#torch.nn.Module.state_dict for details.
  "Positional args are being deprecated, use kwargs instead. Refer to "
/home/likc/.conda/envs/capd/lib/python3.7/site-packages/torch/nn/modules/module.py:1433: UserWarning: Positional args are being deprecated, use kwargs instead. Refer to https://pytorch.org/docs/master/generated/torch.nn.Module.html#torch.nn.Module.state_dict for details.
  "Positional args are being deprecated, use kwargs instead. Refer to "
/home/likc/.conda/envs/capd/lib/python3.7/site-packages/torch/nn/modules/module.py:1433: UserWarning: Positional args are being deprecated, use kwargs instead. Refer to https://pytorch.org/docs/master/generated/torch.nn.Module.html#torch.nn.Module.state_dict for details.
  "Positional args are being deprecated, use kwargs instead. Refer to "
/home/likc/.conda/envs/capd/lib/python3.7/site-packages/torch/nn/modules/module.py:1433: UserWarning: Positional args are being deprecated, use kwargs instead. Refer to https://pytorch.org/docs/master/generated/torch.nn.Module.html#torch.nn.Module.state_dict for details.
  "Positional args are being deprecated, use kwargs instead. Refer to "
/home/likc/.conda/envs/capd/lib/python3.7/site-packages/torch/nn/modules/module.py:1433: UserWarning: Positional args are being deprecated, use kwargs instead. Refer to https://pytorch.org/docs/master/generated/torch.nn.Module.html#torch.nn.Module.state_dict for details.
  "Positional args are being deprecated, use kwargs instead. Refer to "
/home/likc/.conda/envs/capd/lib/python3.7/site-packages/torch/nn/modules/module.py:1433: UserWarning: Positional args are being deprecated, use kwargs instead. Refer to https://pytorch.org/docs/master/generated/torch.nn.Module.html#torch.nn.Module.state_dict for details.
  "Positional args are being deprecated, use kwargs instead. Refer to "
/home/likc/.conda/envs/capd/lib/python3.7/site-packages/torch/nn/modules/module.py:1433: UserWarning: Positional args are being deprecated, use kwargs instead. Refer to https://pytorch.org/docs/master/generated/torch.nn.Module.html#torch.nn.Module.state_dict for details.
  "Positional args are being deprecated, use kwargs instead. Refer to "
/home/likc/.conda/envs/capd/lib/python3.7/site-packages/torch/nn/modules/module.py:1433: UserWarning: Positional args are being deprecated, use kwargs instead. Refer to https://pytorch.org/docs/master/generated/torch.nn.Module.html#torch.nn.Module.state_dict for details.
  "Positional args are being deprecated, use kwargs instead. Refer to "
/home/likc/.conda/envs/capd/lib/python3.7/site-packages/torch/nn/modules/module.py:1433: UserWarning: Positional args are being deprecated, use kwargs instead. Refer to https://pytorch.org/docs/master/generated/torch.nn.Module.html#torch.nn.Module.state_dict for details.
  "Positional args are being deprecated, use kwargs instead. Refer to "
/home/likc/.conda/envs/capd/lib/python3.7/site-packages/torch/nn/modules/module.py:1433: UserWarning: Positional args are being deprecated, use kwargs instead. Refer to https://pytorch.org/docs/master/generated/torch.nn.Module.html#torch.nn.Module.state_dict for details.
  "Positional args are being deprecated, use kwargs instead. Refer to "
