QMAP training: train=/home/likc/Q-former-for-OS/outputs/capd_proactive_stage4/stage4-f8-f16-r3/experiments/L256_lam1-1-2_K16_H5/dataset/all_train.jsonl valid=/home/likc/Q-former-for-OS/outputs/capd_proactive_stage4/stage4-f8-f16-r3/experiments/L256_lam1-1-2_K16_H5/dataset/all_validation.jsonl samples=4083/906 device=cuda
epoch=1/10 iter=1 loss=-0.024635
epoch=1/10 iter=100 loss=-0.000000
epoch=1/10 train_loss=-0.003284 valid_loss=-0.002576
epoch=2/10 iter=200 loss=-0.000000
epoch=2/10 train_loss=-0.003379 valid_loss=-0.002759
epoch=3/10 iter=300 loss=-0.027917
epoch=3/10 train_loss=-0.003676 valid_loss=-0.002965
epoch=4/10 iter=400 loss=-0.000000
epoch=4/10 iter=500 loss=-0.000000
epoch=4/10 train_loss=-0.003831 valid_loss=-0.003051
epoch=5/10 iter=600 loss=-0.000000
epoch=5/10 train_loss=-0.003889 valid_loss=-0.003069
epoch=6/10 iter=700 loss=-0.000000
epoch=6/10 train_loss=-0.003918 valid_loss=-0.003088
epoch=7/10 iter=800 loss=-0.029993
epoch=7/10 train_loss=-0.003954 valid_loss=-0.003094
epoch=8/10 iter=900 loss=-0.030606
epoch=8/10 iter=1000 loss=-0.000000
epoch=8/10 train_loss=-0.003984 valid_loss=-0.003096
epoch=9/10 iter=1100 loss=-0.000000
epoch=9/10 train_loss=-0.004006 valid_loss=-0.003094
epoch=10/10 iter=1200 loss=-0.000000
epoch=10/10 train_loss=-0.004032 valid_loss=-0.003109
Training finished. best=/home/likc/Q-former-for-OS/outputs/capd_proactive_stage4/stage4-f8-f16-r3/experiments/L256_lam1-1-2_K16_H5/checkpoints/seed_2026/qmap_best.pth last=/home/likc/Q-former-for-OS/outputs/capd_proactive_stage4/stage4-f8-f16-r3/experiments/L256_lam1-1-2_K16_H5/checkpoints/seed_2026/qmap_last.pth
/home/likc/.conda/envs/capd/lib/python3.7/site-packages/torch/nn/modules/module.py:1433: UserWarning: Positional args are being deprecated, use kwargs instead. Refer to https://pytorch.org/docs/master/generated/torch.nn.Module.html#torch.nn.Module.state_dict for details.
  "Positional args are being deprecated, use kwargs instead. Refer to "
/home/likc/.conda/envs/capd/lib/python3.7/site-packages/torch/nn/modules/module.py:1433: UserWarning: Positional args are being deprecated, use kwargs instead. Refer to https://pytorch.org/docs/master/generated/torch.nn.Module.html#torch.nn.Module.state_dict for details.
  "Positional args are being deprecated, use kwargs instead. Refer to "
/home/likc/.conda/envs/capd/lib/python3.7/site-packages/torch/nn/modules/module.py:1433: UserWarning: Positional args are being deprecated, use kwargs instead. Refer to https://pytorch.org/docs/master/generated/torch.nn.Module.html#torch.nn.Module.state_dict for details.
  "Positional args are being deprecated, use kwargs instead. Refer to "
/home/likc/.conda/envs/capd/lib/python3.7/site-packages/torch/nn/modules/module.py:1433: UserWarning: Positional args are being deprecated, use kwargs instead. Refer to https://pytorch.org/docs/master/generated/torch.nn.Module.html#torch.nn.Module.state_dict for details.
  "Positional args are being deprecated, use kwargs instead. Refer to "
/home/likc/.conda/envs/capd/lib/python3.7/site-packages/torch/nn/modules/module.py:1433: UserWarning: Positional args are being deprecated, use kwargs instead. Refer to https://pytorch.org/docs/master/generated/torch.nn.Module.html#torch.nn.Module.state_dict for details.
  "Positional args are being deprecated, use kwargs instead. Refer to "
/home/likc/.conda/envs/capd/lib/python3.7/site-packages/torch/nn/modules/module.py:1433: UserWarning: Positional args are being deprecated, use kwargs instead. Refer to https://pytorch.org/docs/master/generated/torch.nn.Module.html#torch.nn.Module.state_dict for details.
  "Positional args are being deprecated, use kwargs instead. Refer to "
/home/likc/.conda/envs/capd/lib/python3.7/site-packages/torch/nn/modules/module.py:1433: UserWarning: Positional args are being deprecated, use kwargs instead. Refer to https://pytorch.org/docs/master/generated/torch.nn.Module.html#torch.nn.Module.state_dict for details.
  "Positional args are being deprecated, use kwargs instead. Refer to "
/home/likc/.conda/envs/capd/lib/python3.7/site-packages/torch/nn/modules/module.py:1433: UserWarning: Positional args are being deprecated, use kwargs instead. Refer to https://pytorch.org/docs/master/generated/torch.nn.Module.html#torch.nn.Module.state_dict for details.
  "Positional args are being deprecated, use kwargs instead. Refer to "
/home/likc/.conda/envs/capd/lib/python3.7/site-packages/torch/nn/modules/module.py:1433: UserWarning: Positional args are being deprecated, use kwargs instead. Refer to https://pytorch.org/docs/master/generated/torch.nn.Module.html#torch.nn.Module.state_dict for details.
  "Positional args are being deprecated, use kwargs instead. Refer to "
/home/likc/.conda/envs/capd/lib/python3.7/site-packages/torch/nn/modules/module.py:1433: UserWarning: Positional args are being deprecated, use kwargs instead. Refer to https://pytorch.org/docs/master/generated/torch.nn.Module.html#torch.nn.Module.state_dict for details.
  "Positional args are being deprecated, use kwargs instead. Refer to "
