QMAP training configuration:
  train_data path: /home/tingkun/lcs/cache_replacement/dataset/jsonl/pcrwstress_train.jsonl
  number of training samples: 4082
  batch_size: 32
  epochs: 10
  learning rate: 0.0001
  weight decay: 0.0
  device: cuda
  ablation: full
  qformer: use=True queries=4 layers=1 heads=2 dropout=0.0
  loss weights: inactivity=1.0 coldness=1.0 write_sensitivity=4.0 migration_cost=2.0
Epoch [1/10] iter=1 loss=-0.772478
Epoch [1/10] iter=100 loss=-0.807331
Epoch [1/10] avg_loss=-0.786057
Saved checkpoint: outputs/checkpoints/workload_suite_pcrwstress/pcrwstress/qmap_epoch_1.pth
Epoch [2/10] iter=129 loss=-0.811540
Epoch [2/10] iter=200 loss=-0.800910
Epoch [2/10] avg_loss=-0.832531
Saved checkpoint: outputs/checkpoints/workload_suite_pcrwstress/pcrwstress/qmap_epoch_2.pth
Epoch [3/10] iter=257 loss=-0.880619
Epoch [3/10] iter=300 loss=-0.922168
Epoch [3/10] avg_loss=-0.917118
Saved checkpoint: outputs/checkpoints/workload_suite_pcrwstress/pcrwstress/qmap_epoch_3.pth
Epoch [4/10] iter=385 loss=-0.937044
Epoch [4/10] iter=400 loss=-0.940295
Epoch [4/10] iter=500 loss=-0.948451
Epoch [4/10] avg_loss=-0.935117
Saved checkpoint: outputs/checkpoints/workload_suite_pcrwstress/pcrwstress/qmap_epoch_4.pth
Epoch [5/10] iter=513 loss=-0.948540
Epoch [5/10] iter=600 loss=-0.951027
Epoch [5/10] avg_loss=-0.941521
Saved checkpoint: outputs/checkpoints/workload_suite_pcrwstress/pcrwstress/qmap_epoch_5.pth
Epoch [6/10] iter=641 loss=-0.952654
Epoch [6/10] iter=700 loss=-0.921955
Epoch [6/10] avg_loss=-0.943905
Saved checkpoint: outputs/checkpoints/workload_suite_pcrwstress/pcrwstress/qmap_epoch_6.pth
Epoch [7/10] iter=769 loss=-0.952691
Epoch [7/10] iter=800 loss=-0.953161
Epoch [7/10] avg_loss=-0.945230
Saved checkpoint: outputs/checkpoints/workload_suite_pcrwstress/pcrwstress/qmap_epoch_7.pth
Epoch [8/10] iter=897 loss=-0.953797
Epoch [8/10] iter=900 loss=-0.924384
Epoch [8/10] iter=1000 loss=-0.957297
Epoch [8/10] avg_loss=-0.947178
Saved checkpoint: outputs/checkpoints/workload_suite_pcrwstress/pcrwstress/qmap_epoch_8.pth
Epoch [9/10] iter=1025 loss=-0.956580
Epoch [9/10] iter=1100 loss=-0.928424
Epoch [9/10] avg_loss=-0.949059
Saved checkpoint: outputs/checkpoints/workload_suite_pcrwstress/pcrwstress/qmap_epoch_9.pth
Epoch [10/10] iter=1153 loss=-0.958406
Epoch [10/10] iter=1200 loss=-0.958929
Epoch [10/10] avg_loss=-0.949869
Saved checkpoint: outputs/checkpoints/workload_suite_pcrwstress/pcrwstress/qmap_epoch_10.pth
Training finished.
/home/tingkun/miniconda3/envs/qmap/lib/python3.7/site-packages/torch/nn/modules/module.py:1433: UserWarning: Positional args are being deprecated, use kwargs instead. Refer to https://pytorch.org/docs/master/generated/torch.nn.Module.html#torch.nn.Module.state_dict for details.
  "Positional args are being deprecated, use kwargs instead. Refer to "
