command=/home/likc/.conda/envs/capd/bin/python3 qmap/qmap_train.py --config /home/likc/Q-former-for-OS/dataset/jsonl/finals_v3_official/stage5_ablation/no_filter_B8_K8/streamcluster_pressure/resolved_config.json --selector_params /home/likc/Q-former-for-OS/dataset/jsonl/finals_v3_official/stage5_ablation/no_filter_B8_K8/streamcluster_pressure/selector_params.json --train_data /home/likc/Q-former-for-OS/dataset/jsonl/finals_v3_official/stage5_ablation/no_filter_B8_K8/streamcluster_pressure/train.jsonl --valid_data /home/likc/Q-former-for-OS/dataset/jsonl/finals_v3_official/stage5_ablation/no_filter_B8_K8/streamcluster_pressure/valid.jsonl --output_dir /home/likc/Q-former-for-OS/outputs/checkpoints/finals_v3_official/stage5_ablation/no_filter_B8_K8/streamcluster_pressure/seed_42 --seed 42
started_unix=1784801142.34165
QMAP training: train=/home/likc/Q-former-for-OS/dataset/jsonl/finals_v3_official/stage5_ablation/no_filter_B8_K8/streamcluster_pressure/train.jsonl valid=/home/likc/Q-former-for-OS/dataset/jsonl/finals_v3_official/stage5_ablation/no_filter_B8_K8/streamcluster_pressure/valid.jsonl samples=8694/2839 device=cuda
epoch=1/10 iter=1 loss=-0.049023
epoch=1/10 iter=100 loss=-0.000000
epoch=1/10 iter=200 loss=-0.029636
epoch=1/10 train_loss=-0.051285 valid_loss=-0.052076
epoch=2/10 iter=300 loss=-0.058620
epoch=2/10 iter=400 loss=-0.089528
epoch=2/10 iter=500 loss=-0.091077
epoch=2/10 train_loss=-0.057011 valid_loss=-0.052960
epoch=3/10 iter=600 loss=-0.061746
epoch=3/10 iter=700 loss=-0.061123
epoch=3/10 iter=800 loss=-0.061817
epoch=3/10 train_loss=-0.058376 valid_loss=-0.054378
epoch=4/10 iter=900 loss=-0.000000
epoch=4/10 iter=1000 loss=-0.062279
epoch=4/10 train_loss=-0.059551 valid_loss=-0.054661
epoch=5/10 iter=1100 loss=-0.062340
epoch=5/10 iter=1200 loss=-0.123749
epoch=5/10 iter=1300 loss=-0.062391
epoch=5/10 train_loss=-0.059565 valid_loss=-0.054690
epoch=6/10 iter=1400 loss=-0.000000
epoch=6/10 iter=1500 loss=-0.093642
epoch=6/10 iter=1600 loss=-0.031217
epoch=6/10 train_loss=-0.059680 valid_loss=-0.054773
epoch=7/10 iter=1700 loss=-0.124912
epoch=7/10 iter=1800 loss=-0.062468
epoch=7/10 iter=1900 loss=-0.062428
epoch=7/10 train_loss=-0.059758 valid_loss=-0.054801
epoch=8/10 iter=2000 loss=-0.124925
epoch=8/10 iter=2100 loss=-0.156044
epoch=8/10 train_loss=-0.059678 valid_loss=-0.054798
epoch=9/10 iter=2200 loss=-0.093703
epoch=9/10 iter=2300 loss=-0.062472
epoch=9/10 iter=2400 loss=-0.031236
epoch=9/10 train_loss=-0.059790 valid_loss=-0.054834
epoch=10/10 iter=2500 loss=-0.062386
epoch=10/10 iter=2600 loss=-0.031241
epoch=10/10 iter=2700 loss=-0.093631
epoch=10/10 train_loss=-0.059693 valid_loss=-0.054821
Training finished. best=/home/likc/Q-former-for-OS/outputs/checkpoints/finals_v3_official/stage5_ablation/no_filter_B8_K8/streamcluster_pressure/seed_42/qmap_best.pth last=/home/likc/Q-former-for-OS/outputs/checkpoints/finals_v3_official/stage5_ablation/no_filter_B8_K8/streamcluster_pressure/seed_42/qmap_last.pth
/home/likc/.conda/envs/capd/lib/python3.7/site-packages/torch/nn/modules/module.py:1433: UserWarning: Positional args are being deprecated, use kwargs instead. Refer to https://pytorch.org/docs/master/generated/torch.nn.Module.html#torch.nn.Module.state_dict for details.
  "Positional args are being deprecated, use kwargs instead. Refer to "
/home/likc/.conda/envs/capd/lib/python3.7/site-packages/torch/nn/modules/module.py:1433: UserWarning: Positional args are being deprecated, use kwargs instead. Refer to https://pytorch.org/docs/master/generated/torch.nn.Module.html#torch.nn.Module.state_dict for details.
  "Positional args are being deprecated, use kwargs instead. Refer to "
/home/likc/.conda/envs/capd/lib/python3.7/site-packages/torch/nn/modules/module.py:1433: UserWarning: Positional args are being deprecated, use kwargs instead. Refer to https://pytorch.org/docs/master/generated/torch.nn.Module.html#torch.nn.Module.state_dict for details.
  "Positional args are being deprecated, use kwargs instead. Refer to "
/home/likc/.conda/envs/capd/lib/python3.7/site-packages/torch/nn/modules/module.py:1433: UserWarning: Positional args are being deprecated, use kwargs instead. Refer to https://pytorch.org/docs/master/generated/torch.nn.Module.html#torch.nn.Module.state_dict for details.
  "Positional args are being deprecated, use kwargs instead. Refer to "
/home/likc/.conda/envs/capd/lib/python3.7/site-packages/torch/nn/modules/module.py:1433: UserWarning: Positional args are being deprecated, use kwargs instead. Refer to https://pytorch.org/docs/master/generated/torch.nn.Module.html#torch.nn.Module.state_dict for details.
  "Positional args are being deprecated, use kwargs instead. Refer to "
/home/likc/.conda/envs/capd/lib/python3.7/site-packages/torch/nn/modules/module.py:1433: UserWarning: Positional args are being deprecated, use kwargs instead. Refer to https://pytorch.org/docs/master/generated/torch.nn.Module.html#torch.nn.Module.state_dict for details.
  "Positional args are being deprecated, use kwargs instead. Refer to "
/home/likc/.conda/envs/capd/lib/python3.7/site-packages/torch/nn/modules/module.py:1433: UserWarning: Positional args are being deprecated, use kwargs instead. Refer to https://pytorch.org/docs/master/generated/torch.nn.Module.html#torch.nn.Module.state_dict for details.
  "Positional args are being deprecated, use kwargs instead. Refer to "
/home/likc/.conda/envs/capd/lib/python3.7/site-packages/torch/nn/modules/module.py:1433: UserWarning: Positional args are being deprecated, use kwargs instead. Refer to https://pytorch.org/docs/master/generated/torch.nn.Module.html#torch.nn.Module.state_dict for details.
  "Positional args are being deprecated, use kwargs instead. Refer to "
/home/likc/.conda/envs/capd/lib/python3.7/site-packages/torch/nn/modules/module.py:1433: UserWarning: Positional args are being deprecated, use kwargs instead. Refer to https://pytorch.org/docs/master/generated/torch.nn.Module.html#torch.nn.Module.state_dict for details.
  "Positional args are being deprecated, use kwargs instead. Refer to "
/home/likc/.conda/envs/capd/lib/python3.7/site-packages/torch/nn/modules/module.py:1433: UserWarning: Positional args are being deprecated, use kwargs instead. Refer to https://pytorch.org/docs/master/generated/torch.nn.Module.html#torch.nn.Module.state_dict for details.
  "Positional args are being deprecated, use kwargs instead. Refer to "
ended_unix=1784801210.0896876
exit_code=0
