command=/home/likc/.conda/envs/capd/bin/python3 qmap/qmap_eval.py --config /home/likc/Q-former-for-OS/dataset/jsonl/finals_v3_official/stage5_ablation/selector_drop_R/dedup_pressure/resolved_config.json --selector_params /home/likc/Q-former-for-OS/dataset/jsonl/finals_v3_official/stage5_ablation/selector_drop_R/dedup_pressure/selector_params.json --policy qmap --checkpoint /home/likc/Q-former-for-OS/outputs/checkpoints/finals_v3_official/stage5_ablation/selector_drop_R/dedup_pressure/seed_42/qmap_best.pth --json_output /home/likc/Q-former-for-OS/outputs/results/finals_v3_official/stage5_ablation/raw/selector_drop_R/dedup_pressure/seed_42.json
started_unix=1784806946.0624278
Policy: qmap
Total accesses: 1000000
Hits: 996575
Misses: 3425
Hit rate: 99.66%
Migrations: 3361
NVM reads: 1883
NVM writes: 1542
Weighted access cost: 1046287.00
Policy decisions: 3361
Total decision time: 11.638263s
Avg decision time: 3.462738 ms
Candidate filter decisions: 3361
Candidate B_t range: 64..64
Retained K_t range: 8..8
Avg candidate filter time: 0.430955 ms
ended_unix=1784806995.383432
exit_code=0
