command=/home/likc/.conda/envs/capd/bin/python3 qmap/qmap_eval.py --config /home/likc/Q-former-for-OS/dataset/jsonl/finals_v3_official/stage5_ablation/selector_drop_R/dedup_pressure/resolved_config.json --selector_params /home/likc/Q-former-for-OS/dataset/jsonl/finals_v3_official/stage5_ablation/selector_drop_R/dedup_pressure/selector_params.json --policy qmap --checkpoint /home/likc/Q-former-for-OS/outputs/checkpoints/finals_v3_official/stage5_ablation/selector_drop_R/dedup_pressure/seed_3136859/qmap_best.pth --json_output /home/likc/Q-former-for-OS/outputs/results/finals_v3_official/stage5_ablation/raw/selector_drop_R/dedup_pressure/seed_3136859.json
started_unix=1784806827.199502
Policy: qmap
Total accesses: 1000000
Hits: 996534
Misses: 3466
Hit rate: 99.65%
Migrations: 3402
NVM reads: 1924
NVM writes: 1542
Weighted access cost: 1046738.00
Policy decisions: 3402
Total decision time: 11.300104s
Avg decision time: 3.321606 ms
Candidate filter decisions: 3402
Candidate B_t range: 64..64
Retained K_t range: 8..8
Avg candidate filter time: 0.414695 ms
ended_unix=1784806875.2550912
exit_code=0
