command=/home/likc/.conda/envs/capd/bin/python3 qmap/qmap_eval.py --config /home/likc/Q-former-for-OS/dataset/jsonl/finals_v3_official/stage5_ablation/selector_drop_R/dedup_pressure/resolved_config.json --selector_params /home/likc/Q-former-for-OS/dataset/jsonl/finals_v3_official/stage5_ablation/selector_drop_R/dedup_pressure/selector_params.json --policy qmap --checkpoint /home/likc/Q-former-for-OS/outputs/checkpoints/finals_v3_official/stage5_ablation/selector_drop_R/dedup_pressure/seed_2026/qmap_best.pth --json_output /home/likc/Q-former-for-OS/outputs/results/finals_v3_official/stage5_ablation/raw/selector_drop_R/dedup_pressure/seed_2026.json
started_unix=1784807064.4553049
Policy: qmap
Total accesses: 1000000
Hits: 989513
Misses: 10487
Hit rate: 98.95%
Migrations: 10423
NVM reads: 8946
NVM writes: 1541
Weighted access cost: 1123963.00
Policy decisions: 10423
Total decision time: 33.520976s
Avg decision time: 3.216058 ms
Candidate filter decisions: 10423
Candidate B_t range: 64..64
Retained K_t range: 8..8
Avg candidate filter time: 0.417712 ms
ended_unix=1784807135.3198073
exit_code=0
