command=/home/likc/.conda/envs/capd/bin/python3 qmap/qmap_train.py --config /home/likc/Q-former-for-OS/dataset/jsonl/finals_v3_official/stage5_ablation/selector_drop_A/streamcluster_pressure/resolved_config.json --selector_params /home/likc/Q-former-for-OS/dataset/jsonl/finals_v3_official/stage5_ablation/selector_drop_A/streamcluster_pressure/selector_params.json --train_data /home/likc/Q-former-for-OS/dataset/jsonl/finals_v3_official/stage5_ablation/selector_drop_A/streamcluster_pressure/train.jsonl --valid_data /home/likc/Q-former-for-OS/dataset/jsonl/finals_v3_official/stage5_ablation/selector_drop_A/streamcluster_pressure/valid.jsonl --output_dir /home/likc/Q-former-for-OS/outputs/checkpoints/finals_v3_official/stage5_ablation/selector_drop_A/streamcluster_pressure/seed_42 --seed 42
started_unix=1784803292.4169996
QMAP training: train=/home/likc/Q-former-for-OS/dataset/jsonl/finals_v3_official/stage5_ablation/selector_drop_A/streamcluster_pressure/train.jsonl valid=/home/likc/Q-former-for-OS/dataset/jsonl/finals_v3_official/stage5_ablation/selector_drop_A/streamcluster_pressure/valid.jsonl samples=8694/2839 device=cuda
epoch=1/10 iter=1 loss=-0.048897
epoch=1/10 iter=100 loss=-0.000000
epoch=1/10 iter=200 loss=-0.025092
epoch=1/10 train_loss=-0.042196 valid_loss=-0.045219
epoch=2/10 iter=300 loss=-0.059856
epoch=2/10 iter=400 loss=-0.092082
epoch=2/10 iter=500 loss=-0.060953
epoch=2/10 train_loss=-0.050491 valid_loss=-0.046566
epoch=3/10 iter=600 loss=-0.061883
epoch=3/10 iter=700 loss=-0.062180
epoch=3/10 iter=800 loss=-0.062258
epoch=3/10 train_loss=-0.051721 valid_loss=-0.046824
epoch=4/10 iter=900 loss=-0.000000
epoch=4/10 iter=1000 loss=-0.062363
epoch=4/10 train_loss=-0.051984 valid_loss=-0.046942
epoch=5/10 iter=1100 loss=-0.031218
epoch=5/10 iter=1200 loss=-0.124626
epoch=5/10 iter=1300 loss=-0.093661
epoch=5/10 train_loss=-0.051955 valid_loss=-0.046988
epoch=6/10 iter=1400 loss=-0.000000
epoch=6/10 iter=1500 loss=-0.093657
epoch=6/10 iter=1600 loss=-0.031231
epoch=6/10 train_loss=-0.052031 valid_loss=-0.047016
epoch=7/10 iter=1700 loss=-0.124945
epoch=7/10 iter=1800 loss=-0.062476
epoch=7/10 iter=1900 loss=-0.031215
epoch=7/10 train_loss=-0.052045 valid_loss=-0.047018
epoch=8/10 iter=2000 loss=-0.124945
epoch=8/10 iter=2100 loss=-0.124831
epoch=8/10 train_loss=-0.052002 valid_loss=-0.047048
epoch=9/10 iter=2200 loss=-0.093715
epoch=9/10 iter=2300 loss=-0.031242
epoch=9/10 iter=2400 loss=-0.031239
epoch=9/10 train_loss=-0.052112 valid_loss=-0.047034
epoch=10/10 iter=2500 loss=-0.062475
epoch=10/10 iter=2600 loss=-0.031227
epoch=10/10 iter=2700 loss=-0.093668
epoch=10/10 train_loss=-0.052012 valid_loss=-0.047018
Training finished. best=/home/likc/Q-former-for-OS/outputs/checkpoints/finals_v3_official/stage5_ablation/selector_drop_A/streamcluster_pressure/seed_42/qmap_best.pth last=/home/likc/Q-former-for-OS/outputs/checkpoints/finals_v3_official/stage5_ablation/selector_drop_A/streamcluster_pressure/seed_42/qmap_last.pth
/home/likc/.conda/envs/capd/lib/python3.7/site-packages/torch/nn/modules/module.py:1433: UserWarning: Positional args are being deprecated, use kwargs instead. Refer to https://pytorch.org/docs/master/generated/torch.nn.Module.html#torch.nn.Module.state_dict for details.
  "Positional args are being deprecated, use kwargs instead. Refer to "
/home/likc/.conda/envs/capd/lib/python3.7/site-packages/torch/nn/modules/module.py:1433: UserWarning: Positional args are being deprecated, use kwargs instead. Refer to https://pytorch.org/docs/master/generated/torch.nn.Module.html#torch.nn.Module.state_dict for details.
  "Positional args are being deprecated, use kwargs instead. Refer to "
/home/likc/.conda/envs/capd/lib/python3.7/site-packages/torch/nn/modules/module.py:1433: UserWarning: Positional args are being deprecated, use kwargs instead. Refer to https://pytorch.org/docs/master/generated/torch.nn.Module.html#torch.nn.Module.state_dict for details.
  "Positional args are being deprecated, use kwargs instead. Refer to "
/home/likc/.conda/envs/capd/lib/python3.7/site-packages/torch/nn/modules/module.py:1433: UserWarning: Positional args are being deprecated, use kwargs instead. Refer to https://pytorch.org/docs/master/generated/torch.nn.Module.html#torch.nn.Module.state_dict for details.
  "Positional args are being deprecated, use kwargs instead. Refer to "
/home/likc/.conda/envs/capd/lib/python3.7/site-packages/torch/nn/modules/module.py:1433: UserWarning: Positional args are being deprecated, use kwargs instead. Refer to https://pytorch.org/docs/master/generated/torch.nn.Module.html#torch.nn.Module.state_dict for details.
  "Positional args are being deprecated, use kwargs instead. Refer to "
/home/likc/.conda/envs/capd/lib/python3.7/site-packages/torch/nn/modules/module.py:1433: UserWarning: Positional args are being deprecated, use kwargs instead. Refer to https://pytorch.org/docs/master/generated/torch.nn.Module.html#torch.nn.Module.state_dict for details.
  "Positional args are being deprecated, use kwargs instead. Refer to "
/home/likc/.conda/envs/capd/lib/python3.7/site-packages/torch/nn/modules/module.py:1433: UserWarning: Positional args are being deprecated, use kwargs instead. Refer to https://pytorch.org/docs/master/generated/torch.nn.Module.html#torch.nn.Module.state_dict for details.
  "Positional args are being deprecated, use kwargs instead. Refer to "
/home/likc/.conda/envs/capd/lib/python3.7/site-packages/torch/nn/modules/module.py:1433: UserWarning: Positional args are being deprecated, use kwargs instead. Refer to https://pytorch.org/docs/master/generated/torch.nn.Module.html#torch.nn.Module.state_dict for details.
  "Positional args are being deprecated, use kwargs instead. Refer to "
/home/likc/.conda/envs/capd/lib/python3.7/site-packages/torch/nn/modules/module.py:1433: UserWarning: Positional args are being deprecated, use kwargs instead. Refer to https://pytorch.org/docs/master/generated/torch.nn.Module.html#torch.nn.Module.state_dict for details.
  "Positional args are being deprecated, use kwargs instead. Refer to "
/home/likc/.conda/envs/capd/lib/python3.7/site-packages/torch/nn/modules/module.py:1433: UserWarning: Positional args are being deprecated, use kwargs instead. Refer to https://pytorch.org/docs/master/generated/torch.nn.Module.html#torch.nn.Module.state_dict for details.
  "Positional args are being deprecated, use kwargs instead. Refer to "
ended_unix=1784803356.4581773
exit_code=0
