QMAP training configuration:
  train_data path: dataset/jsonl/qmap_qformer_k_sweep_writeheavy/train.jsonl
  number of training samples: 4079
  batch_size: 32
  epochs: 20
  learning rate: 0.0001
  weight decay: 0.0
  device: cuda
  ablation: full
  qformer: use=True queries=8 layers=1 heads=2 dropout=0.0
  loss weights: inactivity=1.0 coldness=1.0 write_sensitivity=4.0 migration_cost=2.0
Epoch [1/20] iter=1 loss=-0.784142
Epoch [1/20] iter=100 loss=-0.800670
Epoch [1/20] avg_loss=-0.805946
Saved checkpoint: outputs/checkpoints/qmap_qformer_k_sweep_writeheavy/k8/qmap_epoch_1.pth
Epoch [2/20] iter=129 loss=-0.801575
Epoch [2/20] iter=200 loss=-0.843963
Epoch [2/20] avg_loss=-0.849055
Saved checkpoint: outputs/checkpoints/qmap_qformer_k_sweep_writeheavy/k8/qmap_epoch_2.pth
Epoch [3/20] iter=257 loss=-0.860237
Epoch [3/20] iter=300 loss=-0.906415
Epoch [3/20] avg_loss=-0.907379
Saved checkpoint: outputs/checkpoints/qmap_qformer_k_sweep_writeheavy/k8/qmap_epoch_3.pth
Epoch [4/20] iter=385 loss=-0.920510
Epoch [4/20] iter=400 loss=-0.919548
Epoch [4/20] iter=500 loss=-0.930543
Epoch [4/20] avg_loss=-0.923934
Saved checkpoint: outputs/checkpoints/qmap_qformer_k_sweep_writeheavy/k8/qmap_epoch_4.pth
Epoch [5/20] iter=513 loss=-0.928811
Epoch [5/20] iter=600 loss=-0.936279
Epoch [5/20] avg_loss=-0.931729
Saved checkpoint: outputs/checkpoints/qmap_qformer_k_sweep_writeheavy/k8/qmap_epoch_5.pth
Epoch [6/20] iter=641 loss=-0.935606
Epoch [6/20] iter=700 loss=-0.935911
Epoch [6/20] avg_loss=-0.935296
Saved checkpoint: outputs/checkpoints/qmap_qformer_k_sweep_writeheavy/k8/qmap_epoch_6.pth
Epoch [7/20] iter=769 loss=-0.937463
Epoch [7/20] iter=800 loss=-0.937426
Epoch [7/20] avg_loss=-0.938443
Saved checkpoint: outputs/checkpoints/qmap_qformer_k_sweep_writeheavy/k8/qmap_epoch_7.pth
Epoch [8/20] iter=897 loss=-0.941122
Epoch [8/20] iter=900 loss=-0.938615
Epoch [8/20] iter=1000 loss=-0.942764
Epoch [8/20] avg_loss=-0.942251
Saved checkpoint: outputs/checkpoints/qmap_qformer_k_sweep_writeheavy/k8/qmap_epoch_8.pth
Epoch [9/20] iter=1025 loss=-0.916351
Epoch [9/20] iter=1100 loss=-0.947549
Epoch [9/20] avg_loss=-0.945431
Saved checkpoint: outputs/checkpoints/qmap_qformer_k_sweep_writeheavy/k8/qmap_epoch_9.pth
Epoch [10/20] iter=1153 loss=-0.949384
Epoch [10/20] iter=1200 loss=-0.948365
Epoch [10/20] avg_loss=-0.947552
Saved checkpoint: outputs/checkpoints/qmap_qformer_k_sweep_writeheavy/k8/qmap_epoch_10.pth
Epoch [11/20] iter=1281 loss=-0.951622
Epoch [11/20] iter=1300 loss=-0.951715
Epoch [11/20] iter=1400 loss=-0.952232
Epoch [11/20] avg_loss=-0.948793
Saved checkpoint: outputs/checkpoints/qmap_qformer_k_sweep_writeheavy/k8/qmap_epoch_11.pth
Epoch [12/20] iter=1409 loss=-0.950221
Epoch [12/20] iter=1500 loss=-0.952171
Epoch [12/20] avg_loss=-0.949692
Saved checkpoint: outputs/checkpoints/qmap_qformer_k_sweep_writeheavy/k8/qmap_epoch_12.pth
Epoch [13/20] iter=1537 loss=-0.952873
Epoch [13/20] iter=1600 loss=-0.950664
Epoch [13/20] avg_loss=-0.950320
Saved checkpoint: outputs/checkpoints/qmap_qformer_k_sweep_writeheavy/k8/qmap_epoch_13.pth
Epoch [14/20] iter=1665 loss=-0.920624
Epoch [14/20] iter=1700 loss=-0.953562
Epoch [14/20] avg_loss=-0.950787
Saved checkpoint: outputs/checkpoints/qmap_qformer_k_sweep_writeheavy/k8/qmap_epoch_14.pth
Epoch [15/20] iter=1793 loss=-0.922518
Epoch [15/20] iter=1800 loss=-0.952117
Epoch [15/20] iter=1900 loss=-0.953320
Epoch [15/20] avg_loss=-0.951187
Saved checkpoint: outputs/checkpoints/qmap_qformer_k_sweep_writeheavy/k8/qmap_epoch_15.pth
Epoch [16/20] iter=1921 loss=-0.953496
Epoch [16/20] iter=2000 loss=-0.953373
Epoch [16/20] avg_loss=-0.951553
Saved checkpoint: outputs/checkpoints/qmap_qformer_k_sweep_writeheavy/k8/qmap_epoch_16.pth
Epoch [17/20] iter=2049 loss=-0.953906
Epoch [17/20] iter=2100 loss=-0.954955
Epoch [17/20] avg_loss=-0.951883
Saved checkpoint: outputs/checkpoints/qmap_qformer_k_sweep_writeheavy/k8/qmap_epoch_17.pth
Epoch [18/20] iter=2177 loss=-0.952731
Epoch [18/20] iter=2200 loss=-0.953608
Epoch [18/20] iter=2300 loss=-0.955132
Epoch [18/20] avg_loss=-0.952126
Saved checkpoint: outputs/checkpoints/qmap_qformer_k_sweep_writeheavy/k8/qmap_epoch_18.pth
Epoch [19/20] iter=2305 loss=-0.954135
Epoch [19/20] iter=2400 loss=-0.954376
Epoch [19/20] avg_loss=-0.952407
Saved checkpoint: outputs/checkpoints/qmap_qformer_k_sweep_writeheavy/k8/qmap_epoch_19.pth
Epoch [20/20] iter=2433 loss=-0.954444
Epoch [20/20] iter=2500 loss=-0.953643
Epoch [20/20] avg_loss=-0.952635
Saved checkpoint: outputs/checkpoints/qmap_qformer_k_sweep_writeheavy/k8/qmap_epoch_20.pth
Training finished.
/home/tingkun/miniconda3/envs/qmap/lib/python3.7/site-packages/torch/nn/modules/module.py:1433: UserWarning: Positional args are being deprecated, use kwargs instead. Refer to https://pytorch.org/docs/master/generated/torch.nn.Module.html#torch.nn.Module.state_dict for details.
  "Positional args are being deprecated, use kwargs instead. Refer to "
