QMAP training configuration:
  train_data path: /home/likc/Q-former-for-OS/dataset/jsonl/qmap_parameter_sensitivity/h10_c64_d128_l256.jsonl
  number of training samples: 6064
  batch_size: 32
  epochs: 10
  learning rate: 0.0001
  weight decay: 0.0
  device: cuda
  ablation: cross_attention
  qformer: use=False queries=4 layers=1 heads=2 dropout=0.0
  extractor pooling_strategy: none
  scorer scoring_input: context
  loss weights: inactivity=1.0 coldness=1.0 write_sensitivity=4.0 migration_cost=2.0
Epoch [1/10] iter=1 loss=-0.750790
Epoch [1/10] iter=100 loss=-0.818574
Epoch [1/10] avg_loss=-0.812775
Saved checkpoint: /home/likc/Q-former-for-OS/outputs/checkpoints/qmap_parameter_sensitivity/h10_c64_d128_l256/qmap_epoch_1.pth
Epoch [2/10] iter=191 loss=-0.868605
Epoch [2/10] iter=200 loss=-0.866774
Epoch [2/10] iter=300 loss=-0.888217
Epoch [2/10] avg_loss=-0.880949
Saved checkpoint: /home/likc/Q-former-for-OS/outputs/checkpoints/qmap_parameter_sensitivity/h10_c64_d128_l256/qmap_epoch_2.pth
Epoch [3/10] iter=381 loss=-0.900365
Epoch [3/10] iter=400 loss=-0.898489
Epoch [3/10] iter=500 loss=-0.909279
Epoch [3/10] avg_loss=-0.902603
Saved checkpoint: /home/likc/Q-former-for-OS/outputs/checkpoints/qmap_parameter_sensitivity/h10_c64_d128_l256/qmap_epoch_3.pth
Epoch [4/10] iter=571 loss=-0.905548
Epoch [4/10] iter=600 loss=-0.913745
Epoch [4/10] iter=700 loss=-0.915587
Epoch [4/10] avg_loss=-0.915296
Saved checkpoint: /home/likc/Q-former-for-OS/outputs/checkpoints/qmap_parameter_sensitivity/h10_c64_d128_l256/qmap_epoch_4.pth
Epoch [5/10] iter=761 loss=-0.921744
Epoch [5/10] iter=800 loss=-0.921226
Epoch [5/10] iter=900 loss=-0.922805
Epoch [5/10] avg_loss=-0.921519
Saved checkpoint: /home/likc/Q-former-for-OS/outputs/checkpoints/qmap_parameter_sensitivity/h10_c64_d128_l256/qmap_epoch_5.pth
Epoch [6/10] iter=951 loss=-0.922426
Epoch [6/10] iter=1000 loss=-0.923692
Epoch [6/10] iter=1100 loss=-0.926304
Epoch [6/10] avg_loss=-0.924613
Saved checkpoint: /home/likc/Q-former-for-OS/outputs/checkpoints/qmap_parameter_sensitivity/h10_c64_d128_l256/qmap_epoch_6.pth
Epoch [7/10] iter=1141 loss=-0.929998
Epoch [7/10] iter=1200 loss=-0.928147
Epoch [7/10] iter=1300 loss=-0.927567
Epoch [7/10] avg_loss=-0.926501
Saved checkpoint: /home/likc/Q-former-for-OS/outputs/checkpoints/qmap_parameter_sensitivity/h10_c64_d128_l256/qmap_epoch_7.pth
Epoch [8/10] iter=1331 loss=-0.929195
Epoch [8/10] iter=1400 loss=-0.930936
Epoch [8/10] iter=1500 loss=-0.924204
Epoch [8/10] avg_loss=-0.927829
Saved checkpoint: /home/likc/Q-former-for-OS/outputs/checkpoints/qmap_parameter_sensitivity/h10_c64_d128_l256/qmap_epoch_8.pth
Epoch [9/10] iter=1521 loss=-0.929294
Epoch [9/10] iter=1600 loss=-0.926703
Epoch [9/10] iter=1700 loss=-0.929577
Epoch [9/10] avg_loss=-0.928699
Saved checkpoint: /home/likc/Q-former-for-OS/outputs/checkpoints/qmap_parameter_sensitivity/h10_c64_d128_l256/qmap_epoch_9.pth
Epoch [10/10] iter=1711 loss=-0.926225
Epoch [10/10] iter=1800 loss=-0.928660
Epoch [10/10] iter=1900 loss=-0.932922
Epoch [10/10] avg_loss=-0.929374
Saved checkpoint: /home/likc/Q-former-for-OS/outputs/checkpoints/qmap_parameter_sensitivity/h10_c64_d128_l256/qmap_epoch_10.pth
Training finished.
/home/likc/.conda/envs/qmap/lib/python3.7/site-packages/torch/nn/modules/module.py:1433: UserWarning: Positional args are being deprecated, use kwargs instead. Refer to https://pytorch.org/docs/master/generated/torch.nn.Module.html#torch.nn.Module.state_dict for details.
  "Positional args are being deprecated, use kwargs instead. Refer to "
