command=/home/likc/.conda/envs/capd/bin/python3 qmap/qmap_train.py --config /home/likc/Q-former-for-OS/dataset/jsonl/capd_bridge_diagnostic/legacy_current_identity_D16_B8K8/resolved_config.json --selector_params /home/likc/Q-former-for-OS/dataset/jsonl/capd_bridge_diagnostic/legacy_current_identity_D16_B8K8/selector_params.json --train_data /home/likc/Q-former-for-OS/dataset/jsonl/capd_bridge_diagnostic/legacy_current_identity_D16_B8K8/train.jsonl --valid_data /home/likc/Q-former-for-OS/dataset/jsonl/capd_bridge_diagnostic/legacy_current_identity_D16_B8K8/valid.jsonl --output_dir /home/likc/Q-former-for-OS/outputs/checkpoints/capd_bridge_diagnostic/legacy_current_identity_D16_B8K8/seed_2026 --seed 2026
started_unix=1785057925.5457046
QMAP training: train=/home/likc/Q-former-for-OS/dataset/jsonl/capd_bridge_diagnostic/legacy_current_identity_D16_B8K8/train.jsonl valid=/home/likc/Q-former-for-OS/dataset/jsonl/capd_bridge_diagnostic/legacy_current_identity_D16_B8K8/valid.jsonl samples=12486/4706 device=cuda
epoch=1/10 iter=1 loss=-0.644512
epoch=1/10 iter=100 loss=-0.657484
epoch=1/10 iter=200 loss=-0.789118
epoch=1/10 iter=300 loss=-0.865982
epoch=1/10 train_loss=-0.759334 valid_loss=-0.873281
epoch=2/10 iter=400 loss=-0.894935
epoch=2/10 iter=500 loss=-0.935637
epoch=2/10 iter=600 loss=-0.907067
epoch=2/10 iter=700 loss=-0.889193
epoch=2/10 train_loss=-0.908129 valid_loss=-0.892790
epoch=3/10 iter=800 loss=-0.908416
epoch=3/10 iter=900 loss=-0.934965
epoch=3/10 iter=1000 loss=-0.942157
epoch=3/10 iter=1100 loss=-0.936652
epoch=3/10 train_loss=-0.921248 valid_loss=-0.901195
epoch=4/10 iter=1200 loss=-0.909093
epoch=4/10 iter=1300 loss=-0.943545
epoch=4/10 iter=1400 loss=-0.947966
epoch=4/10 iter=1500 loss=-0.915355
epoch=4/10 train_loss=-0.927943 valid_loss=-0.906669
epoch=5/10 iter=1600 loss=-0.932788
epoch=5/10 iter=1700 loss=-0.929216
epoch=5/10 iter=1800 loss=-0.939361
epoch=5/10 iter=1900 loss=-0.940648
epoch=5/10 train_loss=-0.936185 valid_loss=-0.919988
epoch=6/10 iter=2000 loss=-0.923733
epoch=6/10 iter=2100 loss=-0.915671
epoch=6/10 iter=2200 loss=-0.942426
epoch=6/10 iter=2300 loss=-0.930572
epoch=6/10 train_loss=-0.940991 valid_loss=-0.922865
epoch=7/10 iter=2400 loss=-0.937324
epoch=7/10 iter=2500 loss=-0.943925
epoch=7/10 iter=2600 loss=-0.928143
epoch=7/10 iter=2700 loss=-0.960791
epoch=7/10 train_loss=-0.943859 valid_loss=-0.924100
epoch=8/10 iter=2800 loss=-0.912736
epoch=8/10 iter=2900 loss=-0.960431
epoch=8/10 iter=3000 loss=-0.939941
epoch=8/10 iter=3100 loss=-0.929258
epoch=8/10 train_loss=-0.945400 valid_loss=-0.925738
epoch=9/10 iter=3200 loss=-0.957576
epoch=9/10 iter=3300 loss=-0.944535
epoch=9/10 iter=3400 loss=-0.953968
epoch=9/10 iter=3500 loss=-0.951243
epoch=9/10 train_loss=-0.947539 valid_loss=-0.928697
epoch=10/10 iter=3600 loss=-0.938838
epoch=10/10 iter=3700 loss=-0.960226
epoch=10/10 iter=3800 loss=-0.941855
epoch=10/10 iter=3900 loss=-0.953503
epoch=10/10 train_loss=-0.949283 valid_loss=-0.927993
Training finished. best=/home/likc/Q-former-for-OS/outputs/checkpoints/capd_bridge_diagnostic/legacy_current_identity_D16_B8K8/seed_2026/qmap_best.pth last=/home/likc/Q-former-for-OS/outputs/checkpoints/capd_bridge_diagnostic/legacy_current_identity_D16_B8K8/seed_2026/qmap_last.pth
/home/likc/.conda/envs/capd/lib/python3.7/site-packages/torch/nn/modules/module.py:1433: UserWarning: Positional args are being deprecated, use kwargs instead. Refer to https://pytorch.org/docs/master/generated/torch.nn.Module.html#torch.nn.Module.state_dict for details.
  "Positional args are being deprecated, use kwargs instead. Refer to "
/home/likc/.conda/envs/capd/lib/python3.7/site-packages/torch/nn/modules/module.py:1433: UserWarning: Positional args are being deprecated, use kwargs instead. Refer to https://pytorch.org/docs/master/generated/torch.nn.Module.html#torch.nn.Module.state_dict for details.
  "Positional args are being deprecated, use kwargs instead. Refer to "
/home/likc/.conda/envs/capd/lib/python3.7/site-packages/torch/nn/modules/module.py:1433: UserWarning: Positional args are being deprecated, use kwargs instead. Refer to https://pytorch.org/docs/master/generated/torch.nn.Module.html#torch.nn.Module.state_dict for details.
  "Positional args are being deprecated, use kwargs instead. Refer to "
/home/likc/.conda/envs/capd/lib/python3.7/site-packages/torch/nn/modules/module.py:1433: UserWarning: Positional args are being deprecated, use kwargs instead. Refer to https://pytorch.org/docs/master/generated/torch.nn.Module.html#torch.nn.Module.state_dict for details.
  "Positional args are being deprecated, use kwargs instead. Refer to "
/home/likc/.conda/envs/capd/lib/python3.7/site-packages/torch/nn/modules/module.py:1433: UserWarning: Positional args are being deprecated, use kwargs instead. Refer to https://pytorch.org/docs/master/generated/torch.nn.Module.html#torch.nn.Module.state_dict for details.
  "Positional args are being deprecated, use kwargs instead. Refer to "
/home/likc/.conda/envs/capd/lib/python3.7/site-packages/torch/nn/modules/module.py:1433: UserWarning: Positional args are being deprecated, use kwargs instead. Refer to https://pytorch.org/docs/master/generated/torch.nn.Module.html#torch.nn.Module.state_dict for details.
  "Positional args are being deprecated, use kwargs instead. Refer to "
/home/likc/.conda/envs/capd/lib/python3.7/site-packages/torch/nn/modules/module.py:1433: UserWarning: Positional args are being deprecated, use kwargs instead. Refer to https://pytorch.org/docs/master/generated/torch.nn.Module.html#torch.nn.Module.state_dict for details.
  "Positional args are being deprecated, use kwargs instead. Refer to "
/home/likc/.conda/envs/capd/lib/python3.7/site-packages/torch/nn/modules/module.py:1433: UserWarning: Positional args are being deprecated, use kwargs instead. Refer to https://pytorch.org/docs/master/generated/torch.nn.Module.html#torch.nn.Module.state_dict for details.
  "Positional args are being deprecated, use kwargs instead. Refer to "
/home/likc/.conda/envs/capd/lib/python3.7/site-packages/torch/nn/modules/module.py:1433: UserWarning: Positional args are being deprecated, use kwargs instead. Refer to https://pytorch.org/docs/master/generated/torch.nn.Module.html#torch.nn.Module.state_dict for details.
  "Positional args are being deprecated, use kwargs instead. Refer to "
/home/likc/.conda/envs/capd/lib/python3.7/site-packages/torch/nn/modules/module.py:1433: UserWarning: Positional args are being deprecated, use kwargs instead. Refer to https://pytorch.org/docs/master/generated/torch.nn.Module.html#torch.nn.Module.state_dict for details.
  "Positional args are being deprecated, use kwargs instead. Refer to "
ended_unix=1785058024.8752298
exit_code=0
