command=/home/likc/.conda/envs/capd/bin/python3 qmap/qmap_eval.py --config /home/likc/Q-former-for-OS/dataset/jsonl/capd_post_stage6_optimization/opt_B32_K16_L512_H20/canneal/resolved_config.json --selector_params /home/likc/Q-former-for-OS/dataset/jsonl/capd_post_stage6_optimization/opt_B32_K16_L512_H20/canneal/selector_params.json --evaluation_split valid --policy qmap --checkpoint /home/likc/Q-former-for-OS/outputs/checkpoints/capd_post_stage6_optimization/o3/canneal/opt_B32_K16_L512_H20/seed_2026/qmap_epoch_1.pth --json_output /home/likc/Q-former-for-OS/outputs/results/capd_post_stage6_optimization/raw/o3/canneal/opt_B32_K16_L512_H20/seed_2026/epoch_1.json
started_unix=1785078084.7641835
Policy: qmap
Total accesses: 200000
Hits: 197554
Misses: 2446
Hit rate: 98.78%
Migrations: 2382
NVM reads: 2425
NVM writes: 21
Weighted access cost: 226392.00
Policy decisions: 2382
Total decision time: 7.707897s
Avg decision time: 3.235893 ms
Candidate filter decisions: 2382
Candidate B_t range: 32..32
Retained K_t range: 16..16
Avg candidate filter time: 0.219193 ms
ended_unix=1785078096.4702454
exit_code=0
