command=/home/likc/.conda/envs/capd/bin/python3 qmap/qmap_eval.py --config /home/likc/Q-former-for-OS/dataset/jsonl/capd_post_stage6_optimization/opt_B32_K16_L512_H20/canneal/resolved_config.json --selector_params /home/likc/Q-former-for-OS/dataset/jsonl/capd_post_stage6_optimization/opt_B32_K16_L512_H20/canneal/selector_params.json --evaluation_split valid --policy qmap --checkpoint /home/likc/Q-former-for-OS/outputs/checkpoints/capd_post_stage6_optimization/o3/canneal/opt_B32_K16_L512_H20/seed_2026/qmap_epoch_7.pth --json_output /home/likc/Q-former-for-OS/outputs/results/capd_post_stage6_optimization/raw/o3/canneal/opt_B32_K16_L512_H20/seed_2026/epoch_7.json
started_unix=1785078154.117641
Policy: qmap
Total accesses: 200000
Hits: 197677
Misses: 2323
Hit rate: 98.84%
Migrations: 2259
NVM reads: 2302
NVM writes: 21
Weighted access cost: 225039.00
Policy decisions: 2259
Total decision time: 7.317377s
Avg decision time: 3.239211 ms
Candidate filter decisions: 2259
Candidate B_t range: 32..32
Retained K_t range: 16..16
Avg candidate filter time: 0.213703 ms
ended_unix=1785078165.480123
exit_code=0
