QMAP training: train=/home/likc/Q-former-for-OS/dataset/jsonl/finals_v3_official/streamcluster_pressure/B64/train.jsonl valid=/home/likc/Q-former-for-OS/dataset/jsonl/finals_v3_official/streamcluster_pressure/B64/valid.jsonl samples=8694/2839 device=cuda
epoch=1/10 iter=1 loss=-0.000000
epoch=1/10 iter=100 loss=-0.024456
epoch=1/10 iter=200 loss=-0.098132
epoch=1/10 train_loss=-0.040863 valid_loss=-0.037512
epoch=2/10 iter=300 loss=-0.050674
epoch=2/10 iter=400 loss=-0.057828
epoch=2/10 iter=500 loss=-0.027841
epoch=2/10 train_loss=-0.047406 valid_loss=-0.045210
epoch=3/10 iter=600 loss=-0.000000
epoch=3/10 iter=700 loss=-0.031064
epoch=3/10 iter=800 loss=-0.123691
epoch=3/10 train_loss=-0.051332 valid_loss=-0.046585
epoch=4/10 iter=900 loss=-0.031186
epoch=4/10 iter=1000 loss=-0.000000
epoch=4/10 train_loss=-0.051869 valid_loss=-0.046790
epoch=5/10 iter=1100 loss=-0.093317
epoch=5/10 iter=1200 loss=-0.031098
epoch=5/10 iter=1300 loss=-0.093459
epoch=5/10 train_loss=-0.052031 valid_loss=-0.046864
epoch=6/10 iter=1400 loss=-0.031186
epoch=6/10 iter=1500 loss=-0.031182
epoch=6/10 iter=1600 loss=-0.124817
epoch=6/10 train_loss=-0.052068 valid_loss=-0.046919
epoch=7/10 iter=1700 loss=-0.031237
epoch=7/10 iter=1800 loss=-0.124505
epoch=7/10 iter=1900 loss=-0.062426
epoch=7/10 train_loss=-0.051987 valid_loss=-0.046904
epoch=8/10 iter=2000 loss=-0.031241
epoch=8/10 iter=2100 loss=-0.031232
epoch=8/10 train_loss=-0.051999 valid_loss=-0.046922
epoch=9/10 iter=2200 loss=-0.062414
epoch=9/10 iter=2300 loss=-0.031244
epoch=9/10 iter=2400 loss=-0.062483
epoch=9/10 train_loss=-0.052107 valid_loss=-0.046973
epoch=10/10 iter=2500 loss=-0.031242
epoch=10/10 iter=2600 loss=-0.093644
epoch=10/10 iter=2700 loss=-0.031201
epoch=10/10 train_loss=-0.052168 valid_loss=-0.046976
Training finished. best=/home/likc/Q-former-for-OS/outputs/checkpoints/ablation_no_vpn/full/streamcluster_pressure/seed_2026/qmap_best.pth last=/home/likc/Q-former-for-OS/outputs/checkpoints/ablation_no_vpn/full/streamcluster_pressure/seed_2026/qmap_last.pth
/home/likc/.conda/envs/capd/lib/python3.7/site-packages/torch/nn/modules/module.py:1433: UserWarning: Positional args are being deprecated, use kwargs instead. Refer to https://pytorch.org/docs/master/generated/torch.nn.Module.html#torch.nn.Module.state_dict for details.
  "Positional args are being deprecated, use kwargs instead. Refer to "
/home/likc/.conda/envs/capd/lib/python3.7/site-packages/torch/nn/modules/module.py:1433: UserWarning: Positional args are being deprecated, use kwargs instead. Refer to https://pytorch.org/docs/master/generated/torch.nn.Module.html#torch.nn.Module.state_dict for details.
  "Positional args are being deprecated, use kwargs instead. Refer to "
/home/likc/.conda/envs/capd/lib/python3.7/site-packages/torch/nn/modules/module.py:1433: UserWarning: Positional args are being deprecated, use kwargs instead. Refer to https://pytorch.org/docs/master/generated/torch.nn.Module.html#torch.nn.Module.state_dict for details.
  "Positional args are being deprecated, use kwargs instead. Refer to "
/home/likc/.conda/envs/capd/lib/python3.7/site-packages/torch/nn/modules/module.py:1433: UserWarning: Positional args are being deprecated, use kwargs instead. Refer to https://pytorch.org/docs/master/generated/torch.nn.Module.html#torch.nn.Module.state_dict for details.
  "Positional args are being deprecated, use kwargs instead. Refer to "
/home/likc/.conda/envs/capd/lib/python3.7/site-packages/torch/nn/modules/module.py:1433: UserWarning: Positional args are being deprecated, use kwargs instead. Refer to https://pytorch.org/docs/master/generated/torch.nn.Module.html#torch.nn.Module.state_dict for details.
  "Positional args are being deprecated, use kwargs instead. Refer to "
/home/likc/.conda/envs/capd/lib/python3.7/site-packages/torch/nn/modules/module.py:1433: UserWarning: Positional args are being deprecated, use kwargs instead. Refer to https://pytorch.org/docs/master/generated/torch.nn.Module.html#torch.nn.Module.state_dict for details.
  "Positional args are being deprecated, use kwargs instead. Refer to "
/home/likc/.conda/envs/capd/lib/python3.7/site-packages/torch/nn/modules/module.py:1433: UserWarning: Positional args are being deprecated, use kwargs instead. Refer to https://pytorch.org/docs/master/generated/torch.nn.Module.html#torch.nn.Module.state_dict for details.
  "Positional args are being deprecated, use kwargs instead. Refer to "
/home/likc/.conda/envs/capd/lib/python3.7/site-packages/torch/nn/modules/module.py:1433: UserWarning: Positional args are being deprecated, use kwargs instead. Refer to https://pytorch.org/docs/master/generated/torch.nn.Module.html#torch.nn.Module.state_dict for details.
  "Positional args are being deprecated, use kwargs instead. Refer to "
/home/likc/.conda/envs/capd/lib/python3.7/site-packages/torch/nn/modules/module.py:1433: UserWarning: Positional args are being deprecated, use kwargs instead. Refer to https://pytorch.org/docs/master/generated/torch.nn.Module.html#torch.nn.Module.state_dict for details.
  "Positional args are being deprecated, use kwargs instead. Refer to "
/home/likc/.conda/envs/capd/lib/python3.7/site-packages/torch/nn/modules/module.py:1433: UserWarning: Positional args are being deprecated, use kwargs instead. Refer to https://pytorch.org/docs/master/generated/torch.nn.Module.html#torch.nn.Module.state_dict for details.
  "Positional args are being deprecated, use kwargs instead. Refer to "
