QMAP training configuration:
  train_data path: /home/likc/Q-former-for-OS/dataset/jsonl/real_workload_suite/1m/parsec_blackscholes_train.jsonl
  number of training samples: 6996
  batch_size: 32
  epochs: 10
  learning rate: 0.0001
  weight decay: 0.0
  device: cuda
  ablation: cross_attention
  qformer: use=False queries=4 layers=1 heads=2 dropout=0.0
  extractor pooling_strategy: none
  scorer scoring_input: context
  loss weights: inactivity=1.0 coldness=1.0 write_sensitivity=4.0 migration_cost=2.0
Epoch [1/10] iter=1 loss=-0.620088
Epoch [1/10] iter=100 loss=-0.669779
Epoch [1/10] iter=200 loss=-0.665316
Epoch [1/10] avg_loss=-0.653359
Saved checkpoint: /home/likc/Q-former-for-OS/outputs/checkpoints/real_workload_suite/1m/parsec_blackscholes/qmap_epoch_1.pth
Epoch [2/10] iter=220 loss=-0.675788
Epoch [2/10] iter=300 loss=-0.738887
Epoch [2/10] iter=400 loss=-0.760851
Epoch [2/10] avg_loss=-0.725845
Saved checkpoint: /home/likc/Q-former-for-OS/outputs/checkpoints/real_workload_suite/1m/parsec_blackscholes/qmap_epoch_2.pth
Epoch [3/10] iter=439 loss=-0.800188
Epoch [3/10] iter=500 loss=-0.794963
Epoch [3/10] iter=600 loss=-0.815512
Epoch [3/10] avg_loss=-0.800815
Saved checkpoint: /home/likc/Q-former-for-OS/outputs/checkpoints/real_workload_suite/1m/parsec_blackscholes/qmap_epoch_3.pth
Epoch [4/10] iter=658 loss=-0.805647
Epoch [4/10] iter=700 loss=-0.807417
Epoch [4/10] iter=800 loss=-0.819596
Epoch [4/10] avg_loss=-0.810031
Saved checkpoint: /home/likc/Q-former-for-OS/outputs/checkpoints/real_workload_suite/1m/parsec_blackscholes/qmap_epoch_4.pth
Epoch [5/10] iter=877 loss=-0.808624
Epoch [5/10] iter=900 loss=-0.812690
Epoch [5/10] iter=1000 loss=-0.812807
Epoch [5/10] avg_loss=-0.812396
Saved checkpoint: /home/likc/Q-former-for-OS/outputs/checkpoints/real_workload_suite/1m/parsec_blackscholes/qmap_epoch_5.pth
Epoch [6/10] iter=1096 loss=-0.815758
Epoch [6/10] iter=1100 loss=-0.814177
Epoch [6/10] iter=1200 loss=-0.809279
Epoch [6/10] iter=1300 loss=-0.813486
Epoch [6/10] avg_loss=-0.813515
Saved checkpoint: /home/likc/Q-former-for-OS/outputs/checkpoints/real_workload_suite/1m/parsec_blackscholes/qmap_epoch_6.pth
Epoch [7/10] iter=1315 loss=-0.806115
Epoch [7/10] iter=1400 loss=-0.811304
Epoch [7/10] iter=1500 loss=-0.813190
Epoch [7/10] avg_loss=-0.814251
Saved checkpoint: /home/likc/Q-former-for-OS/outputs/checkpoints/real_workload_suite/1m/parsec_blackscholes/qmap_epoch_7.pth
Epoch [8/10] iter=1534 loss=-0.825437
Epoch [8/10] iter=1600 loss=-0.799692
Epoch [8/10] iter=1700 loss=-0.809627
Epoch [8/10] avg_loss=-0.814799
Saved checkpoint: /home/likc/Q-former-for-OS/outputs/checkpoints/real_workload_suite/1m/parsec_blackscholes/qmap_epoch_8.pth
Epoch [9/10] iter=1753 loss=-0.830718
Epoch [9/10] iter=1800 loss=-0.817041
Epoch [9/10] iter=1900 loss=-0.819525
Epoch [9/10] avg_loss=-0.815143
Saved checkpoint: /home/likc/Q-former-for-OS/outputs/checkpoints/real_workload_suite/1m/parsec_blackscholes/qmap_epoch_9.pth
Epoch [10/10] iter=1972 loss=-0.813098
Epoch [10/10] iter=2000 loss=-0.810930
Epoch [10/10] iter=2100 loss=-0.814221
Epoch [10/10] avg_loss=-0.815393
Saved checkpoint: /home/likc/Q-former-for-OS/outputs/checkpoints/real_workload_suite/1m/parsec_blackscholes/qmap_epoch_10.pth
Training finished.
/home/likc/.conda/envs/qmap/lib/python3.7/site-packages/torch/nn/modules/module.py:1433: UserWarning: Positional args are being deprecated, use kwargs instead. Refer to https://pytorch.org/docs/master/generated/torch.nn.Module.html#torch.nn.Module.state_dict for details.
  "Positional args are being deprecated, use kwargs instead. Refer to "
