command=/home/likc/.conda/envs/capd/bin/python3 qmap/qmap_eval.py --config /home/likc/Q-former-for-OS/dataset/jsonl/finals_v3_official/stage5_ablation/selector_drop_A/dedup_pressure/resolved_config.json --selector_params /home/likc/Q-former-for-OS/dataset/jsonl/finals_v3_official/stage5_ablation/selector_drop_A/dedup_pressure/selector_params.json --policy qmap --checkpoint /home/likc/Q-former-for-OS/outputs/checkpoints/finals_v3_official/stage5_ablation/selector_drop_A/dedup_pressure/seed_3136859/qmap_best.pth --json_output /home/likc/Q-former-for-OS/outputs/results/finals_v3_official/stage5_ablation/raw/selector_drop_A/dedup_pressure/seed_3136859.json
started_unix=1784803576.8723304
Policy: qmap
Total accesses: 1000000
Hits: 996606
Misses: 3394
Hit rate: 99.66%
Migrations: 3330
NVM reads: 1853
NVM writes: 1541
Weighted access cost: 1045940.00
Policy decisions: 3330
Total decision time: 11.291696s
Avg decision time: 3.390900 ms
Candidate filter decisions: 3330
Candidate B_t range: 64..64
Retained K_t range: 8..8
Avg candidate filter time: 0.413305 ms
ended_unix=1784803625.6383893
exit_code=0
