command=/home/likc/.conda/envs/capd/bin/python3 qmap/qmap_train.py --config /home/likc/Q-former-for-OS/dataset/jsonl/capd_post_stage6_optimization/opt_B32_K16_L512_H20/canneal/resolved_config.json --selector_params /home/likc/Q-former-for-OS/dataset/jsonl/capd_post_stage6_optimization/opt_B32_K16_L512_H20/canneal/selector_params.json --train_data /home/likc/Q-former-for-OS/dataset/jsonl/capd_post_stage6_optimization/opt_B32_K16_L512_H20/canneal/train.jsonl --valid_data /home/likc/Q-former-for-OS/dataset/jsonl/capd_post_stage6_optimization/opt_B32_K16_L512_H20/canneal/valid.jsonl --output_dir /home/likc/Q-former-for-OS/outputs/checkpoints/capd_post_stage6_optimization/o3/canneal/opt_B32_K16_L512_H20/seed_2026 --seed 2026 --save_every_epoch
started_unix=1785078025.997679
QMAP training: train=/home/likc/Q-former-for-OS/dataset/jsonl/capd_post_stage6_optimization/opt_B32_K16_L512_H20/canneal/train.jsonl valid=/home/likc/Q-former-for-OS/dataset/jsonl/capd_post_stage6_optimization/opt_B32_K16_L512_H20/canneal/valid.jsonl samples=7215/2377 device=cuda
epoch=1/10 iter=1 loss=-0.195355
epoch=1/10 iter=100 loss=-0.097133
epoch=1/10 iter=200 loss=-0.198661
epoch=1/10 train_loss=-0.155752 valid_loss=-0.139465
epoch=2/10 iter=300 loss=-0.206792
epoch=2/10 iter=400 loss=-0.149880
epoch=2/10 train_loss=-0.179381 valid_loss=-0.143653
epoch=3/10 iter=500 loss=-0.212915
epoch=3/10 iter=600 loss=-0.123839
epoch=3/10 train_loss=-0.182661 valid_loss=-0.144490
epoch=4/10 iter=700 loss=-0.152999
epoch=4/10 iter=800 loss=-0.214761
epoch=4/10 iter=900 loss=-0.242813
epoch=4/10 train_loss=-0.184068 valid_loss=-0.145332
epoch=5/10 iter=1000 loss=-0.031172
epoch=5/10 iter=1100 loss=-0.216273
epoch=5/10 train_loss=-0.184793 valid_loss=-0.145578
epoch=6/10 iter=1200 loss=-0.184663
epoch=6/10 iter=1300 loss=-0.217849
epoch=6/10 train_loss=-0.185009 valid_loss=-0.145690
epoch=7/10 iter=1400 loss=-0.093345
epoch=7/10 iter=1500 loss=-0.152939
epoch=7/10 train_loss=-0.185590 valid_loss=-0.145823
epoch=8/10 iter=1600 loss=-0.093106
epoch=8/10 iter=1700 loss=-0.154930
epoch=8/10 iter=1800 loss=-0.092284
epoch=8/10 train_loss=-0.185790 valid_loss=-0.145927
epoch=9/10 iter=1900 loss=-0.278481
epoch=9/10 iter=2000 loss=-0.215782
epoch=9/10 train_loss=-0.185474 valid_loss=-0.145950
epoch=10/10 iter=2100 loss=-0.154175
epoch=10/10 iter=2200 loss=-0.214121
epoch=10/10 train_loss=-0.186050 valid_loss=-0.145905
Training finished. best=/home/likc/Q-former-for-OS/outputs/checkpoints/capd_post_stage6_optimization/o3/canneal/opt_B32_K16_L512_H20/seed_2026/qmap_best.pth last=/home/likc/Q-former-for-OS/outputs/checkpoints/capd_post_stage6_optimization/o3/canneal/opt_B32_K16_L512_H20/seed_2026/qmap_last.pth
/home/likc/.conda/envs/capd/lib/python3.7/site-packages/torch/nn/modules/module.py:1433: UserWarning: Positional args are being deprecated, use kwargs instead. Refer to https://pytorch.org/docs/master/generated/torch.nn.Module.html#torch.nn.Module.state_dict for details.
  "Positional args are being deprecated, use kwargs instead. Refer to "
/home/likc/.conda/envs/capd/lib/python3.7/site-packages/torch/nn/modules/module.py:1433: UserWarning: Positional args are being deprecated, use kwargs instead. Refer to https://pytorch.org/docs/master/generated/torch.nn.Module.html#torch.nn.Module.state_dict for details.
  "Positional args are being deprecated, use kwargs instead. Refer to "
/home/likc/.conda/envs/capd/lib/python3.7/site-packages/torch/nn/modules/module.py:1433: UserWarning: Positional args are being deprecated, use kwargs instead. Refer to https://pytorch.org/docs/master/generated/torch.nn.Module.html#torch.nn.Module.state_dict for details.
  "Positional args are being deprecated, use kwargs instead. Refer to "
/home/likc/.conda/envs/capd/lib/python3.7/site-packages/torch/nn/modules/module.py:1433: UserWarning: Positional args are being deprecated, use kwargs instead. Refer to https://pytorch.org/docs/master/generated/torch.nn.Module.html#torch.nn.Module.state_dict for details.
  "Positional args are being deprecated, use kwargs instead. Refer to "
/home/likc/.conda/envs/capd/lib/python3.7/site-packages/torch/nn/modules/module.py:1433: UserWarning: Positional args are being deprecated, use kwargs instead. Refer to https://pytorch.org/docs/master/generated/torch.nn.Module.html#torch.nn.Module.state_dict for details.
  "Positional args are being deprecated, use kwargs instead. Refer to "
/home/likc/.conda/envs/capd/lib/python3.7/site-packages/torch/nn/modules/module.py:1433: UserWarning: Positional args are being deprecated, use kwargs instead. Refer to https://pytorch.org/docs/master/generated/torch.nn.Module.html#torch.nn.Module.state_dict for details.
  "Positional args are being deprecated, use kwargs instead. Refer to "
/home/likc/.conda/envs/capd/lib/python3.7/site-packages/torch/nn/modules/module.py:1433: UserWarning: Positional args are being deprecated, use kwargs instead. Refer to https://pytorch.org/docs/master/generated/torch.nn.Module.html#torch.nn.Module.state_dict for details.
  "Positional args are being deprecated, use kwargs instead. Refer to "
/home/likc/.conda/envs/capd/lib/python3.7/site-packages/torch/nn/modules/module.py:1433: UserWarning: Positional args are being deprecated, use kwargs instead. Refer to https://pytorch.org/docs/master/generated/torch.nn.Module.html#torch.nn.Module.state_dict for details.
  "Positional args are being deprecated, use kwargs instead. Refer to "
/home/likc/.conda/envs/capd/lib/python3.7/site-packages/torch/nn/modules/module.py:1433: UserWarning: Positional args are being deprecated, use kwargs instead. Refer to https://pytorch.org/docs/master/generated/torch.nn.Module.html#torch.nn.Module.state_dict for details.
  "Positional args are being deprecated, use kwargs instead. Refer to "
/home/likc/.conda/envs/capd/lib/python3.7/site-packages/torch/nn/modules/module.py:1433: UserWarning: Positional args are being deprecated, use kwargs instead. Refer to https://pytorch.org/docs/master/generated/torch.nn.Module.html#torch.nn.Module.state_dict for details.
  "Positional args are being deprecated, use kwargs instead. Refer to "
ended_unix=1785078084.7615905
exit_code=0
