command=/home/likc/.conda/envs/capd/bin/python3 qmap/qmap_train.py --config /home/likc/Q-former-for-OS/dataset/jsonl/finals_v3_official/stage6_capacity/capacity_D128/canneal/resolved_config.json --selector_params /home/likc/Q-former-for-OS/dataset/jsonl/finals_v3_official/stage6_capacity/capacity_D128/canneal/selector_params.json --train_data /home/likc/Q-former-for-OS/dataset/jsonl/finals_v3_official/stage6_capacity/capacity_D128/canneal/train.jsonl --valid_data /home/likc/Q-former-for-OS/dataset/jsonl/finals_v3_official/stage6_capacity/capacity_D128/canneal/valid.jsonl --output_dir /home/likc/Q-former-for-OS/outputs/checkpoints/finals_v3_official/stage6_capacity/capacity_D128/canneal/seed_3136859 --seed 3136859
started_unix=1785045192.4706242
QMAP training: train=/home/likc/Q-former-for-OS/dataset/jsonl/finals_v3_official/stage6_capacity/capacity_D128/canneal/train.jsonl valid=/home/likc/Q-former-for-OS/dataset/jsonl/finals_v3_official/stage6_capacity/capacity_D128/canneal/valid.jsonl samples=5058/1615 device=cuda
epoch=1/10 iter=1 loss=-0.047637
epoch=1/10 iter=100 loss=-0.024450
epoch=1/10 train_loss=-0.019952 valid_loss=-0.011507
epoch=2/10 iter=200 loss=-0.024450
epoch=2/10 iter=300 loss=-0.000000
epoch=2/10 train_loss=-0.022289 valid_loss=-0.011520
epoch=3/10 iter=400 loss=-0.074995
epoch=3/10 train_loss=-0.020569 valid_loss=-0.012983
epoch=4/10 iter=500 loss=-0.000000
epoch=4/10 iter=600 loss=-0.030599
epoch=4/10 train_loss=-0.023701 valid_loss=-0.013623
epoch=5/10 iter=700 loss=-0.030155
epoch=5/10 train_loss=-0.024863 valid_loss=-0.013648
epoch=6/10 iter=800 loss=-0.030859
epoch=6/10 iter=900 loss=-0.030726
epoch=6/10 train_loss=-0.025122 valid_loss=-0.013736
epoch=7/10 iter=1000 loss=-0.000000
epoch=7/10 iter=1100 loss=-0.031061
epoch=7/10 train_loss=-0.025228 valid_loss=-0.013695
epoch=8/10 iter=1200 loss=-0.000000
epoch=8/10 train_loss=-0.025311 valid_loss=-0.013825
epoch=9/10 iter=1300 loss=-0.031159
epoch=9/10 iter=1400 loss=-0.030988
epoch=9/10 train_loss=-0.025348 valid_loss=-0.013812
epoch=10/10 iter=1500 loss=-0.062244
epoch=10/10 train_loss=-0.028290 valid_loss=-0.013817
Training finished. best=/home/likc/Q-former-for-OS/outputs/checkpoints/finals_v3_official/stage6_capacity/capacity_D128/canneal/seed_3136859/qmap_best.pth last=/home/likc/Q-former-for-OS/outputs/checkpoints/finals_v3_official/stage6_capacity/capacity_D128/canneal/seed_3136859/qmap_last.pth
/home/likc/.conda/envs/capd/lib/python3.7/site-packages/torch/nn/modules/module.py:1433: UserWarning: Positional args are being deprecated, use kwargs instead. Refer to https://pytorch.org/docs/master/generated/torch.nn.Module.html#torch.nn.Module.state_dict for details.
  "Positional args are being deprecated, use kwargs instead. Refer to "
/home/likc/.conda/envs/capd/lib/python3.7/site-packages/torch/nn/modules/module.py:1433: UserWarning: Positional args are being deprecated, use kwargs instead. Refer to https://pytorch.org/docs/master/generated/torch.nn.Module.html#torch.nn.Module.state_dict for details.
  "Positional args are being deprecated, use kwargs instead. Refer to "
/home/likc/.conda/envs/capd/lib/python3.7/site-packages/torch/nn/modules/module.py:1433: UserWarning: Positional args are being deprecated, use kwargs instead. Refer to https://pytorch.org/docs/master/generated/torch.nn.Module.html#torch.nn.Module.state_dict for details.
  "Positional args are being deprecated, use kwargs instead. Refer to "
/home/likc/.conda/envs/capd/lib/python3.7/site-packages/torch/nn/modules/module.py:1433: UserWarning: Positional args are being deprecated, use kwargs instead. Refer to https://pytorch.org/docs/master/generated/torch.nn.Module.html#torch.nn.Module.state_dict for details.
  "Positional args are being deprecated, use kwargs instead. Refer to "
/home/likc/.conda/envs/capd/lib/python3.7/site-packages/torch/nn/modules/module.py:1433: UserWarning: Positional args are being deprecated, use kwargs instead. Refer to https://pytorch.org/docs/master/generated/torch.nn.Module.html#torch.nn.Module.state_dict for details.
  "Positional args are being deprecated, use kwargs instead. Refer to "
/home/likc/.conda/envs/capd/lib/python3.7/site-packages/torch/nn/modules/module.py:1433: UserWarning: Positional args are being deprecated, use kwargs instead. Refer to https://pytorch.org/docs/master/generated/torch.nn.Module.html#torch.nn.Module.state_dict for details.
  "Positional args are being deprecated, use kwargs instead. Refer to "
/home/likc/.conda/envs/capd/lib/python3.7/site-packages/torch/nn/modules/module.py:1433: UserWarning: Positional args are being deprecated, use kwargs instead. Refer to https://pytorch.org/docs/master/generated/torch.nn.Module.html#torch.nn.Module.state_dict for details.
  "Positional args are being deprecated, use kwargs instead. Refer to "
/home/likc/.conda/envs/capd/lib/python3.7/site-packages/torch/nn/modules/module.py:1433: UserWarning: Positional args are being deprecated, use kwargs instead. Refer to https://pytorch.org/docs/master/generated/torch.nn.Module.html#torch.nn.Module.state_dict for details.
  "Positional args are being deprecated, use kwargs instead. Refer to "
/home/likc/.conda/envs/capd/lib/python3.7/site-packages/torch/nn/modules/module.py:1433: UserWarning: Positional args are being deprecated, use kwargs instead. Refer to https://pytorch.org/docs/master/generated/torch.nn.Module.html#torch.nn.Module.state_dict for details.
  "Positional args are being deprecated, use kwargs instead. Refer to "
/home/likc/.conda/envs/capd/lib/python3.7/site-packages/torch/nn/modules/module.py:1433: UserWarning: Positional args are being deprecated, use kwargs instead. Refer to https://pytorch.org/docs/master/generated/torch.nn.Module.html#torch.nn.Module.state_dict for details.
  "Positional args are being deprecated, use kwargs instead. Refer to "
ended_unix=1785045233.2800088
exit_code=0
