command=/home/likc/.conda/envs/capd/bin/python3 qmap/qmap_eval.py --config /home/likc/Q-former-for-OS/dataset/jsonl/finals_v3_official/stage5_ablation/selector_drop_C/dedup_pressure/resolved_config.json --selector_params /home/likc/Q-former-for-OS/dataset/jsonl/finals_v3_official/stage5_ablation/selector_drop_C/dedup_pressure/selector_params.json --policy qmap --checkpoint /home/likc/Q-former-for-OS/outputs/checkpoints/finals_v3_official/stage5_ablation/selector_drop_C/dedup_pressure/seed_3136859/qmap_best.pth --json_output /home/likc/Q-former-for-OS/outputs/results/finals_v3_official/stage5_ablation/raw/selector_drop_C/dedup_pressure/seed_3136859.json
started_unix=1784805598.0908844
Policy: qmap
Total accesses: 1000000
Hits: 996685
Misses: 3315
Hit rate: 99.67%
Migrations: 3251
NVM reads: 1770
NVM writes: 1545
Weighted access cost: 1045095.00
Policy decisions: 3251
Total decision time: 11.710619s
Avg decision time: 3.602159 ms
Candidate filter decisions: 3251
Candidate B_t range: 64..64
Retained K_t range: 8..8
Avg candidate filter time: 0.435284 ms
ended_unix=1784805646.9076285
exit_code=0
