command=/home/likc/.conda/envs/capd/bin/python3 qmap/qmap_eval.py --config /home/likc/Q-former-for-OS/dataset/jsonl/finals_v3_official/stage5_ablation/selector_drop_C/dedup_pressure/resolved_config.json --selector_params /home/likc/Q-former-for-OS/dataset/jsonl/finals_v3_official/stage5_ablation/selector_drop_C/dedup_pressure/selector_params.json --policy qmap --checkpoint /home/likc/Q-former-for-OS/outputs/checkpoints/finals_v3_official/stage5_ablation/selector_drop_C/dedup_pressure/seed_42/qmap_best.pth --json_output /home/likc/Q-former-for-OS/outputs/results/finals_v3_official/stage5_ablation/raw/selector_drop_C/dedup_pressure/seed_42.json
started_unix=1784805720.3053024
Policy: qmap
Total accesses: 1000000
Hits: 996707
Misses: 3293
Hit rate: 99.67%
Migrations: 3229
NVM reads: 1747
NVM writes: 1546
Weighted access cost: 1044859.00
Policy decisions: 3229
Total decision time: 10.942649s
Avg decision time: 3.388866 ms
Candidate filter decisions: 3229
Candidate B_t range: 64..64
Retained K_t range: 8..8
Avg candidate filter time: 0.405376 ms
ended_unix=1784805768.3041127
exit_code=0
