command=/home/likc/.conda/envs/capd/bin/python3 qmap/qmap_eval.py --config /home/likc/Q-former-for-OS/dataset/jsonl/finals_v3_official/stage5_ablation/selector_drop_C/dedup_pressure/resolved_config.json --selector_params /home/likc/Q-former-for-OS/dataset/jsonl/finals_v3_official/stage5_ablation/selector_drop_C/dedup_pressure/selector_params.json --policy qmap --checkpoint /home/likc/Q-former-for-OS/outputs/checkpoints/finals_v3_official/stage5_ablation/selector_drop_C/dedup_pressure/seed_2026/qmap_best.pth --json_output /home/likc/Q-former-for-OS/outputs/results/finals_v3_official/stage5_ablation/raw/selector_drop_C/dedup_pressure/seed_2026.json
started_unix=1784805838.7620564
Policy: qmap
Total accesses: 1000000
Hits: 996694
Misses: 3306
Hit rate: 99.67%
Migrations: 3242
NVM reads: 1763
NVM writes: 1543
Weighted access cost: 1044984.00
Policy decisions: 3242
Total decision time: 10.887880s
Avg decision time: 3.358384 ms
Candidate filter decisions: 3242
Candidate B_t range: 64..64
Retained K_t range: 8..8
Avg candidate filter time: 0.412165 ms
ended_unix=1784805887.0589495
exit_code=0
