command=/home/likc/.conda/envs/capd/bin/python3 qmap/qmap_eval.py --config /home/likc/Q-former-for-OS/dataset/jsonl/capd_post_stage6_optimization/opt_B32_K16_L512/canneal/resolved_config.json --selector_params /home/likc/Q-former-for-OS/dataset/jsonl/capd_post_stage6_optimization/opt_B32_K16_L512/canneal/selector_params.json --evaluation_split valid --policy qmap --checkpoint /home/likc/Q-former-for-OS/outputs/checkpoints/capd_post_stage6_optimization/o3/canneal/opt_B32_K16_L512/seed_42/qmap_epoch_7.pth --json_output /home/likc/Q-former-for-OS/outputs/results/capd_post_stage6_optimization/raw/o3/canneal/opt_B32_K16_L512/seed_42/epoch_7.json
started_unix=1785077635.909322
Policy: qmap
Total accesses: 200000
Hits: 197754
Misses: 2246
Hit rate: 98.88%
Migrations: 2182
NVM reads: 2225
NVM writes: 21
Weighted access cost: 224192.00
Policy decisions: 2182
Total decision time: 7.117370s
Avg decision time: 3.261856 ms
Candidate filter decisions: 2182
Candidate B_t range: 32..32
Retained K_t range: 16..16
Avg candidate filter time: 0.215100 ms
ended_unix=1785077647.0493784
exit_code=0
