command=/home/likc/.conda/envs/capd/bin/python3 qmap/qmap_eval.py --config /home/likc/Q-former-for-OS/dataset/jsonl/capd_post_stage6_optimization/opt_B32_K16_L512/canneal/resolved_config.json --selector_params /home/likc/Q-former-for-OS/dataset/jsonl/capd_post_stage6_optimization/opt_B32_K16_L512/canneal/selector_params.json --evaluation_split valid --policy qmap --checkpoint /home/likc/Q-former-for-OS/outputs/checkpoints/capd_post_stage6_optimization/o3/canneal/opt_B32_K16_L512/seed_42/qmap_epoch_4.pth --json_output /home/likc/Q-former-for-OS/outputs/results/capd_post_stage6_optimization/raw/o3/canneal/opt_B32_K16_L512/seed_42/epoch_4.json
started_unix=1785077602.6404681
Policy: qmap
Total accesses: 200000
Hits: 197714
Misses: 2286
Hit rate: 98.86%
Migrations: 2222
NVM reads: 2265
NVM writes: 21
Weighted access cost: 224632.00
Policy decisions: 2222
Total decision time: 7.199746s
Avg decision time: 3.240210 ms
Candidate filter decisions: 2222
Candidate B_t range: 32..32
Retained K_t range: 16..16
Avg candidate filter time: 0.214838 ms
ended_unix=1785077613.767891
exit_code=0
