command=/home/likc/.conda/envs/capd/bin/python3 qmap/qmap_eval.py --config /home/likc/Q-former-for-OS/dataset/jsonl/capd_post_stage6_optimization/opt_B32_K16_L512/canneal/resolved_config.json --selector_params /home/likc/Q-former-for-OS/dataset/jsonl/capd_post_stage6_optimization/opt_B32_K16_L512/canneal/selector_params.json --evaluation_split valid --policy qmap --checkpoint /home/likc/Q-former-for-OS/outputs/checkpoints/capd_post_stage6_optimization/o3/canneal/opt_B32_K16_L512/seed_42/qmap_epoch_10.pth --json_output /home/likc/Q-former-for-OS/outputs/results/capd_post_stage6_optimization/raw/o3/canneal/opt_B32_K16_L512/seed_42/epoch_10.json
started_unix=1785077669.2775064
Policy: qmap
Total accesses: 200000
Hits: 197743
Misses: 2257
Hit rate: 98.87%
Migrations: 2193
NVM reads: 2236
NVM writes: 21
Weighted access cost: 224313.00
Policy decisions: 2193
Total decision time: 7.177457s
Avg decision time: 3.272894 ms
Candidate filter decisions: 2193
Candidate B_t range: 32..32
Retained K_t range: 16..16
Avg candidate filter time: 0.216381 ms
ended_unix=1785077680.4465199
exit_code=0
