command=/home/likc/.conda/envs/capd/bin/python3 qmap/qmap_eval.py --config /home/likc/Q-former-for-OS/dataset/jsonl/capd_post_stage6_optimization/opt_B32_K16_L512/canneal/resolved_config.json --selector_params /home/likc/Q-former-for-OS/dataset/jsonl/capd_post_stage6_optimization/opt_B32_K16_L512/canneal/selector_params.json --evaluation_split valid --policy qmap --checkpoint /home/likc/Q-former-for-OS/outputs/checkpoints/capd_post_stage6_optimization/o3/canneal/opt_B32_K16_L512/seed_42/qmap_epoch_1.pth --json_output /home/likc/Q-former-for-OS/outputs/results/capd_post_stage6_optimization/raw/o3/canneal/opt_B32_K16_L512/seed_42/epoch_1.json
started_unix=1785077568.6198106
Policy: qmap
Total accesses: 200000
Hits: 197612
Misses: 2388
Hit rate: 98.81%
Migrations: 2324
NVM reads: 2367
NVM writes: 21
Weighted access cost: 225754.00
Policy decisions: 2324
Total decision time: 7.385919s
Avg decision time: 3.178106 ms
Candidate filter decisions: 2324
Candidate B_t range: 32..32
Retained K_t range: 16..16
Avg candidate filter time: 0.214072 ms
ended_unix=1785077579.9853928
exit_code=0
