command=/home/likc/.conda/envs/capd/bin/python3 qmap/qmap_eval.py --config /home/likc/Q-former-for-OS/dataset/jsonl/capd_post_stage6_optimization/opt_B32_K16_L512/canneal/resolved_config.json --selector_params /home/likc/Q-former-for-OS/dataset/jsonl/capd_post_stage6_optimization/opt_B32_K16_L512/canneal/selector_params.json --evaluation_split valid --policy qmap --checkpoint /home/likc/Q-former-for-OS/outputs/checkpoints/capd_post_stage6_optimization/o3/canneal/opt_B32_K16_L512/seed_42/qmap_epoch_2.pth --json_output /home/likc/Q-former-for-OS/outputs/results/capd_post_stage6_optimization/raw/o3/canneal/opt_B32_K16_L512/seed_42/epoch_2.json
started_unix=1785077579.9874885
Policy: qmap
Total accesses: 200000
Hits: 197642
Misses: 2358
Hit rate: 98.82%
Migrations: 2294
NVM reads: 2337
NVM writes: 21
Weighted access cost: 225424.00
Policy decisions: 2294
Total decision time: 7.431532s
Avg decision time: 3.239552 ms
Candidate filter decisions: 2294
Candidate B_t range: 32..32
Retained K_t range: 16..16
Avg candidate filter time: 0.213894 ms
ended_unix=1785077591.4510617
exit_code=0
