command=/home/likc/.conda/envs/capd/bin/python3 qmap/qmap_train.py --config /home/likc/Q-former-for-OS/dataset/jsonl/finals_v3_official/stage5_ablation/no_candidate_state/streamcluster_pressure/resolved_config.json --selector_params /home/likc/Q-former-for-OS/dataset/jsonl/finals_v3_official/stage5_ablation/no_candidate_state/streamcluster_pressure/selector_params.json --train_data /home/likc/Q-former-for-OS/dataset/jsonl/finals_v3_official/stage5_ablation/no_candidate_state/streamcluster_pressure/train.jsonl --valid_data /home/likc/Q-former-for-OS/dataset/jsonl/finals_v3_official/stage5_ablation/no_candidate_state/streamcluster_pressure/valid.jsonl --output_dir /home/likc/Q-former-for-OS/outputs/checkpoints/finals_v3_official/stage5_ablation/no_candidate_state/streamcluster_pressure/seed_42 --seed 42
started_unix=1784808578.822483
QMAP training: train=/home/likc/Q-former-for-OS/dataset/jsonl/finals_v3_official/stage5_ablation/no_candidate_state/streamcluster_pressure/train.jsonl valid=/home/likc/Q-former-for-OS/dataset/jsonl/finals_v3_official/stage5_ablation/no_candidate_state/streamcluster_pressure/valid.jsonl samples=8694/2839 device=cuda
epoch=1/10 iter=1 loss=-0.048900
epoch=1/10 iter=100 loss=-0.000000
epoch=1/10 iter=200 loss=-0.024666
epoch=1/10 train_loss=-0.041201 valid_loss=-0.039435
epoch=2/10 iter=300 loss=-0.054019
epoch=2/10 iter=400 loss=-0.088536
epoch=2/10 iter=500 loss=-0.060977
epoch=2/10 train_loss=-0.048688 valid_loss=-0.041044
epoch=3/10 iter=600 loss=-0.062228
epoch=3/10 iter=700 loss=-0.062225
epoch=3/10 iter=800 loss=-0.062235
epoch=3/10 train_loss=-0.051646 valid_loss=-0.041119
epoch=4/10 iter=900 loss=-0.000000
epoch=4/10 iter=1000 loss=-0.062339
epoch=4/10 train_loss=-0.051936 valid_loss=-0.041296
epoch=5/10 iter=1100 loss=-0.031218
epoch=5/10 iter=1200 loss=-0.124819
epoch=5/10 iter=1300 loss=-0.093528
epoch=5/10 train_loss=-0.051915 valid_loss=-0.041250
epoch=6/10 iter=1400 loss=-0.000000
epoch=6/10 iter=1500 loss=-0.093630
epoch=6/10 iter=1600 loss=-0.031243
epoch=6/10 train_loss=-0.052003 valid_loss=-0.041239
epoch=7/10 iter=1700 loss=-0.124927
epoch=7/10 iter=1800 loss=-0.062351
epoch=7/10 iter=1900 loss=-0.031219
epoch=7/10 train_loss=-0.052029 valid_loss=-0.041301
epoch=8/10 iter=2000 loss=-0.124944
epoch=8/10 iter=2100 loss=-0.124825
epoch=8/10 train_loss=-0.051991 valid_loss=-0.041339
epoch=9/10 iter=2200 loss=-0.093697
epoch=9/10 iter=2300 loss=-0.031237
epoch=9/10 iter=2400 loss=-0.031225
epoch=9/10 train_loss=-0.052102 valid_loss=-0.041382
epoch=10/10 iter=2500 loss=-0.062426
epoch=10/10 iter=2600 loss=-0.031244
epoch=10/10 iter=2700 loss=-0.093665
epoch=10/10 train_loss=-0.052001 valid_loss=-0.041387
Training finished. best=/home/likc/Q-former-for-OS/outputs/checkpoints/finals_v3_official/stage5_ablation/no_candidate_state/streamcluster_pressure/seed_42/qmap_best.pth last=/home/likc/Q-former-for-OS/outputs/checkpoints/finals_v3_official/stage5_ablation/no_candidate_state/streamcluster_pressure/seed_42/qmap_last.pth
/home/likc/.conda/envs/capd/lib/python3.7/site-packages/torch/nn/modules/module.py:1433: UserWarning: Positional args are being deprecated, use kwargs instead. Refer to https://pytorch.org/docs/master/generated/torch.nn.Module.html#torch.nn.Module.state_dict for details.
  "Positional args are being deprecated, use kwargs instead. Refer to "
/home/likc/.conda/envs/capd/lib/python3.7/site-packages/torch/nn/modules/module.py:1433: UserWarning: Positional args are being deprecated, use kwargs instead. Refer to https://pytorch.org/docs/master/generated/torch.nn.Module.html#torch.nn.Module.state_dict for details.
  "Positional args are being deprecated, use kwargs instead. Refer to "
/home/likc/.conda/envs/capd/lib/python3.7/site-packages/torch/nn/modules/module.py:1433: UserWarning: Positional args are being deprecated, use kwargs instead. Refer to https://pytorch.org/docs/master/generated/torch.nn.Module.html#torch.nn.Module.state_dict for details.
  "Positional args are being deprecated, use kwargs instead. Refer to "
/home/likc/.conda/envs/capd/lib/python3.7/site-packages/torch/nn/modules/module.py:1433: UserWarning: Positional args are being deprecated, use kwargs instead. Refer to https://pytorch.org/docs/master/generated/torch.nn.Module.html#torch.nn.Module.state_dict for details.
  "Positional args are being deprecated, use kwargs instead. Refer to "
/home/likc/.conda/envs/capd/lib/python3.7/site-packages/torch/nn/modules/module.py:1433: UserWarning: Positional args are being deprecated, use kwargs instead. Refer to https://pytorch.org/docs/master/generated/torch.nn.Module.html#torch.nn.Module.state_dict for details.
  "Positional args are being deprecated, use kwargs instead. Refer to "
/home/likc/.conda/envs/capd/lib/python3.7/site-packages/torch/nn/modules/module.py:1433: UserWarning: Positional args are being deprecated, use kwargs instead. Refer to https://pytorch.org/docs/master/generated/torch.nn.Module.html#torch.nn.Module.state_dict for details.
  "Positional args are being deprecated, use kwargs instead. Refer to "
/home/likc/.conda/envs/capd/lib/python3.7/site-packages/torch/nn/modules/module.py:1433: UserWarning: Positional args are being deprecated, use kwargs instead. Refer to https://pytorch.org/docs/master/generated/torch.nn.Module.html#torch.nn.Module.state_dict for details.
  "Positional args are being deprecated, use kwargs instead. Refer to "
/home/likc/.conda/envs/capd/lib/python3.7/site-packages/torch/nn/modules/module.py:1433: UserWarning: Positional args are being deprecated, use kwargs instead. Refer to https://pytorch.org/docs/master/generated/torch.nn.Module.html#torch.nn.Module.state_dict for details.
  "Positional args are being deprecated, use kwargs instead. Refer to "
/home/likc/.conda/envs/capd/lib/python3.7/site-packages/torch/nn/modules/module.py:1433: UserWarning: Positional args are being deprecated, use kwargs instead. Refer to https://pytorch.org/docs/master/generated/torch.nn.Module.html#torch.nn.Module.state_dict for details.
  "Positional args are being deprecated, use kwargs instead. Refer to "
/home/likc/.conda/envs/capd/lib/python3.7/site-packages/torch/nn/modules/module.py:1433: UserWarning: Positional args are being deprecated, use kwargs instead. Refer to https://pytorch.org/docs/master/generated/torch.nn.Module.html#torch.nn.Module.state_dict for details.
  "Positional args are being deprecated, use kwargs instead. Refer to "
ended_unix=1784808647.557422
exit_code=0
