QMAP training configuration:
  train_data path: /home/likc/Q-former-for-OS/dataset/jsonl/qmap_parameter_sensitivity/h10_c32_d128_l256.jsonl
  number of training samples: 6064
  batch_size: 32
  epochs: 10
  learning rate: 0.0001
  weight decay: 0.0
  device: cuda
  ablation: cross_attention
  qformer: use=False queries=4 layers=1 heads=2 dropout=0.0
  extractor pooling_strategy: none
  scorer scoring_input: context
  loss weights: inactivity=1.0 coldness=1.0 write_sensitivity=4.0 migration_cost=2.0
Epoch [1/10] iter=1 loss=-0.731994
Epoch [1/10] iter=100 loss=-0.795981
Epoch [1/10] avg_loss=-0.794414
Saved checkpoint: /home/likc/Q-former-for-OS/outputs/checkpoints/qmap_parameter_sensitivity/h10_c32_d128_l256/qmap_epoch_1.pth
Epoch [2/10] iter=191 loss=-0.852144
Epoch [2/10] iter=200 loss=-0.844458
Epoch [2/10] iter=300 loss=-0.859348
Epoch [2/10] avg_loss=-0.857125
Saved checkpoint: /home/likc/Q-former-for-OS/outputs/checkpoints/qmap_parameter_sensitivity/h10_c32_d128_l256/qmap_epoch_2.pth
Epoch [3/10] iter=381 loss=-0.867793
Epoch [3/10] iter=400 loss=-0.874464
Epoch [3/10] iter=500 loss=-0.886066
Epoch [3/10] avg_loss=-0.874493
Saved checkpoint: /home/likc/Q-former-for-OS/outputs/checkpoints/qmap_parameter_sensitivity/h10_c32_d128_l256/qmap_epoch_3.pth
Epoch [4/10] iter=571 loss=-0.877125
Epoch [4/10] iter=600 loss=-0.886375
Epoch [4/10] iter=700 loss=-0.892163
Epoch [4/10] avg_loss=-0.889397
Saved checkpoint: /home/likc/Q-former-for-OS/outputs/checkpoints/qmap_parameter_sensitivity/h10_c32_d128_l256/qmap_epoch_4.pth
Epoch [5/10] iter=761 loss=-0.902266
Epoch [5/10] iter=800 loss=-0.893737
Epoch [5/10] iter=900 loss=-0.900343
Epoch [5/10] avg_loss=-0.898705
Saved checkpoint: /home/likc/Q-former-for-OS/outputs/checkpoints/qmap_parameter_sensitivity/h10_c32_d128_l256/qmap_epoch_5.pth
Epoch [6/10] iter=951 loss=-0.898910
Epoch [6/10] iter=1000 loss=-0.902008
Epoch [6/10] iter=1100 loss=-0.904385
Epoch [6/10] avg_loss=-0.902826
Saved checkpoint: /home/likc/Q-former-for-OS/outputs/checkpoints/qmap_parameter_sensitivity/h10_c32_d128_l256/qmap_epoch_6.pth
Epoch [7/10] iter=1141 loss=-0.911017
Epoch [7/10] iter=1200 loss=-0.907149
Epoch [7/10] iter=1300 loss=-0.902339
Epoch [7/10] avg_loss=-0.904979
Saved checkpoint: /home/likc/Q-former-for-OS/outputs/checkpoints/qmap_parameter_sensitivity/h10_c32_d128_l256/qmap_epoch_7.pth
Epoch [8/10] iter=1331 loss=-0.906306
Epoch [8/10] iter=1400 loss=-0.910187
Epoch [8/10] iter=1500 loss=-0.905015
Epoch [8/10] avg_loss=-0.906440
Saved checkpoint: /home/likc/Q-former-for-OS/outputs/checkpoints/qmap_parameter_sensitivity/h10_c32_d128_l256/qmap_epoch_8.pth
Epoch [9/10] iter=1521 loss=-0.912877
Epoch [9/10] iter=1600 loss=-0.904210
Epoch [9/10] iter=1700 loss=-0.908900
Epoch [9/10] avg_loss=-0.907432
Saved checkpoint: /home/likc/Q-former-for-OS/outputs/checkpoints/qmap_parameter_sensitivity/h10_c32_d128_l256/qmap_epoch_9.pth
Epoch [10/10] iter=1711 loss=-0.905660
Epoch [10/10] iter=1800 loss=-0.905064
Epoch [10/10] iter=1900 loss=-0.911879
Epoch [10/10] avg_loss=-0.908388
Saved checkpoint: /home/likc/Q-former-for-OS/outputs/checkpoints/qmap_parameter_sensitivity/h10_c32_d128_l256/qmap_epoch_10.pth
Training finished.
/home/likc/.conda/envs/qmap/lib/python3.7/site-packages/torch/nn/modules/module.py:1433: UserWarning: Positional args are being deprecated, use kwargs instead. Refer to https://pytorch.org/docs/master/generated/torch.nn.Module.html#torch.nn.Module.state_dict for details.
  "Positional args are being deprecated, use kwargs instead. Refer to "
