QMAP training configuration:
  train_data path: dataset/jsonl/qmap_ablation/writeheavy/no_pc.jsonl
  number of training samples: 4079
  batch_size: 32
  epochs: 10
  learning rate: 0.0001
  device: cuda
  ablation: no_pc
Epoch [1/10] iter=1 loss=-0.781600
Epoch [1/10] iter=100 loss=-0.829354
Epoch [1/10] avg_loss=-0.805568
Saved checkpoint: outputs/checkpoints/qmap_ablation/writeheavy/no_pc/qmap_epoch_1.pth
Epoch [2/10] iter=129 loss=-0.833985
Epoch [2/10] iter=200 loss=-0.843174
Epoch [2/10] avg_loss=-0.851161
Saved checkpoint: outputs/checkpoints/qmap_ablation/writeheavy/no_pc/qmap_epoch_2.pth
Epoch [3/10] iter=257 loss=-0.906096
Epoch [3/10] iter=300 loss=-0.916193
Epoch [3/10] avg_loss=-0.916673
Saved checkpoint: outputs/checkpoints/qmap_ablation/writeheavy/no_pc/qmap_epoch_3.pth
Epoch [4/10] iter=385 loss=-0.925192
Epoch [4/10] iter=400 loss=-0.926626
Epoch [4/10] iter=500 loss=-0.935913
Epoch [4/10] avg_loss=-0.929506
Saved checkpoint: outputs/checkpoints/qmap_ablation/writeheavy/no_pc/qmap_epoch_4.pth
Epoch [5/10] iter=513 loss=-0.935832
Epoch [5/10] iter=600 loss=-0.939400
Epoch [5/10] avg_loss=-0.935293
Saved checkpoint: outputs/checkpoints/qmap_ablation/writeheavy/no_pc/qmap_epoch_5.pth
Epoch [6/10] iter=641 loss=-0.937607
Epoch [6/10] iter=700 loss=-0.913344
Epoch [6/10] avg_loss=-0.939204
Saved checkpoint: outputs/checkpoints/qmap_ablation/writeheavy/no_pc/qmap_epoch_6.pth
Epoch [7/10] iter=769 loss=-0.941641
Epoch [7/10] iter=800 loss=-0.942302
Epoch [7/10] avg_loss=-0.942722
Saved checkpoint: outputs/checkpoints/qmap_ablation/writeheavy/no_pc/qmap_epoch_7.pth
Epoch [8/10] iter=897 loss=-0.946662
Epoch [8/10] iter=900 loss=-0.946322
Epoch [8/10] iter=1000 loss=-0.947916
Epoch [8/10] avg_loss=-0.946101
Saved checkpoint: outputs/checkpoints/qmap_ablation/writeheavy/no_pc/qmap_epoch_8.pth
Epoch [9/10] iter=1025 loss=-0.949784
Epoch [9/10] iter=1100 loss=-0.950976
Epoch [9/10] avg_loss=-0.948032
Saved checkpoint: outputs/checkpoints/qmap_ablation/writeheavy/no_pc/qmap_epoch_9.pth
Epoch [10/10] iter=1153 loss=-0.952512
Epoch [10/10] iter=1200 loss=-0.950958
Epoch [10/10] avg_loss=-0.949289
Saved checkpoint: outputs/checkpoints/qmap_ablation/writeheavy/no_pc/qmap_epoch_10.pth
Training finished.
/home/tingkun/miniconda3/envs/qmap/lib/python3.7/site-packages/torch/nn/modules/module.py:1433: UserWarning: Positional args are being deprecated, use kwargs instead. Refer to https://pytorch.org/docs/master/generated/torch.nn.Module.html#torch.nn.Module.state_dict for details.
  "Positional args are being deprecated, use kwargs instead. Refer to "
