command=/home/likc/.conda/envs/capd/bin/python3 qmap/qmap_eval.py --config /home/likc/Q-former-for-OS/dataset/jsonl/finals_v3_official/canneal/B64/resolved_config.json --selector_params /home/likc/Q-former-for-OS/dataset/jsonl/finals_v3_official/canneal/B64/selector_params.json --policy qmap --checkpoint /home/likc/Q-former-for-OS/outputs/checkpoints/finals_v3_official/stage4_reranker/canneal/seed_42/qmap_best.pth --json_output /home/likc/Q-former-for-OS/outputs/results/finals_v3_official/stage5_main/raw/canneal/qmap/seed_42.json
started_unix=1784799937.7156312
Policy: qmap
Total accesses: 200000
Hits: 197558
Misses: 2442
Hit rate: 98.78%
Migrations: 2378
NVM reads: 2426
NVM writes: 16
Weighted access cost: 226318.00
Policy decisions: 2378
Total decision time: 8.085456s
Avg decision time: 3.400108 ms
Candidate filter decisions: 2378
Candidate B_t range: 64..64
Retained K_t range: 8..8
Avg candidate filter time: 0.413132 ms
ended_unix=1784799959.3004248
exit_code=0
