command=/home/likc/.conda/envs/capd/bin/python3 qmap/qmap_eval.py --config /home/likc/Q-former-for-OS/dataset/jsonl/finals_v3_official/canneal/B64/resolved_config.json --selector_params /home/likc/Q-former-for-OS/dataset/jsonl/finals_v3_official/canneal/B64/selector_params.json --policy qmap --checkpoint /home/likc/Q-former-for-OS/outputs/checkpoints/finals_v3_official/stage4_reranker/canneal/seed_3136859/qmap_best.pth --json_output /home/likc/Q-former-for-OS/outputs/results/finals_v3_official/stage5_main/raw/canneal/qmap/seed_3136859.json
started_unix=1784799915.8112233
Policy: qmap
Total accesses: 200000
Hits: 197300
Misses: 2700
Hit rate: 98.65%
Migrations: 2636
NVM reads: 2684
NVM writes: 16
Weighted access cost: 229156.00
Policy decisions: 2636
Total decision time: 8.886798s
Avg decision time: 3.371320 ms
Candidate filter decisions: 2636
Candidate B_t range: 64..64
Retained K_t range: 8..8
Avg candidate filter time: 0.419047 ms
ended_unix=1784799937.7135317
exit_code=0
