command=/home/likc/.conda/envs/capd/bin/python3 qmap/qmap_eval.py --config /home/likc/Q-former-for-OS/dataset/jsonl/finals_v3_official/canneal/B64/resolved_config.json --selector_params /home/likc/Q-former-for-OS/dataset/jsonl/finals_v3_official/canneal/B64/selector_params.json --policy qmap --checkpoint /home/likc/Q-former-for-OS/outputs/checkpoints/finals_v3_official/stage4_reranker/canneal/seed_2026/qmap_best.pth --json_output /home/likc/Q-former-for-OS/outputs/results/finals_v3_official/stage5_main/raw/canneal/qmap/seed_2026.json
started_unix=1784799959.3027937
Policy: qmap
Total accesses: 200000
Hits: 197495
Misses: 2505
Hit rate: 98.75%
Migrations: 2441
NVM reads: 2489
NVM writes: 16
Weighted access cost: 227011.00
Policy decisions: 2441
Total decision time: 8.250934s
Avg decision time: 3.380145 ms
Candidate filter decisions: 2441
Candidate B_t range: 64..64
Retained K_t range: 8..8
Avg candidate filter time: 0.417829 ms
ended_unix=1784799980.827393
exit_code=0
