QMAP training configuration:
  train_data path: dataset/jsonl/qmap_qformer_k_sweep_writeheavy/train.jsonl
  number of training samples: 4079
  batch_size: 32
  epochs: 20
  learning rate: 0.0001
  weight decay: 0.0
  device: cuda
  ablation: full
  qformer: use=True queries=5 layers=1 heads=2 dropout=0.0
  loss weights: inactivity=1.0 coldness=1.0 write_sensitivity=4.0 migration_cost=2.0
Epoch [1/20] iter=1 loss=-0.787110
Epoch [1/20] iter=100 loss=-0.803206
Epoch [1/20] avg_loss=-0.812136
Saved checkpoint: outputs/checkpoints/qmap_qformer_k_sweep_writeheavy/k5/qmap_epoch_1.pth
Epoch [2/20] iter=129 loss=-0.807972
Epoch [2/20] iter=200 loss=-0.849897
Epoch [2/20] avg_loss=-0.854120
Saved checkpoint: outputs/checkpoints/qmap_qformer_k_sweep_writeheavy/k5/qmap_epoch_2.pth
Epoch [3/20] iter=257 loss=-0.900207
Epoch [3/20] iter=300 loss=-0.920084
Epoch [3/20] avg_loss=-0.922079
Saved checkpoint: outputs/checkpoints/qmap_qformer_k_sweep_writeheavy/k5/qmap_epoch_3.pth
Epoch [4/20] iter=385 loss=-0.932008
Epoch [4/20] iter=400 loss=-0.932136
Epoch [4/20] iter=500 loss=-0.939394
Epoch [4/20] avg_loss=-0.933771
Saved checkpoint: outputs/checkpoints/qmap_qformer_k_sweep_writeheavy/k5/qmap_epoch_4.pth
Epoch [5/20] iter=513 loss=-0.938377
Epoch [5/20] iter=600 loss=-0.941639
Epoch [5/20] avg_loss=-0.938916
Saved checkpoint: outputs/checkpoints/qmap_qformer_k_sweep_writeheavy/k5/qmap_epoch_5.pth
Epoch [6/20] iter=641 loss=-0.941579
Epoch [6/20] iter=700 loss=-0.944418
Epoch [6/20] avg_loss=-0.943443
Saved checkpoint: outputs/checkpoints/qmap_qformer_k_sweep_writeheavy/k5/qmap_epoch_6.pth
Epoch [7/20] iter=769 loss=-0.946749
Epoch [7/20] iter=800 loss=-0.948172
Epoch [7/20] avg_loss=-0.946568
Saved checkpoint: outputs/checkpoints/qmap_qformer_k_sweep_writeheavy/k5/qmap_epoch_7.pth
Epoch [8/20] iter=897 loss=-0.949998
Epoch [8/20] iter=900 loss=-0.948829
Epoch [8/20] iter=1000 loss=-0.950804
Epoch [8/20] avg_loss=-0.948293
Saved checkpoint: outputs/checkpoints/qmap_qformer_k_sweep_writeheavy/k5/qmap_epoch_8.pth
Epoch [9/20] iter=1025 loss=-0.950100
Epoch [9/20] iter=1100 loss=-0.951952
Epoch [9/20] avg_loss=-0.949344
Saved checkpoint: outputs/checkpoints/qmap_qformer_k_sweep_writeheavy/k5/qmap_epoch_9.pth
Epoch [10/20] iter=1153 loss=-0.952087
Epoch [10/20] iter=1200 loss=-0.951959
Epoch [10/20] avg_loss=-0.950068
Saved checkpoint: outputs/checkpoints/qmap_qformer_k_sweep_writeheavy/k5/qmap_epoch_10.pth
Epoch [11/20] iter=1281 loss=-0.951477
Epoch [11/20] iter=1300 loss=-0.950759
Epoch [11/20] iter=1400 loss=-0.952142
Epoch [11/20] avg_loss=-0.950627
Saved checkpoint: outputs/checkpoints/qmap_qformer_k_sweep_writeheavy/k5/qmap_epoch_11.pth
Epoch [12/20] iter=1409 loss=-0.952492
Epoch [12/20] iter=1500 loss=-0.953007
Epoch [12/20] avg_loss=-0.951064
Saved checkpoint: outputs/checkpoints/qmap_qformer_k_sweep_writeheavy/k5/qmap_epoch_12.pth
Epoch [13/20] iter=1537 loss=-0.953142
Epoch [13/20] iter=1600 loss=-0.952115
Epoch [13/20] avg_loss=-0.951434
Saved checkpoint: outputs/checkpoints/qmap_qformer_k_sweep_writeheavy/k5/qmap_epoch_13.pth
Epoch [14/20] iter=1665 loss=-0.953118
Epoch [14/20] iter=1700 loss=-0.953451
Epoch [14/20] avg_loss=-0.951755
Saved checkpoint: outputs/checkpoints/qmap_qformer_k_sweep_writeheavy/k5/qmap_epoch_14.pth
Epoch [15/20] iter=1793 loss=-0.952585
Epoch [15/20] iter=1800 loss=-0.954207
Epoch [15/20] iter=1900 loss=-0.953679
Epoch [15/20] avg_loss=-0.952055
Saved checkpoint: outputs/checkpoints/qmap_qformer_k_sweep_writeheavy/k5/qmap_epoch_15.pth
Epoch [16/20] iter=1921 loss=-0.952007
Epoch [16/20] iter=2000 loss=-0.954067
Epoch [16/20] avg_loss=-0.952329
Saved checkpoint: outputs/checkpoints/qmap_qformer_k_sweep_writeheavy/k5/qmap_epoch_16.pth
Epoch [17/20] iter=2049 loss=-0.954042
Epoch [17/20] iter=2100 loss=-0.952918
Epoch [17/20] avg_loss=-0.952317
Saved checkpoint: outputs/checkpoints/qmap_qformer_k_sweep_writeheavy/k5/qmap_epoch_17.pth
Epoch [18/20] iter=2177 loss=-0.954252
Epoch [18/20] iter=2200 loss=-0.953865
Epoch [18/20] iter=2300 loss=-0.954722
Epoch [18/20] avg_loss=-0.952841
Saved checkpoint: outputs/checkpoints/qmap_qformer_k_sweep_writeheavy/k5/qmap_epoch_18.pth
Epoch [19/20] iter=2305 loss=-0.954534
Epoch [19/20] iter=2400 loss=-0.954331
Epoch [19/20] avg_loss=-0.953096
Saved checkpoint: outputs/checkpoints/qmap_qformer_k_sweep_writeheavy/k5/qmap_epoch_19.pth
Epoch [20/20] iter=2433 loss=-0.952909
Epoch [20/20] iter=2500 loss=-0.955105
Epoch [20/20] avg_loss=-0.953359
Saved checkpoint: outputs/checkpoints/qmap_qformer_k_sweep_writeheavy/k5/qmap_epoch_20.pth
Training finished.
/home/tingkun/miniconda3/envs/qmap/lib/python3.7/site-packages/torch/nn/modules/module.py:1433: UserWarning: Positional args are being deprecated, use kwargs instead. Refer to https://pytorch.org/docs/master/generated/torch.nn.Module.html#torch.nn.Module.state_dict for details.
  "Positional args are being deprecated, use kwargs instead. Refer to "
