command=/home/likc/.conda/envs/capd/bin/python3 qmap/qmap_eval.py --config /home/likc/Q-former-for-OS/dataset/jsonl/finals_v3_official/stage5_sensitivity/sensitivity_H20/canneal/resolved_config.json --selector_params /home/likc/Q-former-for-OS/dataset/jsonl/finals_v3_official/stage5_sensitivity/sensitivity_H20/canneal/selector_params.json --policy qmap --checkpoint /home/likc/Q-former-for-OS/outputs/checkpoints/finals_v3_official/stage5_sensitivity/sensitivity_H20/canneal/seed_3136859/qmap_best.pth --json_output /home/likc/Q-former-for-OS/outputs/results/finals_v3_official/stage5_sensitivity/raw/sensitivity_H20/canneal/seed_3136859.json
started_unix=1784862115.3317397
/home/likc/.conda/envs/capd/lib/python3.7/site-packages/torch/cuda/__init__.py:88: UserWarning: CUDA initialization: Unexpected error from cudaGetDeviceCount(). Did you run some cuda functions before calling NumCudaDevices() that might have already set an error? Error 804: forward compatibility was attempted on non supported HW (Triggered internally at ../c10/cuda/CUDAFunctions.cpp:109.)
  return torch._C._cuda_getDeviceCount() > 0
Policy: qmap
Total accesses: 200000
Hits: 197493
Misses: 2507
Hit rate: 98.75%
Migrations: 2443
NVM reads: 2491
NVM writes: 16
Weighted access cost: 227033.00
Policy decisions: 2443
Total decision time: 7.074529s
Avg decision time: 2.895837 ms
Candidate filter decisions: 2443
Candidate B_t range: 64..64
Retained K_t range: 8..8
Avg candidate filter time: 0.695182 ms
ended_unix=1784862137.1072419
exit_code=0
