command=/home/likc/.conda/envs/capd/bin/python3 qmap/qmap_eval.py --config /home/likc/Q-former-for-OS/dataset/jsonl/finals_v3_official/stage6_capacity/capacity_D128/canneal/resolved_config.json --selector_params /home/likc/Q-former-for-OS/dataset/jsonl/finals_v3_official/stage6_capacity/capacity_D128/canneal/selector_params.json --policy qmap --checkpoint /home/likc/Q-former-for-OS/outputs/checkpoints/finals_v3_official/stage6_capacity/capacity_D128/canneal/seed_3136859/qmap_best.pth --json_output /home/likc/Q-former-for-OS/outputs/results/finals_v3_official/stage6_capacity/raw/capacity_D128/canneal/qmap/seed_3136859.json
started_unix=1785045233.2817879
Policy: qmap
Total accesses: 200000
Hits: 198049
Misses: 1951
Hit rate: 99.02%
Migrations: 1823
NVM reads: 1936
NVM writes: 15
Weighted access cost: 220271.00
Policy decisions: 1823
Total decision time: 6.094943s
Avg decision time: 3.343358 ms
Candidate filter decisions: 1823
Candidate B_t range: 64..64
Retained K_t range: 8..8
Avg candidate filter time: 0.395829 ms
ended_unix=1785045251.8929431
exit_code=0
