command=/home/likc/.conda/envs/capd/bin/python3 qmap/qmap_eval.py --config /home/likc/Q-former-for-OS/dataset/jsonl/finals_v3_official/stage6_capacity/capacity_D128/canneal/resolved_config.json --selector_params /home/likc/Q-former-for-OS/dataset/jsonl/finals_v3_official/stage6_capacity/capacity_D128/canneal/selector_params.json --policy qmap --checkpoint /home/likc/Q-former-for-OS/outputs/checkpoints/finals_v3_official/stage6_capacity/capacity_D128/canneal/seed_42/qmap_best.pth --json_output /home/likc/Q-former-for-OS/outputs/results/finals_v3_official/stage6_capacity/raw/capacity_D128/canneal/qmap/seed_42.json
started_unix=1785045293.4050727
Policy: qmap
Total accesses: 200000
Hits: 198095
Misses: 1905
Hit rate: 99.05%
Migrations: 1777
NVM reads: 1890
NVM writes: 15
Weighted access cost: 219765.00
Policy decisions: 1777
Total decision time: 5.983096s
Avg decision time: 3.366964 ms
Candidate filter decisions: 1777
Candidate B_t range: 64..64
Retained K_t range: 8..8
Avg candidate filter time: 0.399241 ms
ended_unix=1785045311.8573017
exit_code=0
