command=/home/likc/.conda/envs/capd/bin/python3 qmap/qmap_train.py --config /home/likc/Q-former-for-OS/dataset/jsonl/finals_v3_official/stage5_ablation/no_filter_B8_K8/streamcluster_pressure/resolved_config.json --selector_params /home/likc/Q-former-for-OS/dataset/jsonl/finals_v3_official/stage5_ablation/no_filter_B8_K8/streamcluster_pressure/selector_params.json --train_data /home/likc/Q-former-for-OS/dataset/jsonl/finals_v3_official/stage5_ablation/no_filter_B8_K8/streamcluster_pressure/train.jsonl --valid_data /home/likc/Q-former-for-OS/dataset/jsonl/finals_v3_official/stage5_ablation/no_filter_B8_K8/streamcluster_pressure/valid.jsonl --output_dir /home/likc/Q-former-for-OS/outputs/checkpoints/finals_v3_official/stage5_ablation/no_filter_B8_K8/streamcluster_pressure/seed_2026 --seed 2026
started_unix=1784801240.328976
QMAP training: train=/home/likc/Q-former-for-OS/dataset/jsonl/finals_v3_official/stage5_ablation/no_filter_B8_K8/streamcluster_pressure/train.jsonl valid=/home/likc/Q-former-for-OS/dataset/jsonl/finals_v3_official/stage5_ablation/no_filter_B8_K8/streamcluster_pressure/valid.jsonl samples=8694/2839 device=cuda
epoch=1/10 iter=1 loss=-0.000000
epoch=1/10 iter=100 loss=-0.024467
epoch=1/10 iter=200 loss=-0.127014
epoch=1/10 train_loss=-0.048406 valid_loss=-0.050696
epoch=2/10 iter=300 loss=-0.085657
epoch=2/10 iter=400 loss=-0.086363
epoch=2/10 iter=500 loss=-0.029632
epoch=2/10 train_loss=-0.056928 valid_loss=-0.052977
epoch=3/10 iter=600 loss=-0.000000
epoch=3/10 iter=700 loss=-0.031011
epoch=3/10 iter=800 loss=-0.123703
epoch=3/10 train_loss=-0.058243 valid_loss=-0.054290
epoch=4/10 iter=900 loss=-0.061829
epoch=4/10 iter=1000 loss=-0.000000
epoch=4/10 train_loss=-0.059427 valid_loss=-0.054466
epoch=5/10 iter=1100 loss=-0.155626
epoch=5/10 iter=1200 loss=-0.062377
epoch=5/10 iter=1300 loss=-0.124694
epoch=5/10 train_loss=-0.059676 valid_loss=-0.054716
epoch=6/10 iter=1400 loss=-0.031176
epoch=6/10 iter=1500 loss=-0.031205
epoch=6/10 iter=1600 loss=-0.124857
epoch=6/10 train_loss=-0.059738 valid_loss=-0.054769
epoch=7/10 iter=1700 loss=-0.031218
epoch=7/10 iter=1800 loss=-0.156129
epoch=7/10 iter=1900 loss=-0.062278
epoch=7/10 train_loss=-0.059664 valid_loss=-0.054771
epoch=8/10 iter=2000 loss=-0.031228
epoch=8/10 iter=2100 loss=-0.062478
epoch=8/10 train_loss=-0.059680 valid_loss=-0.054756
epoch=9/10 iter=2200 loss=-0.062381
epoch=9/10 iter=2300 loss=-0.031071
epoch=9/10 iter=2400 loss=-0.062474
epoch=9/10 train_loss=-0.059847 valid_loss=-0.054827
epoch=10/10 iter=2500 loss=-0.031233
epoch=10/10 iter=2600 loss=-0.093724
epoch=10/10 iter=2700 loss=-0.030907
epoch=10/10 train_loss=-0.059906 valid_loss=-0.054766
Training finished. best=/home/likc/Q-former-for-OS/outputs/checkpoints/finals_v3_official/stage5_ablation/no_filter_B8_K8/streamcluster_pressure/seed_2026/qmap_best.pth last=/home/likc/Q-former-for-OS/outputs/checkpoints/finals_v3_official/stage5_ablation/no_filter_B8_K8/streamcluster_pressure/seed_2026/qmap_last.pth
/home/likc/.conda/envs/capd/lib/python3.7/site-packages/torch/nn/modules/module.py:1433: UserWarning: Positional args are being deprecated, use kwargs instead. Refer to https://pytorch.org/docs/master/generated/torch.nn.Module.html#torch.nn.Module.state_dict for details.
  "Positional args are being deprecated, use kwargs instead. Refer to "
/home/likc/.conda/envs/capd/lib/python3.7/site-packages/torch/nn/modules/module.py:1433: UserWarning: Positional args are being deprecated, use kwargs instead. Refer to https://pytorch.org/docs/master/generated/torch.nn.Module.html#torch.nn.Module.state_dict for details.
  "Positional args are being deprecated, use kwargs instead. Refer to "
/home/likc/.conda/envs/capd/lib/python3.7/site-packages/torch/nn/modules/module.py:1433: UserWarning: Positional args are being deprecated, use kwargs instead. Refer to https://pytorch.org/docs/master/generated/torch.nn.Module.html#torch.nn.Module.state_dict for details.
  "Positional args are being deprecated, use kwargs instead. Refer to "
/home/likc/.conda/envs/capd/lib/python3.7/site-packages/torch/nn/modules/module.py:1433: UserWarning: Positional args are being deprecated, use kwargs instead. Refer to https://pytorch.org/docs/master/generated/torch.nn.Module.html#torch.nn.Module.state_dict for details.
  "Positional args are being deprecated, use kwargs instead. Refer to "
/home/likc/.conda/envs/capd/lib/python3.7/site-packages/torch/nn/modules/module.py:1433: UserWarning: Positional args are being deprecated, use kwargs instead. Refer to https://pytorch.org/docs/master/generated/torch.nn.Module.html#torch.nn.Module.state_dict for details.
  "Positional args are being deprecated, use kwargs instead. Refer to "
/home/likc/.conda/envs/capd/lib/python3.7/site-packages/torch/nn/modules/module.py:1433: UserWarning: Positional args are being deprecated, use kwargs instead. Refer to https://pytorch.org/docs/master/generated/torch.nn.Module.html#torch.nn.Module.state_dict for details.
  "Positional args are being deprecated, use kwargs instead. Refer to "
/home/likc/.conda/envs/capd/lib/python3.7/site-packages/torch/nn/modules/module.py:1433: UserWarning: Positional args are being deprecated, use kwargs instead. Refer to https://pytorch.org/docs/master/generated/torch.nn.Module.html#torch.nn.Module.state_dict for details.
  "Positional args are being deprecated, use kwargs instead. Refer to "
/home/likc/.conda/envs/capd/lib/python3.7/site-packages/torch/nn/modules/module.py:1433: UserWarning: Positional args are being deprecated, use kwargs instead. Refer to https://pytorch.org/docs/master/generated/torch.nn.Module.html#torch.nn.Module.state_dict for details.
  "Positional args are being deprecated, use kwargs instead. Refer to "
/home/likc/.conda/envs/capd/lib/python3.7/site-packages/torch/nn/modules/module.py:1433: UserWarning: Positional args are being deprecated, use kwargs instead. Refer to https://pytorch.org/docs/master/generated/torch.nn.Module.html#torch.nn.Module.state_dict for details.
  "Positional args are being deprecated, use kwargs instead. Refer to "
/home/likc/.conda/envs/capd/lib/python3.7/site-packages/torch/nn/modules/module.py:1433: UserWarning: Positional args are being deprecated, use kwargs instead. Refer to https://pytorch.org/docs/master/generated/torch.nn.Module.html#torch.nn.Module.state_dict for details.
  "Positional args are being deprecated, use kwargs instead. Refer to "
ended_unix=1784801309.9600074
exit_code=0
