command=/home/likc/.conda/envs/capd/bin/python3 qmap/qmap_eval.py --config /home/likc/Q-former-for-OS/dataset/jsonl/finals_v3_official/stage5_ablation/selector_drop_Delta/canneal/resolved_config.json --selector_params /home/likc/Q-former-for-OS/dataset/jsonl/finals_v3_official/stage5_ablation/selector_drop_Delta/canneal/selector_params.json --policy qmap --checkpoint /home/likc/Q-former-for-OS/outputs/checkpoints/finals_v3_official/stage5_ablation/selector_drop_Delta/canneal/seed_42/qmap_best.pth --json_output /home/likc/Q-former-for-OS/outputs/results/finals_v3_official/stage5_ablation/raw/selector_drop_Delta/canneal/seed_42.json
started_unix=1784801987.3679376
Policy: qmap
Total accesses: 200000
Hits: 193044
Misses: 6956
Hit rate: 96.52%
Migrations: 6892
NVM reads: 6941
NVM writes: 15
Weighted access cost: 275966.00
Policy decisions: 6892
Total decision time: 22.441143s
Avg decision time: 3.256115 ms
Candidate filter decisions: 6892
Candidate B_t range: 64..64
Retained K_t range: 8..8
Avg candidate filter time: 0.424049 ms
ended_unix=1784802023.183763
exit_code=0
