command=/home/likc/.conda/envs/capd/bin/python3 qmap/qmap_eval.py --config /home/likc/Q-former-for-OS/dataset/jsonl/finals_v3_official/stage5_ablation/selector_drop_Delta/canneal/resolved_config.json --selector_params /home/likc/Q-former-for-OS/dataset/jsonl/finals_v3_official/stage5_ablation/selector_drop_Delta/canneal/selector_params.json --policy qmap --checkpoint /home/likc/Q-former-for-OS/outputs/checkpoints/finals_v3_official/stage5_ablation/selector_drop_Delta/canneal/seed_2026/qmap_best.pth --json_output /home/likc/Q-former-for-OS/outputs/results/finals_v3_official/stage5_ablation/raw/selector_drop_Delta/canneal/seed_2026.json
started_unix=1784802090.9494998
Policy: qmap
Total accesses: 200000
Hits: 187130
Misses: 12870
Hit rate: 93.56%
Migrations: 12806
NVM reads: 12829
NVM writes: 41
Weighted access cost: 341176.00
Policy decisions: 12806
Total decision time: 41.510800s
Avg decision time: 3.241512 ms
Candidate filter decisions: 12806
Candidate B_t range: 64..64
Retained K_t range: 8..8
Avg candidate filter time: 0.417853 ms
ended_unix=1784802145.9736469
exit_code=0
