command=/home/likc/.conda/envs/capd/bin/python3 qmap/qmap_eval.py --config /home/likc/Q-former-for-OS/dataset/jsonl/capd_bridge_diagnostic/official_current_selector_D16_B16K8/resolved_config.json --selector_params /home/likc/Q-former-for-OS/dataset/jsonl/capd_bridge_diagnostic/official_current_selector_D16_B16K8/selector_params.json --policy qmap --checkpoint /home/likc/Q-former-for-OS/outputs/checkpoints/capd_bridge_diagnostic/official_current_selector_D16_B16K8/seed_42/qmap_best.pth --bridge_diagnostics --json_output /home/likc/Q-former-for-OS/outputs/results/capd_bridge_diagnostic/raw/cases/official_current_selector_D16_B16K8/qmap/seed_42.json
started_unix=1785058689.5241566
Policy: qmap
Total accesses: 200000
Hits: 196793
Misses: 3207
Hit rate: 98.40%
Migrations: 3191
NVM reads: 3144
NVM writes: 63
Weighted access cost: 235495.00
Policy decisions: 3191
Total decision time: 10.673679s
Avg decision time: 3.344932 ms
Candidate filter decisions: 3191
Candidate B_t range: 16..16
Retained K_t range: 8..8
Avg candidate filter time: 0.128250 ms
ended_unix=1785058704.4371066
exit_code=0
