command=/home/likc/.conda/envs/capd/bin/python3 qmap/qmap_eval.py --config /home/likc/Q-former-for-OS/dataset/jsonl/capd_bridge_diagnostic/official_current_selector_D16_B16K8/resolved_config.json --selector_params /home/likc/Q-former-for-OS/dataset/jsonl/capd_bridge_diagnostic/official_current_selector_D16_B16K8/selector_params.json --policy qmap --checkpoint /home/likc/Q-former-for-OS/outputs/checkpoints/capd_bridge_diagnostic/official_current_selector_D16_B16K8/seed_3136859/qmap_best.pth --bridge_diagnostics --json_output /home/likc/Q-former-for-OS/outputs/results/capd_bridge_diagnostic/raw/cases/official_current_selector_D16_B16K8/qmap/seed_3136859.json
started_unix=1785058578.7142615
Policy: qmap
Total accesses: 200000
Hits: 196773
Misses: 3227
Hit rate: 98.39%
Migrations: 3211
NVM reads: 3177
NVM writes: 50
Weighted access cost: 235637.00
Policy decisions: 3211
Total decision time: 10.742436s
Avg decision time: 3.345511 ms
Candidate filter decisions: 3211
Candidate B_t range: 16..16
Retained K_t range: 8..8
Avg candidate filter time: 0.131738 ms
ended_unix=1785058593.8260508
exit_code=0
