QMAP training configuration:
  train_data path: dataset/jsonl/qmap_ablation_pcrwstress/no_cost.jsonl
  number of training samples: 4082
  batch_size: 32
  epochs: 10
  learning rate: 0.0001
  weight decay: 0.0
  device: cuda
  ablation: no_cost
  qformer: use=True queries=4 layers=1 heads=2 dropout=0.0
  loss weights: inactivity=1.0 coldness=1.0 write_sensitivity=4.0 migration_cost=2.0
Epoch [1/10] iter=1 loss=-0.771698
Epoch [1/10] iter=100 loss=-0.806665
Epoch [1/10] avg_loss=-0.785338
Saved checkpoint: outputs/checkpoints/qmap_ablation_pcrwstress/no_cost/qmap_epoch_1.pth
Epoch [2/10] iter=129 loss=-0.810930
Epoch [2/10] iter=200 loss=-0.800815
Epoch [2/10] avg_loss=-0.831957
Saved checkpoint: outputs/checkpoints/qmap_ablation_pcrwstress/no_cost/qmap_epoch_2.pth
Epoch [3/10] iter=257 loss=-0.879526
Epoch [3/10] iter=300 loss=-0.921188
Epoch [3/10] avg_loss=-0.916433
Saved checkpoint: outputs/checkpoints/qmap_ablation_pcrwstress/no_cost/qmap_epoch_3.pth
Epoch [4/10] iter=385 loss=-0.937001
Epoch [4/10] iter=400 loss=-0.939975
Epoch [4/10] iter=500 loss=-0.948672
Epoch [4/10] avg_loss=-0.935718
Saved checkpoint: outputs/checkpoints/qmap_ablation_pcrwstress/no_cost/qmap_epoch_4.pth
Epoch [5/10] iter=513 loss=-0.948940
Epoch [5/10] iter=600 loss=-0.951794
Epoch [5/10] avg_loss=-0.941941
Saved checkpoint: outputs/checkpoints/qmap_ablation_pcrwstress/no_cost/qmap_epoch_5.pth
Epoch [6/10] iter=641 loss=-0.952769
Epoch [6/10] iter=700 loss=-0.922610
Epoch [6/10] avg_loss=-0.944392
Saved checkpoint: outputs/checkpoints/qmap_ablation_pcrwstress/no_cost/qmap_epoch_6.pth
Epoch [7/10] iter=769 loss=-0.953648
Epoch [7/10] iter=800 loss=-0.954407
Epoch [7/10] avg_loss=-0.945766
Saved checkpoint: outputs/checkpoints/qmap_ablation_pcrwstress/no_cost/qmap_epoch_7.pth
Epoch [8/10] iter=897 loss=-0.955505
Epoch [8/10] iter=900 loss=-0.924995
Epoch [8/10] iter=1000 loss=-0.957644
Epoch [8/10] avg_loss=-0.947840
Saved checkpoint: outputs/checkpoints/qmap_ablation_pcrwstress/no_cost/qmap_epoch_8.pth
Epoch [9/10] iter=1025 loss=-0.957465
Epoch [9/10] iter=1100 loss=-0.928370
Epoch [9/10] avg_loss=-0.949202
Saved checkpoint: outputs/checkpoints/qmap_ablation_pcrwstress/no_cost/qmap_epoch_9.pth
Epoch [10/10] iter=1153 loss=-0.958294
Epoch [10/10] iter=1200 loss=-0.958872
Epoch [10/10] avg_loss=-0.949910
Saved checkpoint: outputs/checkpoints/qmap_ablation_pcrwstress/no_cost/qmap_epoch_10.pth
Training finished.
/home/tingkun/miniconda3/envs/qmap/lib/python3.7/site-packages/torch/nn/modules/module.py:1433: UserWarning: Positional args are being deprecated, use kwargs instead. Refer to https://pytorch.org/docs/master/generated/torch.nn.Module.html#torch.nn.Module.state_dict for details.
  "Positional args are being deprecated, use kwargs instead. Refer to "
