command=/home/likc/.conda/envs/capd/bin/python3 qmap/qmap_eval.py --config /home/likc/Q-former-for-OS/dataset/jsonl/finals_v3_official/stage5_ablation/no_candidate_state/streamcluster_pressure/resolved_config.json --selector_params /home/likc/Q-former-for-OS/dataset/jsonl/finals_v3_official/stage5_ablation/no_candidate_state/streamcluster_pressure/selector_params.json --policy qmap --checkpoint /home/likc/Q-former-for-OS/outputs/checkpoints/finals_v3_official/stage5_ablation/no_candidate_state/streamcluster_pressure/seed_2026/qmap_best.pth --json_output /home/likc/Q-former-for-OS/outputs/results/finals_v3_official/stage5_ablation/raw/no_candidate_state/streamcluster_pressure/seed_2026.json
started_unix=1784808746.8795614
Policy: qmap
Total accesses: 200000
Hits: 197156
Misses: 2844
Hit rate: 98.58%
Migrations: 2780
NVM reads: 2843
NVM writes: 1
Weighted access cost: 230650.00
Policy decisions: 2780
Total decision time: 9.285954s
Avg decision time: 3.340271 ms
Candidate filter decisions: 2780
Candidate B_t range: 64..64
Retained K_t range: 8..8
Avg candidate filter time: 0.415557 ms
ended_unix=1784808769.4021769
exit_code=0
