command=/home/likc/.conda/envs/capd/bin/python3 qmap/qmap_eval.py --config /home/likc/Q-former-for-OS/dataset/jsonl/finals_v3_official/stage5_ablation/no_candidate_state/streamcluster_pressure/resolved_config.json --selector_params /home/likc/Q-former-for-OS/dataset/jsonl/finals_v3_official/stage5_ablation/no_candidate_state/streamcluster_pressure/selector_params.json --policy qmap --checkpoint /home/likc/Q-former-for-OS/outputs/checkpoints/finals_v3_official/stage5_ablation/no_candidate_state/streamcluster_pressure/seed_3136859/qmap_best.pth --json_output /home/likc/Q-former-for-OS/outputs/results/finals_v3_official/stage5_ablation/raw/no_candidate_state/streamcluster_pressure/seed_3136859.json
started_unix=1784808546.4071305
Policy: qmap
Total accesses: 200000
Hits: 197157
Misses: 2843
Hit rate: 98.58%
Migrations: 2779
NVM reads: 2842
NVM writes: 1
Weighted access cost: 230639.00
Policy decisions: 2779
Total decision time: 9.535670s
Avg decision time: 3.431331 ms
Candidate filter decisions: 2779
Candidate B_t range: 64..64
Retained K_t range: 8..8
Avg candidate filter time: 0.417505 ms
ended_unix=1784808569.0069366
exit_code=0
