command=/home/likc/.conda/envs/capd/bin/python3 qmap/qmap_eval.py --config /home/likc/Q-former-for-OS/dataset/jsonl/finals_v3_official/stage5_sensitivity/sensitivity_B32/dedup_pressure/resolved_config.json --selector_params /home/likc/Q-former-for-OS/dataset/jsonl/finals_v3_official/stage5_sensitivity/sensitivity_B32/dedup_pressure/selector_params.json --policy qmap --checkpoint /home/likc/Q-former-for-OS/outputs/checkpoints/finals_v3_official/stage5_sensitivity/sensitivity_B32/dedup_pressure/seed_3136859/qmap_best.pth --json_output /home/likc/Q-former-for-OS/outputs/results/finals_v3_official/stage5_sensitivity/raw/sensitivity_B32/dedup_pressure/seed_3136859.json
started_unix=1784812212.2534256
Policy: qmap
Total accesses: 1000000
Hits: 996677
Misses: 3323
Hit rate: 99.67%
Migrations: 3259
NVM reads: 1782
NVM writes: 1541
Weighted access cost: 1045159.00
Policy decisions: 3259
Total decision time: 10.227707s
Avg decision time: 3.138296 ms
Candidate filter decisions: 3259
Candidate B_t range: 32..32
Retained K_t range: 8..8
Avg candidate filter time: 0.218075 ms
ended_unix=1784812259.0638514
exit_code=0
