QMAP training configuration:
  train_data path: /home/tingkun/lcs/cache_replacement/dataset/jsonl/qmap_ablation/no_qformer.jsonl
  number of training samples: 6064
  batch_size: 32
  epochs: 10
  learning rate: 0.0001
  device: cuda
  ablation: no_qformer
Epoch [1/10] iter=1 loss=-0.743224
Epoch [1/10] iter=100 loss=-0.772362
Epoch [1/10] avg_loss=-0.762238
Saved checkpoint: /home/tingkun/lcs/cache_replacement/outputs/checkpoints/qmap_ablation/no_qformer/qmap_epoch_1.pth
Epoch [2/10] iter=191 loss=-0.792653
Epoch [2/10] iter=200 loss=-0.803175
Epoch [2/10] iter=300 loss=-0.885432
Epoch [2/10] avg_loss=-0.872158
Saved checkpoint: /home/tingkun/lcs/cache_replacement/outputs/checkpoints/qmap_ablation/no_qformer/qmap_epoch_2.pth
Epoch [3/10] iter=381 loss=-0.906357
Epoch [3/10] iter=400 loss=-0.904490
Epoch [3/10] iter=500 loss=-0.914976
Epoch [3/10] avg_loss=-0.911733
Saved checkpoint: /home/tingkun/lcs/cache_replacement/outputs/checkpoints/qmap_ablation/no_qformer/qmap_epoch_3.pth
Epoch [4/10] iter=571 loss=-0.912446
Epoch [4/10] iter=600 loss=-0.919333
Epoch [4/10] iter=700 loss=-0.925208
Epoch [4/10] avg_loss=-0.920473
Saved checkpoint: /home/tingkun/lcs/cache_replacement/outputs/checkpoints/qmap_ablation/no_qformer/qmap_epoch_4.pth
Epoch [5/10] iter=761 loss=-0.923640
Epoch [5/10] iter=800 loss=-0.926050
Epoch [5/10] iter=900 loss=-0.928059
Epoch [5/10] avg_loss=-0.924405
Saved checkpoint: /home/tingkun/lcs/cache_replacement/outputs/checkpoints/qmap_ablation/no_qformer/qmap_epoch_5.pth
Epoch [6/10] iter=951 loss=-0.930401
Epoch [6/10] iter=1000 loss=-0.927964
Epoch [6/10] iter=1100 loss=-0.923639
Epoch [6/10] avg_loss=-0.926486
Saved checkpoint: /home/tingkun/lcs/cache_replacement/outputs/checkpoints/qmap_ablation/no_qformer/qmap_epoch_6.pth
Epoch [7/10] iter=1141 loss=-0.932392
Epoch [7/10] iter=1200 loss=-0.921121
Epoch [7/10] iter=1300 loss=-0.934406
Epoch [7/10] avg_loss=-0.927783
Saved checkpoint: /home/tingkun/lcs/cache_replacement/outputs/checkpoints/qmap_ablation/no_qformer/qmap_epoch_7.pth
Epoch [8/10] iter=1331 loss=-0.930235
Epoch [8/10] iter=1400 loss=-0.915649
Epoch [8/10] iter=1500 loss=-0.933997
Epoch [8/10] avg_loss=-0.928634
Saved checkpoint: /home/tingkun/lcs/cache_replacement/outputs/checkpoints/qmap_ablation/no_qformer/qmap_epoch_8.pth
Epoch [9/10] iter=1521 loss=-0.926934
Epoch [9/10] iter=1600 loss=-0.924417
Epoch [9/10] iter=1700 loss=-0.927279
Epoch [9/10] avg_loss=-0.929327
Saved checkpoint: /home/tingkun/lcs/cache_replacement/outputs/checkpoints/qmap_ablation/no_qformer/qmap_epoch_9.pth
Epoch [10/10] iter=1711 loss=-0.919594
Epoch [10/10] iter=1800 loss=-0.930839
Epoch [10/10] iter=1900 loss=-0.932383
Epoch [10/10] avg_loss=-0.929918
Saved checkpoint: /home/tingkun/lcs/cache_replacement/outputs/checkpoints/qmap_ablation/no_qformer/qmap_epoch_10.pth
Training finished.
/home/tingkun/miniconda3/envs/qmap/lib/python3.7/site-packages/torch/nn/modules/module.py:1433: UserWarning: Positional args are being deprecated, use kwargs instead. Refer to https://pytorch.org/docs/master/generated/torch.nn.Module.html#torch.nn.Module.state_dict for details.
  "Positional args are being deprecated, use kwargs instead. Refer to "
