QMAP training configuration:
  train_data path: /home/likc/Q-former-for-OS/dataset/jsonl/real_workload_suite_pressure/selected/parsec_dedup_train.jsonl
  number of training samples: 330
  batch_size: 32
  epochs: 10
  learning rate: 0.0001
  weight decay: 0.0
  device: cuda
  ablation: mean_pool
  qformer: use=False queries=4 layers=1 heads=2 dropout=0.0
  loss weights: inactivity=1.0 coldness=1.0 write_sensitivity=4.0 migration_cost=2.0
Epoch [1/10] iter=1 loss=-0.000000
Epoch [1/10] avg_loss=0.000000
Saved checkpoint: outputs/checkpoints/real_workload_suite_pressure/selected/parsec_dedup/qmap_epoch_1.pth
Epoch [2/10] iter=12 loss=-0.000000
Epoch [2/10] avg_loss=0.000000
Saved checkpoint: outputs/checkpoints/real_workload_suite_pressure/selected/parsec_dedup/qmap_epoch_2.pth
Epoch [3/10] iter=23 loss=-0.000000
Epoch [3/10] avg_loss=0.000000
Saved checkpoint: outputs/checkpoints/real_workload_suite_pressure/selected/parsec_dedup/qmap_epoch_3.pth
Epoch [4/10] iter=34 loss=-0.000000
Epoch [4/10] avg_loss=0.000000
Saved checkpoint: outputs/checkpoints/real_workload_suite_pressure/selected/parsec_dedup/qmap_epoch_4.pth
Epoch [5/10] iter=45 loss=-0.000000
Epoch [5/10] avg_loss=0.000000
Saved checkpoint: outputs/checkpoints/real_workload_suite_pressure/selected/parsec_dedup/qmap_epoch_5.pth
Epoch [6/10] iter=56 loss=-0.000000
Epoch [6/10] avg_loss=0.000000
Saved checkpoint: outputs/checkpoints/real_workload_suite_pressure/selected/parsec_dedup/qmap_epoch_6.pth
Epoch [7/10] iter=67 loss=-0.000000
Epoch [7/10] avg_loss=0.000000
Saved checkpoint: outputs/checkpoints/real_workload_suite_pressure/selected/parsec_dedup/qmap_epoch_7.pth
Epoch [8/10] iter=78 loss=-0.000000
Epoch [8/10] avg_loss=0.000000
Saved checkpoint: outputs/checkpoints/real_workload_suite_pressure/selected/parsec_dedup/qmap_epoch_8.pth
Epoch [9/10] iter=89 loss=-0.000000
Epoch [9/10] avg_loss=0.000000
Saved checkpoint: outputs/checkpoints/real_workload_suite_pressure/selected/parsec_dedup/qmap_epoch_9.pth
Epoch [10/10] iter=100 loss=-0.000000
Epoch [10/10] iter=100 loss=-0.000000
Epoch [10/10] avg_loss=0.000000
Saved checkpoint: outputs/checkpoints/real_workload_suite_pressure/selected/parsec_dedup/qmap_epoch_10.pth
Training finished.
/home/likc/.conda/envs/qmap/lib/python3.7/site-packages/torch/nn/modules/module.py:1433: UserWarning: Positional args are being deprecated, use kwargs instead. Refer to https://pytorch.org/docs/master/generated/torch.nn.Module.html#torch.nn.Module.state_dict for details.
  "Positional args are being deprecated, use kwargs instead. Refer to "
