command=/home/likc/.conda/envs/capd/bin/python3 qmap/qmap_eval.py --config /home/likc/Q-former-for-OS/dataset/jsonl/capd_post_stage6_optimization/opt_full_control/streamcluster_pressure/resolved_config.json --selector_params /home/likc/Q-former-for-OS/dataset/jsonl/capd_post_stage6_optimization/opt_full_control/streamcluster_pressure/selector_params.json --evaluation_split valid --policy qmap --checkpoint /home/likc/Q-former-for-OS/outputs/checkpoints/capd_post_stage6_optimization/o2/streamcluster_pressure/opt_full_control/seed_3136859/qmap_epoch_1.pth --json_output /home/likc/Q-former-for-OS/outputs/results/capd_post_stage6_optimization/raw/o2/streamcluster_pressure/opt_full_control/seed_3136859/epoch_1.json
started_unix=1785075113.7158458
Policy: qmap
Total accesses: 200000
Hits: 197184
Misses: 2816
Hit rate: 98.59%
Migrations: 2752
NVM reads: 2814
NVM writes: 2
Weighted access cost: 230348.00
Policy decisions: 2752
Total decision time: 9.325736s
Avg decision time: 3.388712 ms
Candidate filter decisions: 2752
Candidate B_t range: 64..64
Retained K_t range: 8..8
Avg candidate filter time: 0.408864 ms
ended_unix=1785075127.1326823
exit_code=0
