command=/home/likc/.conda/envs/capd/bin/python3 qmap/qmap_eval.py --config /home/likc/Q-former-for-OS/dataset/jsonl/finals_v3_official/stage5_ablation/no_candidate_state/dedup_pressure/resolved_config.json --selector_params /home/likc/Q-former-for-OS/dataset/jsonl/finals_v3_official/stage5_ablation/no_candidate_state/dedup_pressure/selector_params.json --policy qmap --checkpoint /home/likc/Q-former-for-OS/outputs/checkpoints/finals_v3_official/stage5_ablation/no_candidate_state/dedup_pressure/seed_3136859/qmap_best.pth --json_output /home/likc/Q-former-for-OS/outputs/results/finals_v3_official/stage5_ablation/raw/no_candidate_state/dedup_pressure/seed_3136859.json
started_unix=1784808866.3544464
Policy: qmap
Total accesses: 1000000
Hits: 996680
Misses: 3320
Hit rate: 99.67%
Migrations: 3256
NVM reads: 1779
NVM writes: 1541
Weighted access cost: 1045126.00
Policy decisions: 3256
Total decision time: 10.991415s
Avg decision time: 3.375742 ms
Candidate filter decisions: 3256
Candidate B_t range: 64..64
Retained K_t range: 8..8
Avg candidate filter time: 0.428275 ms
ended_unix=1784808914.1994865
exit_code=0
