command=/home/likc/.conda/envs/capd/bin/python3 qmap/qmap_eval.py --config /home/likc/Q-former-for-OS/dataset/jsonl/finals_v3_official/stage5_ablation/no_candidate_state/dedup_pressure/resolved_config.json --selector_params /home/likc/Q-former-for-OS/dataset/jsonl/finals_v3_official/stage5_ablation/no_candidate_state/dedup_pressure/selector_params.json --policy qmap --checkpoint /home/likc/Q-former-for-OS/outputs/checkpoints/finals_v3_official/stage5_ablation/no_candidate_state/dedup_pressure/seed_42/qmap_best.pth --json_output /home/likc/Q-former-for-OS/outputs/results/finals_v3_official/stage5_ablation/raw/no_candidate_state/dedup_pressure/seed_42.json
started_unix=1784808986.0099592
Policy: qmap
Total accesses: 1000000
Hits: 996692
Misses: 3308
Hit rate: 99.67%
Migrations: 3244
NVM reads: 1767
NVM writes: 1541
Weighted access cost: 1044994.00
Policy decisions: 3244
Total decision time: 10.881339s
Avg decision time: 3.354297 ms
Candidate filter decisions: 3244
Candidate B_t range: 64..64
Retained K_t range: 8..8
Avg candidate filter time: 0.414375 ms
ended_unix=1784809032.7690384
exit_code=0
