command=/home/likc/.conda/envs/capd/bin/python3 qmap/qmap_eval.py --config /home/likc/Q-former-for-OS/dataset/jsonl/finals_v3_official/stage5_ablation/no_candidate_state/dedup_pressure/resolved_config.json --selector_params /home/likc/Q-former-for-OS/dataset/jsonl/finals_v3_official/stage5_ablation/no_candidate_state/dedup_pressure/selector_params.json --policy qmap --checkpoint /home/likc/Q-former-for-OS/outputs/checkpoints/finals_v3_official/stage5_ablation/no_candidate_state/dedup_pressure/seed_2026/qmap_best.pth --json_output /home/likc/Q-former-for-OS/outputs/results/finals_v3_official/stage5_ablation/raw/no_candidate_state/dedup_pressure/seed_2026.json
started_unix=1784809104.4018388
Policy: qmap
Total accesses: 1000000
Hits: 996697
Misses: 3303
Hit rate: 99.67%
Migrations: 3239
NVM reads: 1762
NVM writes: 1541
Weighted access cost: 1044939.00
Policy decisions: 3239
Total decision time: 10.972272s
Avg decision time: 3.387549 ms
Candidate filter decisions: 3239
Candidate B_t range: 64..64
Retained K_t range: 8..8
Avg candidate filter time: 0.419433 ms
ended_unix=1784809152.8038003
exit_code=0
