command=/home/likc/.conda/envs/capd/bin/python3 qmap/qmap_train.py --config /home/likc/Q-former-for-OS/dataset/jsonl/capd_post_stage6_optimization/opt_B32_K16/streamcluster_pressure/resolved_config.json --selector_params /home/likc/Q-former-for-OS/dataset/jsonl/capd_post_stage6_optimization/opt_B32_K16/streamcluster_pressure/selector_params.json --train_data /home/likc/Q-former-for-OS/dataset/jsonl/capd_post_stage6_optimization/opt_B32_K16/streamcluster_pressure/train.jsonl --valid_data /home/likc/Q-former-for-OS/dataset/jsonl/capd_post_stage6_optimization/opt_B32_K16/streamcluster_pressure/valid.jsonl --output_dir /home/likc/Q-former-for-OS/outputs/checkpoints/capd_post_stage6_optimization/o2/streamcluster_pressure/opt_B32_K16/seed_3136859 --seed 3136859 --save_every_epoch
started_unix=1785076050.1395135
QMAP training: train=/home/likc/Q-former-for-OS/dataset/jsonl/capd_post_stage6_optimization/opt_B32_K16/streamcluster_pressure/train.jsonl valid=/home/likc/Q-former-for-OS/dataset/jsonl/capd_post_stage6_optimization/opt_B32_K16/streamcluster_pressure/valid.jsonl samples=8694/2839 device=cuda
epoch=1/10 iter=1 loss=-0.123116
epoch=1/10 iter=100 loss=-0.051686
epoch=1/10 iter=200 loss=-0.114340
epoch=1/10 train_loss=-0.110709 valid_loss=-0.122673
epoch=2/10 iter=300 loss=-0.119686
epoch=2/10 iter=400 loss=-0.090524
epoch=2/10 iter=500 loss=-0.091678
epoch=2/10 train_loss=-0.122650 valid_loss=-0.126677
epoch=3/10 iter=600 loss=-0.091166
epoch=3/10 iter=700 loss=-0.091144
epoch=3/10 iter=800 loss=-0.185863
epoch=3/10 train_loss=-0.125737 valid_loss=-0.128125
epoch=4/10 iter=900 loss=-0.093210
epoch=4/10 iter=1000 loss=-0.155500
epoch=4/10 train_loss=-0.126609 valid_loss=-0.128164
epoch=5/10 iter=1100 loss=-0.062264
epoch=5/10 iter=1200 loss=-0.031156
epoch=5/10 iter=1300 loss=-0.124653
epoch=5/10 train_loss=-0.126816 valid_loss=-0.128765
epoch=6/10 iter=1400 loss=-0.093541
epoch=6/10 iter=1500 loss=-0.155912
epoch=6/10 iter=1600 loss=-0.124716
epoch=6/10 train_loss=-0.127117 valid_loss=-0.128877
epoch=7/10 iter=1700 loss=-0.155973
epoch=7/10 iter=1800 loss=-0.062426
epoch=7/10 iter=1900 loss=-0.124819
epoch=7/10 train_loss=-0.127088 valid_loss=-0.128968
epoch=8/10 iter=2000 loss=-0.124876
epoch=8/10 iter=2100 loss=-0.093648
epoch=8/10 train_loss=-0.127187 valid_loss=-0.129018
epoch=9/10 iter=2200 loss=-0.124852
epoch=9/10 iter=2300 loss=-0.124882
epoch=9/10 iter=2400 loss=-0.187332
epoch=9/10 train_loss=-0.127114 valid_loss=-0.129074
epoch=10/10 iter=2500 loss=-0.156132
epoch=10/10 iter=2600 loss=-0.156155
epoch=10/10 iter=2700 loss=-0.031239
epoch=10/10 train_loss=-0.127346 valid_loss=-0.129110
Training finished. best=/home/likc/Q-former-for-OS/outputs/checkpoints/capd_post_stage6_optimization/o2/streamcluster_pressure/opt_B32_K16/seed_3136859/qmap_best.pth last=/home/likc/Q-former-for-OS/outputs/checkpoints/capd_post_stage6_optimization/o2/streamcluster_pressure/opt_B32_K16/seed_3136859/qmap_last.pth
/home/likc/.conda/envs/capd/lib/python3.7/site-packages/torch/nn/modules/module.py:1433: UserWarning: Positional args are being deprecated, use kwargs instead. Refer to https://pytorch.org/docs/master/generated/torch.nn.Module.html#torch.nn.Module.state_dict for details.
  "Positional args are being deprecated, use kwargs instead. Refer to "
/home/likc/.conda/envs/capd/lib/python3.7/site-packages/torch/nn/modules/module.py:1433: UserWarning: Positional args are being deprecated, use kwargs instead. Refer to https://pytorch.org/docs/master/generated/torch.nn.Module.html#torch.nn.Module.state_dict for details.
  "Positional args are being deprecated, use kwargs instead. Refer to "
/home/likc/.conda/envs/capd/lib/python3.7/site-packages/torch/nn/modules/module.py:1433: UserWarning: Positional args are being deprecated, use kwargs instead. Refer to https://pytorch.org/docs/master/generated/torch.nn.Module.html#torch.nn.Module.state_dict for details.
  "Positional args are being deprecated, use kwargs instead. Refer to "
/home/likc/.conda/envs/capd/lib/python3.7/site-packages/torch/nn/modules/module.py:1433: UserWarning: Positional args are being deprecated, use kwargs instead. Refer to https://pytorch.org/docs/master/generated/torch.nn.Module.html#torch.nn.Module.state_dict for details.
  "Positional args are being deprecated, use kwargs instead. Refer to "
/home/likc/.conda/envs/capd/lib/python3.7/site-packages/torch/nn/modules/module.py:1433: UserWarning: Positional args are being deprecated, use kwargs instead. Refer to https://pytorch.org/docs/master/generated/torch.nn.Module.html#torch.nn.Module.state_dict for details.
  "Positional args are being deprecated, use kwargs instead. Refer to "
/home/likc/.conda/envs/capd/lib/python3.7/site-packages/torch/nn/modules/module.py:1433: UserWarning: Positional args are being deprecated, use kwargs instead. Refer to https://pytorch.org/docs/master/generated/torch.nn.Module.html#torch.nn.Module.state_dict for details.
  "Positional args are being deprecated, use kwargs instead. Refer to "
/home/likc/.conda/envs/capd/lib/python3.7/site-packages/torch/nn/modules/module.py:1433: UserWarning: Positional args are being deprecated, use kwargs instead. Refer to https://pytorch.org/docs/master/generated/torch.nn.Module.html#torch.nn.Module.state_dict for details.
  "Positional args are being deprecated, use kwargs instead. Refer to "
/home/likc/.conda/envs/capd/lib/python3.7/site-packages/torch/nn/modules/module.py:1433: UserWarning: Positional args are being deprecated, use kwargs instead. Refer to https://pytorch.org/docs/master/generated/torch.nn.Module.html#torch.nn.Module.state_dict for details.
  "Positional args are being deprecated, use kwargs instead. Refer to "
/home/likc/.conda/envs/capd/lib/python3.7/site-packages/torch/nn/modules/module.py:1433: UserWarning: Positional args are being deprecated, use kwargs instead. Refer to https://pytorch.org/docs/master/generated/torch.nn.Module.html#torch.nn.Module.state_dict for details.
  "Positional args are being deprecated, use kwargs instead. Refer to "
/home/likc/.conda/envs/capd/lib/python3.7/site-packages/torch/nn/modules/module.py:1433: UserWarning: Positional args are being deprecated, use kwargs instead. Refer to https://pytorch.org/docs/master/generated/torch.nn.Module.html#torch.nn.Module.state_dict for details.
  "Positional args are being deprecated, use kwargs instead. Refer to "
ended_unix=1785076119.507532
exit_code=0
