command=/home/likc/.conda/envs/capd/bin/python3 qmap/qmap_eval.py --config /home/likc/Q-former-for-OS/dataset/jsonl/finals_v3_official/streamcluster_pressure/B64/resolved_config.json --selector_params /home/likc/Q-former-for-OS/dataset/jsonl/finals_v3_official/streamcluster_pressure/B64/selector_params.json --policy qmap --checkpoint /home/likc/Q-former-for-OS/outputs/checkpoints/finals_v3_official/stage4_reranker/streamcluster_pressure/seed_42/qmap_best.pth --json_output /home/likc/Q-former-for-OS/outputs/results/finals_v3_official/stage5_main/raw/streamcluster_pressure/qmap/seed_42.json
started_unix=1784800063.5924842
Policy: qmap
Total accesses: 200000
Hits: 197158
Misses: 2842
Hit rate: 98.58%
Migrations: 2778
NVM reads: 2841
NVM writes: 1
Weighted access cost: 230628.00
Policy decisions: 2778
Total decision time: 9.517993s
Avg decision time: 3.426203 ms
Candidate filter decisions: 2778
Candidate B_t range: 64..64
Retained K_t range: 8..8
Avg candidate filter time: 0.409533 ms
ended_unix=1784800086.2880108
exit_code=0
