QMAP training configuration:
  train_data path: dataset/jsonl/qmap_ablation/phasechange/no_qformer.jsonl
  number of training samples: 5750
  batch_size: 32
  epochs: 10
  learning rate: 0.0001
  device: cuda
  ablation: no_qformer
Epoch [1/10] iter=1 loss=-0.726855
Epoch [1/10] iter=100 loss=-0.777199
Epoch [1/10] avg_loss=-0.770878
Saved checkpoint: outputs/checkpoints/qmap_ablation/phasechange/no_qformer/qmap_epoch_1.pth
Epoch [2/10] iter=181 loss=-0.805026
Epoch [2/10] iter=200 loss=-0.807712
Epoch [2/10] iter=300 loss=-0.881212
Epoch [2/10] avg_loss=-0.857471
Saved checkpoint: outputs/checkpoints/qmap_ablation/phasechange/no_qformer/qmap_epoch_2.pth
Epoch [3/10] iter=361 loss=-0.904109
Epoch [3/10] iter=400 loss=-0.911146
Epoch [3/10] iter=500 loss=-0.920930
Epoch [3/10] avg_loss=-0.915309
Saved checkpoint: outputs/checkpoints/qmap_ablation/phasechange/no_qformer/qmap_epoch_3.pth
Epoch [4/10] iter=541 loss=-0.927275
Epoch [4/10] iter=600 loss=-0.926025
Epoch [4/10] iter=700 loss=-0.926877
Epoch [4/10] avg_loss=-0.926534
Saved checkpoint: outputs/checkpoints/qmap_ablation/phasechange/no_qformer/qmap_epoch_4.pth
Epoch [5/10] iter=721 loss=-0.929753
Epoch [5/10] iter=800 loss=-0.933644
Epoch [5/10] iter=900 loss=-0.933179
Epoch [5/10] avg_loss=-0.932417
Saved checkpoint: outputs/checkpoints/qmap_ablation/phasechange/no_qformer/qmap_epoch_5.pth
Epoch [6/10] iter=901 loss=-0.932939
Epoch [6/10] iter=1000 loss=-0.934479
Epoch [6/10] avg_loss=-0.935816
Saved checkpoint: outputs/checkpoints/qmap_ablation/phasechange/no_qformer/qmap_epoch_6.pth
Epoch [7/10] iter=1081 loss=-0.941091
Epoch [7/10] iter=1100 loss=-0.938915
Epoch [7/10] iter=1200 loss=-0.942330
Epoch [7/10] avg_loss=-0.937770
Saved checkpoint: outputs/checkpoints/qmap_ablation/phasechange/no_qformer/qmap_epoch_7.pth
Epoch [8/10] iter=1261 loss=-0.938024
Epoch [8/10] iter=1300 loss=-0.937501
Epoch [8/10] iter=1400 loss=-0.938527
Epoch [8/10] avg_loss=-0.939205
Saved checkpoint: outputs/checkpoints/qmap_ablation/phasechange/no_qformer/qmap_epoch_8.pth
Epoch [9/10] iter=1441 loss=-0.936613
Epoch [9/10] iter=1500 loss=-0.939628
Epoch [9/10] iter=1600 loss=-0.939468
Epoch [9/10] avg_loss=-0.940656
Saved checkpoint: outputs/checkpoints/qmap_ablation/phasechange/no_qformer/qmap_epoch_9.pth
Epoch [10/10] iter=1621 loss=-0.941138
Epoch [10/10] iter=1700 loss=-0.945162
Epoch [10/10] iter=1800 loss=-0.944224
Epoch [10/10] avg_loss=-0.942149
Saved checkpoint: outputs/checkpoints/qmap_ablation/phasechange/no_qformer/qmap_epoch_10.pth
Training finished.
/home/tingkun/miniconda3/envs/qmap/lib/python3.7/site-packages/torch/nn/modules/module.py:1433: UserWarning: Positional args are being deprecated, use kwargs instead. Refer to https://pytorch.org/docs/master/generated/torch.nn.Module.html#torch.nn.Module.state_dict for details.
  "Positional args are being deprecated, use kwargs instead. Refer to "
