QMAP training configuration:
  train_data path: dataset/jsonl/qmap_ablation/phasechange/no_cost.jsonl
  number of training samples: 5750
  batch_size: 32
  epochs: 10
  learning rate: 0.0001
  device: cuda
  ablation: no_cost
Epoch [1/10] iter=1 loss=-0.730862
Epoch [1/10] iter=100 loss=-0.789146
Epoch [1/10] avg_loss=-0.774518
Saved checkpoint: outputs/checkpoints/qmap_ablation/phasechange/no_cost/qmap_epoch_1.pth
Epoch [2/10] iter=181 loss=-0.811295
Epoch [2/10] iter=200 loss=-0.816077
Epoch [2/10] iter=300 loss=-0.900105
Epoch [2/10] avg_loss=-0.873627
Saved checkpoint: outputs/checkpoints/qmap_ablation/phasechange/no_cost/qmap_epoch_2.pth
Epoch [3/10] iter=361 loss=-0.910600
Epoch [3/10] iter=400 loss=-0.909173
Epoch [3/10] iter=500 loss=-0.915926
Epoch [3/10] avg_loss=-0.913791
Saved checkpoint: outputs/checkpoints/qmap_ablation/phasechange/no_cost/qmap_epoch_3.pth
Epoch [4/10] iter=541 loss=-0.920848
Epoch [4/10] iter=600 loss=-0.921949
Epoch [4/10] iter=700 loss=-0.924546
Epoch [4/10] avg_loss=-0.922152
Saved checkpoint: outputs/checkpoints/qmap_ablation/phasechange/no_cost/qmap_epoch_4.pth
Epoch [5/10] iter=721 loss=-0.923506
Epoch [5/10] iter=800 loss=-0.924955
Epoch [5/10] iter=900 loss=-0.929876
Epoch [5/10] avg_loss=-0.928445
Saved checkpoint: outputs/checkpoints/qmap_ablation/phasechange/no_cost/qmap_epoch_5.pth
Epoch [6/10] iter=901 loss=-0.930669
Epoch [6/10] iter=1000 loss=-0.933714
Epoch [6/10] avg_loss=-0.933641
Saved checkpoint: outputs/checkpoints/qmap_ablation/phasechange/no_cost/qmap_epoch_6.pth
Epoch [7/10] iter=1081 loss=-0.933741
Epoch [7/10] iter=1100 loss=-0.936591
Epoch [7/10] iter=1200 loss=-0.938149
Epoch [7/10] avg_loss=-0.937388
Saved checkpoint: outputs/checkpoints/qmap_ablation/phasechange/no_cost/qmap_epoch_7.pth
Epoch [8/10] iter=1261 loss=-0.937777
Epoch [8/10] iter=1300 loss=-0.938302
Epoch [8/10] iter=1400 loss=-0.941445
Epoch [8/10] avg_loss=-0.939649
Saved checkpoint: outputs/checkpoints/qmap_ablation/phasechange/no_cost/qmap_epoch_8.pth
Epoch [9/10] iter=1441 loss=-0.939183
Epoch [9/10] iter=1500 loss=-0.941394
Epoch [9/10] iter=1600 loss=-0.940539
Epoch [9/10] avg_loss=-0.941228
Saved checkpoint: outputs/checkpoints/qmap_ablation/phasechange/no_cost/qmap_epoch_9.pth
Epoch [10/10] iter=1621 loss=-0.942282
Epoch [10/10] iter=1700 loss=-0.942136
Epoch [10/10] iter=1800 loss=-0.943363
Epoch [10/10] avg_loss=-0.942343
Saved checkpoint: outputs/checkpoints/qmap_ablation/phasechange/no_cost/qmap_epoch_10.pth
Training finished.
/home/tingkun/miniconda3/envs/qmap/lib/python3.7/site-packages/torch/nn/modules/module.py:1433: UserWarning: Positional args are being deprecated, use kwargs instead. Refer to https://pytorch.org/docs/master/generated/torch.nn.Module.html#torch.nn.Module.state_dict for details.
  "Positional args are being deprecated, use kwargs instead. Refer to "
