command=/home/likc/.conda/envs/capd/bin/python3 qmap/qmap_train.py --config /home/likc/Q-former-for-OS/dataset/jsonl/capd_bridge_diagnostic/legacy_current_identity_D16_B8K8/resolved_config.json --selector_params /home/likc/Q-former-for-OS/dataset/jsonl/capd_bridge_diagnostic/legacy_current_identity_D16_B8K8/selector_params.json --train_data /home/likc/Q-former-for-OS/dataset/jsonl/capd_bridge_diagnostic/legacy_current_identity_D16_B8K8/train.jsonl --valid_data /home/likc/Q-former-for-OS/dataset/jsonl/capd_bridge_diagnostic/legacy_current_identity_D16_B8K8/valid.jsonl --output_dir /home/likc/Q-former-for-OS/outputs/checkpoints/capd_bridge_diagnostic/legacy_current_identity_D16_B8K8/seed_42 --seed 42
started_unix=1785057807.5098417
QMAP training: train=/home/likc/Q-former-for-OS/dataset/jsonl/capd_bridge_diagnostic/legacy_current_identity_D16_B8K8/train.jsonl valid=/home/likc/Q-former-for-OS/dataset/jsonl/capd_bridge_diagnostic/legacy_current_identity_D16_B8K8/valid.jsonl samples=12486/4706 device=cuda
epoch=1/10 iter=1 loss=-0.644827
epoch=1/10 iter=100 loss=-0.708249
epoch=1/10 iter=200 loss=-0.848857
epoch=1/10 iter=300 loss=-0.867762
epoch=1/10 train_loss=-0.793946 valid_loss=-0.872010
epoch=2/10 iter=400 loss=-0.881432
epoch=2/10 iter=500 loss=-0.904338
epoch=2/10 iter=600 loss=-0.915935
epoch=2/10 iter=700 loss=-0.933241
epoch=2/10 train_loss=-0.905308 valid_loss=-0.901678
epoch=3/10 iter=800 loss=-0.927984
epoch=3/10 iter=900 loss=-0.932097
epoch=3/10 iter=1000 loss=-0.944516
epoch=3/10 iter=1100 loss=-0.936753
epoch=3/10 train_loss=-0.931860 valid_loss=-0.914012
epoch=4/10 iter=1200 loss=-0.946986
epoch=4/10 iter=1300 loss=-0.946486
epoch=4/10 iter=1400 loss=-0.936439
epoch=4/10 iter=1500 loss=-0.920812
epoch=4/10 train_loss=-0.938840 valid_loss=-0.917996
epoch=5/10 iter=1600 loss=-0.942625
epoch=5/10 iter=1700 loss=-0.943671
epoch=5/10 iter=1800 loss=-0.938862
epoch=5/10 iter=1900 loss=-0.926976
epoch=5/10 train_loss=-0.941805 valid_loss=-0.920905
epoch=6/10 iter=2000 loss=-0.936794
epoch=6/10 iter=2100 loss=-0.941994
epoch=6/10 iter=2200 loss=-0.928877
epoch=6/10 iter=2300 loss=-0.943724
epoch=6/10 train_loss=-0.943989 valid_loss=-0.921857
epoch=7/10 iter=2400 loss=-0.955344
epoch=7/10 iter=2500 loss=-0.912895
epoch=7/10 iter=2600 loss=-0.942182
epoch=7/10 iter=2700 loss=-0.918522
epoch=7/10 train_loss=-0.945225 valid_loss=-0.922868
epoch=8/10 iter=2800 loss=-0.947465
epoch=8/10 iter=2900 loss=-0.944046
epoch=8/10 iter=3000 loss=-0.940715
epoch=8/10 iter=3100 loss=-0.954428
epoch=8/10 train_loss=-0.946049 valid_loss=-0.924573
epoch=9/10 iter=3200 loss=-0.957263
epoch=9/10 iter=3300 loss=-0.915980
epoch=9/10 iter=3400 loss=-0.932708
epoch=9/10 iter=3500 loss=-0.966220
epoch=9/10 train_loss=-0.947295 valid_loss=-0.924934
epoch=10/10 iter=3600 loss=-0.948791
epoch=10/10 iter=3700 loss=-0.940236
epoch=10/10 iter=3800 loss=-0.956220
epoch=10/10 iter=3900 loss=-0.947675
epoch=10/10 train_loss=-0.947649 valid_loss=-0.925414
Training finished. best=/home/likc/Q-former-for-OS/outputs/checkpoints/capd_bridge_diagnostic/legacy_current_identity_D16_B8K8/seed_42/qmap_best.pth last=/home/likc/Q-former-for-OS/outputs/checkpoints/capd_bridge_diagnostic/legacy_current_identity_D16_B8K8/seed_42/qmap_last.pth
/home/likc/.conda/envs/capd/lib/python3.7/site-packages/torch/nn/modules/module.py:1433: UserWarning: Positional args are being deprecated, use kwargs instead. Refer to https://pytorch.org/docs/master/generated/torch.nn.Module.html#torch.nn.Module.state_dict for details.
  "Positional args are being deprecated, use kwargs instead. Refer to "
/home/likc/.conda/envs/capd/lib/python3.7/site-packages/torch/nn/modules/module.py:1433: UserWarning: Positional args are being deprecated, use kwargs instead. Refer to https://pytorch.org/docs/master/generated/torch.nn.Module.html#torch.nn.Module.state_dict for details.
  "Positional args are being deprecated, use kwargs instead. Refer to "
/home/likc/.conda/envs/capd/lib/python3.7/site-packages/torch/nn/modules/module.py:1433: UserWarning: Positional args are being deprecated, use kwargs instead. Refer to https://pytorch.org/docs/master/generated/torch.nn.Module.html#torch.nn.Module.state_dict for details.
  "Positional args are being deprecated, use kwargs instead. Refer to "
/home/likc/.conda/envs/capd/lib/python3.7/site-packages/torch/nn/modules/module.py:1433: UserWarning: Positional args are being deprecated, use kwargs instead. Refer to https://pytorch.org/docs/master/generated/torch.nn.Module.html#torch.nn.Module.state_dict for details.
  "Positional args are being deprecated, use kwargs instead. Refer to "
/home/likc/.conda/envs/capd/lib/python3.7/site-packages/torch/nn/modules/module.py:1433: UserWarning: Positional args are being deprecated, use kwargs instead. Refer to https://pytorch.org/docs/master/generated/torch.nn.Module.html#torch.nn.Module.state_dict for details.
  "Positional args are being deprecated, use kwargs instead. Refer to "
/home/likc/.conda/envs/capd/lib/python3.7/site-packages/torch/nn/modules/module.py:1433: UserWarning: Positional args are being deprecated, use kwargs instead. Refer to https://pytorch.org/docs/master/generated/torch.nn.Module.html#torch.nn.Module.state_dict for details.
  "Positional args are being deprecated, use kwargs instead. Refer to "
/home/likc/.conda/envs/capd/lib/python3.7/site-packages/torch/nn/modules/module.py:1433: UserWarning: Positional args are being deprecated, use kwargs instead. Refer to https://pytorch.org/docs/master/generated/torch.nn.Module.html#torch.nn.Module.state_dict for details.
  "Positional args are being deprecated, use kwargs instead. Refer to "
/home/likc/.conda/envs/capd/lib/python3.7/site-packages/torch/nn/modules/module.py:1433: UserWarning: Positional args are being deprecated, use kwargs instead. Refer to https://pytorch.org/docs/master/generated/torch.nn.Module.html#torch.nn.Module.state_dict for details.
  "Positional args are being deprecated, use kwargs instead. Refer to "
/home/likc/.conda/envs/capd/lib/python3.7/site-packages/torch/nn/modules/module.py:1433: UserWarning: Positional args are being deprecated, use kwargs instead. Refer to https://pytorch.org/docs/master/generated/torch.nn.Module.html#torch.nn.Module.state_dict for details.
  "Positional args are being deprecated, use kwargs instead. Refer to "
/home/likc/.conda/envs/capd/lib/python3.7/site-packages/torch/nn/modules/module.py:1433: UserWarning: Positional args are being deprecated, use kwargs instead. Refer to https://pytorch.org/docs/master/generated/torch.nn.Module.html#torch.nn.Module.state_dict for details.
  "Positional args are being deprecated, use kwargs instead. Refer to "
ended_unix=1785057901.615041
exit_code=0
