command=/home/likc/.conda/envs/capd/bin/python3 qmap/qmap_train.py --config /home/likc/Q-former-for-OS/dataset/jsonl/finals_v3_official/stage5_sensitivity/sensitivity_H20/streamcluster_pressure/resolved_config.json --selector_params /home/likc/Q-former-for-OS/dataset/jsonl/finals_v3_official/stage5_sensitivity/sensitivity_H20/streamcluster_pressure/selector_params.json --train_data /home/likc/Q-former-for-OS/dataset/jsonl/finals_v3_official/stage5_sensitivity/sensitivity_H20/streamcluster_pressure/train.jsonl --valid_data /home/likc/Q-former-for-OS/dataset/jsonl/finals_v3_official/stage5_sensitivity/sensitivity_H20/streamcluster_pressure/valid.jsonl --output_dir /home/likc/Q-former-for-OS/outputs/checkpoints/finals_v3_official/stage5_sensitivity/sensitivity_H20/streamcluster_pressure/seed_3136859 --seed 3136859
started_unix=1784862174.811865
QMAP training: train=/home/likc/Q-former-for-OS/dataset/jsonl/finals_v3_official/stage5_sensitivity/sensitivity_H20/streamcluster_pressure/train.jsonl valid=/home/likc/Q-former-for-OS/dataset/jsonl/finals_v3_official/stage5_sensitivity/sensitivity_H20/streamcluster_pressure/valid.jsonl samples=8694/2839 device=cpu
epoch=1/10 iter=1 loss=-0.048897
epoch=1/10 iter=100 loss=-0.024477
epoch=1/10 iter=200 loss=-0.098829
epoch=1/10 train_loss=-0.041963 valid_loss=-0.043617
epoch=2/10 iter=300 loss=-0.028889
epoch=2/10 iter=400 loss=-0.029783
epoch=2/10 iter=500 loss=-0.030020
epoch=2/10 train_loss=-0.049642 valid_loss=-0.046105
epoch=3/10 iter=600 loss=-0.030252
epoch=3/10 iter=700 loss=-0.030529
epoch=3/10 iter=800 loss=-0.123632
epoch=3/10 train_loss=-0.051253 valid_loss=-0.046598
epoch=4/10 iter=900 loss=-0.031033
epoch=4/10 iter=1000 loss=-0.030718
epoch=4/10 train_loss=-0.051699 valid_loss=-0.046785
epoch=5/10 iter=1100 loss=-0.000000
epoch=5/10 iter=1200 loss=-0.000000
epoch=5/10 iter=1300 loss=-0.031191
epoch=5/10 train_loss=-0.051887 valid_loss=-0.046857
epoch=6/10 iter=1400 loss=-0.000000
epoch=6/10 iter=1500 loss=-0.062363
epoch=6/10 iter=1600 loss=-0.062422
epoch=6/10 train_loss=-0.052038 valid_loss=-0.046943
epoch=7/10 iter=1700 loss=-0.124751
epoch=7/10 iter=1800 loss=-0.031215
epoch=7/10 iter=1900 loss=-0.000000
epoch=7/10 train_loss=-0.052068 valid_loss=-0.046950
epoch=8/10 iter=2000 loss=-0.062445
epoch=8/10 iter=2100 loss=-0.031226
epoch=8/10 train_loss=-0.052145 valid_loss=-0.046978
epoch=9/10 iter=2200 loss=-0.062482
epoch=9/10 iter=2300 loss=-0.093725
epoch=9/10 iter=2400 loss=-0.062474
epoch=9/10 train_loss=-0.052047 valid_loss=-0.046969
epoch=10/10 iter=2500 loss=-0.062461
epoch=10/10 iter=2600 loss=-0.062483
epoch=10/10 iter=2700 loss=-0.031244
epoch=10/10 train_loss=-0.052162 valid_loss=-0.047023
Training finished. best=/home/likc/Q-former-for-OS/outputs/checkpoints/finals_v3_official/stage5_sensitivity/sensitivity_H20/streamcluster_pressure/seed_3136859/qmap_best.pth last=/home/likc/Q-former-for-OS/outputs/checkpoints/finals_v3_official/stage5_sensitivity/sensitivity_H20/streamcluster_pressure/seed_3136859/qmap_last.pth
/home/likc/.conda/envs/capd/lib/python3.7/site-packages/torch/cuda/__init__.py:88: UserWarning: CUDA initialization: Unexpected error from cudaGetDeviceCount(). Did you run some cuda functions before calling NumCudaDevices() that might have already set an error? Error 804: forward compatibility was attempted on non supported HW (Triggered internally at ../c10/cuda/CUDAFunctions.cpp:109.)
  return torch._C._cuda_getDeviceCount() > 0
/home/likc/.conda/envs/capd/lib/python3.7/site-packages/torch/nn/modules/module.py:1433: UserWarning: Positional args are being deprecated, use kwargs instead. Refer to https://pytorch.org/docs/master/generated/torch.nn.Module.html#torch.nn.Module.state_dict for details.
  "Positional args are being deprecated, use kwargs instead. Refer to "
/home/likc/.conda/envs/capd/lib/python3.7/site-packages/torch/nn/modules/module.py:1433: UserWarning: Positional args are being deprecated, use kwargs instead. Refer to https://pytorch.org/docs/master/generated/torch.nn.Module.html#torch.nn.Module.state_dict for details.
  "Positional args are being deprecated, use kwargs instead. Refer to "
/home/likc/.conda/envs/capd/lib/python3.7/site-packages/torch/nn/modules/module.py:1433: UserWarning: Positional args are being deprecated, use kwargs instead. Refer to https://pytorch.org/docs/master/generated/torch.nn.Module.html#torch.nn.Module.state_dict for details.
  "Positional args are being deprecated, use kwargs instead. Refer to "
/home/likc/.conda/envs/capd/lib/python3.7/site-packages/torch/nn/modules/module.py:1433: UserWarning: Positional args are being deprecated, use kwargs instead. Refer to https://pytorch.org/docs/master/generated/torch.nn.Module.html#torch.nn.Module.state_dict for details.
  "Positional args are being deprecated, use kwargs instead. Refer to "
/home/likc/.conda/envs/capd/lib/python3.7/site-packages/torch/nn/modules/module.py:1433: UserWarning: Positional args are being deprecated, use kwargs instead. Refer to https://pytorch.org/docs/master/generated/torch.nn.Module.html#torch.nn.Module.state_dict for details.
  "Positional args are being deprecated, use kwargs instead. Refer to "
/home/likc/.conda/envs/capd/lib/python3.7/site-packages/torch/nn/modules/module.py:1433: UserWarning: Positional args are being deprecated, use kwargs instead. Refer to https://pytorch.org/docs/master/generated/torch.nn.Module.html#torch.nn.Module.state_dict for details.
  "Positional args are being deprecated, use kwargs instead. Refer to "
/home/likc/.conda/envs/capd/lib/python3.7/site-packages/torch/nn/modules/module.py:1433: UserWarning: Positional args are being deprecated, use kwargs instead. Refer to https://pytorch.org/docs/master/generated/torch.nn.Module.html#torch.nn.Module.state_dict for details.
  "Positional args are being deprecated, use kwargs instead. Refer to "
/home/likc/.conda/envs/capd/lib/python3.7/site-packages/torch/nn/modules/module.py:1433: UserWarning: Positional args are being deprecated, use kwargs instead. Refer to https://pytorch.org/docs/master/generated/torch.nn.Module.html#torch.nn.Module.state_dict for details.
  "Positional args are being deprecated, use kwargs instead. Refer to "
/home/likc/.conda/envs/capd/lib/python3.7/site-packages/torch/nn/modules/module.py:1433: UserWarning: Positional args are being deprecated, use kwargs instead. Refer to https://pytorch.org/docs/master/generated/torch.nn.Module.html#torch.nn.Module.state_dict for details.
  "Positional args are being deprecated, use kwargs instead. Refer to "
/home/likc/.conda/envs/capd/lib/python3.7/site-packages/torch/nn/modules/module.py:1433: UserWarning: Positional args are being deprecated, use kwargs instead. Refer to https://pytorch.org/docs/master/generated/torch.nn.Module.html#torch.nn.Module.state_dict for details.
  "Positional args are being deprecated, use kwargs instead. Refer to "
ended_unix=1784862250.687358
exit_code=0
