command=/home/likc/.conda/envs/capd/bin/python3 qmap/qmap_eval.py --config /home/likc/Q-former-for-OS/dataset/jsonl/capd_post_stage6_optimization/opt_K16/streamcluster_pressure/resolved_config.json --selector_params /home/likc/Q-former-for-OS/dataset/jsonl/capd_post_stage6_optimization/opt_K16/streamcluster_pressure/selector_params.json --evaluation_split valid --policy qmap --checkpoint /home/likc/Q-former-for-OS/outputs/checkpoints/capd_post_stage6_optimization/o2/streamcluster_pressure/opt_K16/seed_3136859/qmap_epoch_1.pth --json_output /home/likc/Q-former-for-OS/outputs/results/capd_post_stage6_optimization/raw/o2/streamcluster_pressure/opt_K16/seed_3136859/epoch_1.json
started_unix=1785075515.6201928
Policy: qmap
Total accesses: 200000
Hits: 197158
Misses: 2842
Hit rate: 98.58%
Migrations: 2778
NVM reads: 2840
NVM writes: 2
Weighted access cost: 230634.00
Policy decisions: 2778
Total decision time: 9.462675s
Avg decision time: 3.406291 ms
Candidate filter decisions: 2778
Candidate B_t range: 64..64
Retained K_t range: 16..16
Avg candidate filter time: 0.415710 ms
ended_unix=1785075529.1334343
exit_code=0
